digraph code {
	graph [bgcolor=azure fontsize=8 fontname="Courier" splines="ortho"];
	node [fillcolor=gray style=filled shape=box];
	edge [arrowhead="normal"];
	"0x08000034" [URL="sym.ckmode/0x08000034", fillcolor="#c19c00",color="#c19c00", fontname="Courier",label="  ;-- section..text:\l  ;-- .text:\l  ;-- pc:\l188: sym.ckmode (signed int arg1);\l; arg signed int arg1 @ r3\l0x08000034      addi r9, r3, 0xffff                                    ; arg1 ; [01] -r-x section size 188 named .text\l0x08000038      li r3, 0\l0x0800003c      b 0x80000ac\l"]
	"0x08000040" [URL="sym.ckmode/0x08000040", fillcolor="#c19c00",color="#c19c00", fontname="Courier",label="; CODE XREF from sym.ckmode @ 0x80000b4\l0x08000040      cmpwi cr7, r0, 0x6f\l0x08000044      beq cr7, 0x8000090\l"]
	"0x08000048" [URL="sym.ckmode/0x08000048", fillcolor="#c19c00",color="#c19c00", fontname="Courier",label="0x08000048      cmplwi cr7, r0, 0x6f\l0x0800004c      bgt cr7, 0x800005c\l"]
	"0x08000050" [URL="sym.ckmode/0x08000050", fillcolor="#c19c00",color="#c19c00", fontname="Courier",label="0x08000050      cmpwi cr7, r0, 0x6e\l0x08000054      bne cr7, 0x80000c8\l"]
	"0x08000058" [URL="sym.ckmode/0x08000058", fillcolor="white",color="#767676", fontname="Courier",label="0x08000058      b 0x80000a0\l"]
	"0x0800005c" [URL="sym.ckmode/0x0800005c", fillcolor="#c19c00",color="#c19c00", fontname="Courier",label="; CODE XREF from sym.ckmode @ 0x800004c\l0x0800005c      cmpwi cr7, r0, 0x72\l0x08000060      beq cr7, 0x8000070\l"]
	"0x08000064" [URL="sym.ckmode/0x08000064", fillcolor="#c19c00",color="#c19c00", fontname="Courier",label="0x08000064      cmpwi cr7, r0, 0x77\l0x08000068      bne cr7, 0x80000c8\l"]
	"0x0800006c" [URL="sym.ckmode/0x0800006c", fillcolor="white",color="#767676", fontname="Courier",label="0x0800006c      b 0x8000080\l"]
	"0x08000070" [URL="sym.ckmode/0x08000070", fillcolor="#c19c00",color="#c19c00", fontname="Courier",label="; CODE XREF from sym.ckmode @ 0x8000060\l0x08000070      andi. r0, r3, 1\l0x08000074      bne 0x80000d0\l"]
	"0x08000078" [URL="sym.ckmode/0x08000078", fillcolor="#c19c00",color="#c19c00", fontname="Courier",label="0x08000078      ori r3, r3, 1\l0x0800007c      b 0x80000ac\l"]
	"0x08000080" [URL="sym.ckmode/0x08000080", fillcolor="#c19c00",color="#c19c00", fontname="Courier",label="; CODE XREF from sym.ckmode @ 0x800006c\l0x08000080      andi. r0, r3, 2\l0x08000084      bne 0x80000d8\l"]
	"0x08000088" [URL="sym.ckmode/0x08000088", fillcolor="#c19c00",color="#c19c00", fontname="Courier",label="0x08000088      ori r3, r3, 2\l0x0800008c      b 0x80000ac\l"]
	"0x08000090" [URL="sym.ckmode/0x08000090", fillcolor="#c19c00",color="#c19c00", fontname="Courier",label="; CODE XREF from sym.ckmode @ 0x8000044\l0x08000090      andi. r0, r3, 0x18\l0x08000094      bne 0x80000e0\l"]
	"0x08000098" [URL="sym.ckmode/0x08000098", fillcolor="#c19c00",color="#c19c00", fontname="Courier",label="0x08000098      ori r3, r3, 0x10\l0x0800009c      b 0x80000ac\l"]
	"0x080000a0" [URL="sym.ckmode/0x080000a0", fillcolor="#c19c00",color="#c19c00", fontname="Courier",label="; CODE XREF from sym.ckmode @ 0x8000058\l0x080000a0      andi. r0, r3, 0x18\l0x080000a4      bne 0x80000e8\l"]
	"0x080000a8" [URL="sym.ckmode/0x080000a8", fillcolor="#c19c00",color="#c19c00", fontname="Courier",label="0x080000a8      ori r3, r3, 8\l"]
	"0x080000ac" [URL="sym.ckmode/0x080000ac", fillcolor="#c19c00",color="#c19c00", fontname="Courier",label="; CODE XREFS from sym.ckmode @ 0x800003c, 0x800007c, 0x800008c, 0x800009c\l0x080000ac      lbzu r0, 1(r9)\l0x080000b0      cmpwi cr7, r0, 0\l0x080000b4      bne cr7, 0x8000040\l"]
	"0x080000b8" [URL="sym.ckmode/0x080000b8", fillcolor="#c19c00",color="#c19c00", fontname="Courier",label="0x080000b8      andi. r0, r3, 3\l0x080000bc      bnelr\l0x080000c0      ori r3, r3, 3\l0x080000c4      blr\l"]
	"0x080000c8" [URL="sym.ckmode/0x080000c8", fillcolor="#c19c00",color="#c19c00", fontname="Courier",label="; CODE XREFS from sym.ckmode @ 0x8000054, 0x8000068\l0x080000c8      li r3, 0xffff\l0x080000cc      blr\l"]
	"0x080000d0" [URL="sym.ckmode/0x080000d0", fillcolor="#c19c00",color="#c19c00", fontname="Courier",label="; CODE XREF from sym.ckmode @ 0x8000074\l0x080000d0      li r3, 0xffff\l0x080000d4      blr\l"]
	"0x080000d8" [URL="sym.ckmode/0x080000d8", fillcolor="#c19c00",color="#c19c00", fontname="Courier",label="; CODE XREF from sym.ckmode @ 0x8000084\l0x080000d8      li r3, 0xffff\l0x080000dc      blr\l"]
	"0x080000e0" [URL="sym.ckmode/0x080000e0", fillcolor="#c19c00",color="#c19c00", fontname="Courier",label="; CODE XREF from sym.ckmode @ 0x8000094\l0x080000e0      li r3, 0xffff\l0x080000e4      blr\l"]
	"0x080000e8" [URL="sym.ckmode/0x080000e8", fillcolor="white",color="#767676", fontname="Courier",label="; CODE XREF from sym.ckmode @ 0x80000a4\l0x080000e8      li r3, 0xffff\l0x080000ec      blr\l"]
        "0x08000034" -> "0x080000ac" [color="#3a96dd"];
        "0x08000040" -> "0x08000090" [color="#13a10e"];
        "0x08000040" -> "0x08000048" [color="#c50f1f"];
        "0x08000048" -> "0x0800005c" [color="#13a10e"];
        "0x08000048" -> "0x08000050" [color="#c50f1f"];
        "0x08000050" -> "0x080000c8" [color="#13a10e"];
        "0x08000050" -> "0x08000058" [color="#c50f1f"];
        "0x08000058" -> "0x080000a0" [color="#3a96dd"];
        "0x0800005c" -> "0x08000070" [color="#13a10e"];
        "0x0800005c" -> "0x08000064" [color="#c50f1f"];
        "0x08000064" -> "0x080000c8" [color="#13a10e"];
        "0x08000064" -> "0x0800006c" [color="#c50f1f"];
        "0x0800006c" -> "0x08000080" [color="#3a96dd"];
        "0x08000070" -> "0x080000d0" [color="#13a10e"];
        "0x08000070" -> "0x08000078" [color="#c50f1f"];
        "0x08000078" -> "0x080000ac" [color="#3a96dd"];
        "0x08000080" -> "0x080000d8" [color="#13a10e"];
        "0x08000080" -> "0x08000088" [color="#c50f1f"];
        "0x08000088" -> "0x080000ac" [color="#3a96dd"];
        "0x08000090" -> "0x080000e0" [color="#13a10e"];
        "0x08000090" -> "0x08000098" [color="#c50f1f"];
        "0x08000098" -> "0x080000ac" [color="#3a96dd"];
        "0x080000a0" -> "0x080000e8" [color="#13a10e"];
        "0x080000a0" -> "0x080000a8" [color="#c50f1f"];
        "0x080000a8" -> "0x080000ac" [color="#3a96dd"];
        "0x080000ac" -> "0x08000040" [color="#13a10e"];
        "0x080000ac" -> "0x080000b8" [color="#c50f1f"];
}
