digraph code {
	graph [bgcolor=azure fontsize=8 fontname="Courier" splines="ortho"];
	node [fillcolor=gray style=filled shape=box];
	edge [arrowhead="normal"];
	"0x08000034" [URL="sym.create/0x08000034", fillcolor="#c19c00",color="#c19c00", fontname="Courier",label="  ;-- section..text:\l  ;-- .text:\l  ;-- pc:\l584: sym.create (int32_t arg1, signed int arg2, int32_t arg3, int32_t arg4, int32_t arg5, signed int arg6, signed int arg_30h, int32_t arg_34h);\l; var signed int var_8h @ r1+0x8\l; var int32_t var_1ch @ r1+0x1c\l; var int32_t var_20h @ r1+0x20\l; var int32_t var_24h @ r1+0x24\l; var int32_t var_28h @ r1+0x28\l; var int32_t var_2ch @ r1+0x2c\l; arg signed int arg_30h @ r1+0x30\l; arg int32_t arg_34h @ r1+0x34\l; arg int32_t arg1 @ r3\l; arg signed int arg2 @ r4\l; arg int32_t arg3 @ r5\l; arg int32_t arg4 @ r6\l; arg int32_t arg5 @ r7\l; arg signed int arg6 @ r8\l0x08000034      stwu r1, -0x30(r1)                                     ; [01] -r-x section size 584 named .text\l0x08000038      mflr r0\l0x0800003c      stw r0, 0x34(r1)\l0x08000040      stw r27, 0x1c(r1)\l0x08000044      stw r28, 0x20(r1)\l; UNKNOWN XREFS from sym.create @ 0x80000b4, 0x8000250\l;-- aav.0x08000048:\l0x08000048      stw r29, 0x24(r1)\l0x0800004c      stw r30, 0x28(r1)\l0x08000050      stw r31, 0x2c(r1)\l0x08000054      mr r28, r3                                             ; arg1\l0x08000058      mr r27, r5                                             ; arg3\l0x0800005c      mr r31, r6                                             ; arg4\l0x08000060      mr r30, r7                                             ; arg5\l0x08000064      stw r8, 8(r1)                                          ; arg6\l0x08000068      addi r4, r4, 3                                         ; arg2\l0x0800006c      rlwinm r29, r4, 0, 0, 0x1d\l0x08000070      li r3, 0xffff\l0x08000074      cmpwi cr7, r29, 0x27\l0x08000078      ble cr7, 0x8000258\l"]
	"0x0800007c" [URL="sym.create/0x0800007c", fillcolor="#c19c00",color="#c19c00", fontname="Courier",label="0x0800007c      mr r3, r29                                             ; int32_t arg1\l0x08000080      crclr 6\l0x08000084      bl 0x8000084\l0x08000088      mr r7, r3\l0x0800008c      li r3, 0xffff\l0x08000090      cmpwi cr7, r7, 0xffff\l0x08000094      beq cr7, 0x8000258\l"]
	"0x08000098" [URL="sym.create/0x08000098", fillcolor="#c19c00",color="#c19c00", fontname="Courier",label="0x08000098      lis r9, 0\l0x0800009c      lwz r3, 0(r9)\l0x080000a0      li r10, 9\l0x080000a4      lis r11, 0\l0x080000a8      addi r11, r11, 0\l0x080000ac      li r0, 0xa\l0x080000b0      mtctr r0\l0x080000b4      .dword 0x48000008\l"]
	"0x080000b8" [URL="sym.create/0x080000b8", fillcolor="#c19c00",color="#c19c00", fontname="Courier",label="; CODE XREF from sym.create @ 0x80000dc\l0x080000b8      mr r3, r0\l"]
	"0x080000bc" [URL="sym.create/0x080000bc", fillcolor="#c19c00",color="#c19c00", fontname="Courier",label="; CODE XREF from sym.create @ 0x80000b4\l0x080000bc      addi r0, r3, 0xffff\l0x080000c0      cmpwi cr7, r3, 0\l0x080000c4      bgt cr7, 0x80000cc\l"]
	"0x080000c8" [URL="sym.create/0x080000c8", fillcolor="#c19c00",color="#c19c00", fontname="Courier",label="0x080000c8      mr r0, r10\l"]
	"0x080000cc" [URL="sym.create/0x080000cc", fillcolor="#c19c00",color="#c19c00", fontname="Courier",label="; CODE XREF from sym.create @ 0x80000c4\l0x080000cc      mulli r9, r3, 0x34\l0x080000d0      lbzx r9, r11, r9\l0x080000d4      cmpwi cr7, r9, 2\l0x080000d8      beq cr7, 0x80000f0\l"]
	"0x080000dc" [URL="sym.create/0x080000dc", fillcolor="white",color="#767676", fontname="Courier",label="0x080000dc      bdnz 0x80000b8\l"]
	"0x080000e0" [URL="sym.create/0x080000e0", fillcolor="#c19c00",color="#c19c00", fontname="Courier",label="0x080000e0      lis r9, 0\l0x080000e4      stw r0, 0(r9)\l0x080000e8      li r3, 0xffff\l0x080000ec      b 0x8000258\l"]
	"0x080000f0" [URL="sym.create/0x080000f0", fillcolor="#c19c00",color="#c19c00", fontname="Courier",label="; CODE XREF from sym.create @ 0x80000d8\l0x080000f0      lis r9, 0\l0x080000f4      stw r0, 0(r9)\l0x080000f8      cmpwi cr7, r3, 0xffff\l0x080000fc      beq cr7, 0x8000258\l"]
	"0x08000100" [URL="sym.create/0x08000100", fillcolor="#c19c00",color="#c19c00", fontname="Courier",label="0x08000100      andi. r0, r28, 1\l0x08000104      bne 0x800024c\l"]
	"0x08000108" [URL="sym.create/0x08000108", fillcolor="#c19c00",color="#c19c00", fontname="Courier",label="0x08000108      cmpwi cr7, r27, 0\l0x0800010c      ble cr7, 0x8000254\l"]
	"0x08000110" [URL="sym.create/0x08000110", fillcolor="#c19c00",color="#c19c00", fontname="Courier",label="0x08000110      lis r9, 0\l0x08000114      lwz r11, 0(r9)\l0x08000118      addi r11, r11, 1\l0x0800011c      stw r11, 0(r9)\l0x08000120      mulli r0, r3, 0x34\l0x08000124      lis r9, 0\l0x08000128      addi r9, r9, 0\l0x0800012c      add r11, r0, r9\l0x08000130      li r10, 6\l0x08000134      stbx r10, r9, r0\l; UNKNOWN XREF from sym.create @ 0x8000200\l;-- aav.0x08000138:\l0x08000138      lbz r0, 0(r31)\l0x0800013c      stb r0, 0x22(r11)\l0x08000140      cmpwi cr7, r0, 0\l0x08000144      beq cr7, 0x8000174\l"]
	"0x08000148" [URL="sym.create/0x08000148", fillcolor="#c19c00",color="#c19c00", fontname="Courier",label="0x08000148      addi r10, r11, 0x22\l0x0800014c      li r9, 1\l0x08000150      li r0, 7\l0x08000154      mtctr r0\l0x08000158      b 0x8000164\l"]
	"0x0800015c" [URL="sym.create/0x0800015c", fillcolor="#c19c00",color="#c19c00", fontname="Courier",label="; CODE XREF from sym.create @ 0x8000170\l0x0800015c      addi r9, r9, 1\l0x08000160      bdz 0x8000174\l"]
	"0x08000164" [URL="sym.create/0x08000164", fillcolor="#c19c00",color="#c19c00", fontname="Courier",label="; CODE XREF from sym.create @ 0x8000158\l0x08000164      lbzx r0, r31, r9\l0x08000168      stbu r0, 1(r10)\l0x0800016c      cmpwi cr7, r0, 0\l0x08000170      bne cr7, 0x800015c\l"]
	"0x08000174" [URL="sym.create/0x08000174", fillcolor="#c19c00",color="#c19c00", fontname="Courier",label="; CODE XREFS from sym.create @ 0x8000144, 0x8000160\l0x08000174      sth r27, 2(r11)\l0x08000178      sth r7, 0x1c(r11)\l0x0800017c      sth r29, 0x1e(r11)\l0x08000180      li r0, 0\l0x08000184      sth r0, 0x16(r11)\l0x08000188      stb r0, 0x1a(r11)\l0x0800018c      subfic r29, r29, 4\l0x08000190      add r29, r29, r7\l0x08000194      sth r29, 0x20(r11)\l0x08000198      li r0, 0\l0x0800019c      ori r0, r0, 0xaaaa\l0x080001a0      stw r0, 0(r7)\l0x080001a4      addi r6, r7, 0xfffc\l0x080001a8      sth r30, 0x2a(r11)\l0x080001ac      li r9, 0\l0x080001b0      li r0, 0\l0x080001b4      li r10, 9\l0x080001b8      mtctr r10\l"]
	"0x080001bc" [URL="sym.create/0x080001bc", fillcolor="#c19c00",color="#c19c00", fontname="Courier",label="; CODE XREF from sym.create @ 0x80001c8\l0x080001bc      add r10, r11, r9\l0x080001c0      sth r0, 4(r10)\l0x080001c4      addi r9, r9, 2\l0x080001c8      bdnz 0x80001bc\l"]
	"0x080001cc" [URL="sym.create/0x080001cc", fillcolor="#c19c00",color="#c19c00", fontname="Courier",label="0x080001cc      extsh r28, r28\l0x080001d0      sth r28, 0x2c(r11)\l0x080001d4      sth r28, 0x12(r11)\l0x080001d8      li r0, 0\l0x080001dc      sth r0, 0x14(r11)\l0x080001e0      li r0, 0xffff\l0x080001e4      sth r0, 0x2e(r11)\l0x080001e8      sth r0, 0x32(r11)\l0x080001ec      sth r0, 0x30(r11)\l0x080001f0      cmpwi cr7, r30, 0\l0x080001f4      ble cr7, 0x8000238\l"]
	"0x080001f8" [URL="sym.create/0x080001f8", fillcolor="#c19c00",color="#c19c00", fontname="Courier",label="0x080001f8      addi r8, r30, 0xffff\l0x080001fc      slwi r8, r8, 2\l0x08000200      .dword 0x38010008\l0x08000204      add r8, r0, r8\l0x08000208      mr r9, r7\l0x0800020c      mr r10, r30\l0x08000210      subf r8, r7, r8\l0x08000214      mtctr r30\l"]
	"0x08000218" [URL="sym.create/0x08000218", fillcolor="#c19c00",color="#c19c00", fontname="Courier",label="; CODE XREF from sym.create @ 0x8000224\l0x08000218      lwzx r0, r8, r9\l0x0800021c      stwu r0, -4(r9)\l0x08000220      addi r10, r10, 0xffff\l0x08000224      bdnz 0x8000218\l"]
	"0x08000228" [URL="sym.create/0x08000228", fillcolor="#c19c00",color="#c19c00", fontname="Courier",label="0x08000228      subfic r30, r30, 1\l0x0800022c      slwi r30, r30, 2\l0x08000230      addi r30, r30, 0xfffc\l0x08000234      add r6, r6, r30\l"]
	"0x08000238" [URL="sym.create/0x08000238", fillcolor="#c19c00",color="#c19c00", fontname="Courier",label="; CODE XREF from sym.create @ 0x80001f4\l0x08000238      lis r9, 0\l0x0800023c      addi r0, r9, 0\l0x08000240      stw r0, 0(r6)\l0x08000244      sth r6, 0x10(r11)\l0x08000248      b 0x8000258\l"]
	"0x0800024c" [URL="sym.create/0x0800024c", fillcolor="#c19c00",color="#c19c00", fontname="Courier",label="; CODE XREF from sym.create @ 0x8000104\l0x0800024c      li r3, 0xffff\l0x08000250      .dword 0x48000008\l"]
	"0x08000254" [URL="sym.create/0x08000254", fillcolor="#c19c00",color="#c19c00", fontname="Courier",label="; CODE XREF from sym.create @ 0x800010c\l0x08000254      li r3, 0xffff\l"]
	"0x08000258" [URL="sym.create/0x08000258", fillcolor="#c19c00",color="#c19c00", fontname="Courier",label="; XREFS: CODE 0x08000078  CODE 0x08000094  CODE 0x080000ec  \l; XREFS: CODE 0x080000fc  CODE 0x08000248  CODE 0x08000250  \l0x08000258      lwz r0, 0x34(r1)\l0x0800025c      mtlr r0\l0x08000260      lwz r27, 0x1c(r1)\l0x08000264      lwz r28, 0x20(r1)\l0x08000268      lwz r29, 0x24(r1)\l0x0800026c      lwz r30, 0x28(r1)\l0x08000270      lwz r31, 0x2c(r1)\l0x08000274      addi r1, r1, 0x30\l0x08000278      blr\l"]
        "0x08000034" -> "0x08000258" [color="#13a10e"];
        "0x08000034" -> "0x0800007c" [color="#c50f1f"];
        "0x0800007c" -> "0x08000258" [color="#13a10e"];
        "0x0800007c" -> "0x08000098" [color="#c50f1f"];
        "0x08000098" -> "0x080000bc" [color="#3a96dd"];
        "0x080000b8" -> "0x080000bc" [color="#3a96dd"];
        "0x080000bc" -> "0x080000cc" [color="#13a10e"];
        "0x080000bc" -> "0x080000c8" [color="#c50f1f"];
        "0x080000c8" -> "0x080000cc" [color="#3a96dd"];
        "0x080000cc" -> "0x080000f0" [color="#13a10e"];
        "0x080000cc" -> "0x080000dc" [color="#c50f1f"];
        "0x080000dc" -> "0x080000b8" [color="#13a10e"];
        "0x080000dc" -> "0x080000e0" [color="#c50f1f"];
        "0x080000e0" -> "0x08000258" [color="#3a96dd"];
        "0x080000f0" -> "0x08000258" [color="#13a10e"];
        "0x080000f0" -> "0x08000100" [color="#c50f1f"];
        "0x08000100" -> "0x0800024c" [color="#13a10e"];
        "0x08000100" -> "0x08000108" [color="#c50f1f"];
        "0x08000108" -> "0x08000254" [color="#13a10e"];
        "0x08000108" -> "0x08000110" [color="#c50f1f"];
        "0x08000110" -> "0x08000174" [color="#13a10e"];
        "0x08000110" -> "0x08000148" [color="#c50f1f"];
        "0x08000148" -> "0x08000164" [color="#3a96dd"];
        "0x0800015c" -> "0x08000174" [color="#13a10e"];
        "0x0800015c" -> "0x08000164" [color="#c50f1f"];
        "0x08000164" -> "0x0800015c" [color="#13a10e"];
        "0x08000164" -> "0x08000174" [color="#c50f1f"];
        "0x08000174" -> "0x080001bc" [color="#3a96dd"];
        "0x080001bc" -> "0x080001bc" [color="#13a10e"];
        "0x080001bc" -> "0x080001cc" [color="#c50f1f"];
        "0x080001cc" -> "0x08000238" [color="#13a10e"];
        "0x080001cc" -> "0x080001f8" [color="#c50f1f"];
        "0x080001f8" -> "0x08000218" [color="#3a96dd"];
        "0x08000218" -> "0x08000218" [color="#13a10e"];
        "0x08000218" -> "0x08000228" [color="#c50f1f"];
        "0x08000228" -> "0x08000238" [color="#3a96dd"];
        "0x08000238" -> "0x08000258" [color="#3a96dd"];
        "0x0800024c" -> "0x08000258" [color="#3a96dd"];
        "0x08000254" -> "0x08000258" [color="#3a96dd"];
}
