digraph code {
	graph [bgcolor=azure fontsize=8 fontname="Courier" splines="ortho"];
	node [fillcolor=gray style=filled shape=box];
	edge [arrowhead="normal"];
	"0x08000034" [URL="sym.x_mount/0x08000034", fillcolor="#c19c00",color="#c19c00", fontname="Courier",label="  ;-- section..text:\l  ;-- .text:\l  ;-- pc:\l640: sym.x_mount (signed int arg2, signed int arg3, signed int arg4, int32_t arg5, signed int arg_1h, signed int arg_80h, int32_t arg_84h);\l; var signed int var_14h @ r31-0x14\l; arg signed int arg_1h @ r31+0x1\l; var signed int var_8h @ r1+0x8\l; var signed int var_1fh @ r1+0x1f\l; var int32_t var_58h @ r1+0x58\l; var int32_t var_5ch @ r1+0x5c\l; var int32_t var_60h @ r1+0x60\l; var int32_t var_64h @ r1+0x64\l; var int32_t var_68h @ r1+0x68\l; var int32_t var_70h @ r1+0x70\l; var int32_t var_74h @ r1+0x74\l; var int32_t var_78h @ r1+0x78\l; var int32_t var_7ch @ r1+0x7c\l; arg signed int arg_80h @ r1+0x80\l; arg int32_t arg_84h @ r1+0x84\l; arg signed int arg2 @ r4\l; arg signed int arg3 @ r5\l; arg signed int arg4 @ r6\l; arg int32_t arg5 @ r7\l0x08000034      stwu r1, -0x80(r1)                                     ; [01] -r-x section size 640 named .text\l0x08000038      mflr r0\l0x0800003c      stw r0, 0x84(r1)\l0x08000040      stw r22, 0x58(r1)\l0x08000044      stw r23, 0x5c(r1)\l; UNKNOWN XREF from sym.x_mount @ 0x8000148\l;-- aav.0x08000048:\l0x08000048      stw r24, 0x60(r1)\l0x0800004c      stw r25, 0x64(r1)\l0x08000050      stw r26, 0x68(r1)\l0x08000054      stw r27, 0x6c(r1)\l0x08000058      stw r28, 0x70(r1)\l0x0800005c      stw r29, 0x74(r1)\l0x08000060      stw r30, 0x78(r1)\l0x08000064      stw r31, 0x7c(r1)\l0x08000068      mr r28, r4                                             ; arg2\l0x0800006c      mr r26, r5                                             ; arg3\l0x08000070      mr r27, r7                                             ; arg5\l0x08000074      cmpwi cr7, r6, 1                                       ; arg4\l0x08000078      bne cr7, 0x8000198\l"]
	"0x0800007c" [URL="sym.x_mount/0x0800007c", fillcolor="#c19c00",color="#c19c00", fontname="Courier",label="0x0800007c      lis r9, 0\l0x08000080      lwz r9, 0(r9)\l0x08000084      li r0, 1\l0x08000088      cmpwi cr7, r9, 0\l0x0800008c      ble cr7, 0x8000278\l"]
	"0x08000090" [URL="sym.x_mount/0x08000090", fillcolor="#c19c00",color="#c19c00", fontname="Courier",label="0x08000090      li r30, 0\l0x08000094      lis r27, 0\l0x08000098      addi r27, r27, 0\l0x0800009c      lis r25, 0\l0x080000a0      addi r25, r25, 8\l0x080000a4      addi r26, r1, 0x1f\l0x080000a8      li r31, 0x20\l0x080000ac      lis r23, 0\l0x080000b0      lis r22, 0\l0x080000b4      addi r22, r22, 0\l0x080000b8      lis r24, 0\l0x080000bc      addi r24, r24, 0x10\l"]
	"0x080000c0" [URL="sym.x_mount/0x080000c0", fillcolor="#c19c00",color="#c19c00", fontname="Courier",label="; CODE XREF from sym.x_mount @ 0x800018c\l0x080000c0      slwi r29, r30, 2\l0x080000c4      slwi r0, r30, 6\l0x080000c8      add r29, r29, r0\l0x080000cc      add r29, r29, r27\l0x080000d0      addi r29, r29, 4\l0x080000d4      addi r3, r1, 8                                         ; int32_t arg2\l0x080000d8      mr r4, r25                                             ; int32_t arg3\l0x080000dc      mr r5, r29                                             ; int32_t arg4\l0x080000e0      crclr 6\l0x080000e4      bl 0x80000e4\l0x080000e8      addi r3, r1, 8                                         ; int32_t arg2\l0x080000ec      bl 0x80000ec\l0x080000f0      cmpwi cr7, r3, 0x17\l0x080000f4      bgt cr7, 0x8000114\l"]
	"0x080000f8" [URL="sym.x_mount/0x080000f8", fillcolor="#c19c00",color="#c19c00", fontname="Courier",label="0x080000f8      addi r9, r3, 0xffff\l0x080000fc      .dword 0x38010008\l0x08000100      add r9, r0, r9\l0x08000104      subf r0, r9, r26\l0x08000108      mtctr r0\l"]
	"0x0800010c" [URL="sym.x_mount/0x0800010c", fillcolor="#c19c00",color="#c19c00", fontname="Courier",label="; CODE XREF from sym.x_mount @ 0x8000110\l0x0800010c      stbu r31, 1(r9)\l0x08000110      bdnz 0x800010c\l"]
	"0x08000114" [URL="sym.x_mount/0x08000114", fillcolor="#c19c00",color="#c19c00", fontname="Courier",label="; CODE XREF from sym.x_mount @ 0x80000f4\l0x08000114      mr r3, r28                                             ; int32_t arg2\l0x08000118      addi r4, r1, 8                                         ; int32_t arg3\l0x0800011c      li r5, 0x18                                            ; int32_t arg4\l0x08000120      crclr 6\l0x08000124      bl 0x8000124\l0x08000128      lwz r0, 0x40(r29)\l0x0800012c      cmplwi cr7, r0, 0x14\l0x08000130      bgt cr7, 0x800014c\l"]
	"0x08000134" [URL="sym.x_mount/0x08000134", fillcolor="#c19c00",color="#c19c00", fontname="Courier",label="0x08000134      slwi r9, r0, 3\l; UNKNOWN XREF from sym.x_mount @ 0x80000fc\l;-- aav.0x08000138:\l0x08000138      slwi r0, r0, 6\l0x0800013c      add r9, r9, r0\l0x08000140      add r9, r22, r9\l0x08000144      lwz r5, 4(r9)\l0x08000148      .dword 0x48000008\l"]
	"0x0800014c" [URL="sym.x_mount/0x0800014c", fillcolor="#c19c00",color="#c19c00", fontname="Courier",label="; CODE XREF from sym.x_mount @ 0x8000130\l0x0800014c      addi r5, r23, 0\l"]
	"0x08000150" [URL="sym.x_mount/0x08000150", fillcolor="#c19c00",color="#c19c00", fontname="Courier",label="; CODE XREF from sym.x_mount @ 0x8000148\l0x08000150      addi r3, r1, 8                                         ; int32_t arg2\l0x08000154      mr r4, r24                                             ; int32_t arg3\l0x08000158      addi r6, r29, 0x20                                     ; int32_t arg5\l0x0800015c      crclr 6\l0x08000160      bl 0x8000160\l0x08000164      addi r3, r1, 8                                         ; int32_t arg2\l0x08000168      bl 0x8000168\l0x0800016c      mr r5, r3                                              ; int32_t arg4\l0x08000170      mr r3, r28                                             ; int32_t arg2\l0x08000174      addi r4, r1, 8                                         ; int32_t arg3\l0x08000178      crclr 6\l0x0800017c      bl 0x800017c\l0x08000180      addi r30, r30, 1\l0x08000184      lwz r0, 0(r27)\l0x08000188      cmpw cr7, r30, r0\l0x0800018c      blt cr7, 0x80000c0\l"]
	"0x08000190" [URL="sym.x_mount/0x08000190", fillcolor="#c19c00",color="#c19c00", fontname="Courier",label="0x08000190      li r0, 1\l0x08000194      b 0x8000278\l"]
	"0x08000198" [URL="sym.x_mount/0x08000198", fillcolor="#c19c00",color="#c19c00", fontname="Courier",label="; CODE XREF from sym.x_mount @ 0x8000078\l0x08000198      cmpwi cr7, r6, 4                                       ; arg4\l0x0800019c      beq cr7, 0x80001c0\l"]
	"0x080001a0" [URL="sym.x_mount/0x080001a0", fillcolor="#c19c00",color="#c19c00", fontname="Courier",label="0x080001a0      lis r3, 0\l0x080001a4      addi r3, r3, 0x24                                      ; int32_t arg2\l0x080001a8      li r4, 1                                               ; int32_t arg3\l0x080001ac      li r5, 0x26                                            ; int32_t arg4\l0x080001b0      mr r6, r26                                             ; int32_t arg5\l0x080001b4      bl 0x80001b4\l0x080001b8      li r0, 0xffff\l0x080001bc      b 0x8000278\l"]
	"0x080001c0" [URL="sym.x_mount/0x080001c0", fillcolor="#c19c00",color="#c19c00", fontname="Courier",label="; CODE XREF from sym.x_mount @ 0x800019c\l0x080001c0      lis r30, 0\l0x080001c4      addi r30, r30, 4\l0x080001c8      li r31, 0\l"]
	"0x080001cc" [URL="sym.x_mount/0x080001cc", fillcolor="#c19c00",color="#c19c00", fontname="Courier",label="; CODE XREF from sym.x_mount @ 0x80001f0\l0x080001cc      lwz r29, 8(r27)\l0x080001d0      mr r3, r29                                             ; int32_t arg2\l0x080001d4      lwz r4, 0(r30)                                         ; int32_t arg3\l0x080001d8      bl 0x80001d8\l0x080001dc      cmpwi cr7, r3, 0\l0x080001e0      beq cr7, 0x80001f8\l"]
	"0x080001e4" [URL="sym.x_mount/0x080001e4", fillcolor="#c19c00",color="#c19c00", fontname="Courier",label="0x080001e4      addi r30, r30, 0x48\l0x080001e8      cmpwi cr7, r31, 0x14\l0x080001ec      addi r31, r31, 1\l0x080001f0      bne cr7, 0x80001cc\l"]
	"0x080001f4" [URL="sym.x_mount/0x080001f4", fillcolor="white",color="#767676", fontname="Courier",label="0x080001f4      b 0x8000200\l"]
	"0x080001f8" [URL="sym.x_mount/0x080001f8", fillcolor="#c19c00",color="#c19c00", fontname="Courier",label="; CODE XREF from sym.x_mount @ 0x80001e0\l0x080001f8      cmpwi cr7, r31, 0x14\l0x080001fc      ble cr7, 0x800023c\l"]
	"0x08000200" [URL="sym.x_mount/0x08000200", fillcolor="#c19c00",color="#c19c00", fontname="Courier",label="; CODE XREF from sym.x_mount @ 0x80001f4\l0x08000200      mr r3, r29                                             ; int32_t arg2\l0x08000204      lis r4, 0\l0x08000208      addi r4, r4, 0                                         ; int32_t arg3\l0x0800020c      bl 0x800020c\l0x08000210      li r31, 0xffff\l0x08000214      cmpwi cr7, r3, 0\l0x08000218      beq cr7, 0x800023c\l"]
	"0x0800021c" [URL="sym.x_mount/0x0800021c", fillcolor="#c19c00",color="#c19c00", fontname="Courier",label="0x0800021c      mr r3, r26                                             ; int32_t arg2\l0x08000220      lis r4, 0\l0x08000224      addi r4, r4, 0x4c                                      ; int32_t arg3\l0x08000228      mr r5, r29                                             ; int32_t arg4\l0x0800022c      crclr 6\l0x08000230      bl 0x8000230\l0x08000234      li r0, 0xffff\l0x08000238      b 0x8000278\l"]
	"0x0800023c" [URL="sym.x_mount/0x0800023c", fillcolor="#c19c00",color="#c19c00", fontname="Courier",label="; CODE XREFS from sym.x_mount @ 0x80001fc, 0x8000218\l0x0800023c      lwz r3, 4(r27)                                         ; int32_t arg2\l0x08000240      mr r4, r31                                             ; int32_t arg3\l0x08000244      lwz r5, 0xc(r27)                                       ; int32_t arg4\l0x08000248      crclr 6\l0x0800024c      bl 0x800024c\l0x08000250      li r0, 1\l0x08000254      cmpwi cr7, r3, 0xffff\l0x08000258      bne cr7, 0x8000278\l"]
	"0x0800025c" [URL="sym.x_mount/0x0800025c", fillcolor="#c19c00",color="#c19c00", fontname="Courier",label="0x0800025c      lis r3, 0\l0x08000260      addi r3, r3, 0x64                                      ; int32_t arg2\l0x08000264      li r4, 1                                               ; int32_t arg3\l0x08000268      li r5, 0xd                                             ; int32_t arg4\l0x0800026c      mr r6, r26                                             ; int32_t arg5\l0x08000270      bl 0x8000270\l0x08000274      li r0, 0xffff\l"]
	"0x08000278" [URL="sym.x_mount/0x08000278", fillcolor="#c19c00",color="#c19c00", fontname="Courier",label="; CODE XREFS from sym.x_mount @ 0x800008c, 0x8000194, 0x80001bc, 0x8000238, 0x8000258\l0x08000278      mr r3, r0\l0x0800027c      lwz r0, 0x84(r1)\l0x08000280      mtlr r0\l0x08000284      lwz r22, 0x58(r1)\l0x08000288      lwz r23, 0x5c(r1)\l0x0800028c      lwz r24, 0x60(r1)\l0x08000290      lwz r25, 0x64(r1)\l0x08000294      lwz r26, 0x68(r1)\l0x08000298      lwz r27, 0x6c(r1)\l0x0800029c      lwz r28, 0x70(r1)\l0x080002a0      lwz r29, 0x74(r1)\l0x080002a4      lwz r30, 0x78(r1)\l0x080002a8      lwz r31, 0x7c(r1)\l0x080002ac      addi r1, r1, 0x80\l0x080002b0      blr\l"]
        "0x08000034" -> "0x08000198" [color="#13a10e"];
        "0x08000034" -> "0x0800007c" [color="#c50f1f"];
        "0x0800007c" -> "0x08000278" [color="#13a10e"];
        "0x0800007c" -> "0x08000090" [color="#c50f1f"];
        "0x08000090" -> "0x080000c0" [color="#3a96dd"];
        "0x080000c0" -> "0x08000114" [color="#13a10e"];
        "0x080000c0" -> "0x080000f8" [color="#c50f1f"];
        "0x080000f8" -> "0x0800010c" [color="#3a96dd"];
        "0x0800010c" -> "0x0800010c" [color="#13a10e"];
        "0x0800010c" -> "0x08000114" [color="#c50f1f"];
        "0x08000114" -> "0x0800014c" [color="#13a10e"];
        "0x08000114" -> "0x08000134" [color="#c50f1f"];
        "0x08000134" -> "0x08000150" [color="#3a96dd"];
        "0x0800014c" -> "0x08000150" [color="#3a96dd"];
        "0x08000150" -> "0x080000c0" [color="#13a10e"];
        "0x08000150" -> "0x08000190" [color="#c50f1f"];
        "0x08000190" -> "0x08000278" [color="#3a96dd"];
        "0x08000198" -> "0x080001c0" [color="#13a10e"];
        "0x08000198" -> "0x080001a0" [color="#c50f1f"];
        "0x080001a0" -> "0x08000278" [color="#3a96dd"];
        "0x080001c0" -> "0x080001cc" [color="#3a96dd"];
        "0x080001cc" -> "0x080001f8" [color="#13a10e"];
        "0x080001cc" -> "0x080001e4" [color="#c50f1f"];
        "0x080001e4" -> "0x080001cc" [color="#13a10e"];
        "0x080001e4" -> "0x080001f4" [color="#c50f1f"];
        "0x080001f4" -> "0x08000200" [color="#3a96dd"];
        "0x080001f8" -> "0x0800023c" [color="#13a10e"];
        "0x080001f8" -> "0x08000200" [color="#c50f1f"];
        "0x08000200" -> "0x0800023c" [color="#13a10e"];
        "0x08000200" -> "0x0800021c" [color="#c50f1f"];
        "0x0800021c" -> "0x08000278" [color="#3a96dd"];
        "0x0800023c" -> "0x08000278" [color="#13a10e"];
        "0x0800023c" -> "0x0800025c" [color="#c50f1f"];
        "0x0800025c" -> "0x08000278" [color="#3a96dd"];
}
