digraph code {
	graph [bgcolor=azure fontsize=8 fontname="Courier" splines="ortho"];
	node [fillcolor=gray style=filled shape=box];
	edge [arrowhead="normal"];
	"0x08000034" [URL="sym.x_rls/0x08000034", fillcolor="#c19c00",color="#c19c00", fontname="Courier",label="  ;-- section..text:\l  ;-- .text:\l  ;-- pc:\l740: sym.x_rls (int32_t arg2, int32_t arg3, signed int arg4, int32_t arg5, int32_t arg_6h, signed int arg_8h, signed int arg_60h, int32_t arg_64h);\l; arg int32_t arg_6h @ r31+0x6\l; arg signed int arg_8h @ r31+0x8\l; var signed int var_8h @ r1+0x8\l; var int32_t var_30h @ r1+0x30\l; var int32_t var_34h @ r1+0x34\l; var int32_t var_38h @ r1+0x38\l; var int32_t var_3ch @ r1+0x3c\l; var int32_t var_40h @ r1+0x40\l; var int32_t var_44h @ r1+0x44\l; var int32_t var_48h @ r1+0x48\l; var int32_t var_4ch @ r1+0x4c\l; var int32_t var_50h @ r1+0x50\l; var int32_t var_54h @ r1+0x54\l; var int32_t var_58h @ r1+0x58\l; var int32_t var_5ch @ r1+0x5c\l; arg signed int arg_60h @ r1+0x60\l; arg int32_t arg_64h @ r1+0x64\l; arg int32_t arg2 @ r4\l; arg int32_t arg3 @ r5\l; arg signed int arg4 @ r6\l; arg int32_t arg5 @ r7\l0x08000034      stwu r1, -0x60(r1)                                     ; [01] -r-x section size 740 named .text\l0x08000038      mflr r0\l0x0800003c      stw r0, 0x64(r1)\l0x08000040      mfcr r12\l0x08000044      stw r21, 0x34(r1)\l0x08000048      stw r22, 0x38(r1)\l0x0800004c      stw r23, 0x3c(r1)\l0x08000050      stw r24, 0x40(r1)\l0x08000054      stw r25, 0x44(r1)\l0x08000058      stw r26, 0x48(r1)\l0x0800005c      stw r27, 0x4c(r1)\l0x08000060      stw r28, 0x50(r1)\l0x08000064      stw r29, 0x54(r1)\l0x08000068      stw r30, 0x58(r1)\l0x0800006c      stw r31, 0x5c(r1)\l0x08000070      stw r12, 0x30(r1)\l0x08000074      mr r26, r4                                             ; arg2\l0x08000078      mr r21, r5                                             ; arg3\l0x0800007c      mr r29, r6                                             ; arg4\l0x08000080      mr r28, r7                                             ; arg5\l0x08000084      li r31, 0\l0x08000088      cmpwi cr7, r6, 1                                       ; arg4\l0x0800008c      ble cr7, 0x80000b8\l"]
	"0x08000090" [URL="sym.x_rls/0x08000090", fillcolor="#c19c00",color="#c19c00", fontname="Courier",label="0x08000090      lwz r30, 4(r7)                                         ; arg5\l0x08000094      mr r3, r30                                             ; int32_t arg2\l0x08000098      lis r4, 0\l0x0800009c      addi r4, r4, 4                                         ; int32_t arg3\l0x080000a0      bl 0x80000a0\l0x080000a4      cmpwi cr7, r3, 0\l0x080000a8      bne cr7, 0x80000b8\l"]
	"0x080000ac" [URL="sym.x_rls/0x080000ac", fillcolor="#c19c00",color="#c19c00", fontname="Courier",label="0x080000ac      addi r29, r29, 0xffff\l0x080000b0      lwz r30, 8(r28)\l0x080000b4      li r31, 1\l"]
	"0x080000b8" [URL="sym.x_rls/0x080000b8", fillcolor="#c19c00",color="#c19c00", fontname="Courier",label="; CODE XREFS from sym.x_rls @ 0x800008c, 0x80000a8\l0x080000b8      cmpwi cr7, r29, 1\l0x080000bc      beq cr7, 0x80000dc\l"]
	"0x080000c0" [URL="sym.x_rls/0x080000c0", fillcolor="#c19c00",color="#c19c00", fontname="Courier",label="0x080000c0      cmpwi cr7, r29, 2\l0x080000c4      beq cr7, 0x80000e4\l"]
	"0x080000c8" [URL="sym.x_rls/0x080000c8", fillcolor="#c19c00",color="#c19c00", fontname="Courier",label="0x080000c8      lis r3, 0\l0x080000cc      addi r3, r3, 8                                         ; int32_t arg2\l0x080000d0      bl 0x80000d0\l0x080000d4      li r3, 0xffff\l0x080000d8      b 0x80002d4\l"]
	"0x080000dc" [URL="sym.x_rls/0x080000dc", fillcolor="#c19c00",color="#c19c00", fontname="Courier",label="; CODE XREF from sym.x_rls @ 0x80000bc\l0x080000dc      lis r30, 0\l0x080000e0      addi r30, r30, 0\l"]
	"0x080000e4" [URL="sym.x_rls/0x080000e4", fillcolor="#c19c00",color="#c19c00", fontname="Courier",label="; CODE XREF from sym.x_rls @ 0x80000c4\l0x080000e4      li r3, 0x200                                           ; int32_t arg2\l0x080000e8      crclr 6\l0x080000ec      bl 0x80000ec\l0x080000f0      mr r24, r3\l0x080000f4      cmpwi cr7, r3, 0xffff\l0x080000f8      bne cr7, 0x800011c\l"]
	"0x080000fc" [URL="sym.x_rls/0x080000fc", fillcolor="#c19c00",color="#c19c00", fontname="Courier",label="0x080000fc      lis r3, 0\l0x08000100      addi r3, r3, 0x20                                      ; int32_t arg2\l0x08000104      li r4, 1                                               ; int32_t arg3\l0x08000108      li r5, 0xf                                             ; int32_t arg4\l0x0800010c      mr r6, r21                                             ; int32_t arg5\l0x08000110      bl 0x8000110\l0x08000114      li r3, 0xffff\l0x08000118      b 0x80002d4\l"]
	"0x0800011c" [URL="sym.x_rls/0x0800011c", fillcolor="#c19c00",color="#c19c00", fontname="Courier",label="; CODE XREF from sym.x_rls @ 0x80000f8\l0x0800011c      mr r23, r3\l0x08000120      mr r3, r30                                             ; int32_t arg2\l0x08000124      mr r4, r24                                             ; int32_t arg3\l0x08000128      crclr 6\l0x0800012c      bl 0x800012c\l0x08000130      cmpwi cr7, r3, 0xb\l0x08000134      bne cr7, 0x800015c\l"]
	"0x08000138" [URL="sym.x_rls/0x08000138", fillcolor="#c19c00",color="#c19c00", fontname="Courier",label="0x08000138      li r3, 0x14                                            ; int32_t arg2\l0x0800013c      mr r4, r30                                             ; int32_t arg3\l0x08000140      lis r5, 0\l0x08000144      addi r5, r5, 0x30                                      ; int32_t arg4\l0x08000148      crclr 6\l0x0800014c      bl 0x800014c\l0x08000150      mr r22, r3\l0x08000154      cmpwi cr7, r3, 0xffff\l0x08000158      bne cr7, 0x800018c\l"]
	"0x0800015c" [URL="sym.x_rls/0x0800015c", fillcolor="#c19c00",color="#c19c00", fontname="Courier",label="; CODE XREF from sym.x_rls @ 0x8000134\l0x0800015c      mr r3, r21                                             ; int32_t arg2\l0x08000160      lis r4, 0\l0x08000164      addi r4, r4, 0x34                                      ; int32_t arg3\l0x08000168      mr r5, r30                                             ; int32_t arg4\l0x0800016c      crclr 6\l0x08000170      bl 0x8000170\l0x08000174      mr r3, r24                                             ; int32_t arg2\l0x08000178      li r4, 0x200                                           ; int32_t arg3\l0x0800017c      crclr 6\l0x08000180      bl 0x8000180\l0x08000184      li r3, 0xffff\l0x08000188      b 0x80002d4\l"]
	"0x0800018c" [URL="sym.x_rls/0x0800018c", fillcolor="#c19c00",color="#c19c00", fontname="Courier",label="; CODE XREF from sym.x_rls @ 0x8000158\l0x0800018c      mr r4, r24                                             ; int32_t arg3\l0x08000190      li r5, 0x200                                           ; int32_t arg4\l0x08000194      crclr 6\l0x08000198      bl 0x8000198\l0x0800019c      cmpwi cr7, r3, 0\l0x080001a0      bgt cr7, 0x8000294\l"]
	"0x080001a4" [URL="sym.x_rls/0x080001a4", fillcolor="white",color="#767676", fontname="Courier",label="0x080001a4      b 0x80002b4\l"]
	"0x080001a8" [URL="sym.x_rls/0x080001a8", fillcolor="#c19c00",color="#c19c00", fontname="Courier",label="; CODE XREFS from sym.x_rls @ 0x8000270, 0x80002ac\l0x080001a8      lha r29, 6(r31)\l0x080001ac      addi r28, r31, 8\l0x080001b0      mr r3, r28                                             ; int32_t arg2\l0x080001b4      bl 0x80001b4\l0x080001b8      cmpw cr7, r29, r3\l0x080001bc      bne cr7, 0x80001dc\l"]
	"0x080001c0" [URL="sym.x_rls/0x080001c0", fillcolor="#c19c00",color="#c19c00", fontname="Courier",label="0x080001c0      cmpwi cr7, r29, 0x20\l0x080001c4      bgt cr7, 0x80001dc\l"]
	"0x080001c8" [URL="sym.x_rls/0x080001c8", fillcolor="#c19c00",color="#c19c00", fontname="Courier",label="0x080001c8      lha r0, 4(r31)\l0x080001cc      cmpwi cr7, r0, 0\l0x080001d0      blt cr7, 0x80001dc\l"]
	"0x080001d4" [URL="sym.x_rls/0x080001d4", fillcolor="#c19c00",color="#c19c00", fontname="Courier",label="0x080001d4      cmpwi cr7, r0, 0x200\l0x080001d8      ble cr7, 0x8000218\l"]
	"0x080001dc" [URL="sym.x_rls/0x080001dc", fillcolor="#c19c00",color="#c19c00", fontname="Courier",label="; CODE XREFS from sym.x_rls @ 0x80001bc, 0x80001c4, 0x80001d0\l0x080001dc      lis r3, 0\l0x080001e0      addi r3, r3, 0x44                                      ; int32_t arg2\l0x080001e4      li r4, 1                                               ; int32_t arg3\l0x080001e8      li r5, 0x10                                            ; int32_t arg4\l0x080001ec      mr r6, r21                                             ; int32_t arg5\l0x080001f0      bl 0x80001f0\l0x080001f4      mr r3, r22                                             ; int32_t arg2\l0x080001f8      crclr 6\l0x080001fc      bl 0x80001fc\l0x08000200      mr r3, r24                                             ; int32_t arg2\l0x08000204      li r4, 0x200                                           ; int32_t arg3\l0x08000208      crclr 6\l0x0800020c      bl 0x800020c\l0x08000210      li r3, 0xffff\l0x08000214      b 0x80002d4\l"]
	"0x08000218" [URL="sym.x_rls/0x08000218", fillcolor="white",color="#767676", fontname="Courier",label="; CODE XREF from sym.x_rls @ 0x80001d8\l0x08000218      bne cr4, 0x8000228\l"]
	"0x0800021c" [URL="sym.x_rls/0x0800021c", fillcolor="#c19c00",color="#c19c00", fontname="Courier",label="0x0800021c      lbz r0, 8(r31)\l0x08000220      cmpwi cr7, r0, 0x2e\l0x08000224      beq cr7, 0x800025c\l"]
	"0x08000228" [URL="sym.x_rls/0x08000228", fillcolor="#c19c00",color="#c19c00", fontname="Courier",label="; CODE XREF from sym.x_rls @ 0x8000218\l0x08000228      mr r3, r30                                             ; int32_t arg2\l0x0800022c      mr r4, r28                                             ; int32_t arg3\l0x08000230      bl 0x8000230\l0x08000234      mr r3, r30                                             ; int32_t arg2\l0x08000238      bl 0x8000238\l0x0800023c      sthx r25, r30, r3\l0x08000240      mr r3, r30                                             ; int32_t arg2\l0x08000244      bl 0x8000244\l0x08000248      mr r5, r3                                              ; int32_t arg4\l0x0800024c      mr r3, r26                                             ; int32_t arg2\l0x08000250      mr r4, r30                                             ; int32_t arg3\l0x08000254      crclr 6\l0x08000258      bl 0x8000258\l"]
	"0x0800025c" [URL="sym.x_rls/0x0800025c", fillcolor="#c19c00",color="#c19c00", fontname="Courier",label="; CODE XREF from sym.x_rls @ 0x8000224\l0x0800025c      lha r0, 4(r31)\l0x08000260      cmpwi cr7, r0, 0\l0x08000264      beq cr7, 0x8000274\l"]
	"0x08000268" [URL="sym.x_rls/0x08000268", fillcolor="#c19c00",color="#c19c00", fontname="Courier",label="0x08000268      add r31, r31, r0\l0x0800026c      cmplw cr7, r31, r27\l0x08000270      blt cr7, 0x80001a8\l"]
	"0x08000274" [URL="sym.x_rls/0x08000274", fillcolor="#c19c00",color="#c19c00", fontname="Courier",label="; CODE XREFS from sym.x_rls @ 0x8000264, 0x80002b0\l0x08000274      mr r3, r22                                             ; int32_t arg2\l0x08000278      mr r4, r23                                             ; int32_t arg3\l0x0800027c      li r5, 0x200                                           ; int32_t arg4\l0x08000280      crclr 6\l0x08000284      bl 0x8000284\l0x08000288      cmpwi cr7, r3, 0\l0x0800028c      bgt cr7, 0x80002a4\l"]
	"0x08000290" [URL="sym.x_rls/0x08000290", fillcolor="white",color="#767676", fontname="Courier",label="0x08000290      b 0x80002b4\l"]
	"0x08000294" [URL="sym.x_rls/0x08000294", fillcolor="#c19c00",color="#c19c00", fontname="Courier",label="; CODE XREF from sym.x_rls @ 0x80001a0\l0x08000294      addi r27, r24, 0x200\l0x08000298      cmpwi cr4, r31, 0\l0x0800029c      addi r30, r1, 8\l0x080002a0      li r25, 0xa00\l"]
	"0x080002a4" [URL="sym.x_rls/0x080002a4", fillcolor="#c19c00",color="#c19c00", fontname="Courier",label="; CODE XREF from sym.x_rls @ 0x800028c\l0x080002a4      mr r31, r23\l0x080002a8      cmplw cr7, r23, r27\l0x080002ac      blt cr7, 0x80001a8\l"]
	"0x080002b0" [URL="sym.x_rls/0x080002b0", fillcolor="white",color="#767676", fontname="Courier",label="0x080002b0      b 0x8000274\l"]
	"0x080002b4" [URL="sym.x_rls/0x080002b4", fillcolor="#c19c00",color="#c19c00", fontname="Courier",label="; CODE XREFS from sym.x_rls @ 0x80001a4, 0x8000290\l0x080002b4      mr r3, r24                                             ; int32_t arg2\l0x080002b8      li r4, 0x200                                           ; int32_t arg3\l0x080002bc      crclr 6\l0x080002c0      bl 0x80002c0\l0x080002c4      mr r3, r22                                             ; int32_t arg2\l0x080002c8      crclr 6\l0x080002cc      bl 0x80002cc\l0x080002d0      li r3, 1\l"]
	"0x080002d4" [URL="sym.x_rls/0x080002d4", fillcolor="#c19c00",color="#c19c00", fontname="Courier",label="; CODE XREFS from sym.x_rls @ 0x80000d8, 0x8000118, 0x8000188, 0x8000214\l0x080002d4      lwz r0, 0x64(r1)\l0x080002d8      lwz r12, 0x30(r1)\l0x080002dc      mtlr r0\l0x080002e0      lwz r21, 0x34(r1)\l0x080002e4      lwz r22, 0x38(r1)\l0x080002e8      lwz r23, 0x3c(r1)\l0x080002ec      lwz r24, 0x40(r1)\l0x080002f0      lwz r25, 0x44(r1)\l0x080002f4      lwz r26, 0x48(r1)\l0x080002f8      lwz r27, 0x4c(r1)\l0x080002fc      lwz r28, 0x50(r1)\l0x08000300      lwz r29, 0x54(r1)\l0x08000304      lwz r30, 0x58(r1)\l0x08000308      lwz r31, 0x5c(r1)\l0x0800030c      mtcrf 8, r12\l0x08000310      addi r1, r1, 0x60\l0x08000314      blr\l"]
        "0x08000034" -> "0x080000b8" [color="#13a10e"];
        "0x08000034" -> "0x08000090" [color="#c50f1f"];
        "0x08000090" -> "0x080000b8" [color="#13a10e"];
        "0x08000090" -> "0x080000ac" [color="#c50f1f"];
        "0x080000ac" -> "0x080000b8" [color="#3a96dd"];
        "0x080000b8" -> "0x080000dc" [color="#13a10e"];
        "0x080000b8" -> "0x080000c0" [color="#c50f1f"];
        "0x080000c0" -> "0x080000e4" [color="#13a10e"];
        "0x080000c0" -> "0x080000c8" [color="#c50f1f"];
        "0x080000c8" -> "0x080002d4" [color="#3a96dd"];
        "0x080000dc" -> "0x080000e4" [color="#3a96dd"];
        "0x080000e4" -> "0x0800011c" [color="#13a10e"];
        "0x080000e4" -> "0x080000fc" [color="#c50f1f"];
        "0x080000fc" -> "0x080002d4" [color="#3a96dd"];
        "0x0800011c" -> "0x0800015c" [color="#13a10e"];
        "0x0800011c" -> "0x08000138" [color="#c50f1f"];
        "0x08000138" -> "0x0800018c" [color="#13a10e"];
        "0x08000138" -> "0x0800015c" [color="#c50f1f"];
        "0x0800015c" -> "0x080002d4" [color="#3a96dd"];
        "0x0800018c" -> "0x08000294" [color="#13a10e"];
        "0x0800018c" -> "0x080001a4" [color="#c50f1f"];
        "0x080001a4" -> "0x080002b4" [color="#3a96dd"];
        "0x080001a8" -> "0x080001dc" [color="#13a10e"];
        "0x080001a8" -> "0x080001c0" [color="#c50f1f"];
        "0x080001c0" -> "0x080001dc" [color="#13a10e"];
        "0x080001c0" -> "0x080001c8" [color="#c50f1f"];
        "0x080001c8" -> "0x080001dc" [color="#13a10e"];
        "0x080001c8" -> "0x080001d4" [color="#c50f1f"];
        "0x080001d4" -> "0x08000218" [color="#13a10e"];
        "0x080001d4" -> "0x080001dc" [color="#c50f1f"];
        "0x080001dc" -> "0x080002d4" [color="#3a96dd"];
        "0x08000218" -> "0x08000228" [color="#13a10e"];
        "0x08000218" -> "0x0800021c" [color="#c50f1f"];
        "0x0800021c" -> "0x0800025c" [color="#13a10e"];
        "0x0800021c" -> "0x08000228" [color="#c50f1f"];
        "0x08000228" -> "0x0800025c" [color="#3a96dd"];
        "0x0800025c" -> "0x08000274" [color="#13a10e"];
        "0x0800025c" -> "0x08000268" [color="#c50f1f"];
        "0x08000268" -> "0x080001a8" [color="#13a10e"];
        "0x08000268" -> "0x08000274" [color="#c50f1f"];
        "0x08000274" -> "0x080002a4" [color="#13a10e"];
        "0x08000274" -> "0x08000290" [color="#c50f1f"];
        "0x08000290" -> "0x080002b4" [color="#3a96dd"];
        "0x08000294" -> "0x080002a4" [color="#3a96dd"];
        "0x080002a4" -> "0x080001a8" [color="#13a10e"];
        "0x080002a4" -> "0x080002b0" [color="#c50f1f"];
        "0x080002b0" -> "0x08000274" [color="#3a96dd"];
        "0x080002b4" -> "0x080002d4" [color="#3a96dd"];
}
