digraph code {
	graph [bgcolor=azure fontsize=8 fontname="Courier" splines="ortho"];
	node [fillcolor=gray style=filled shape=box];
	edge [arrowhead="normal"];
	"0x08000034" [URL="sym.x_uptime/0x08000034", fillcolor="#c19c00",color="#c19c00", fontname="Courier",label="  ;-- section..text:\l  ;-- .text:\l  ;-- pc:\l1224: sym.x_uptime (signed int arg2, signed int arg3, signed int arg4, int32_t arg5, int32_t arg_14h, signed int arg_18h, int32_t arg_28h, signed int arg_d0h, int32_t arg_d4h);\l; var int32_t var_10h @ r31+0x30\l; var int32_t var_18h @ r31+0x38\l; arg int32_t arg_14h @ r31+0xd8\l; arg signed int arg_18h @ r31+0xdc\l; arg int32_t arg_28h @ r31+0xec\l; var signed int var_8h @ r1+0x8\l; var signed int var_ch @ r1+0xc\l; var signed int var_2ch @ r1+0x2c\l; var int32_t var_88h @ r1+0x88\l; var int32_t var_8ch @ r1+0x8c\l; var int32_t var_90h @ r1+0x90\l; var int32_t var_94h @ r1+0x94\l; var int32_t var_98h @ r1+0x98\l; var int32_t var_9ch @ r1+0x9c\l; var int32_t var_a0h @ r1+0xa0\l; var int32_t var_a4h @ r1+0xa4\l; var int32_t var_a8h @ r1+0xa8\l; var int32_t var_ach @ r1+0xac\l; var int32_t var_b0h @ r1+0xb0\l; var int32_t var_b4h @ r1+0xb4\l; var int32_t var_b8h @ r1+0xb8\l; var int32_t var_bch @ r1+0xbc\l; var int32_t var_c0h @ r1+0xc0\l; var int32_t var_c4h @ r1+0xc4\l; var int32_t var_c8h @ r1+0xc8\l; var int32_t var_cch @ r1+0xcc\l; arg signed int arg_d0h @ r1+0xd0\l; arg int32_t arg_d4h @ r1+0xd4\l; arg signed int arg2 @ r4\l; arg signed int arg3 @ r5\l; arg signed int arg4 @ r6\l; arg int32_t arg5 @ r7\l0x08000034      stwu r1, -0xd0(r1)                                     ; [01] -r-x section size 1224 named .text\l0x08000038      mflr r0\l0x0800003c      stw r0, 0xd4(r1)\l0x08000040      stw r14, 0x88(r1)\l0x08000044      stw r15, 0x8c(r1)\l0x08000048      stw r16, 0x90(r1)\l0x0800004c      stw r17, 0x94(r1)\l0x08000050      stw r18, 0x98(r1)\l0x08000054      stw r19, 0x9c(r1)\l0x08000058      stw r20, 0xa0(r1)\l0x0800005c      stw r21, 0xa4(r1)\l0x08000060      stw r22, 0xa8(r1)\l0x08000064      stw r23, 0xac(r1)\l0x08000068      stw r24, 0xb0(r1)\l0x0800006c      stw r25, 0xb4(r1)\l0x08000070      stw r26, 0xb8(r1)\l0x08000074      stw r27, 0xbc(r1)\l0x08000078      stw r28, 0xc0(r1)\l0x0800007c      stw r29, 0xc4(r1)\l0x08000080      stw r30, 0xc8(r1)\l0x08000084      stw r31, 0xcc(r1)\l0x08000088      mr r20, r4                                             ; arg2\l0x0800008c      mr r14, r5                                             ; arg3\l0x08000090      mr r21, r7                                             ; arg5\l0x08000094      cmpwi cr7, r6, 1                                       ; arg4\l0x08000098      beq cr7, 0x80000a8\l"]
	"0x0800009c" [URL="sym.x_uptime/0x0800009c", fillcolor="#c19c00",color="#c19c00", fontname="Courier",label="0x0800009c      cmpwi cr7, r6, 2                                       ; arg4\l0x080000a0      bne cr7, 0x80000e0\l"]
	"0x080000a4" [URL="sym.x_uptime/0x080000a4", fillcolor="white",color="#767676", fontname="Courier",label="0x080000a4      b 0x8000100\l"]
	"0x080000a8" [URL="sym.x_uptime/0x080000a8", fillcolor="#c19c00",color="#c19c00", fontname="Courier",label="; CODE XREF from sym.x_uptime @ 0x8000098\l0x080000a8      lwz r3, 0(r7)                                          ; int32_t arg2\l0x080000ac      lis r4, 0\l0x080000b0      addi r4, r4, 0x10                                      ; int32_t arg3\l0x080000b4      bl 0x80000b4\l0x080000b8      li r23, 1\l0x080000bc      cmpwi cr7, r3, 0\l0x080000c0      beq cr7, 0x8000104\l"]
	"0x080000c4" [URL="sym.x_uptime/0x080000c4", fillcolor="#c19c00",color="#c19c00", fontname="Courier",label="0x080000c4      addi r31, r1, 0xc\l0x080000c8      mr r3, r31                                             ; int32_t arg2\l0x080000cc      crclr 6\l0x080000d0      bl 0x80000d0\l0x080000d4      stw r31, 4(r21)\l0x080000d8      li r23, 0\l0x080000dc      b 0x8000104\l"]
	"0x080000e0" [URL="sym.x_uptime/0x080000e0", fillcolor="#c19c00",color="#c19c00", fontname="Courier",label="; CODE XREF from sym.x_uptime @ 0x80000a0\l0x080000e0      mr r3, r5                                              ; int32_t arg2\l0x080000e4      lis r4, 0\l0x080000e8      addi r4, r4, 0x18                                      ; int32_t arg3\l0x080000ec      lwz r5, 0(r7)                                          ; int32_t arg4\l0x080000f0      crclr 6\l0x080000f4      bl 0x80000f4\l0x080000f8      li r3, 0xffff\l0x080000fc      b 0x80004a4\l"]
	"0x08000100" [URL="sym.x_uptime/0x08000100", fillcolor="#c19c00",color="#c19c00", fontname="Courier",label="; CODE XREF from sym.x_uptime @ 0x80000a4\l0x08000100      li r23, 0\l"]
	"0x08000104" [URL="sym.x_uptime/0x08000104", fillcolor="#c19c00",color="#c19c00", fontname="Courier",label="; CODE XREFS from sym.x_uptime @ 0x80000c0, 0x80000dc\l0x08000104      addi r3, r1, 8                                         ; int32_t arg2\l0x08000108      crclr 6\l0x0800010c      bl 0x800010c\l0x08000110      lis r9, 0\l0x08000114      lwz r0, 0x160(r9)\l0x08000118      li r29, 0\l0x0800011c      cmpwi cr7, r0, 0\l0x08000120      ble cr7, 0x800047c\l"]
	"0x08000124" [URL="sym.x_uptime/0x08000124", fillcolor="#c19c00",color="#c19c00", fontname="Courier",label="0x08000124      li r30, 0\l0x08000128      lis r28, 0\l0x0800012c      addi r28, r28, 0\l0x08000130      lis r19, 0\l0x08000134      addi r19, r19, 0x28\l0x08000138      lis r18, 0\l0x0800013c      addi r18, r18, 0x40\l0x08000140      lis r15, 0\l0x08000144      addi r15, r15, 0x4c\l0x08000148      lis r22, 0\l0x0800014c      addi r22, r22, 0x68\l0x08000150      lis r25, 0\l0x08000154      lis r17, 0\l0x08000158      lis r16, 0\l0x0800015c      addi r16, r16, 0x30\l"]
	"0x08000160" [URL="sym.x_uptime/0x08000160", fillcolor="#c19c00",color="#c19c00", fontname="Courier",label="; CODE XREF from sym.x_uptime @ 0x8000478\l0x08000160      mulli r31, r30, 0x2c\l0x08000164      add r31, r31, r28\l0x08000168      cmpwi cr7, r23, 0\l0x0800016c      bne cr7, 0x8000184\l"]
	"0x08000170" [URL="sym.x_uptime/0x08000170", fillcolor="#c19c00",color="#c19c00", fontname="Courier",label="0x08000170      mr r3, r31                                             ; int32_t arg2\l0x08000174      lwz r4, 4(r21)                                         ; int32_t arg3\l0x08000178      bl 0x8000178\l0x0800017c      cmpwi cr7, r3, 0\l0x08000180      bne cr7, 0x800046c\l"]
	"0x08000184" [URL="sym.x_uptime/0x08000184", fillcolor="#c19c00",color="#c19c00", fontname="Courier",label="; CODE XREF from sym.x_uptime @ 0x800016c\l0x08000184      addi r3, r1, 0x2c                                      ; int32_t arg2\l0x08000188      mr r4, r19                                             ; int32_t arg3\l0x0800018c      mr r5, r31                                             ; int32_t arg4\l0x08000190      crclr 6\l0x08000194      bl 0x8000194\l0x08000198      lwz r0, 0x14(r31)\l0x0800019c      lwz r9, 8(r1)\l0x080001a0      subf r0, r0, r9\l0x080001a4      cmpwi cr7, r0, 0xc7\l0x080001a8      crnot 30, 29\l0x080001ac      mfcr r24\l0x080001b0      rlwinm r24, r24, 0x1f, 0x1f, 0x1f\l0x080001b4      bne cr7, 0x8000250\l"]
	"0x080001b8" [URL="sym.x_uptime/0x080001b8", fillcolor="#c19c00",color="#c19c00", fontname="Courier",label="0x080001b8      lwz r9, 0x18(r31)\l0x080001bc      lwz r0, 0x10(r31)\l0x080001c0      subf r9, r0, r9\l0x080001c4      addi r9, r9, 0x3b                                      ; int32_t arg_28h\l0x080001c8      lis r29, 0xc22e\l0x080001cc      ori r29, r29, 0x4507\l0x080001d0      mulhw r29, r9, r29\l0x080001d4      add r29, r29, r9\l0x080001d8      srawi r29, r29, 0x10\l0x080001dc      srawi r0, r9, 0x1f\l0x080001e0      subf r29, r0, r29\l0x080001e4      lis r0, 1\l0x080001e8      ori r0, r0, 0x5180\l0x080001ec      mullw r0, r29, r0\l0x080001f0      subf r0, r0, r9\l0x080001f4      lis r27, 0x91a2\l0x080001f8      ori r27, r27, 0xb3c5\l0x080001fc      mulhw r27, r0, r27\l0x08000200      add r27, r27, r0\l0x08000204      srawi r27, r27, 0xb\l0x08000208      srawi r9, r0, 0x1f\l0x0800020c      subf r27, r9, r27\l0x08000210      mulli r26, r27, 0xe10\l0x08000214      subf r0, r26, r0\l0x08000218      lis r26, 0x8888\l0x0800021c      ori r26, r26, 0x8889\l0x08000220      mulhw r26, r0, r26\l0x08000224      add r26, r26, r0\l0x08000228      srawi r26, r26, 5\l0x0800022c      srawi r0, r0, 0x1f\l0x08000230      subf r26, r0, r26\l0x08000234      addi r3, r1, 0x2c                                      ; int32_t arg2\l0x08000238      bl 0x8000238\l0x0800023c      addi r0, r1, 0x2c\l0x08000240      add r3, r0, r3\l0x08000244      lis r9, 0\l0x08000248      addi r9, r9, 0\l0x0800024c      b 0x80002d4\l"]
	"0x08000250" [URL="sym.x_uptime/0x08000250", fillcolor="#c19c00",color="#c19c00", fontname="Courier",label="; CODE XREF from sym.x_uptime @ 0x80001b4\l0x08000250      lis r29, 0xc22e\l0x08000254      ori r29, r29, 0x4507\l0x08000258      mulhw r29, r0, r29\l0x0800025c      add r29, r29, r0\l0x08000260      srawi r29, r29, 0x10\l0x08000264      srawi r9, r0, 0x1f\l0x08000268      subf r29, r9, r29\l0x0800026c      lis r9, 1\l0x08000270      ori r9, r9, 0x5180\l0x08000274      mullw r9, r29, r9                                      ; int32_t arg_28h\l0x08000278      subf r0, r9, r0\l0x0800027c      lis r27, 0x91a2\l0x08000280      ori r27, r27, 0xb3c5\l0x08000284      mulhw r27, r0, r27\l0x08000288      add r27, r27, r0\l0x0800028c      srawi r27, r27, 0xb\l0x08000290      srawi r9, r0, 0x1f\l0x08000294      subf r27, r9, r27\l0x08000298      mulli r26, r27, 0xe10\l0x0800029c      subf r0, r26, r0\l0x080002a0      lis r26, 0x8888\l0x080002a4      ori r26, r26, 0x8889\l0x080002a8      mulhw r26, r0, r26\l0x080002ac      add r26, r26, r0\l0x080002b0      srawi r26, r26, 5\l0x080002b4      srawi r0, r0, 0x1f\l0x080002b8      subf r26, r0, r26\l0x080002bc      addi r3, r1, 0x2c                                      ; int32_t arg2\l0x080002c0      bl 0x80002c0\l0x080002c4      addi r0, r1, 0x2c\l0x080002c8      add r3, r0, r3\l0x080002cc      lis r9, 0\l0x080002d0      addi r9, r9, 8\l"]
	"0x080002d4" [URL="sym.x_uptime/0x080002d4", fillcolor="#c19c00",color="#c19c00", fontname="Courier",label="; CODE XREF from sym.x_uptime @ 0x800024c\l0x080002d4      lwz r11, 0(r9)\l0x080002d8      lbz r0, 4(r9)\l0x080002dc      stw r11, 0(r3)\l0x080002e0      stb r0, 4(r3)\l0x080002e4      cmpwi cr7, r29, 0\l0x080002e8      ble cr7, 0x8000310\l"]
	"0x080002ec" [URL="sym.x_uptime/0x080002ec", fillcolor="#c19c00",color="#c19c00", fontname="Courier",label="0x080002ec      addi r3, r1, 0x2c                                      ; int32_t arg2\l0x080002f0      bl 0x80002f0\l0x080002f4      addi r0, r1, 0x2c\l0x080002f8      add r3, r0, r3                                         ; int32_t arg2\l0x080002fc      mr r4, r16                                             ; int32_t arg3\l0x08000300      mr r5, r29                                             ; int32_t arg4\l0x08000304      crclr 6\l0x08000308      bl 0x8000308\l0x0800030c      b 0x8000334\l"]
	"0x08000310" [URL="sym.x_uptime/0x08000310", fillcolor="#c19c00",color="#c19c00", fontname="Courier",label="; CODE XREF from sym.x_uptime @ 0x80002e8\l0x08000310      addi r29, r1, 0x2c\l0x08000314      mr r3, r29                                             ; int32_t arg2\l0x08000318      bl 0x8000318\l0x0800031c      add r9, r29, r3\l0x08000320      addi r10, r17, 0x38\l0x08000324      lwz r11, 0x38(r17)\l0x08000328      lhz r0, 4(r10)\l0x0800032c      stwx r11, r29, r3\l0x08000330      sth r0, 4(r9)\l"]
	"0x08000334" [URL="sym.x_uptime/0x08000334", fillcolor="#c19c00",color="#c19c00", fontname="Courier",label="; CODE XREF from sym.x_uptime @ 0x800030c\l0x08000334      addi r3, r1, 0x2c                                      ; int32_t arg2\l0x08000338      bl 0x8000338\l0x0800033c      addi r0, r1, 0x2c\l0x08000340      add r3, r0, r3                                         ; int32_t arg2\l0x08000344      mr r4, r18                                             ; int32_t arg3\l0x08000348      mr r5, r27                                             ; int32_t arg4\l0x0800034c      mr r6, r26                                             ; int32_t arg5\l0x08000350      crclr 6\l0x08000354      bl 0x8000354\l0x08000358      cmpwi cr7, r24, 0\l0x0800035c      bne cr7, 0x8000398\l"]
	"0x08000360" [URL="sym.x_uptime/0x08000360", fillcolor="#c19c00",color="#c19c00", fontname="Courier",label="0x08000360      addi r31, r1, 0x2c\l0x08000364      mr r3, r31                                             ; int32_t arg2\l0x08000368      bl 0x8000368\l0x0800036c      li r0, 0xa00\l0x08000370      sthx r0, r31, r3\l0x08000374      mr r3, r31                                             ; int32_t arg2\l0x08000378      bl 0x8000378\l0x0800037c      mr r5, r3                                              ; int32_t arg4\l0x08000380      mr r3, r20                                             ; int32_t arg2\l0x08000384      mr r4, r31                                             ; int32_t arg3\l0x08000388      crclr 6\l0x0800038c      bl 0x800038c\l0x08000390      li r29, 1\l0x08000394      b 0x800046c\l"]
	"0x08000398" [URL="sym.x_uptime/0x08000398", fillcolor="#c19c00",color="#c19c00", fontname="Courier",label="; CODE XREF from sym.x_uptime @ 0x800035c\l0x08000398      addi r3, r1, 0x2c                                      ; int32_t arg2\l0x0800039c      bl 0x800039c\l0x080003a0      addi r0, r1, 0x2c\l0x080003a4      add r3, r0, r3                                         ; int32_t arg2\l0x080003a8      mr r4, r15                                             ; int32_t arg3\l0x080003ac      lwz r5, 0x28(r31)                                      ; int32_t arg4\l0x080003b0      crclr 6\l0x080003b4      bl 0x80003b4\l0x080003b8      addi r31, r31, 0x18\l0x080003bc      li r29, 0\l0x080003c0      addi r27, r1, 0x2c\l0x080003c4      lis r26, 0x51eb\l0x080003c8      ori r26, r26, 0x851f\l0x080003cc      b 0x80003f8\l"]
	"0x080003d0" [URL="sym.x_uptime/0x080003d0", fillcolor="#c19c00",color="#c19c00", fontname="Courier",label="; CODE XREF from sym.x_uptime @ 0x8000434\l0x080003d0      cmpwi cr7, r29, 0\l0x080003d4      ble cr7, 0x80003f8\l"]
	"0x080003d8" [URL="sym.x_uptime/0x080003d8", fillcolor="#c19c00",color="#c19c00", fontname="Courier",label="0x080003d8      mr r3, r27                                             ; int32_t arg2\l0x080003dc      bl 0x80003dc\l0x080003e0      add r9, r27, r3\l0x080003e4      addi r10, r25, 0x64\l0x080003e8      lhz r11, 0x64(r25)\l0x080003ec      lbz r0, 2(r10)\l0x080003f0      sthx r11, r27, r3\l0x080003f4      stb r0, 2(r9)\l"]
	"0x080003f8" [URL="sym.x_uptime/0x080003f8", fillcolor="#c19c00",color="#c19c00", fontname="Courier",label="; CODE XREFS from sym.x_uptime @ 0x80003cc, 0x80003d4\l0x080003f8      mr r3, r27                                             ; int32_t arg2\l0x080003fc      bl 0x80003fc\l0x08000400      lwzu r0, 4(r31)\l0x08000404      mulhw r5, r0, r26\l0x08000408      srawi r5, r5, 5\l0x0800040c      srawi r9, r0, 0x1f\l0x08000410      subf r5, r9, r5                                        ; int32_t arg4\l0x08000414      mulli r6, r5, 0x64\l0x08000418      add r3, r27, r3                                        ; int32_t arg2\l0x0800041c      mr r4, r22                                             ; int32_t arg3\l0x08000420      subf r6, r6, r0                                        ; int32_t arg5\l0x08000424      crclr 6\l0x08000428      bl 0x8000428\l0x0800042c      cmpwi cr7, r29, 2\l0x08000430      addi r29, r29, 1\l0x08000434      bne cr7, 0x80003d0\l"]
	"0x08000438" [URL="sym.x_uptime/0x08000438", fillcolor="#c19c00",color="#c19c00", fontname="Courier",label="0x08000438      addi r31, r1, 0x2c\l0x0800043c      mr r3, r31                                             ; int32_t arg2\l0x08000440      bl 0x8000440\l0x08000444      li r0, 0xa00\l0x08000448      sthx r0, r31, r3\l0x0800044c      mr r3, r31                                             ; int32_t arg2\l0x08000450      bl 0x8000450\l0x08000454      mr r5, r3                                              ; int32_t arg4\l0x08000458      mr r3, r20                                             ; int32_t arg2\l0x0800045c      mr r4, r31                                             ; int32_t arg3\l0x08000460      crclr 6\l0x08000464      bl 0x8000464\l0x08000468      li r29, 1\l"]
	"0x0800046c" [URL="sym.x_uptime/0x0800046c", fillcolor="#c19c00",color="#c19c00", fontname="Courier",label="; CODE XREFS from sym.x_uptime @ 0x8000180, 0x8000394\l0x0800046c      addi r30, r30, 1\l0x08000470      lwz r0, 0x160(r28)\l0x08000474      cmpw cr7, r0, r30\l0x08000478      bgt cr7, 0x8000160\l"]
	"0x0800047c" [URL="sym.x_uptime/0x0800047c", fillcolor="#c19c00",color="#c19c00", fontname="Courier",label="; CODE XREF from sym.x_uptime @ 0x8000120\l0x0800047c      li r3, 1\l0x08000480      or. r0, r29, r23\l0x08000484      bne 0x80004a4\l"]
	"0x08000488" [URL="sym.x_uptime/0x08000488", fillcolor="#c19c00",color="#c19c00", fontname="Courier",label="0x08000488      mr r3, r14                                             ; int32_t arg2\l0x0800048c      lis r4, 0\l0x08000490      addi r4, r4, 0x74                                      ; int32_t arg3\l0x08000494      lwz r5, 4(r21)                                         ; int32_t arg4\l0x08000498      crclr 6\l0x0800049c      bl 0x800049c\l0x080004a0      li r3, 1\l"]
	"0x080004a4" [URL="sym.x_uptime/0x080004a4", fillcolor="#c19c00",color="#c19c00", fontname="Courier",label="; CODE XREFS from sym.x_uptime @ 0x80000fc, 0x8000484\l0x080004a4      lwz r0, 0xd4(r1)\l0x080004a8      mtlr r0\l0x080004ac      lwz r14, 0x88(r1)\l0x080004b0      lwz r15, 0x8c(r1)\l0x080004b4      lwz r16, 0x90(r1)\l0x080004b8      lwz r17, 0x94(r1)\l0x080004bc      lwz r18, 0x98(r1)\l0x080004c0      lwz r19, 0x9c(r1)\l0x080004c4      lwz r20, 0xa0(r1)\l0x080004c8      lwz r21, 0xa4(r1)\l0x080004cc      lwz r22, 0xa8(r1)\l0x080004d0      lwz r23, 0xac(r1)\l0x080004d4      lwz r24, 0xb0(r1)\l0x080004d8      lwz r25, 0xb4(r1)\l0x080004dc      lwz r26, 0xb8(r1)\l0x080004e0      lwz r27, 0xbc(r1)\l0x080004e4      lwz r28, 0xc0(r1)\l0x080004e8      lwz r29, 0xc4(r1)\l0x080004ec      lwz r30, 0xc8(r1)\l0x080004f0      lwz r31, 0xcc(r1)\l0x080004f4      addi r1, r1, 0xd0\l0x080004f8      blr\l"]
        "0x08000034" -> "0x080000a8" [color="#13a10e"];
        "0x08000034" -> "0x0800009c" [color="#c50f1f"];
        "0x0800009c" -> "0x080000e0" [color="#13a10e"];
        "0x0800009c" -> "0x080000a4" [color="#c50f1f"];
        "0x080000a4" -> "0x08000100" [color="#3a96dd"];
        "0x080000a8" -> "0x08000104" [color="#13a10e"];
        "0x080000a8" -> "0x080000c4" [color="#c50f1f"];
        "0x080000c4" -> "0x08000104" [color="#3a96dd"];
        "0x080000e0" -> "0x080004a4" [color="#3a96dd"];
        "0x08000100" -> "0x08000104" [color="#3a96dd"];
        "0x08000104" -> "0x0800047c" [color="#13a10e"];
        "0x08000104" -> "0x08000124" [color="#c50f1f"];
        "0x08000124" -> "0x08000160" [color="#3a96dd"];
        "0x08000160" -> "0x08000184" [color="#13a10e"];
        "0x08000160" -> "0x08000170" [color="#c50f1f"];
        "0x08000170" -> "0x0800046c" [color="#13a10e"];
        "0x08000170" -> "0x08000184" [color="#c50f1f"];
        "0x08000184" -> "0x08000250" [color="#13a10e"];
        "0x08000184" -> "0x080001b8" [color="#c50f1f"];
        "0x080001b8" -> "0x080002d4" [color="#3a96dd"];
        "0x08000250" -> "0x080002d4" [color="#3a96dd"];
        "0x080002d4" -> "0x08000310" [color="#13a10e"];
        "0x080002d4" -> "0x080002ec" [color="#c50f1f"];
        "0x080002ec" -> "0x08000334" [color="#3a96dd"];
        "0x08000310" -> "0x08000334" [color="#3a96dd"];
        "0x08000334" -> "0x08000398" [color="#13a10e"];
        "0x08000334" -> "0x08000360" [color="#c50f1f"];
        "0x08000360" -> "0x0800046c" [color="#3a96dd"];
        "0x08000398" -> "0x080003f8" [color="#3a96dd"];
        "0x080003d0" -> "0x080003f8" [color="#13a10e"];
        "0x080003d0" -> "0x080003d8" [color="#c50f1f"];
        "0x080003d8" -> "0x080003f8" [color="#3a96dd"];
        "0x080003f8" -> "0x080003d0" [color="#13a10e"];
        "0x080003f8" -> "0x08000438" [color="#c50f1f"];
        "0x08000438" -> "0x0800046c" [color="#3a96dd"];
        "0x0800046c" -> "0x08000160" [color="#13a10e"];
        "0x0800046c" -> "0x0800047c" [color="#c50f1f"];
        "0x0800047c" -> "0x080004a4" [color="#13a10e"];
        "0x0800047c" -> "0x08000488" [color="#c50f1f"];
        "0x08000488" -> "0x080004a4" [color="#3a96dd"];
}
