digraph code {
	graph [bgcolor=azure fontsize=8 fontname="Courier" splines="ortho"];
	node [fillcolor=gray style=filled shape=box];
	edge [arrowhead="normal"];
	"0x0011411f" [URL="sym.arp_dmp/0x0011411f", fillcolor="#c19c00",color="#c19c00", fontname="Courier",label="  ; CALL XREF from sym.xsh_arp @ 0x114110\l519: sym.arp_dmp ();\l; var int32_t var_14h @ ebp-0x14\l; var int32_t var_10h @ ebp-0x10\l; var int32_t var_ch @ ebp-0xc\l; var int32_t var_4h @ ebp-0x4\l0x0011411f      push ebp\l0x00114120      mov ebp, esp\l0x00114122      push ebx\l0x00114123      sub esp, 0x14\l0x00114126      call sym.__x86.get_pc_thunk.bx\l0x0011412b      add ebx, 0xced5\l0x00114131      sub esp, 0xc\l0x00114134      lea eax, [ebx - 0x77bd]\l0x0011413a      push eax\l0x0011413b      call sym.printf                                        ; int printf(const char *format)\l0x00114140      add esp, 0x10\l0x00114143      sub esp, 0xc\l0x00114146      lea eax, [ebx - 0x77b0]\l0x0011414c      push eax\l0x0011414d      call sym.printf                                        ; int printf(const char *format)\l0x00114152      add esp, 0x10\l0x00114155      sub esp, 0xc\l0x00114158      lea eax, [ebx - 0x7780]\l0x0011415e      push eax\l0x0011415f      call sym.printf                                        ; int printf(const char *format)\l0x00114164      add esp, 0x10\l0x00114167      mov dword [var_ch], 0\l0x0011416e      jmp 0x114304\l"]
	"0x00114173" [URL="sym.arp_dmp/0x00114173", fillcolor="#c19c00",color="#c19c00", fontname="Courier",label="; CODE XREF from sym.arp_dmp @ 0x114308\l0x00114173      mov edx, dword [var_ch]\l0x00114176      mov eax, edx\l0x00114178      shl eax, 2\l0x0011417b      add eax, edx\l0x0011417d      shl eax, 2\l0x00114180      mov edx, obj.arpcache                                  ; 0x13fe20\l0x00114186      add eax, edx\l0x00114188      mov dword [var_14h], eax\l0x0011418b      mov eax, dword [var_14h]\l0x0011418e      mov eax, dword [eax]\l0x00114190      test eax, eax\l0x00114192      je 0x114300\l"]
	"0x00114198" [URL="sym.arp_dmp/0x00114198", fillcolor="#c19c00",color="#c19c00", fontname="Courier",label="0x00114198      mov eax, dword [var_14h]\l0x0011419b      mov eax, dword [eax]\l0x0011419d      cmp eax, 1                                             ; 1\l0x001141a0      je 0x1141a9\l"]
	"0x001141a2" [URL="sym.arp_dmp/0x001141a2", fillcolor="#c19c00",color="#c19c00", fontname="Courier",label="0x001141a2      cmp eax, 2                                             ; 2\l0x001141a5      je 0x1141bd\l"]
	"0x001141a7" [URL="sym.arp_dmp/0x001141a7", fillcolor="#c19c00",color="#c19c00", fontname="Courier",label="0x001141a7      jmp 0x1141d1\l"]
	"0x001141a9" [URL="sym.arp_dmp/0x001141a9", fillcolor="#c19c00",color="#c19c00", fontname="Courier",label="; CODE XREF from sym.arp_dmp @ 0x1141a0\l0x001141a9      sub esp, 0xc\l0x001141ac      lea eax, [ebx - 0x7750]\l0x001141b2      push eax\l0x001141b3      call sym.printf                                        ; int printf(const char *format)\l0x001141b8      add esp, 0x10\l0x001141bb      jmp 0x1141e4\l"]
	"0x001141bd" [URL="sym.arp_dmp/0x001141bd", fillcolor="#c19c00",color="#c19c00", fontname="Courier",label="; CODE XREF from sym.arp_dmp @ 0x1141a5\l0x001141bd      sub esp, 0xc\l0x001141c0      lea eax, [ebx - 0x7747]\l0x001141c6      push eax\l0x001141c7      call sym.printf                                        ; int printf(const char *format)\l0x001141cc      add esp, 0x10\l0x001141cf      jmp 0x1141e4\l"]
	"0x001141d1" [URL="sym.arp_dmp/0x001141d1", fillcolor="#c19c00",color="#c19c00", fontname="Courier",label="; CODE XREF from sym.arp_dmp @ 0x1141a7\l0x001141d1      sub esp, 0xc\l0x001141d4      lea eax, [ebx - 0x773e]\l0x001141da      push eax\l0x001141db      call sym.printf                                        ; int printf(const char *format)\l0x001141e0      add esp, 0x10\l0x001141e3      nop\l"]
	"0x001141e4" [URL="sym.arp_dmp/0x001141e4", fillcolor="#c19c00",color="#c19c00", fontname="Courier",label="; CODE XREFS from sym.arp_dmp @ 0x1141bb, 0x1141cf\l0x001141e4      mov eax, dword [var_14h]\l0x001141e7      mov eax, dword [eax]\l0x001141e9      cmp eax, 1                                             ; 1\l0x001141ec      jne 0x114209\l"]
	"0x001141ee" [URL="sym.arp_dmp/0x001141ee", fillcolor="#c19c00",color="#c19c00", fontname="Courier",label="0x001141ee      mov eax, dword [var_14h]\l0x001141f1      mov eax, dword [eax + 8]\l0x001141f4      sub esp, 8\l0x001141f7      push eax\l0x001141f8      lea eax, [ebx - 0x7735]\l0x001141fe      push eax\l0x001141ff      call sym.printf                                        ; int printf(const char *format)\l0x00114204      add esp, 0x10\l0x00114207      jmp 0x11421b\l"]
	"0x00114209" [URL="sym.arp_dmp/0x00114209", fillcolor="#c19c00",color="#c19c00", fontname="Courier",label="; CODE XREF from sym.arp_dmp @ 0x1141ec\l0x00114209      sub esp, 0xc\l0x0011420c      lea eax, [ebx - 0x7730]\l0x00114212      push eax\l0x00114213      call sym.printf                                        ; int printf(const char *format)\l0x00114218      add esp, 0x10\l"]
	"0x0011421b" [URL="sym.arp_dmp/0x0011421b", fillcolor="#c19c00",color="#c19c00", fontname="Courier",label="; CODE XREF from sym.arp_dmp @ 0x114207\l0x0011421b      mov eax, dword [var_14h]\l0x0011421e      mov eax, dword [eax + 4]\l0x00114221      shr eax, 0x18\l0x00114224      sub esp, 8\l0x00114227      push eax\l0x00114228      lea eax, [ebx - 0x772a]\l0x0011422e      push eax\l0x0011422f      call sym.printf                                        ; int printf(const char *format)\l0x00114234      add esp, 0x10\l0x00114237      mov eax, dword [var_14h]\l0x0011423a      mov eax, dword [eax + 4]\l0x0011423d      shr eax, 0x10\l0x00114240      and eax, 0xff                                          ; 255\l0x00114245      sub esp, 8\l0x00114248      push eax\l0x00114249      lea eax, [ebx - 0x772a]\l0x0011424f      push eax\l0x00114250      call sym.printf                                        ; int printf(const char *format)\l0x00114255      add esp, 0x10\l0x00114258      mov eax, dword [var_14h]\l0x0011425b      mov eax, dword [eax + 4]\l0x0011425e      shr eax, 8\l0x00114261      and eax, 0xff                                          ; 255\l0x00114266      sub esp, 8\l0x00114269      push eax\l0x0011426a      lea eax, [ebx - 0x772a]\l0x00114270      push eax\l0x00114271      call sym.printf                                        ; int printf(const char *format)\l0x00114276      add esp, 0x10\l0x00114279      mov eax, dword [var_14h]\l0x0011427c      mov eax, dword [eax + 4]\l0x0011427f      and eax, 0xff                                          ; 255\l0x00114284      sub esp, 8\l0x00114287      push eax\l0x00114288      lea eax, [ebx - 0x7725]\l0x0011428e      push eax\l0x0011428f      call sym.printf                                        ; int printf(const char *format)\l0x00114294      add esp, 0x10\l0x00114297      mov eax, dword [var_14h]\l0x0011429a      mov al, byte [eax + 0xc]\l0x0011429d      and eax, 0xff                                          ; 255\l0x001142a2      sub esp, 8\l0x001142a5      push eax\l0x001142a6      lea eax, [ebx - 0x7721]\l0x001142ac      push eax\l0x001142ad      call sym.printf                                        ; int printf(const char *format)\l0x001142b2      add esp, 0x10\l0x001142b5      mov dword [var_10h], 1\l0x001142bc      jmp 0x1142e6\l"]
	"0x001142be" [URL="sym.arp_dmp/0x001142be", fillcolor="#c19c00",color="#c19c00", fontname="Courier",label="; CODE XREF from sym.arp_dmp @ 0x1142ea\l0x001142be      mov edx, dword [var_14h]\l0x001142c1      mov eax, dword [var_10h]\l0x001142c4      add eax, edx\l0x001142c6      add eax, 0xc                                           ; 12\l0x001142c9      mov al, byte [eax]\l0x001142cb      and eax, 0xff                                          ; 255\l0x001142d0      sub esp, 8\l0x001142d3      push eax\l0x001142d4      lea eax, [ebx - 0x771b]\l0x001142da      push eax\l0x001142db      call sym.printf                                        ; int printf(const char *format)\l0x001142e0      add esp, 0x10\l0x001142e3      inc dword [var_10h]\l"]
	"0x001142e6" [URL="sym.arp_dmp/0x001142e6", fillcolor="#c19c00",color="#c19c00", fontname="Courier",label="; CODE XREF from sym.arp_dmp @ 0x1142bc\l0x001142e6      cmp dword [var_10h], 5\l0x001142ea      jle 0x1142be\l"]
	"0x001142ec" [URL="sym.arp_dmp/0x001142ec", fillcolor="#c19c00",color="#c19c00", fontname="Courier",label="0x001142ec      sub esp, 0xc\l0x001142ef      lea eax, [ebx - 0x77bf]\l0x001142f5      push eax\l0x001142f6      call sym.printf                                        ; int printf(const char *format)\l0x001142fb      add esp, 0x10\l0x001142fe      jmp 0x114301\l"]
	"0x00114300" [URL="sym.arp_dmp/0x00114300", fillcolor="#c19c00",color="#c19c00", fontname="Courier",label="; CODE XREF from sym.arp_dmp @ 0x114192\l0x00114300      nop\l"]
	"0x00114301" [URL="sym.arp_dmp/0x00114301", fillcolor="#c19c00",color="#c19c00", fontname="Courier",label="; CODE XREF from sym.arp_dmp @ 0x1142fe\l0x00114301      inc dword [var_ch]\l"]
	"0x00114304" [URL="sym.arp_dmp/0x00114304", fillcolor="#c19c00",color="#c19c00", fontname="Courier",label="; CODE XREF from sym.arp_dmp @ 0x11416e\l0x00114304      cmp dword [var_ch], 0xf\l0x00114308      jle 0x114173\l"]
	"0x0011430e" [URL="sym.arp_dmp/0x0011430e", fillcolor="#c19c00",color="#c19c00", fontname="Courier",label="0x0011430e      sub esp, 0xc\l0x00114311      lea eax, [ebx - 0x77bf]\l0x00114317      push eax\l0x00114318      call sym.printf                                        ; int printf(const char *format)\l0x0011431d      add esp, 0x10\l0x00114320      nop\l0x00114321      mov ebx, dword [var_4h]\l0x00114324      leave\l0x00114325      ret\l"]
        "0x0011411f" -> "0x00114304" [color="#0037da"];
        "0x00114173" -> "0x00114300" [color="#13a10e"];
        "0x00114173" -> "0x00114198" [color="#c50f1f"];
        "0x00114198" -> "0x001141a9" [color="#13a10e"];
        "0x00114198" -> "0x001141a2" [color="#c50f1f"];
        "0x001141a2" -> "0x001141bd" [color="#13a10e"];
        "0x001141a2" -> "0x001141a7" [color="#c50f1f"];
        "0x001141a7" -> "0x001141d1" [color="#0037da"];
        "0x001141a9" -> "0x001141e4" [color="#0037da"];
        "0x001141bd" -> "0x001141e4" [color="#0037da"];
        "0x001141d1" -> "0x001141e4" [color="#0037da"];
        "0x001141e4" -> "0x00114209" [color="#13a10e"];
        "0x001141e4" -> "0x001141ee" [color="#c50f1f"];
        "0x001141ee" -> "0x0011421b" [color="#0037da"];
        "0x00114209" -> "0x0011421b" [color="#0037da"];
        "0x0011421b" -> "0x001142e6" [color="#0037da"];
        "0x001142be" -> "0x001142e6" [color="#0037da"];
        "0x001142e6" -> "0x001142be" [color="#13a10e"];
        "0x001142e6" -> "0x001142ec" [color="#c50f1f"];
        "0x001142ec" -> "0x00114301" [color="#0037da"];
        "0x00114300" -> "0x00114301" [color="#0037da"];
        "0x00114301" -> "0x00114304" [color="#0037da"];
        "0x00114304" -> "0x00114173" [color="#13a10e"];
        "0x00114304" -> "0x0011430e" [color="#c50f1f"];
}
