digraph code {
	graph [bgcolor=azure fontsize=8 fontname="Courier" splines="ortho"];
	node [fillcolor=gray style=filled shape=box];
	edge [arrowhead="normal"];
	"0x001059a4" [URL="sym.atoi/0x001059a4", fillcolor="#c19c00",color="#c19c00", fontname="Courier",label="  ; CALL XREF from sym.xsh_udpecho @ 0x117132\l143: int sym.atoi (const char *str);\l; var int32_t var_8h @ ebp-0x8\l; var int32_t var_4h @ ebp-0x4\l; arg int32_t arg_8h @ ebp+0x8\l0x001059a4      push ebp\l0x001059a5      mov ebp, esp\l0x001059a7      sub esp, 0x10\l0x001059aa      mov dword [var_4h], 0\l0x001059b1      mov dword [var_8h], 0\l"]
	"0x001059b8" [URL="sym.atoi/0x001059b8", fillcolor="#c19c00",color="#c19c00", fontname="Courier",label="; CODE XREF from sym.atoi @ 0x1059e0\l0x001059b8      mov eax, dword [arg_8h]\l0x001059bb      mov al, byte [eax]\l0x001059bd      movsx eax, al\l0x001059c0      cmp eax, 0x20                                          ; loc.EOI\l0x001059c3      je 0x1059dd\l"]
	"0x001059c5" [URL="sym.atoi/0x001059c5", fillcolor="#c19c00",color="#c19c00", fontname="Courier",label="0x001059c5      cmp eax, 0x20                                          ; loc.EOI\l0x001059c8      jg 0x1059d1\l"]
	"0x001059ca" [URL="sym.atoi/0x001059ca", fillcolor="#c19c00",color="#c19c00", fontname="Courier",label="0x001059ca      cmp eax, 9                                             ; 9\l0x001059cd      je 0x1059dd\l"]
	"0x001059cf" [URL="sym.atoi/0x001059cf", fillcolor="#c19c00",color="#c19c00", fontname="Courier",label="0x001059cf      jmp 0x1059e8\l"]
	"0x001059d1" [URL="sym.atoi/0x001059d1", fillcolor="#c19c00",color="#c19c00", fontname="Courier",label="; CODE XREF from sym.atoi @ 0x1059c8\l0x001059d1      cmp eax, 0x2b                                          ; 43\l0x001059d4      je 0x1059e5\l"]
	"0x001059d6" [URL="sym.atoi/0x001059d6", fillcolor="#c19c00",color="#c19c00", fontname="Courier",label="0x001059d6      cmp eax, 0x2d                                          ; 45\l0x001059d9      je 0x1059e2\l"]
	"0x001059db" [URL="sym.atoi/0x001059db", fillcolor="#c19c00",color="#c19c00", fontname="Courier",label="0x001059db      jmp 0x1059e8\l"]
	"0x001059dd" [URL="sym.atoi/0x001059dd", fillcolor="#c19c00",color="#c19c00", fontname="Courier",label="; CODE XREFS from sym.atoi @ 0x1059c3, 0x1059cd\l0x001059dd      inc dword [arg_8h]\l0x001059e0      jmp 0x1059b8\l"]
	"0x001059e2" [URL="sym.atoi/0x001059e2", fillcolor="#c19c00",color="#c19c00", fontname="Courier",label="; CODE XREF from sym.atoi @ 0x1059d9\l0x001059e2      inc dword [var_8h]\l"]
	"0x001059e5" [URL="sym.atoi/0x001059e5", fillcolor="#c19c00",color="#c19c00", fontname="Courier",label="; CODE XREF from sym.atoi @ 0x1059d4\l0x001059e5      inc dword [arg_8h]\l"]
	"0x001059e8" [URL="sym.atoi/0x001059e8", fillcolor="#c19c00",color="#c19c00", fontname="Courier",label="; CODE XREFS from sym.atoi @ 0x1059cf, 0x1059db\l0x001059e8      nop\l0x001059e9      jmp 0x105a0f\l"]
	"0x001059eb" [URL="sym.atoi/0x001059eb", fillcolor="#c19c00",color="#c19c00", fontname="Courier",label="; CODE XREF from sym.atoi @ 0x105a1f\l0x001059eb      mov edx, dword [var_4h]\l0x001059ee      mov eax, edx\l0x001059f0      shl eax, 2\l0x001059f3      add eax, edx\l0x001059f5      add eax, eax\l0x001059f7      mov ecx, eax\l0x001059f9      mov eax, dword [arg_8h]\l0x001059fc      lea edx, [eax + 1]\l0x001059ff      mov dword [arg_8h], edx\l0x00105a02      mov al, byte [eax]\l0x00105a04      movsx eax, al\l0x00105a07      add eax, ecx\l0x00105a09      sub eax, 0x30                                          ; 48\l0x00105a0c      mov dword [var_4h], eax\l"]
	"0x00105a0f" [URL="sym.atoi/0x00105a0f", fillcolor="#c19c00",color="#c19c00", fontname="Courier",label="; CODE XREF from sym.atoi @ 0x1059e9\l0x00105a0f      mov eax, dword [arg_8h]\l0x00105a12      mov al, byte [eax]\l0x00105a14      cmp al, 0x2f                                           ; 47\l0x00105a16      jle 0x105a21\l"]
	"0x00105a18" [URL="sym.atoi/0x00105a18", fillcolor="#c19c00",color="#c19c00", fontname="Courier",label="0x00105a18      mov eax, dword [arg_8h]\l0x00105a1b      mov al, byte [eax]\l0x00105a1d      cmp al, 0x39                                           ; 57\l0x00105a1f      jle 0x1059eb\l"]
	"0x00105a21" [URL="sym.atoi/0x00105a21", fillcolor="#c19c00",color="#c19c00", fontname="Courier",label="; CODE XREF from sym.atoi @ 0x105a16\l0x00105a21      cmp dword [var_8h], 0\l0x00105a25      je 0x105a2e\l"]
	"0x00105a27" [URL="sym.atoi/0x00105a27", fillcolor="#c19c00",color="#c19c00", fontname="Courier",label="0x00105a27      mov eax, dword [var_4h]\l0x00105a2a      neg eax\l0x00105a2c      jmp 0x105a31\l"]
	"0x00105a2e" [URL="sym.atoi/0x00105a2e", fillcolor="#c19c00",color="#c19c00", fontname="Courier",label="; CODE XREF from sym.atoi @ 0x105a25\l0x00105a2e      mov eax, dword [var_4h]\l"]
	"0x00105a31" [URL="sym.atoi/0x00105a31", fillcolor="#c19c00",color="#c19c00", fontname="Courier",label="; CODE XREF from sym.atoi @ 0x105a2c\l0x00105a31      leave\l0x00105a32      ret\l"]
        "0x001059a4" -> "0x001059b8" [color="#0037da"];
        "0x001059b8" -> "0x001059dd" [color="#13a10e"];
        "0x001059b8" -> "0x001059c5" [color="#c50f1f"];
        "0x001059c5" -> "0x001059d1" [color="#13a10e"];
        "0x001059c5" -> "0x001059ca" [color="#c50f1f"];
        "0x001059ca" -> "0x001059dd" [color="#13a10e"];
        "0x001059ca" -> "0x001059cf" [color="#c50f1f"];
        "0x001059cf" -> "0x001059e8" [color="#0037da"];
        "0x001059d1" -> "0x001059e5" [color="#13a10e"];
        "0x001059d1" -> "0x001059d6" [color="#c50f1f"];
        "0x001059d6" -> "0x001059e2" [color="#13a10e"];
        "0x001059d6" -> "0x001059db" [color="#c50f1f"];
        "0x001059db" -> "0x001059e8" [color="#0037da"];
        "0x001059dd" -> "0x001059b8" [color="#0037da"];
        "0x001059e2" -> "0x001059e5" [color="#0037da"];
        "0x001059e5" -> "0x001059e8" [color="#0037da"];
        "0x001059e8" -> "0x00105a0f" [color="#0037da"];
        "0x001059eb" -> "0x00105a0f" [color="#0037da"];
        "0x00105a0f" -> "0x00105a21" [color="#13a10e"];
        "0x00105a0f" -> "0x00105a18" [color="#c50f1f"];
        "0x00105a18" -> "0x001059eb" [color="#13a10e"];
        "0x00105a18" -> "0x00105a21" [color="#c50f1f"];
        "0x00105a21" -> "0x00105a2e" [color="#13a10e"];
        "0x00105a21" -> "0x00105a27" [color="#c50f1f"];
        "0x00105a27" -> "0x00105a31" [color="#0037da"];
        "0x00105a2e" -> "0x00105a31" [color="#0037da"];
}
