digraph code {
	graph [bgcolor=azure fontsize=8 fontname="Courier" splines="ortho"];
	node [fillcolor=gray style=filled shape=box];
	edge [arrowhead="normal"];
	"0x00105a33" [URL="sym.atol/0x00105a33", fillcolor="#c19c00",color="#c19c00", fontname="Courier",label="143: long sym.atol (const char *str);\l; var int32_t var_8h @ ebp-0x8\l; var int32_t var_4h @ ebp-0x4\l; arg int32_t arg_8h @ ebp+0x8\l0x00105a33      push ebp\l0x00105a34      mov ebp, esp\l0x00105a36      sub esp, 0x10\l0x00105a39      mov dword [var_4h], 0\l0x00105a40      mov dword [var_8h], 0\l"]
	"0x00105a47" [URL="sym.atol/0x00105a47", fillcolor="#c19c00",color="#c19c00", fontname="Courier",label="; CODE XREF from sym.atol @ 0x105a6f\l0x00105a47      mov eax, dword [arg_8h]\l0x00105a4a      mov al, byte [eax]\l0x00105a4c      movsx eax, al\l0x00105a4f      cmp eax, 0x20                                          ; loc.EOI\l0x00105a52      je 0x105a6c\l"]
	"0x00105a54" [URL="sym.atol/0x00105a54", fillcolor="#c19c00",color="#c19c00", fontname="Courier",label="0x00105a54      cmp eax, 0x20                                          ; loc.EOI\l0x00105a57      jg 0x105a60\l"]
	"0x00105a59" [URL="sym.atol/0x00105a59", fillcolor="#c19c00",color="#c19c00", fontname="Courier",label="0x00105a59      cmp eax, 9                                             ; 9\l0x00105a5c      je 0x105a6c\l"]
	"0x00105a5e" [URL="sym.atol/0x00105a5e", fillcolor="#c19c00",color="#c19c00", fontname="Courier",label="0x00105a5e      jmp 0x105a77\l"]
	"0x00105a60" [URL="sym.atol/0x00105a60", fillcolor="#c19c00",color="#c19c00", fontname="Courier",label="; CODE XREF from sym.atol @ 0x105a57\l0x00105a60      cmp eax, 0x2b                                          ; 43\l0x00105a63      je 0x105a74\l"]
	"0x00105a65" [URL="sym.atol/0x00105a65", fillcolor="#c19c00",color="#c19c00", fontname="Courier",label="0x00105a65      cmp eax, 0x2d                                          ; 45\l0x00105a68      je 0x105a71\l"]
	"0x00105a6a" [URL="sym.atol/0x00105a6a", fillcolor="#c19c00",color="#c19c00", fontname="Courier",label="0x00105a6a      jmp 0x105a77\l"]
	"0x00105a6c" [URL="sym.atol/0x00105a6c", fillcolor="#c19c00",color="#c19c00", fontname="Courier",label="; CODE XREFS from sym.atol @ 0x105a52, 0x105a5c\l0x00105a6c      inc dword [arg_8h]\l0x00105a6f      jmp 0x105a47\l"]
	"0x00105a71" [URL="sym.atol/0x00105a71", fillcolor="#c19c00",color="#c19c00", fontname="Courier",label="; CODE XREF from sym.atol @ 0x105a68\l0x00105a71      inc dword [var_8h]\l"]
	"0x00105a74" [URL="sym.atol/0x00105a74", fillcolor="#c19c00",color="#c19c00", fontname="Courier",label="; CODE XREF from sym.atol @ 0x105a63\l0x00105a74      inc dword [arg_8h]\l"]
	"0x00105a77" [URL="sym.atol/0x00105a77", fillcolor="#c19c00",color="#c19c00", fontname="Courier",label="; CODE XREFS from sym.atol @ 0x105a5e, 0x105a6a\l0x00105a77      nop\l0x00105a78      jmp 0x105a9e\l"]
	"0x00105a7a" [URL="sym.atol/0x00105a7a", fillcolor="#c19c00",color="#c19c00", fontname="Courier",label="; CODE XREF from sym.atol @ 0x105aae\l0x00105a7a      mov edx, dword [var_4h]\l0x00105a7d      mov eax, edx\l0x00105a7f      shl eax, 2\l0x00105a82      add eax, edx\l0x00105a84      add eax, eax\l0x00105a86      mov ecx, eax\l0x00105a88      mov eax, dword [arg_8h]\l0x00105a8b      lea edx, [eax + 1]\l0x00105a8e      mov dword [arg_8h], edx\l0x00105a91      mov al, byte [eax]\l0x00105a93      movsx eax, al\l0x00105a96      add eax, ecx\l0x00105a98      sub eax, 0x30                                          ; 48\l0x00105a9b      mov dword [var_4h], eax\l"]
	"0x00105a9e" [URL="sym.atol/0x00105a9e", fillcolor="#c19c00",color="#c19c00", fontname="Courier",label="; CODE XREF from sym.atol @ 0x105a78\l0x00105a9e      mov eax, dword [arg_8h]\l0x00105aa1      mov al, byte [eax]\l0x00105aa3      cmp al, 0x2f                                           ; 47\l0x00105aa5      jle 0x105ab0\l"]
	"0x00105aa7" [URL="sym.atol/0x00105aa7", fillcolor="#c19c00",color="#c19c00", fontname="Courier",label="0x00105aa7      mov eax, dword [arg_8h]\l0x00105aaa      mov al, byte [eax]\l0x00105aac      cmp al, 0x39                                           ; 57\l0x00105aae      jle 0x105a7a\l"]
	"0x00105ab0" [URL="sym.atol/0x00105ab0", fillcolor="#c19c00",color="#c19c00", fontname="Courier",label="; CODE XREF from sym.atol @ 0x105aa5\l0x00105ab0      cmp dword [var_8h], 0\l0x00105ab4      je 0x105abd\l"]
	"0x00105ab6" [URL="sym.atol/0x00105ab6", fillcolor="#c19c00",color="#c19c00", fontname="Courier",label="0x00105ab6      mov eax, dword [var_4h]\l0x00105ab9      neg eax\l0x00105abb      jmp 0x105ac0\l"]
	"0x00105abd" [URL="sym.atol/0x00105abd", fillcolor="#c19c00",color="#c19c00", fontname="Courier",label="; CODE XREF from sym.atol @ 0x105ab4\l0x00105abd      mov eax, dword [var_4h]\l"]
	"0x00105ac0" [URL="sym.atol/0x00105ac0", fillcolor="#c19c00",color="#c19c00", fontname="Courier",label="; CODE XREF from sym.atol @ 0x105abb\l0x00105ac0      leave\l0x00105ac1      ret\l"]
        "0x00105a33" -> "0x00105a47" [color="#0037da"];
        "0x00105a47" -> "0x00105a6c" [color="#13a10e"];
        "0x00105a47" -> "0x00105a54" [color="#c50f1f"];
        "0x00105a54" -> "0x00105a60" [color="#13a10e"];
        "0x00105a54" -> "0x00105a59" [color="#c50f1f"];
        "0x00105a59" -> "0x00105a6c" [color="#13a10e"];
        "0x00105a59" -> "0x00105a5e" [color="#c50f1f"];
        "0x00105a5e" -> "0x00105a77" [color="#0037da"];
        "0x00105a60" -> "0x00105a74" [color="#13a10e"];
        "0x00105a60" -> "0x00105a65" [color="#c50f1f"];
        "0x00105a65" -> "0x00105a71" [color="#13a10e"];
        "0x00105a65" -> "0x00105a6a" [color="#c50f1f"];
        "0x00105a6a" -> "0x00105a77" [color="#0037da"];
        "0x00105a6c" -> "0x00105a47" [color="#0037da"];
        "0x00105a71" -> "0x00105a74" [color="#0037da"];
        "0x00105a74" -> "0x00105a77" [color="#0037da"];
        "0x00105a77" -> "0x00105a9e" [color="#0037da"];
        "0x00105a7a" -> "0x00105a9e" [color="#0037da"];
        "0x00105a9e" -> "0x00105ab0" [color="#13a10e"];
        "0x00105a9e" -> "0x00105aa7" [color="#c50f1f"];
        "0x00105aa7" -> "0x00105a7a" [color="#13a10e"];
        "0x00105aa7" -> "0x00105ab0" [color="#c50f1f"];
        "0x00105ab0" -> "0x00105abd" [color="#13a10e"];
        "0x00105ab0" -> "0x00105ab6" [color="#c50f1f"];
        "0x00105ab6" -> "0x00105ac0" [color="#0037da"];
        "0x00105abd" -> "0x00105ac0" [color="#0037da"];
}
