digraph code {
	graph [bgcolor=azure fontsize=8 fontname="Courier" splines="ortho"];
	node [fillcolor=gray style=filled shape=box];
	edge [arrowhead="normal"];
	"0x0010ec20" [URL="sym.dnslookup/0x0010ec20", fillcolor="#c19c00",color="#c19c00", fontname="Courier",label="  ; CALL XREF from sym.xsh_ping @ 0x11641e\l422: sym.dnslookup (int32_t arg_8h);\l; var int32_t var_424h @ ebp-0x424\l; var int32_t var_224h @ ebp-0x224\l; var int32_t var_222h @ ebp-0x222\l; var int32_t var_220h @ ebp-0x220\l; var int32_t var_24h @ ebp-0x24\l; var int32_t var_20h @ ebp-0x20\l; var int32_t var_1ch @ ebp-0x1c\l; var int32_t var_18h @ ebp-0x18\l; var int32_t var_14h @ ebp-0x14\l; var int32_t var_10h @ ebp-0x10\l; var int32_t var_ch @ ebp-0xc\l; var int32_t var_4h @ ebp-0x4\l; arg int32_t arg_8h @ ebp+0x8\l0x0010ec20      push ebp\l0x0010ec21      mov ebp, esp\l0x0010ec23      push ebx\l0x0010ec24      sub esp, 0x424\l0x0010ec2a      call sym.__x86.get_pc_thunk.bx\l0x0010ec2f      add ebx, 0x123d1\l0x0010ec35      cmp dword [arg_8h], 0\l0x0010ec39      jne 0x10ec45\l"]
	"0x0010ec3b" [URL="sym.dnslookup/0x0010ec3b", fillcolor="#c19c00",color="#c19c00", fontname="Courier",label="0x0010ec3b      mov eax, 0xffffffff                                    ; -1\l0x0010ec40      jmp 0x10edc1\l"]
	"0x0010ec45" [URL="sym.dnslookup/0x0010ec45", fillcolor="#c19c00",color="#c19c00", fontname="Courier",label="; CODE XREF from sym.dnslookup @ 0x10ec39\l0x0010ec45      call sym.getlocalip\l0x0010ec4a      mov dword [var_14h], eax\l0x0010ec4d      mov eax, obj.NetData                                   ; 0x140200\l0x0010ec53      mov eax, dword [eax + 0x18]\l0x0010ec56      mov dword [var_18h], eax\l0x0010ec59      cmp dword [var_14h], 0xffffffff\l0x0010ec5d      je 0x10ec6c\l"]
	"0x0010ec5f" [URL="sym.dnslookup/0x0010ec5f", fillcolor="#c19c00",color="#c19c00", fontname="Courier",label="0x0010ec5f      mov eax, obj.NetData                                   ; 0x140200\l0x0010ec65      mov eax, dword [eax + 0x18]\l0x0010ec68      test eax, eax\l0x0010ec6a      jne 0x10ec88\l"]
	"0x0010ec6c" [URL="sym.dnslookup/0x0010ec6c", fillcolor="#c19c00",color="#c19c00", fontname="Courier",label="; CODE XREF from sym.dnslookup @ 0x10ec5d\l0x0010ec6c      sub esp, 0xc\l0x0010ec6f      lea eax, [ebx - 0x8075]\l0x0010ec75      push eax\l0x0010ec76      call sym.kprintf\l0x0010ec7b      add esp, 0x10\l0x0010ec7e      mov eax, 0xffffffff                                    ; -1\l0x0010ec83      jmp 0x10edc1\l"]
	"0x0010ec88" [URL="sym.dnslookup/0x0010ec88", fillcolor="#c19c00",color="#c19c00", fontname="Courier",label="; CODE XREF from sym.dnslookup @ 0x10ec6a\l0x0010ec88      sub esp, 4\l0x0010ec8b      push 0xc945\l0x0010ec90      push 0x35                                              ; '5' ; 53\l0x0010ec92      push dword [var_18h]\l0x0010ec95      call sym.udp_register\l0x0010ec9a      add esp, 0x10\l0x0010ec9d      mov dword [var_1ch], eax\l0x0010eca0      cmp dword [var_1ch], 0xffffffff\l0x0010eca4      jne 0x10ecb0\l"]
	"0x0010eca6" [URL="sym.dnslookup/0x0010eca6", fillcolor="#c19c00",color="#c19c00", fontname="Courier",label="0x0010eca6      mov eax, 0xffffffff                                    ; -1\l0x0010ecab      jmp 0x10edc1\l"]
	"0x0010ecb0" [URL="sym.dnslookup/0x0010ecb0", fillcolor="#c19c00",color="#c19c00", fontname="Courier",label="; CODE XREF from sym.dnslookup @ 0x10eca4\l0x0010ecb0      sub esp, 4\l0x0010ecb3      push 0x200                                             ; 512\l0x0010ecb8      push 0\l0x0010ecba      lea eax, [var_224h]\l0x0010ecc0      push eax\l0x0010ecc1      call sym.memset                                        ; void *memset(void *s, int c, size_t n)\l0x0010ecc6      add esp, 0x10\l0x0010ecc9      mov eax, obj.currpid                                   ; 0x1212c0\l0x0010eccf      mov eax, dword [eax]\l0x0010ecd1      mov word [var_224h], ax\l0x0010ecd8      mov al, byte [var_222h]\l0x0010ecde      or eax, 1\l0x0010ece1      mov byte [var_222h], al\l0x0010ece7      mov word [var_220h], 0x100                             ; 256\l0x0010ecf0      sub esp, 8\l0x0010ecf3      lea eax, [var_224h]\l0x0010ecf9      add eax, 0xc                                           ; 12\l0x0010ecfc      push eax\l0x0010ecfd      push dword [arg_8h]\l0x0010ed00      call sym.dns_bldq\l0x0010ed05      add esp, 0x10\l0x0010ed08      mov dword [var_20h], eax\l0x0010ed0b      mov dword [var_ch], 0xffffffff                         ; -1\l0x0010ed12      mov dword [var_10h], 0\l0x0010ed19      jmp 0x10ed7d\l"]
	"0x0010ed1b" [URL="sym.dnslookup/0x0010ed1b", fillcolor="#c19c00",color="#c19c00", fontname="Courier",label="; CODE XREF from sym.dnslookup @ 0x10ed87\l0x0010ed1b      mov eax, dword [var_20h]\l0x0010ed1e      sub esp, 4\l0x0010ed21      push eax\l0x0010ed22      lea eax, [var_224h]\l0x0010ed28      push eax\l0x0010ed29      push dword [var_1ch]\l0x0010ed2c      call sym.udp_send\l0x0010ed31      add esp, 0x10\l0x0010ed34      push 0xbb8                                             ; 3000\l0x0010ed39      push 0x200                                             ; 512\l0x0010ed3e      lea eax, [var_424h]\l0x0010ed44      push eax\l0x0010ed45      push dword [var_1ch]\l0x0010ed48      call sym.udp_recv\l0x0010ed4d      add esp, 0x10\l0x0010ed50      mov dword [var_24h], eax\l0x0010ed53      cmp dword [var_24h], 0xffffffff\l0x0010ed57      je 0x10ed79\l"]
	"0x0010ed59" [URL="sym.dnslookup/0x0010ed59", fillcolor="#c19c00",color="#c19c00", fontname="Courier",label="0x0010ed59      cmp dword [var_24h], 0xfffffffd\l0x0010ed5d      je 0x10ed79\l"]
	"0x0010ed5f" [URL="sym.dnslookup/0x0010ed5f", fillcolor="#c19c00",color="#c19c00", fontname="Courier",label="0x0010ed5f      sub esp, 8\l0x0010ed62      lea eax, [var_424h]\l0x0010ed68      push eax\l0x0010ed69      push dword [arg_8h]\l0x0010ed6c      call sym.dns_geta\l0x0010ed71      add esp, 0x10\l0x0010ed74      mov dword [var_ch], eax\l0x0010ed77      jmp 0x10ed7a\l"]
	"0x0010ed79" [URL="sym.dnslookup/0x0010ed79", fillcolor="#c19c00",color="#c19c00", fontname="Courier",label="; CODE XREFS from sym.dnslookup @ 0x10ed57, 0x10ed5d\l0x0010ed79      nop\l"]
	"0x0010ed7a" [URL="sym.dnslookup/0x0010ed7a", fillcolor="#c19c00",color="#c19c00", fontname="Courier",label="; CODE XREF from sym.dnslookup @ 0x10ed77\l0x0010ed7a      inc dword [var_10h]\l"]
	"0x0010ed7d" [URL="sym.dnslookup/0x0010ed7d", fillcolor="#c19c00",color="#c19c00", fontname="Courier",label="; CODE XREF from sym.dnslookup @ 0x10ed19\l0x0010ed7d      cmp dword [var_ch], 0xffffffff\l0x0010ed81      jne 0x10ed89\l"]
	"0x0010ed83" [URL="sym.dnslookup/0x0010ed83", fillcolor="#c19c00",color="#c19c00", fontname="Courier",label="0x0010ed83      cmp dword [var_10h], 2\l0x0010ed87      jle 0x10ed1b\l"]
	"0x0010ed89" [URL="sym.dnslookup/0x0010ed89", fillcolor="#c19c00",color="#c19c00", fontname="Courier",label="; CODE XREF from sym.dnslookup @ 0x10ed81\l0x0010ed89      sub esp, 0xc\l0x0010ed8c      push dword [var_1ch]\l0x0010ed8f      call sym.udp_release\l0x0010ed94      add esp, 0x10\l0x0010ed97      mov eax, dword [var_ch]\l0x0010ed9a      shr eax, 0x18\l0x0010ed9d      mov edx, eax\l0x0010ed9f      mov eax, dword [var_ch]\l0x0010eda2      shr eax, 8\l0x0010eda5      and eax, 0xff00\l0x0010edaa      or edx, eax\l0x0010edac      mov eax, dword [var_ch]\l0x0010edaf      shl eax, 8\l0x0010edb2      and eax, 0xff0000\l0x0010edb7      or edx, eax\l0x0010edb9      mov eax, dword [var_ch]\l0x0010edbc      shl eax, 0x18\l0x0010edbf      or eax, edx\l"]
	"0x0010edc1" [URL="sym.dnslookup/0x0010edc1", fillcolor="#c19c00",color="#c19c00", fontname="Courier",label="; CODE XREFS from sym.dnslookup @ 0x10ec40, 0x10ec83, 0x10ecab\l0x0010edc1      mov ebx, dword [var_4h]\l0x0010edc4      leave\l0x0010edc5      ret\l"]
        "0x0010ec20" -> "0x0010ec45" [color="#13a10e"];
        "0x0010ec20" -> "0x0010ec3b" [color="#c50f1f"];
        "0x0010ec3b" -> "0x0010edc1" [color="#0037da"];
        "0x0010ec45" -> "0x0010ec6c" [color="#13a10e"];
        "0x0010ec45" -> "0x0010ec5f" [color="#c50f1f"];
        "0x0010ec5f" -> "0x0010ec88" [color="#13a10e"];
        "0x0010ec5f" -> "0x0010ec6c" [color="#c50f1f"];
        "0x0010ec6c" -> "0x0010edc1" [color="#0037da"];
        "0x0010ec88" -> "0x0010ecb0" [color="#13a10e"];
        "0x0010ec88" -> "0x0010eca6" [color="#c50f1f"];
        "0x0010eca6" -> "0x0010edc1" [color="#0037da"];
        "0x0010ecb0" -> "0x0010ed7d" [color="#0037da"];
        "0x0010ed1b" -> "0x0010ed79" [color="#13a10e"];
        "0x0010ed1b" -> "0x0010ed59" [color="#c50f1f"];
        "0x0010ed59" -> "0x0010ed79" [color="#13a10e"];
        "0x0010ed59" -> "0x0010ed5f" [color="#c50f1f"];
        "0x0010ed5f" -> "0x0010ed7a" [color="#0037da"];
        "0x0010ed79" -> "0x0010ed7a" [color="#0037da"];
        "0x0010ed7a" -> "0x0010ed7d" [color="#0037da"];
        "0x0010ed7d" -> "0x0010ed89" [color="#13a10e"];
        "0x0010ed7d" -> "0x0010ed83" [color="#c50f1f"];
        "0x0010ed83" -> "0x0010ed1b" [color="#13a10e"];
        "0x0010ed83" -> "0x0010ed89" [color="#c50f1f"];
        "0x0010ed89" -> "0x0010edc1" [color="#0037da"];
}
