digraph code {
	graph [bgcolor=azure fontsize=8 fontname="Courier" splines="ortho"];
	node [fillcolor=gray style=filled shape=box];
	edge [arrowhead="normal"];
	"0x0010f4d6" [URL="sym.hexadump/0x0010f4d6", fillcolor="#c19c00",color="#c19c00", fontname="Courier",label="858: sym.hexadump (int32_t arg_8h);\l; var int32_t var_ch @ ebp-0xc\l; var int32_t var_4h @ ebp-0x4\l; arg int32_t arg_8h @ ebp+0x8\l0x0010f4d6      push ebp\l0x0010f4d7      mov ebp, esp\l0x0010f4d9      push ebx\l0x0010f4da      sub esp, 0x14\l0x0010f4dd      call sym.__x86.get_pc_thunk.bx\l0x0010f4e2      add ebx, 0x11b1e\l0x0010f4e8      mov dword [var_ch], 0\l0x0010f4ef      jmp 0x10f51a\l"]
	"0x0010f4f1" [URL="sym.hexadump/0x0010f4f1", fillcolor="#c19c00",color="#c19c00", fontname="Courier",label="; CODE XREF from sym.hexadump @ 0x10f51e\l0x0010f4f1      mov eax, dword [arg_8h]\l0x0010f4f4      lea edx, [eax + 1]\l0x0010f4f7      mov dword [arg_8h], edx\l0x0010f4fa      mov al, byte [eax]\l0x0010f4fc      movsx eax, al\l0x0010f4ff      and eax, 0xff                                          ; 255\l0x0010f504      sub esp, 8\l0x0010f507      push eax\l0x0010f508      lea eax, [ebx - 0x8058]\l0x0010f50e      push eax\l0x0010f50f      call sym.kprintf\l0x0010f514      add esp, 0x10\l0x0010f517      inc dword [var_ch]\l"]
	"0x0010f51a" [URL="sym.hexadump/0x0010f51a", fillcolor="#c19c00",color="#c19c00", fontname="Courier",label="; CODE XREF from sym.hexadump @ 0x10f4ef\l0x0010f51a      cmp dword [var_ch], 5\l0x0010f51e      jle 0x10f4f1\l"]
	"0x0010f520" [URL="sym.hexadump/0x0010f520", fillcolor="#c19c00",color="#c19c00", fontname="Courier",label="0x0010f520      sub esp, 0xc\l0x0010f523      lea eax, [ebx - 0x8053]\l0x0010f529      push eax\l0x0010f52a      call sym.kprintf\l0x0010f52f      add esp, 0x10\l0x0010f532      mov dword [var_ch], 0\l0x0010f539      jmp 0x10f564\l"]
	"0x0010f53b" [URL="sym.hexadump/0x0010f53b", fillcolor="#c19c00",color="#c19c00", fontname="Courier",label="; CODE XREF from sym.hexadump @ 0x10f568\l0x0010f53b      mov eax, dword [arg_8h]\l0x0010f53e      lea edx, [eax + 1]\l0x0010f541      mov dword [arg_8h], edx\l0x0010f544      mov al, byte [eax]\l0x0010f546      movsx eax, al\l0x0010f549      and eax, 0xff                                          ; 255\l0x0010f54e      sub esp, 8\l0x0010f551      push eax\l0x0010f552      lea eax, [ebx - 0x8058]\l0x0010f558      push eax\l0x0010f559      call sym.kprintf\l0x0010f55e      add esp, 0x10\l0x0010f561      inc dword [var_ch]\l"]
	"0x0010f564" [URL="sym.hexadump/0x0010f564", fillcolor="#c19c00",color="#c19c00", fontname="Courier",label="; CODE XREF from sym.hexadump @ 0x10f539\l0x0010f564      cmp dword [var_ch], 5\l0x0010f568      jle 0x10f53b\l"]
	"0x0010f56a" [URL="sym.hexadump/0x0010f56a", fillcolor="#c19c00",color="#c19c00", fontname="Courier",label="0x0010f56a      sub esp, 0xc\l0x0010f56d      lea eax, [ebx - 0x8053]\l0x0010f573      push eax\l0x0010f574      call sym.kprintf\l0x0010f579      add esp, 0x10\l0x0010f57c      mov dword [var_ch], 0\l0x0010f583      jmp 0x10f5ae\l"]
	"0x0010f585" [URL="sym.hexadump/0x0010f585", fillcolor="#c19c00",color="#c19c00", fontname="Courier",label="; CODE XREF from sym.hexadump @ 0x10f5b2\l0x0010f585      mov eax, dword [arg_8h]\l0x0010f588      lea edx, [eax + 1]\l0x0010f58b      mov dword [arg_8h], edx\l0x0010f58e      mov al, byte [eax]\l0x0010f590      movsx eax, al\l0x0010f593      and eax, 0xff                                          ; 255\l0x0010f598      sub esp, 8\l0x0010f59b      push eax\l0x0010f59c      lea eax, [ebx - 0x8058]\l0x0010f5a2      push eax\l0x0010f5a3      call sym.kprintf\l0x0010f5a8      add esp, 0x10\l0x0010f5ab      inc dword [var_ch]\l"]
	"0x0010f5ae" [URL="sym.hexadump/0x0010f5ae", fillcolor="#c19c00",color="#c19c00", fontname="Courier",label="; CODE XREF from sym.hexadump @ 0x10f583\l0x0010f5ae      cmp dword [var_ch], 1\l0x0010f5b2      jle 0x10f585\l"]
	"0x0010f5b4" [URL="sym.hexadump/0x0010f5b4", fillcolor="#c19c00",color="#c19c00", fontname="Courier",label="0x0010f5b4      sub esp, 0xc\l0x0010f5b7      lea eax, [ebx - 0x8050]\l0x0010f5bd      push eax\l0x0010f5be      call sym.kprintf\l0x0010f5c3      add esp, 0x10\l0x0010f5c6      mov dword [var_ch], 0\l0x0010f5cd      jmp 0x10f5f8\l"]
	"0x0010f5cf" [URL="sym.hexadump/0x0010f5cf", fillcolor="#c19c00",color="#c19c00", fontname="Courier",label="; CODE XREF from sym.hexadump @ 0x10f5fc\l0x0010f5cf      mov eax, dword [arg_8h]\l0x0010f5d2      lea edx, [eax + 1]\l0x0010f5d5      mov dword [arg_8h], edx\l0x0010f5d8      mov al, byte [eax]\l0x0010f5da      movsx eax, al\l0x0010f5dd      and eax, 0xff                                          ; 255\l0x0010f5e2      sub esp, 8\l0x0010f5e5      push eax\l0x0010f5e6      lea eax, [ebx - 0x8058]\l0x0010f5ec      push eax\l0x0010f5ed      call sym.kprintf\l0x0010f5f2      add esp, 0x10\l0x0010f5f5      inc dword [var_ch]\l"]
	"0x0010f5f8" [URL="sym.hexadump/0x0010f5f8", fillcolor="#c19c00",color="#c19c00", fontname="Courier",label="; CODE XREF from sym.hexadump @ 0x10f5cd\l0x0010f5f8      cmp dword [var_ch], 1\l0x0010f5fc      jle 0x10f5cf\l"]
	"0x0010f5fe" [URL="sym.hexadump/0x0010f5fe", fillcolor="#c19c00",color="#c19c00", fontname="Courier",label="0x0010f5fe      sub esp, 0xc\l0x0010f601      lea eax, [ebx - 0x8053]\l0x0010f607      push eax\l0x0010f608      call sym.kprintf\l0x0010f60d      add esp, 0x10\l0x0010f610      mov dword [var_ch], 0\l0x0010f617      jmp 0x10f642\l"]
	"0x0010f619" [URL="sym.hexadump/0x0010f619", fillcolor="#c19c00",color="#c19c00", fontname="Courier",label="; CODE XREF from sym.hexadump @ 0x10f646\l0x0010f619      mov eax, dword [arg_8h]\l0x0010f61c      lea edx, [eax + 1]\l0x0010f61f      mov dword [arg_8h], edx\l0x0010f622      mov al, byte [eax]\l0x0010f624      movsx eax, al\l0x0010f627      and eax, 0xff                                          ; 255\l0x0010f62c      sub esp, 8\l0x0010f62f      push eax\l0x0010f630      lea eax, [ebx - 0x8058]\l0x0010f636      push eax\l0x0010f637      call sym.kprintf\l0x0010f63c      add esp, 0x10\l0x0010f63f      inc dword [var_ch]\l"]
	"0x0010f642" [URL="sym.hexadump/0x0010f642", fillcolor="#c19c00",color="#c19c00", fontname="Courier",label="; CODE XREF from sym.hexadump @ 0x10f617\l0x0010f642      cmp dword [var_ch], 1\l0x0010f646      jle 0x10f619\l"]
	"0x0010f648" [URL="sym.hexadump/0x0010f648", fillcolor="#c19c00",color="#c19c00", fontname="Courier",label="0x0010f648      sub esp, 0xc\l0x0010f64b      lea eax, [ebx - 0x8053]\l0x0010f651      push eax\l0x0010f652      call sym.kprintf\l0x0010f657      add esp, 0x10\l0x0010f65a      mov eax, dword [arg_8h]\l0x0010f65d      lea edx, [eax + 1]\l0x0010f660      mov dword [arg_8h], edx\l0x0010f663      mov al, byte [eax]\l0x0010f665      movsx eax, al\l0x0010f668      and eax, 0xff                                          ; 255\l0x0010f66d      sub esp, 8\l0x0010f670      push eax\l0x0010f671      lea eax, [ebx - 0x7fcd]\l0x0010f677      push eax\l0x0010f678      call sym.kprintf\l0x0010f67d      add esp, 0x10\l0x0010f680      mov eax, dword [arg_8h]\l0x0010f683      lea edx, [eax + 1]\l0x0010f686      mov dword [arg_8h], edx\l0x0010f689      mov al, byte [eax]\l0x0010f68b      movsx eax, al\l0x0010f68e      and eax, 0xff                                          ; 255\l0x0010f693      sub esp, 8\l0x0010f696      push eax\l0x0010f697      lea eax, [ebx - 0x7fc6]\l0x0010f69d      push eax\l0x0010f69e      call sym.kprintf\l0x0010f6a3      add esp, 0x10\l0x0010f6a6      mov dword [var_ch], 0\l0x0010f6ad      jmp 0x10f6d8\l"]
	"0x0010f6af" [URL="sym.hexadump/0x0010f6af", fillcolor="#c19c00",color="#c19c00", fontname="Courier",label="; CODE XREF from sym.hexadump @ 0x10f6dc\l0x0010f6af      mov eax, dword [arg_8h]\l0x0010f6b2      lea edx, [eax + 1]\l0x0010f6b5      mov dword [arg_8h], edx\l0x0010f6b8      mov al, byte [eax]\l0x0010f6ba      movsx eax, al\l0x0010f6bd      and eax, 0xff                                          ; 255\l0x0010f6c2      sub esp, 8\l0x0010f6c5      push eax\l0x0010f6c6      lea eax, [ebx - 0x8058]\l0x0010f6cc      push eax\l0x0010f6cd      call sym.kprintf\l0x0010f6d2      add esp, 0x10\l0x0010f6d5      inc dword [var_ch]\l"]
	"0x0010f6d8" [URL="sym.hexadump/0x0010f6d8", fillcolor="#c19c00",color="#c19c00", fontname="Courier",label="; CODE XREF from sym.hexadump @ 0x10f6ad\l0x0010f6d8      cmp dword [var_ch], 1\l0x0010f6dc      jle 0x10f6af\l"]
	"0x0010f6de" [URL="sym.hexadump/0x0010f6de", fillcolor="#c19c00",color="#c19c00", fontname="Courier",label="0x0010f6de      sub esp, 0xc\l0x0010f6e1      lea eax, [ebx - 0x8053]\l0x0010f6e7      push eax\l0x0010f6e8      call sym.kprintf\l0x0010f6ed      add esp, 0x10\l0x0010f6f0      sub esp, 0xc\l0x0010f6f3      lea eax, [ebx - 0x7fbe]\l0x0010f6f9      push eax\l0x0010f6fa      call sym.kprintf\l0x0010f6ff      add esp, 0x10\l0x0010f702      mov dword [var_ch], 0\l0x0010f709      jmp 0x10f734\l"]
	"0x0010f70b" [URL="sym.hexadump/0x0010f70b", fillcolor="#c19c00",color="#c19c00", fontname="Courier",label="; CODE XREF from sym.hexadump @ 0x10f738\l0x0010f70b      mov eax, dword [arg_8h]\l0x0010f70e      lea edx, [eax + 1]\l0x0010f711      mov dword [arg_8h], edx\l0x0010f714      mov al, byte [eax]\l0x0010f716      movsx eax, al\l0x0010f719      and eax, 0xff                                          ; 255\l0x0010f71e      sub esp, 8\l0x0010f721      push eax\l0x0010f722      lea eax, [ebx - 0x8058]\l0x0010f728      push eax\l0x0010f729      call sym.kprintf\l0x0010f72e      add esp, 0x10\l0x0010f731      inc dword [var_ch]\l"]
	"0x0010f734" [URL="sym.hexadump/0x0010f734", fillcolor="#c19c00",color="#c19c00", fontname="Courier",label="; CODE XREF from sym.hexadump @ 0x10f709\l0x0010f734      cmp dword [var_ch], 5\l0x0010f738      jle 0x10f70b\l"]
	"0x0010f73a" [URL="sym.hexadump/0x0010f73a", fillcolor="#c19c00",color="#c19c00", fontname="Courier",label="0x0010f73a      sub esp, 0xc\l0x0010f73d      lea eax, [ebx - 0x8053]\l0x0010f743      push eax\l0x0010f744      call sym.kprintf\l0x0010f749      add esp, 0x10\l0x0010f74c      mov dword [var_ch], 0\l0x0010f753      jmp 0x10f77e\l"]
	"0x0010f755" [URL="sym.hexadump/0x0010f755", fillcolor="#c19c00",color="#c19c00", fontname="Courier",label="; CODE XREF from sym.hexadump @ 0x10f782\l0x0010f755      mov eax, dword [arg_8h]\l0x0010f758      lea edx, [eax + 1]\l0x0010f75b      mov dword [arg_8h], edx\l0x0010f75e      mov al, byte [eax]\l0x0010f760      movsx eax, al\l0x0010f763      and eax, 0xff                                          ; 255\l0x0010f768      sub esp, 8\l0x0010f76b      push eax\l0x0010f76c      lea eax, [ebx - 0x8058]\l0x0010f772      push eax\l0x0010f773      call sym.kprintf\l0x0010f778      add esp, 0x10\l0x0010f77b      inc dword [var_ch]\l"]
	"0x0010f77e" [URL="sym.hexadump/0x0010f77e", fillcolor="#c19c00",color="#c19c00", fontname="Courier",label="; CODE XREF from sym.hexadump @ 0x10f753\l0x0010f77e      cmp dword [var_ch], 1\l0x0010f782      jle 0x10f755\l"]
	"0x0010f784" [URL="sym.hexadump/0x0010f784", fillcolor="#c19c00",color="#c19c00", fontname="Courier",label="0x0010f784      sub esp, 0xc\l0x0010f787      lea eax, [ebx - 0x8053]\l0x0010f78d      push eax\l0x0010f78e      call sym.kprintf\l0x0010f793      add esp, 0x10\l0x0010f796      mov dword [var_ch], 0\l0x0010f79d      jmp 0x10f7c8\l"]
	"0x0010f79f" [URL="sym.hexadump/0x0010f79f", fillcolor="#c19c00",color="#c19c00", fontname="Courier",label="; CODE XREF from sym.hexadump @ 0x10f7cc\l0x0010f79f      mov eax, dword [arg_8h]\l0x0010f7a2      lea edx, [eax + 1]\l0x0010f7a5      mov dword [arg_8h], edx\l0x0010f7a8      mov al, byte [eax]\l0x0010f7aa      movsx eax, al\l0x0010f7ad      and eax, 0xff                                          ; 255\l0x0010f7b2      sub esp, 8\l0x0010f7b5      push eax\l0x0010f7b6      lea eax, [ebx - 0x8058]\l0x0010f7bc      push eax\l0x0010f7bd      call sym.kprintf\l0x0010f7c2      add esp, 0x10\l0x0010f7c5      inc dword [var_ch]\l"]
	"0x0010f7c8" [URL="sym.hexadump/0x0010f7c8", fillcolor="#c19c00",color="#c19c00", fontname="Courier",label="; CODE XREF from sym.hexadump @ 0x10f79d\l0x0010f7c8      cmp dword [var_ch], 5\l0x0010f7cc      jle 0x10f79f\l"]
	"0x0010f7ce" [URL="sym.hexadump/0x0010f7ce", fillcolor="#c19c00",color="#c19c00", fontname="Courier",label="0x0010f7ce      sub esp, 0xc\l0x0010f7d1      lea eax, [ebx - 0x8053]\l0x0010f7d7      push eax\l0x0010f7d8      call sym.kprintf\l0x0010f7dd      add esp, 0x10\l0x0010f7e0      mov dword [var_ch], 0\l0x0010f7e7      jmp 0x10f812\l"]
	"0x0010f7e9" [URL="sym.hexadump/0x0010f7e9", fillcolor="#c19c00",color="#c19c00", fontname="Courier",label="; CODE XREF from sym.hexadump @ 0x10f816\l0x0010f7e9      mov eax, dword [arg_8h]\l0x0010f7ec      lea edx, [eax + 1]\l0x0010f7ef      mov dword [arg_8h], edx\l0x0010f7f2      mov al, byte [eax]\l0x0010f7f4      movsx eax, al\l0x0010f7f7      and eax, 0xff                                          ; 255\l0x0010f7fc      sub esp, 8\l0x0010f7ff      push eax\l0x0010f800      lea eax, [ebx - 0x8058]\l0x0010f806      push eax\l0x0010f807      call sym.kprintf\l0x0010f80c      add esp, 0x10\l0x0010f80f      inc dword [var_ch]\l"]
	"0x0010f812" [URL="sym.hexadump/0x0010f812", fillcolor="#c19c00",color="#c19c00", fontname="Courier",label="; CODE XREF from sym.hexadump @ 0x10f7e7\l0x0010f812      cmp dword [var_ch], 1\l0x0010f816      jle 0x10f7e9\l"]
	"0x0010f818" [URL="sym.hexadump/0x0010f818", fillcolor="#c19c00",color="#c19c00", fontname="Courier",label="0x0010f818      sub esp, 0xc\l0x0010f81b      lea eax, [ebx - 0x7fa5]\l0x0010f821      push eax\l0x0010f822      call sym.kprintf\l0x0010f827      add esp, 0x10\l0x0010f82a      nop\l0x0010f82b      mov ebx, dword [var_4h]\l0x0010f82e      leave\l0x0010f82f      ret\l"]
        "0x0010f4d6" -> "0x0010f51a" [color="#0037da"];
        "0x0010f4f1" -> "0x0010f51a" [color="#0037da"];
        "0x0010f51a" -> "0x0010f4f1" [color="#13a10e"];
        "0x0010f51a" -> "0x0010f520" [color="#c50f1f"];
        "0x0010f520" -> "0x0010f564" [color="#0037da"];
        "0x0010f53b" -> "0x0010f564" [color="#0037da"];
        "0x0010f564" -> "0x0010f53b" [color="#13a10e"];
        "0x0010f564" -> "0x0010f56a" [color="#c50f1f"];
        "0x0010f56a" -> "0x0010f5ae" [color="#0037da"];
        "0x0010f585" -> "0x0010f5ae" [color="#0037da"];
        "0x0010f5ae" -> "0x0010f585" [color="#13a10e"];
        "0x0010f5ae" -> "0x0010f5b4" [color="#c50f1f"];
        "0x0010f5b4" -> "0x0010f5f8" [color="#0037da"];
        "0x0010f5cf" -> "0x0010f5f8" [color="#0037da"];
        "0x0010f5f8" -> "0x0010f5cf" [color="#13a10e"];
        "0x0010f5f8" -> "0x0010f5fe" [color="#c50f1f"];
        "0x0010f5fe" -> "0x0010f642" [color="#0037da"];
        "0x0010f619" -> "0x0010f642" [color="#0037da"];
        "0x0010f642" -> "0x0010f619" [color="#13a10e"];
        "0x0010f642" -> "0x0010f648" [color="#c50f1f"];
        "0x0010f648" -> "0x0010f6d8" [color="#0037da"];
        "0x0010f6af" -> "0x0010f6d8" [color="#0037da"];
        "0x0010f6d8" -> "0x0010f6af" [color="#13a10e"];
        "0x0010f6d8" -> "0x0010f6de" [color="#c50f1f"];
        "0x0010f6de" -> "0x0010f734" [color="#0037da"];
        "0x0010f70b" -> "0x0010f734" [color="#0037da"];
        "0x0010f734" -> "0x0010f70b" [color="#13a10e"];
        "0x0010f734" -> "0x0010f73a" [color="#c50f1f"];
        "0x0010f73a" -> "0x0010f77e" [color="#0037da"];
        "0x0010f755" -> "0x0010f77e" [color="#0037da"];
        "0x0010f77e" -> "0x0010f755" [color="#13a10e"];
        "0x0010f77e" -> "0x0010f784" [color="#c50f1f"];
        "0x0010f784" -> "0x0010f7c8" [color="#0037da"];
        "0x0010f79f" -> "0x0010f7c8" [color="#0037da"];
        "0x0010f7c8" -> "0x0010f79f" [color="#13a10e"];
        "0x0010f7c8" -> "0x0010f7ce" [color="#c50f1f"];
        "0x0010f7ce" -> "0x0010f812" [color="#0037da"];
        "0x0010f7e9" -> "0x0010f812" [color="#0037da"];
        "0x0010f812" -> "0x0010f7e9" [color="#13a10e"];
        "0x0010f812" -> "0x0010f818" [color="#c50f1f"];
}
