digraph code {
	graph [bgcolor=azure fontsize=8 fontname="Courier" splines="ortho"];
	node [fillcolor=gray style=filled shape=box];
	edge [arrowhead="normal"];
	"0x0010f308" [URL="sym.hexdump/0x0010f308", fillcolor="#c19c00",color="#c19c00", fontname="Courier",label="462: sym.hexdump (int32_t arg_8h, int32_t arg_ch);\l; var int32_t var_10h @ ebp-0x10\l; var int32_t var_ch @ ebp-0xc\l; var int32_t var_4h @ ebp-0x4\l; arg int32_t arg_8h @ ebp+0x8\l; arg int32_t arg_ch @ ebp+0xc\l0x0010f308      push ebp\l0x0010f309      mov ebp, esp\l0x0010f30b      push ebx\l0x0010f30c      sub esp, 0x14\l0x0010f30f      call sym.__x86.get_pc_thunk.bx\l0x0010f314      add ebx, 0x11cec\l0x0010f31a      mov dword [var_ch], 0\l0x0010f321      jmp 0x10f34c\l"]
	"0x0010f323" [URL="sym.hexdump/0x0010f323", fillcolor="#c19c00",color="#c19c00", fontname="Courier",label="; CODE XREF from sym.hexdump @ 0x10f350\l0x0010f323      mov eax, dword [arg_8h]\l0x0010f326      lea edx, [eax + 1]\l0x0010f329      mov dword [arg_8h], edx\l0x0010f32c      mov al, byte [eax]\l0x0010f32e      movsx eax, al\l0x0010f331      and eax, 0xff                                          ; 255\l0x0010f336      sub esp, 8\l0x0010f339      push eax\l0x0010f33a      lea eax, [ebx - 0x8058]\l0x0010f340      push eax\l0x0010f341      call sym.kprintf\l0x0010f346      add esp, 0x10\l0x0010f349      inc dword [var_ch]\l"]
	"0x0010f34c" [URL="sym.hexdump/0x0010f34c", fillcolor="#c19c00",color="#c19c00", fontname="Courier",label="; CODE XREF from sym.hexdump @ 0x10f321\l0x0010f34c      cmp dword [var_ch], 5\l0x0010f350      jle 0x10f323\l"]
	"0x0010f352" [URL="sym.hexdump/0x0010f352", fillcolor="#c19c00",color="#c19c00", fontname="Courier",label="0x0010f352      sub esp, 0xc\l0x0010f355      lea eax, [ebx - 0x8053]\l0x0010f35b      push eax\l0x0010f35c      call sym.kprintf\l0x0010f361      add esp, 0x10\l0x0010f364      mov dword [var_ch], 0\l0x0010f36b      jmp 0x10f396\l"]
	"0x0010f36d" [URL="sym.hexdump/0x0010f36d", fillcolor="#c19c00",color="#c19c00", fontname="Courier",label="; CODE XREF from sym.hexdump @ 0x10f39a\l0x0010f36d      mov eax, dword [arg_8h]\l0x0010f370      lea edx, [eax + 1]\l0x0010f373      mov dword [arg_8h], edx\l0x0010f376      mov al, byte [eax]\l0x0010f378      movsx eax, al\l0x0010f37b      and eax, 0xff                                          ; 255\l0x0010f380      sub esp, 8\l0x0010f383      push eax\l0x0010f384      lea eax, [ebx - 0x8058]\l0x0010f38a      push eax\l0x0010f38b      call sym.kprintf\l0x0010f390      add esp, 0x10\l0x0010f393      inc dword [var_ch]\l"]
	"0x0010f396" [URL="sym.hexdump/0x0010f396", fillcolor="#c19c00",color="#c19c00", fontname="Courier",label="; CODE XREF from sym.hexdump @ 0x10f36b\l0x0010f396      cmp dword [var_ch], 5\l0x0010f39a      jle 0x10f36d\l"]
	"0x0010f39c" [URL="sym.hexdump/0x0010f39c", fillcolor="#c19c00",color="#c19c00", fontname="Courier",label="0x0010f39c      sub esp, 0xc\l0x0010f39f      lea eax, [ebx - 0x8053]\l0x0010f3a5      push eax\l0x0010f3a6      call sym.kprintf\l0x0010f3ab      add esp, 0x10\l0x0010f3ae      mov dword [var_ch], 0\l0x0010f3b5      jmp 0x10f3e0\l"]
	"0x0010f3b7" [URL="sym.hexdump/0x0010f3b7", fillcolor="#c19c00",color="#c19c00", fontname="Courier",label="; CODE XREF from sym.hexdump @ 0x10f3e4\l0x0010f3b7      mov eax, dword [arg_8h]\l0x0010f3ba      lea edx, [eax + 1]\l0x0010f3bd      mov dword [arg_8h], edx\l0x0010f3c0      mov al, byte [eax]\l0x0010f3c2      movsx eax, al\l0x0010f3c5      and eax, 0xff                                          ; 255\l0x0010f3ca      sub esp, 8\l0x0010f3cd      push eax\l0x0010f3ce      lea eax, [ebx - 0x8058]\l0x0010f3d4      push eax\l0x0010f3d5      call sym.kprintf\l0x0010f3da      add esp, 0x10\l0x0010f3dd      inc dword [var_ch]\l"]
	"0x0010f3e0" [URL="sym.hexdump/0x0010f3e0", fillcolor="#c19c00",color="#c19c00", fontname="Courier",label="; CODE XREF from sym.hexdump @ 0x10f3b5\l0x0010f3e0      cmp dword [var_ch], 1\l0x0010f3e4      jle 0x10f3b7\l"]
	"0x0010f3e6" [URL="sym.hexdump/0x0010f3e6", fillcolor="#c19c00",color="#c19c00", fontname="Courier",label="0x0010f3e6      sub esp, 0xc\l0x0010f3e9      lea eax, [ebx - 0x8050]\l0x0010f3ef      push eax\l0x0010f3f0      call sym.kprintf\l0x0010f3f5      add esp, 0x10\l0x0010f3f8      mov dword [var_10h], 0\l0x0010f3ff      mov dword [var_ch], 0\l0x0010f406      jmp 0x10f4b2\l"]
	"0x0010f40b" [URL="sym.hexdump/0x0010f40b", fillcolor="#c19c00",color="#c19c00", fontname="Courier",label="; CODE XREF from sym.hexdump @ 0x10f4b8\l0x0010f40b      mov eax, dword [var_ch]\l0x0010f40e      and eax, 3\l0x0010f411      test eax, eax\l0x0010f413      jne 0x10f489\l"]
	"0x0010f415" [URL="sym.hexdump/0x0010f415", fillcolor="#c19c00",color="#c19c00", fontname="Courier",label="0x0010f415      inc dword [var_10h]\l0x0010f418      cmp dword [var_10h], 6\l0x0010f41c      jne 0x10f432\l"]
	"0x0010f41e" [URL="sym.hexdump/0x0010f41e", fillcolor="#c19c00",color="#c19c00", fontname="Courier",label="0x0010f41e      sub esp, 0xc\l0x0010f421      lea eax, [ebx - 0x8038]\l0x0010f427      push eax\l0x0010f428      call sym.kprintf\l0x0010f42d      add esp, 0x10\l0x0010f430      jmp 0x10f489\l"]
	"0x0010f432" [URL="sym.hexdump/0x0010f432", fillcolor="#c19c00",color="#c19c00", fontname="Courier",label="; CODE XREF from sym.hexdump @ 0x10f41c\l0x0010f432      cmp dword [var_10h], 8\l0x0010f436      jne 0x10f453\l"]
	"0x0010f438" [URL="sym.hexdump/0x0010f438", fillcolor="#c19c00",color="#c19c00", fontname="Courier",label="0x0010f438      sub esp, 0xc\l0x0010f43b      lea eax, [ebx - 0x7ff8]\l0x0010f441      push eax\l0x0010f442      call sym.kprintf\l0x0010f447      add esp, 0x10\l0x0010f44a      mov dword [var_10h], 0x11                              ; 17\l0x0010f451      jmp 0x10f489\l"]
	"0x0010f453" [URL="sym.hexdump/0x0010f453", fillcolor="#c19c00",color="#c19c00", fontname="Courier",label="; CODE XREF from sym.hexdump @ 0x10f436\l0x0010f453      mov eax, dword [var_10h]\l0x0010f456      and eax, 0xf                                           ; 15\l0x0010f459      test eax, eax\l0x0010f45b      jne 0x10f471\l"]
	"0x0010f45d" [URL="sym.hexdump/0x0010f45d", fillcolor="#c19c00",color="#c19c00", fontname="Courier",label="0x0010f45d      sub esp, 0xc\l0x0010f460      lea eax, [ebx - 0x7fd1]\l0x0010f466      push eax\l0x0010f467      call sym.kprintf\l0x0010f46c      add esp, 0x10\l0x0010f46f      jmp 0x10f489\l"]
	"0x0010f471" [URL="sym.hexdump/0x0010f471", fillcolor="#c19c00",color="#c19c00", fontname="Courier",label="; CODE XREF from sym.hexdump @ 0x10f45b\l0x0010f471      cmp dword [var_ch], 0\l0x0010f475      je 0x10f489\l"]
	"0x0010f477" [URL="sym.hexdump/0x0010f477", fillcolor="#c19c00",color="#c19c00", fontname="Courier",label="0x0010f477      sub esp, 0xc\l0x0010f47a      lea eax, [ebx - 0x7fcf]\l0x0010f480      push eax\l0x0010f481      call sym.kprintf\l0x0010f486      add esp, 0x10\l"]
	"0x0010f489" [URL="sym.hexdump/0x0010f489", fillcolor="#c19c00",color="#c19c00", fontname="Courier",label="; CODE XREFS from sym.hexdump @ 0x10f413, 0x10f430, 0x10f451, 0x10f46f, 0x10f475\l0x0010f489      mov eax, dword [arg_8h]\l0x0010f48c      lea edx, [eax + 1]\l0x0010f48f      mov dword [arg_8h], edx\l0x0010f492      mov al, byte [eax]\l0x0010f494      movsx eax, al\l0x0010f497      and eax, 0xff                                          ; 255\l0x0010f49c      sub esp, 8\l0x0010f49f      push eax\l0x0010f4a0      lea eax, [ebx - 0x8058]\l0x0010f4a6      push eax\l0x0010f4a7      call sym.kprintf\l0x0010f4ac      add esp, 0x10\l0x0010f4af      inc dword [var_ch]\l"]
	"0x0010f4b2" [URL="sym.hexdump/0x0010f4b2", fillcolor="#c19c00",color="#c19c00", fontname="Courier",label="; CODE XREF from sym.hexdump @ 0x10f406\l0x0010f4b2      mov eax, dword [var_ch]\l0x0010f4b5      cmp eax, dword [arg_ch]\l0x0010f4b8      jl 0x10f40b\l"]
	"0x0010f4be" [URL="sym.hexdump/0x0010f4be", fillcolor="#c19c00",color="#c19c00", fontname="Courier",label="0x0010f4be      sub esp, 0xc\l0x0010f4c1      lea eax, [ebx - 0x7fd1]\l0x0010f4c7      push eax\l0x0010f4c8      call sym.kprintf\l0x0010f4cd      add esp, 0x10\l0x0010f4d0      nop\l0x0010f4d1      mov ebx, dword [var_4h]\l0x0010f4d4      leave\l0x0010f4d5      ret\l"]
        "0x0010f308" -> "0x0010f34c" [color="#0037da"];
        "0x0010f323" -> "0x0010f34c" [color="#0037da"];
        "0x0010f34c" -> "0x0010f323" [color="#13a10e"];
        "0x0010f34c" -> "0x0010f352" [color="#c50f1f"];
        "0x0010f352" -> "0x0010f396" [color="#0037da"];
        "0x0010f36d" -> "0x0010f396" [color="#0037da"];
        "0x0010f396" -> "0x0010f36d" [color="#13a10e"];
        "0x0010f396" -> "0x0010f39c" [color="#c50f1f"];
        "0x0010f39c" -> "0x0010f3e0" [color="#0037da"];
        "0x0010f3b7" -> "0x0010f3e0" [color="#0037da"];
        "0x0010f3e0" -> "0x0010f3b7" [color="#13a10e"];
        "0x0010f3e0" -> "0x0010f3e6" [color="#c50f1f"];
        "0x0010f3e6" -> "0x0010f4b2" [color="#0037da"];
        "0x0010f40b" -> "0x0010f489" [color="#13a10e"];
        "0x0010f40b" -> "0x0010f415" [color="#c50f1f"];
        "0x0010f415" -> "0x0010f432" [color="#13a10e"];
        "0x0010f415" -> "0x0010f41e" [color="#c50f1f"];
        "0x0010f41e" -> "0x0010f489" [color="#0037da"];
        "0x0010f432" -> "0x0010f453" [color="#13a10e"];
        "0x0010f432" -> "0x0010f438" [color="#c50f1f"];
        "0x0010f438" -> "0x0010f489" [color="#0037da"];
        "0x0010f453" -> "0x0010f471" [color="#13a10e"];
        "0x0010f453" -> "0x0010f45d" [color="#c50f1f"];
        "0x0010f45d" -> "0x0010f489" [color="#0037da"];
        "0x0010f471" -> "0x0010f489" [color="#13a10e"];
        "0x0010f471" -> "0x0010f477" [color="#c50f1f"];
        "0x0010f477" -> "0x0010f489" [color="#0037da"];
        "0x0010f489" -> "0x0010f4b2" [color="#0037da"];
        "0x0010f4b2" -> "0x0010f40b" [color="#13a10e"];
        "0x0010f4b2" -> "0x0010f4be" [color="#c50f1f"];
}
