digraph code {
	graph [bgcolor=azure fontsize=8 fontname="Courier" splines="ortho"];
	node [fillcolor=gray style=filled shape=box];
	edge [arrowhead="normal"];
	"0x0010fb61" [URL="sym.icmp_recv/0x0010fb61", fillcolor="#c19c00",color="#c19c00", fontname="Courier",label="  ; CALL XREF from sym.xsh_ping @ 0x116649\l414: sym.icmp_recv (int32_t arg_8h, int32_t arg_ch, int32_t arg_10h, int32_t arg_14h);\l; var int32_t var_24h @ ebp-0x24\l; var int32_t var_20h @ ebp-0x20\l; var int32_t var_1ch @ ebp-0x1c\l; var int32_t var_18h @ ebp-0x18\l; var int32_t var_14h @ ebp-0x14\l; var int32_t var_10h @ ebp-0x10\l; var int32_t var_ch @ ebp-0xc\l; var int32_t var_4h @ ebp-0x4\l; arg int32_t arg_8h @ ebp+0x8\l; arg int32_t arg_ch @ ebp+0xc\l; arg int32_t arg_10h @ ebp+0x10\l; arg int32_t arg_14h @ ebp+0x14\l0x0010fb61      push ebp\l0x0010fb62      mov ebp, esp\l0x0010fb64      push ebx\l0x0010fb65      sub esp, 0x24\l0x0010fb68      call sym.__x86.get_pc_thunk.bx\l0x0010fb6d      add ebx, 0x11493\l0x0010fb73      cmp dword [arg_8h], 0\l0x0010fb77      js 0x10fb7f\l"]
	"0x0010fb79" [URL="sym.icmp_recv/0x0010fb79", fillcolor="#c19c00",color="#c19c00", fontname="Courier",label="0x0010fb79      cmp dword [arg_8h], 9\l0x0010fb7d      jle 0x10fb89\l"]
	"0x0010fb7f" [URL="sym.icmp_recv/0x0010fb7f", fillcolor="#c19c00",color="#c19c00", fontname="Courier",label="; CODE XREF from sym.icmp_recv @ 0x10fb77\l0x0010fb7f      mov eax, 0xffffffff                                    ; -1\l0x0010fb84      jmp 0x10fcfa\l"]
	"0x0010fb89" [URL="sym.icmp_recv/0x0010fb89", fillcolor="#c19c00",color="#c19c00", fontname="Courier",label="; CODE XREF from sym.icmp_recv @ 0x10fb7d\l0x0010fb89      call loc.disable\l0x0010fb8e      mov dword [var_14h], eax\l0x0010fb91      mov edx, dword [arg_8h]\l0x0010fb94      mov eax, edx\l0x0010fb96      shl eax, 3\l0x0010fb99      sub eax, edx\l0x0010fb9b      shl eax, 3\l0x0010fb9e      mov edx, obj.icmptab                                   ; 0x13ff60\l0x0010fba4      add eax, edx\l0x0010fba6      mov dword [var_18h], eax\l0x0010fba9      mov eax, dword [var_18h]\l0x0010fbac      mov eax, dword [eax]\l0x0010fbae      cmp eax, 1                                             ; 1\l0x0010fbb1      je 0x10fbcb\l"]
	"0x0010fbb3" [URL="sym.icmp_recv/0x0010fbb3", fillcolor="#c19c00",color="#c19c00", fontname="Courier",label="0x0010fbb3      sub esp, 0xc\l0x0010fbb6      push dword [var_14h]\l0x0010fbb9      call loc.restore\l0x0010fbbe      add esp, 0x10\l0x0010fbc1      mov eax, 0xffffffff                                    ; -1\l0x0010fbc6      jmp 0x10fcfa\l"]
	"0x0010fbcb" [URL="sym.icmp_recv/0x0010fbcb", fillcolor="#c19c00",color="#c19c00", fontname="Courier",label="; CODE XREF from sym.icmp_recv @ 0x10fbb1\l0x0010fbcb      mov eax, dword [var_18h]\l0x0010fbce      mov eax, dword [eax + 0x10]\l0x0010fbd1      test eax, eax\l0x0010fbd3      jne 0x10fc4b\l"]
	"0x0010fbd5" [URL="sym.icmp_recv/0x0010fbd5", fillcolor="#c19c00",color="#c19c00", fontname="Courier",label="0x0010fbd5      mov eax, dword [var_18h]\l0x0010fbd8      mov dword [eax], 2\l0x0010fbde      mov eax, obj.currpid                                   ; 0x1212c0\l0x0010fbe4      mov edx, dword [eax]\l0x0010fbe6      mov eax, dword [var_18h]\l0x0010fbe9      mov dword [eax + 0x14], edx\l0x0010fbec      call sym.recvclr\l0x0010fbf1      mov dword [var_1ch], eax\l0x0010fbf4      mov eax, dword [arg_14h]\l0x0010fbf7      sub esp, 0xc\l0x0010fbfa      push eax\l0x0010fbfb      call sym.recvtime\l0x0010fc00      add esp, 0x10\l0x0010fc03      mov dword [var_1ch], eax\l0x0010fc06      mov eax, dword [var_18h]\l0x0010fc09      mov dword [eax], 1\l0x0010fc0f      cmp dword [var_1ch], 0xfffffffd\l0x0010fc13      jne 0x10fc2d\l"]
	"0x0010fc15" [URL="sym.icmp_recv/0x0010fc15", fillcolor="#c19c00",color="#c19c00", fontname="Courier",label="0x0010fc15      sub esp, 0xc\l0x0010fc18      push dword [var_14h]\l0x0010fc1b      call loc.restore\l0x0010fc20      add esp, 0x10\l0x0010fc23      mov eax, 0xfffffffd                                    ; 4294967293\l0x0010fc28      jmp 0x10fcfa\l"]
	"0x0010fc2d" [URL="sym.icmp_recv/0x0010fc2d", fillcolor="#c19c00",color="#c19c00", fontname="Courier",label="; CODE XREF from sym.icmp_recv @ 0x10fc13\l0x0010fc2d      cmp dword [var_1ch], 1\l0x0010fc31      je 0x10fc4b\l"]
	"0x0010fc33" [URL="sym.icmp_recv/0x0010fc33", fillcolor="#c19c00",color="#c19c00", fontname="Courier",label="0x0010fc33      sub esp, 0xc\l0x0010fc36      push dword [var_14h]\l0x0010fc39      call loc.restore\l0x0010fc3e      add esp, 0x10\l0x0010fc41      mov eax, 0xffffffff                                    ; -1\l0x0010fc46      jmp 0x10fcfa\l"]
	"0x0010fc4b" [URL="sym.icmp_recv/0x0010fc4b", fillcolor="#c19c00",color="#c19c00", fontname="Courier",label="; CODE XREFS from sym.icmp_recv @ 0x10fbd3, 0x10fc31\l0x0010fc4b      mov eax, dword [var_18h]\l0x0010fc4e      mov eax, dword [eax + 8]\l0x0010fc51      lea ecx, [eax + 1]\l0x0010fc54      mov edx, dword [var_18h]\l0x0010fc57      mov dword [edx + 8], ecx\l0x0010fc5a      mov edx, dword [var_18h]\l0x0010fc5d      add eax, 4\l0x0010fc60      mov eax, dword [edx + eax*4 + 8]\l0x0010fc64      mov dword [var_20h], eax\l0x0010fc67      mov eax, dword [var_18h]\l0x0010fc6a      mov eax, dword [eax + 8]\l0x0010fc6d      cmp eax, 9                                             ; 9\l0x0010fc70      jle 0x10fc7c\l"]
	"0x0010fc72" [URL="sym.icmp_recv/0x0010fc72", fillcolor="#c19c00",color="#c19c00", fontname="Courier",label="0x0010fc72      mov eax, dword [var_18h]\l0x0010fc75      mov dword [eax + 8], 0\l"]
	"0x0010fc7c" [URL="sym.icmp_recv/0x0010fc7c", fillcolor="#c19c00",color="#c19c00", fontname="Courier",label="; CODE XREF from sym.icmp_recv @ 0x10fc70\l0x0010fc7c      mov eax, dword [var_18h]\l0x0010fc7f      mov eax, dword [eax + 0x10]\l0x0010fc82      lea edx, [eax - 1]\l0x0010fc85      mov eax, dword [var_18h]\l0x0010fc88      mov dword [eax + 0x10], edx\l0x0010fc8b      mov eax, dword [var_20h]\l0x0010fc8e      mov ax, word [eax + 0x10]\l0x0010fc92      and eax, 0xffff\l0x0010fc97      sub eax, 0x1c                                          ; 28\l0x0010fc9a      mov dword [var_24h], eax\l0x0010fc9d      mov eax, dword [var_20h]\l0x0010fca0      add eax, 0x2a                                          ; 42\l0x0010fca3      mov dword [var_ch], eax\l0x0010fca6      mov dword [var_10h], 0\l0x0010fcad      jmp 0x10fcd0\l"]
	"0x0010fcaf" [URL="sym.icmp_recv/0x0010fcaf", fillcolor="#c19c00",color="#c19c00", fontname="Courier",label="; CODE XREF from sym.icmp_recv @ 0x10fcd6\l0x0010fcaf      mov eax, dword [var_10h]\l0x0010fcb2      cmp eax, dword [arg_10h]\l0x0010fcb5      jge 0x10fcda\l"]
	"0x0010fcb7" [URL="sym.icmp_recv/0x0010fcb7", fillcolor="#c19c00",color="#c19c00", fontname="Courier",label="0x0010fcb7      mov edx, dword [var_ch]\l0x0010fcba      lea eax, [edx + 1]\l0x0010fcbd      mov dword [var_ch], eax\l0x0010fcc0      mov eax, dword [arg_ch]\l0x0010fcc3      lea ecx, [eax + 1]\l0x0010fcc6      mov dword [arg_ch], ecx\l0x0010fcc9      mov dl, byte [edx]\l0x0010fccb      mov byte [eax], dl\l0x0010fccd      inc dword [var_10h]\l"]
	"0x0010fcd0" [URL="sym.icmp_recv/0x0010fcd0", fillcolor="#c19c00",color="#c19c00", fontname="Courier",label="; CODE XREF from sym.icmp_recv @ 0x10fcad\l0x0010fcd0      mov eax, dword [var_10h]\l0x0010fcd3      cmp eax, dword [var_24h]\l0x0010fcd6      jl 0x10fcaf\l"]
	"0x0010fcd8" [URL="sym.icmp_recv/0x0010fcd8", fillcolor="#c19c00",color="#c19c00", fontname="Courier",label="0x0010fcd8      jmp 0x10fcdb\l"]
	"0x0010fcda" [URL="sym.icmp_recv/0x0010fcda", fillcolor="#c19c00",color="#c19c00", fontname="Courier",label="; CODE XREF from sym.icmp_recv @ 0x10fcb5\l0x0010fcda      nop\l"]
	"0x0010fcdb" [URL="sym.icmp_recv/0x0010fcdb", fillcolor="#c19c00",color="#c19c00", fontname="Courier",label="; CODE XREF from sym.icmp_recv @ 0x10fcd8\l0x0010fcdb      sub esp, 0xc\l0x0010fcde      push dword [var_20h]\l0x0010fce1      call sym.freebuf\l0x0010fce6      add esp, 0x10\l0x0010fce9      sub esp, 0xc\l0x0010fcec      push dword [var_14h]\l0x0010fcef      call loc.restore\l0x0010fcf4      add esp, 0x10\l0x0010fcf7      mov eax, dword [var_10h]\l"]
	"0x0010fcfa" [URL="sym.icmp_recv/0x0010fcfa", fillcolor="#c19c00",color="#c19c00", fontname="Courier",label="; CODE XREFS from sym.icmp_recv @ 0x10fb84, 0x10fbc6, 0x10fc28, 0x10fc46\l0x0010fcfa      mov ebx, dword [var_4h]\l0x0010fcfd      leave\l0x0010fcfe      ret\l"]
        "0x0010fb61" -> "0x0010fb7f" [color="#13a10e"];
        "0x0010fb61" -> "0x0010fb79" [color="#c50f1f"];
        "0x0010fb79" -> "0x0010fb89" [color="#13a10e"];
        "0x0010fb79" -> "0x0010fb7f" [color="#c50f1f"];
        "0x0010fb7f" -> "0x0010fcfa" [color="#0037da"];
        "0x0010fb89" -> "0x0010fbcb" [color="#13a10e"];
        "0x0010fb89" -> "0x0010fbb3" [color="#c50f1f"];
        "0x0010fbb3" -> "0x0010fcfa" [color="#0037da"];
        "0x0010fbcb" -> "0x0010fc4b" [color="#13a10e"];
        "0x0010fbcb" -> "0x0010fbd5" [color="#c50f1f"];
        "0x0010fbd5" -> "0x0010fc2d" [color="#13a10e"];
        "0x0010fbd5" -> "0x0010fc15" [color="#c50f1f"];
        "0x0010fc15" -> "0x0010fcfa" [color="#0037da"];
        "0x0010fc2d" -> "0x0010fc4b" [color="#13a10e"];
        "0x0010fc2d" -> "0x0010fc33" [color="#c50f1f"];
        "0x0010fc33" -> "0x0010fcfa" [color="#0037da"];
        "0x0010fc4b" -> "0x0010fc7c" [color="#13a10e"];
        "0x0010fc4b" -> "0x0010fc72" [color="#c50f1f"];
        "0x0010fc72" -> "0x0010fc7c" [color="#0037da"];
        "0x0010fc7c" -> "0x0010fcd0" [color="#0037da"];
        "0x0010fcaf" -> "0x0010fcda" [color="#13a10e"];
        "0x0010fcaf" -> "0x0010fcb7" [color="#c50f1f"];
        "0x0010fcb7" -> "0x0010fcd0" [color="#0037da"];
        "0x0010fcd0" -> "0x0010fcaf" [color="#13a10e"];
        "0x0010fcd0" -> "0x0010fcd8" [color="#c50f1f"];
        "0x0010fcd8" -> "0x0010fcdb" [color="#0037da"];
        "0x0010fcda" -> "0x0010fcdb" [color="#0037da"];
        "0x0010fcdb" -> "0x0010fcfa" [color="#0037da"];
}
