digraph code {
	graph [bgcolor=azure fontsize=8 fontname="Courier" splines="ortho"];
	node [fillcolor=gray style=filled shape=box];
	edge [arrowhead="normal"];
	"0x00110170" [URL="sym.ip_in/0x00110170", fillcolor="#c19c00",color="#c19c00", fontname="Courier",label="  ; CALL XREF from sym.netin @ 0x110cdc\l421: sym.ip_in (int32_t arg_8h);\l; var int32_t var_ch @ ebp-0xc\l; var int32_t var_4h @ ebp-0x4\l; arg int32_t arg_8h @ ebp+0x8\l0x00110170      push ebp\l0x00110171      mov ebp, esp\l0x00110173      push ebx\l0x00110174      sub esp, 0x14\l0x00110177      call sym.__x86.get_pc_thunk.bx\l0x0011017c      add ebx, 0x10e84\l0x00110182      sub esp, 0xc\l0x00110185      push dword [arg_8h]\l0x00110188      call sym.ipcksum\l0x0011018d      add esp, 0x10\l0x00110190      test ax, ax\l0x00110193      je 0x1101ba\l"]
	"0x00110195" [URL="sym.ip_in/0x00110195", fillcolor="#c19c00",color="#c19c00", fontname="Courier",label="0x00110195      sub esp, 0xc\l0x00110198      lea eax, [ebx - 0x7f60]\l0x0011019e      push eax\l0x0011019f      call sym.kprintf\l0x001101a4      add esp, 0x10\l0x001101a7      sub esp, 0xc\l0x001101aa      push dword [arg_8h]\l0x001101ad      call sym.freebuf\l0x001101b2      add esp, 0x10\l0x001101b5      jmp 0x110310\l"]
	"0x001101ba" [URL="sym.ip_in/0x001101ba", fillcolor="#c19c00",color="#c19c00", fontname="Courier",label="; CODE XREF from sym.ip_in @ 0x110193\l0x001101ba      sub esp, 0xc\l0x001101bd      push dword [arg_8h]\l0x001101c0      call sym.ip_ntoh\l0x001101c5      add esp, 0x10\l0x001101c8      mov eax, dword [arg_8h]\l0x001101cb      mov al, byte [eax + 0xe]\l0x001101ce      cmp al, 0x45                                           ; 69\l0x001101d0      je 0x1101f7\l"]
	"0x001101d2" [URL="sym.ip_in/0x001101d2", fillcolor="#c19c00",color="#c19c00", fontname="Courier",label="0x001101d2      sub esp, 0xc\l0x001101d5      lea eax, [ebx - 0x7f44]\l0x001101db      push eax\l0x001101dc      call sym.kprintf\l0x001101e1      add esp, 0x10\l0x001101e4      sub esp, 0xc\l0x001101e7      push dword [arg_8h]\l0x001101ea      call sym.freebuf\l0x001101ef      add esp, 0x10\l0x001101f2      jmp 0x110310\l"]
	"0x001101f7" [URL="sym.ip_in/0x001101f7", fillcolor="#c19c00",color="#c19c00", fontname="Courier",label="; CODE XREF from sym.ip_in @ 0x1101d0\l0x001101f7      mov eax, dword [arg_8h]\l0x001101fa      mov al, byte [eax + 0x17]\l0x001101fd      and eax, 0xff                                          ; 255\l0x00110202      cmp eax, 1                                             ; 1\l0x00110205      je 0x11021e\l"]
	"0x00110207" [URL="sym.ip_in/0x00110207", fillcolor="#c19c00",color="#c19c00", fontname="Courier",label="0x00110207      cmp eax, 0x11                                          ; 17\l0x0011020a      je 0x11020e\l"]
	"0x0011020c" [URL="sym.ip_in/0x0011020c", fillcolor="#c19c00",color="#c19c00", fontname="Courier",label="0x0011020c      jmp 0x11026c\l"]
	"0x0011020e" [URL="sym.ip_in/0x0011020e", fillcolor="#c19c00",color="#c19c00", fontname="Courier",label="; CODE XREF from sym.ip_in @ 0x11020a\l0x0011020e      sub esp, 0xc\l0x00110211      push dword [arg_8h]\l0x00110214      call sym.udp_ntoh\l0x00110219      add esp, 0x10\l0x0011021c      jmp 0x11026c\l"]
	"0x0011021e" [URL="sym.ip_in/0x0011021e", fillcolor="#c19c00",color="#c19c00", fontname="Courier",label="; CODE XREF from sym.ip_in @ 0x110205\l0x0011021e      mov eax, dword [arg_8h]\l0x00110221      mov ax, word [eax + 0x10]\l0x00110225      and eax, 0xffff\l0x0011022a      sub eax, 0x14                                          ; 20\l0x0011022d      mov dword [var_ch], eax\l0x00110230      mov eax, dword [arg_8h]\l0x00110233      add eax, 0x22                                          ; 34\l0x00110236      sub esp, 8\l0x00110239      push dword [var_ch]\l0x0011023c      push eax\l0x0011023d      call sym.icmp_cksum\l0x00110242      add esp, 0x10\l0x00110245      test ax, ax\l0x00110248      je 0x11025d\l"]
	"0x0011024a" [URL="sym.ip_in/0x0011024a", fillcolor="#c19c00",color="#c19c00", fontname="Courier",label="0x0011024a      sub esp, 0xc\l0x0011024d      push dword [arg_8h]\l0x00110250      call sym.freebuf\l0x00110255      add esp, 0x10\l0x00110258      jmp 0x110310\l"]
	"0x0011025d" [URL="sym.ip_in/0x0011025d", fillcolor="#c19c00",color="#c19c00", fontname="Courier",label="; CODE XREF from sym.ip_in @ 0x110248\l0x0011025d      sub esp, 0xc\l0x00110260      push dword [arg_8h]\l0x00110263      call sym.icmp_ntoh\l0x00110268      add esp, 0x10\l0x0011026b      nop\l"]
	"0x0011026c" [URL="sym.ip_in/0x0011026c", fillcolor="#c19c00",color="#c19c00", fontname="Courier",label="; CODE XREFS from sym.ip_in @ 0x11020c, 0x11021c\l0x0011026c      mov eax, dword [arg_8h]\l0x0011026f      mov eax, dword [eax + 0x1e]\l0x00110272      cmp eax, 0xffffffff\l0x00110275      jne 0x11028a\l"]
	"0x00110277" [URL="sym.ip_in/0x00110277", fillcolor="#c19c00",color="#c19c00", fontname="Courier",label="0x00110277      sub esp, 0xc\l0x0011027a      push dword [arg_8h]\l0x0011027d      call sym.ip_local\l0x00110282      add esp, 0x10\l0x00110285      jmp 0x110310\l"]
	"0x0011028a" [URL="sym.ip_in/0x0011028a", fillcolor="#c19c00",color="#c19c00", fontname="Courier",label="; CODE XREF from sym.ip_in @ 0x110275\l0x0011028a      mov eax, obj.NetData                                   ; 0x140200\l0x00110290      mov al, byte [eax + 0x20]\l0x00110293      test al, al\l0x00110295      jne 0x1102c1\l"]
	"0x00110297" [URL="sym.ip_in/0x00110297", fillcolor="#c19c00",color="#c19c00", fontname="Courier",label="0x00110297      mov eax, dword [arg_8h]\l0x0011029a      mov al, byte [eax + 0x17]\l0x0011029d      cmp al, 0x11                                           ; 17\l0x0011029f      jne 0x1102b1\l"]
	"0x001102a1" [URL="sym.ip_in/0x001102a1", fillcolor="#c19c00",color="#c19c00", fontname="Courier",label="0x001102a1      sub esp, 0xc\l0x001102a4      push dword [arg_8h]\l0x001102a7      call sym.ip_local\l0x001102ac      add esp, 0x10\l0x001102af      jmp 0x110310\l"]
	"0x001102b1" [URL="sym.ip_in/0x001102b1", fillcolor="#c19c00",color="#c19c00", fontname="Courier",label="; CODE XREF from sym.ip_in @ 0x11029f\l0x001102b1      sub esp, 0xc\l0x001102b4      push dword [arg_8h]\l0x001102b7      call sym.freebuf\l0x001102bc      add esp, 0x10\l0x001102bf      jmp 0x110310\l"]
	"0x001102c1" [URL="sym.ip_in/0x001102c1", fillcolor="#c19c00",color="#c19c00", fontname="Courier",label="; CODE XREF from sym.ip_in @ 0x110295\l0x001102c1      mov eax, dword [arg_8h]\l0x001102c4      mov edx, dword [eax + 0x1e]\l0x001102c7      mov eax, obj.NetData                                   ; 0x140200\l0x001102cd      mov eax, dword [eax]\l0x001102cf      cmp edx, eax\l0x001102d1      je 0x1102f1\l"]
	"0x001102d3" [URL="sym.ip_in/0x001102d3", fillcolor="#c19c00",color="#c19c00", fontname="Courier",label="0x001102d3      mov eax, dword [arg_8h]\l0x001102d6      mov edx, dword [eax + 0x1e]\l0x001102d9      mov eax, obj.NetData                                   ; 0x140200\l0x001102df      mov eax, dword [eax + 4]\l0x001102e2      cmp edx, eax\l0x001102e4      je 0x1102f1\l"]
	"0x001102e6" [URL="sym.ip_in/0x001102e6", fillcolor="#c19c00",color="#c19c00", fontname="Courier",label="0x001102e6      mov eax, dword [arg_8h]\l0x001102e9      mov eax, dword [eax + 0x1e]\l0x001102ec      cmp eax, 0xffffffff\l0x001102ef      jne 0x110301\l"]
	"0x001102f1" [URL="sym.ip_in/0x001102f1", fillcolor="#c19c00",color="#c19c00", fontname="Courier",label="; CODE XREFS from sym.ip_in @ 0x1102d1, 0x1102e4\l0x001102f1      sub esp, 0xc\l0x001102f4      push dword [arg_8h]\l0x001102f7      call sym.ip_local\l0x001102fc      add esp, 0x10\l0x001102ff      jmp 0x110310\l"]
	"0x00110301" [URL="sym.ip_in/0x00110301", fillcolor="#c19c00",color="#c19c00", fontname="Courier",label="; CODE XREF from sym.ip_in @ 0x1102ef\l0x00110301      sub esp, 0xc\l0x00110304      push dword [arg_8h]\l0x00110307      call sym.freebuf\l0x0011030c      add esp, 0x10\l0x0011030f      nop\l"]
	"0x00110310" [URL="sym.ip_in/0x00110310", fillcolor="#c19c00",color="#c19c00", fontname="Courier",label="; XREFS: CODE 0x001101b5  CODE 0x001101f2  CODE 0x00110258  \l; XREFS: CODE 0x00110285  CODE 0x001102af  CODE 0x001102bf  \l; XREFS: CODE 0x001102ff  \l0x00110310      mov ebx, dword [var_4h]\l0x00110313      leave\l0x00110314      ret\l"]
        "0x00110170" -> "0x001101ba" [color="#13a10e"];
        "0x00110170" -> "0x00110195" [color="#c50f1f"];
        "0x00110195" -> "0x00110310" [color="#0037da"];
        "0x001101ba" -> "0x001101f7" [color="#13a10e"];
        "0x001101ba" -> "0x001101d2" [color="#c50f1f"];
        "0x001101d2" -> "0x00110310" [color="#0037da"];
        "0x001101f7" -> "0x0011021e" [color="#13a10e"];
        "0x001101f7" -> "0x00110207" [color="#c50f1f"];
        "0x00110207" -> "0x0011020e" [color="#13a10e"];
        "0x00110207" -> "0x0011020c" [color="#c50f1f"];
        "0x0011020c" -> "0x0011026c" [color="#0037da"];
        "0x0011020e" -> "0x0011026c" [color="#0037da"];
        "0x0011021e" -> "0x0011025d" [color="#13a10e"];
        "0x0011021e" -> "0x0011024a" [color="#c50f1f"];
        "0x0011024a" -> "0x00110310" [color="#0037da"];
        "0x0011025d" -> "0x0011026c" [color="#0037da"];
        "0x0011026c" -> "0x0011028a" [color="#13a10e"];
        "0x0011026c" -> "0x00110277" [color="#c50f1f"];
        "0x00110277" -> "0x00110310" [color="#0037da"];
        "0x0011028a" -> "0x001102c1" [color="#13a10e"];
        "0x0011028a" -> "0x00110297" [color="#c50f1f"];
        "0x00110297" -> "0x001102b1" [color="#13a10e"];
        "0x00110297" -> "0x001102a1" [color="#c50f1f"];
        "0x001102a1" -> "0x00110310" [color="#0037da"];
        "0x001102b1" -> "0x00110310" [color="#0037da"];
        "0x001102c1" -> "0x001102f1" [color="#13a10e"];
        "0x001102c1" -> "0x001102d3" [color="#c50f1f"];
        "0x001102d3" -> "0x001102f1" [color="#13a10e"];
        "0x001102d3" -> "0x001102e6" [color="#c50f1f"];
        "0x001102e6" -> "0x00110301" [color="#13a10e"];
        "0x001102e6" -> "0x001102f1" [color="#c50f1f"];
        "0x001102f1" -> "0x00110310" [color="#0037da"];
        "0x00110301" -> "0x00110310" [color="#0037da"];
}
