digraph code {
	graph [bgcolor=azure fontsize=8 fontname="Courier" splines="ortho"];
	node [fillcolor=gray style=filled shape=box];
	edge [arrowhead="normal"];
	"0x001108be" [URL="sym.ipout/0x001108be", fillcolor="#c19c00",color="#c19c00", fontname="Courier",label="  ; DATA XREFS from sym.net_init @ 0x110be9, 0x110bef\l343: sym.ipout ();\l; var int32_t var_1ch @ ebp-0x1c\l; var int32_t var_18h @ ebp-0x18\l; var int32_t var_14h @ ebp-0x14\l; var int32_t var_10h @ ebp-0x10\l; var int32_t var_ch @ ebp-0xc\l0x001108be      push ebp\l0x001108bf      mov ebp, esp\l0x001108c1      push ebx\l0x001108c2      sub esp, 0x24\l0x001108c5      call sym.__x86.get_pc_thunk.bx\l0x001108ca      add ebx, 0x10736\l0x001108d0      mov eax, obj.ipoqueue                                  ; 0x1401a0\l0x001108d6      mov dword [var_10h], eax\l"]
	"0x001108d9" [URL="sym.ipout/0x001108d9", fillcolor="#c19c00",color="#c19c00", fontname="Courier",label="; CODE XREF from sym.ipout @ 0x110a10\l0x001108d9      mov eax, dword [var_10h]\l0x001108dc      mov eax, dword [eax + 8]\l0x001108df      sub esp, 0xc\l0x001108e2      push eax\l0x001108e3      call sym.wait                                          ; pid_t wait(int *wstatus)\l0x001108e8      add esp, 0x10\l0x001108eb      mov eax, dword [var_10h]\l0x001108ee      mov eax, dword [eax]\l0x001108f0      lea ecx, [eax + 1]\l0x001108f3      mov edx, dword [var_10h]\l0x001108f6      mov dword [edx], ecx\l0x001108f8      mov edx, dword [var_10h]\l0x001108fb      mov eax, dword [edx + eax*4 + 0xc]\l0x001108ff      mov dword [var_14h], eax\l0x00110902      mov eax, dword [var_10h]\l0x00110905      mov eax, dword [eax]\l0x00110907      cmp eax, 7                                             ; 7\l0x0011090a      jle 0x110915\l"]
	"0x0011090c" [URL="sym.ipout/0x0011090c", fillcolor="#c19c00",color="#c19c00", fontname="Courier",label="0x0011090c      mov eax, dword [var_10h]\l0x0011090f      mov dword [eax], 0\l"]
	"0x00110915" [URL="sym.ipout/0x00110915", fillcolor="#c19c00",color="#c19c00", fontname="Courier",label="; CODE XREF from sym.ipout @ 0x11090a\l0x00110915      mov eax, dword [var_14h]\l0x00110918      lea edx, [eax + 6]\l0x0011091b      sub esp, 4\l0x0011091e      push 6                                                 ; 6\l0x00110920      mov eax, obj.NetData                                   ; 0x140200\l0x00110926      lea eax, [eax + 0x21]\l0x00110929      push eax\l0x0011092a      push edx\l0x0011092b      call sym.memcpy                                        ; void *memcpy(void *s1, const void *s2, size_t n)\l0x00110930      add esp, 0x10\l0x00110933      mov eax, dword [var_14h]\l0x00110936      mov eax, dword [eax + 0x1e]\l0x00110939      mov dword [var_18h], eax\l0x0011093c      cmp dword [var_18h], 0xffffffff\l0x00110940      je 0x110950\l"]
	"0x00110942" [URL="sym.ipout/0x00110942", fillcolor="#c19c00",color="#c19c00", fontname="Courier",label="0x00110942      mov eax, obj.NetData                                   ; 0x140200\l0x00110948      mov eax, dword [eax + 4]\l0x0011094b      cmp dword [var_18h], eax\l0x0011094e      jne 0x110975\l"]
	"0x00110950" [URL="sym.ipout/0x00110950", fillcolor="#c19c00",color="#c19c00", fontname="Courier",label="; CODE XREF from sym.ipout @ 0x110940\l0x00110950      sub esp, 0xc\l0x00110953      lea eax, [ebx - 0x7f30]\l0x00110959      push eax\l0x0011095a      call sym.kprintf\l0x0011095f      add esp, 0x10\l0x00110962      sub esp, 0xc\l0x00110965      push dword [var_14h]\l0x00110968      call sym.freebuf\l0x0011096d      add esp, 0x10\l0x00110970      jmp 0x110a10\l"]
	"0x00110975" [URL="sym.ipout/0x00110975", fillcolor="#c19c00",color="#c19c00", fontname="Courier",label="; CODE XREF from sym.ipout @ 0x11094e\l0x00110975      mov eax, obj.NetData                                   ; 0x140200\l0x0011097b      mov eax, dword [eax]\l0x0011097d      cmp dword [var_18h], eax\l0x00110980      jne 0x110992\l"]
	"0x00110982" [URL="sym.ipout/0x00110982", fillcolor="#c19c00",color="#c19c00", fontname="Courier",label="0x00110982      sub esp, 0xc\l0x00110985      push dword [var_14h]\l0x00110988      call sym.ip_local\l0x0011098d      add esp, 0x10\l0x00110990      jmp 0x110a10\l"]
	"0x00110992" [URL="sym.ipout/0x00110992", fillcolor="#c19c00",color="#c19c00", fontname="Courier",label="; CODE XREF from sym.ipout @ 0x110980\l0x00110992      mov eax, obj.NetData                                   ; 0x140200\l0x00110998      mov eax, dword [eax + 8]\l0x0011099b      and eax, dword [var_18h]\l0x0011099e      mov edx, eax\l0x001109a0      mov eax, obj.NetData                                   ; 0x140200\l0x001109a6      mov eax, dword [eax + 0xc]\l0x001109a9      cmp edx, eax\l0x001109ab      jne 0x1109b5\l"]
	"0x001109ad" [URL="sym.ipout/0x001109ad", fillcolor="#c19c00",color="#c19c00", fontname="Courier",label="0x001109ad      mov eax, dword [var_18h]\l0x001109b0      mov dword [var_ch], eax\l0x001109b3      jmp 0x1109c1\l"]
	"0x001109b5" [URL="sym.ipout/0x001109b5", fillcolor="#c19c00",color="#c19c00", fontname="Courier",label="; CODE XREF from sym.ipout @ 0x1109ab\l0x001109b5      mov eax, obj.NetData                                   ; 0x140200\l0x001109bb      mov eax, dword [eax + 0x10]\l0x001109be      mov dword [var_ch], eax\l"]
	"0x001109c1" [URL="sym.ipout/0x001109c1", fillcolor="#c19c00",color="#c19c00", fontname="Courier",label="; CODE XREF from sym.ipout @ 0x1109b3\l0x001109c1      cmp dword [var_ch], 0\l0x001109c5      jne 0x1109d7\l"]
	"0x001109c7" [URL="sym.ipout/0x001109c7", fillcolor="#c19c00",color="#c19c00", fontname="Courier",label="0x001109c7      sub esp, 0xc\l0x001109ca      push dword [var_14h]\l0x001109cd      call sym.freebuf\l0x001109d2      add esp, 0x10\l0x001109d5      jmp 0x110a10\l"]
	"0x001109d7" [URL="sym.ipout/0x001109d7", fillcolor="#c19c00",color="#c19c00", fontname="Courier",label="; CODE XREF from sym.ipout @ 0x1109c5\l0x001109d7      mov eax, dword [var_14h]\l0x001109da      sub esp, 8\l0x001109dd      push eax\l0x001109de      push dword [var_ch]\l0x001109e1      call sym.arp_resolve\l0x001109e6      add esp, 0x10\l0x001109e9      mov dword [var_1ch], eax\l0x001109ec      cmp dword [var_1ch], 1\l0x001109f0      je 0x110a02\l"]
	"0x001109f2" [URL="sym.ipout/0x001109f2", fillcolor="#c19c00",color="#c19c00", fontname="Courier",label="0x001109f2      sub esp, 0xc\l0x001109f5      push dword [var_14h]\l0x001109f8      call sym.freebuf\l0x001109fd      add esp, 0x10\l0x00110a00      jmp 0x110a10\l"]
	"0x00110a02" [URL="sym.ipout/0x00110a02", fillcolor="#c19c00",color="#c19c00", fontname="Courier",label="; CODE XREF from sym.ipout @ 0x1109f0\l0x00110a02      sub esp, 0xc\l0x00110a05      push dword [var_14h]\l0x00110a08      call sym.ip_out\l0x00110a0d      add esp, 0x10\l"]
	"0x00110a10" [URL="sym.ipout/0x00110a10", fillcolor="#c19c00",color="#c19c00", fontname="Courier",label="; CODE XREFS from sym.ipout @ 0x110970, 0x110990, 0x1109d5, 0x110a00\l0x00110a10      jmp 0x1108d9\l"]
        "0x001108be" -> "0x001108d9" [color="#0037da"];
        "0x001108d9" -> "0x00110915" [color="#13a10e"];
        "0x001108d9" -> "0x0011090c" [color="#c50f1f"];
        "0x0011090c" -> "0x00110915" [color="#0037da"];
        "0x00110915" -> "0x00110950" [color="#13a10e"];
        "0x00110915" -> "0x00110942" [color="#c50f1f"];
        "0x00110942" -> "0x00110975" [color="#13a10e"];
        "0x00110942" -> "0x00110950" [color="#c50f1f"];
        "0x00110950" -> "0x00110a10" [color="#0037da"];
        "0x00110975" -> "0x00110992" [color="#13a10e"];
        "0x00110975" -> "0x00110982" [color="#c50f1f"];
        "0x00110982" -> "0x00110a10" [color="#0037da"];
        "0x00110992" -> "0x001109b5" [color="#13a10e"];
        "0x00110992" -> "0x001109ad" [color="#c50f1f"];
        "0x001109ad" -> "0x001109c1" [color="#0037da"];
        "0x001109b5" -> "0x001109c1" [color="#0037da"];
        "0x001109c1" -> "0x001109d7" [color="#13a10e"];
        "0x001109c1" -> "0x001109c7" [color="#c50f1f"];
        "0x001109c7" -> "0x00110a10" [color="#0037da"];
        "0x001109d7" -> "0x00110a02" [color="#13a10e"];
        "0x001109d7" -> "0x001109f2" [color="#c50f1f"];
        "0x001109f2" -> "0x00110a10" [color="#0037da"];
        "0x00110a02" -> "0x00110a10" [color="#0037da"];
        "0x00110a10" -> "0x001108d9" [color="#0037da"];
}
