digraph code {
	graph [bgcolor=azure fontsize=8 fontname="Courier" splines="ortho"];
	node [fillcolor=gray style=filled shape=box];
	edge [arrowhead="normal"];
	"0x0011362e" [URL="sym.lexan/0x0011362e", fillcolor="#c19c00",color="#c19c00", fontname="Courier",label="  ; CALL XREF from sym.shell @ 0x113a06\l721: sym.lexan (int32_t arg_8h, int32_t arg_10h, int32_t arg_14h, int32_t arg_18h, int32_t arg_1ch);\l; var int32_t var_eh @ ebp-0xe\l; var int32_t var_dh @ ebp-0xd\l; var int32_t var_ch @ ebp-0xc\l; var int32_t var_8h @ ebp-0x8\l; var int32_t var_4h @ ebp-0x4\l; arg int32_t arg_8h @ ebp+0x8\l; arg int32_t arg_10h @ ebp+0x10\l; arg int32_t arg_14h @ ebp+0x14\l; arg int32_t arg_18h @ ebp+0x18\l; arg int32_t arg_1ch @ ebp+0x1c\l0x0011362e      push ebp\l0x0011362f      mov ebp, esp\l0x00113631      sub esp, 0x10\l0x00113634      call sym.__x86.get_pc_thunk.ax\l0x00113639      add eax, 0xd9c7\l0x0011363e      mov dword [var_4h], 0\l0x00113645      mov eax, dword [arg_8h]\l0x00113648      mov dword [var_8h], eax\l0x0011364b      mov dword [var_ch], 0\l0x00113652      jmp 0x1138dc\l"]
	"0x00113657" [URL="sym.lexan/0x00113657", fillcolor="#c19c00",color="#c19c00", fontname="Courier",label="; CODE XREF from sym.lexan @ 0x1138ec\l0x00113657      cmp dword [var_4h], 0x1f\l0x0011365b      jbe 0x11366a\l"]
	"0x0011365d" [URL="sym.lexan/0x0011365d", fillcolor="#c19c00",color="#c19c00", fontname="Courier",label="0x0011365d      mov eax, 0xffffffff                                    ; -1\l0x00113662      jmp 0x1138fd\l"]
	"0x00113667" [URL="sym.lexan/0x00113667", fillcolor="#c19c00",color="#c19c00", fontname="Courier",label="; CODE XREFS from sym.lexan @ 0x113671, 0x11367a\l0x00113667      inc dword [var_8h]\l"]
	"0x0011366a" [URL="sym.lexan/0x0011366a", fillcolor="#c19c00",color="#c19c00", fontname="Courier",label="; CODE XREF from sym.lexan @ 0x11365b\l0x0011366a      mov eax, dword [var_8h]\l0x0011366d      mov al, byte [eax]\l0x0011366f      cmp al, 0x20                                           ; loc.EOI\l0x00113671      je 0x113667\l"]
	"0x00113673" [URL="sym.lexan/0x00113673", fillcolor="#c19c00",color="#c19c00", fontname="Courier",label="0x00113673      mov eax, dword [var_8h]\l0x00113676      mov al, byte [eax]\l0x00113678      cmp al, 9                                              ; 9\l0x0011367a      je 0x113667\l"]
	"0x0011367c" [URL="sym.lexan/0x0011367c", fillcolor="#c19c00",color="#c19c00", fontname="Courier",label="0x0011367c      mov eax, dword [var_8h]\l0x0011367f      mov al, byte [eax]\l0x00113681      mov byte [var_dh], al\l0x00113684      cmp byte [var_dh], 0xa\l0x00113688      je 0x113690\l"]
	"0x0011368a" [URL="sym.lexan/0x0011368a", fillcolor="#c19c00",color="#c19c00", fontname="Courier",label="0x0011368a      cmp byte [var_dh], 0\l0x0011368e      jne 0x1136a0\l"]
	"0x00113690" [URL="sym.lexan/0x00113690", fillcolor="#c19c00",color="#c19c00", fontname="Courier",label="; CODE XREF from sym.lexan @ 0x113688\l0x00113690      mov eax, dword [arg_14h]\l0x00113693      mov edx, dword [var_ch]\l0x00113696      mov dword [eax], edx\l0x00113698      mov eax, dword [var_4h]\l0x0011369b      jmp 0x1138fd\l"]
	"0x001136a0" [URL="sym.lexan/0x001136a0", fillcolor="#c19c00",color="#c19c00", fontname="Courier",label="; CODE XREF from sym.lexan @ 0x11368e\l0x001136a0      mov eax, dword [var_4h]\l0x001136a3      lea edx, [eax*4]\l0x001136aa      mov eax, dword [arg_18h]\l0x001136ad      add edx, eax\l0x001136af      mov eax, dword [var_ch]\l0x001136b2      mov dword [edx], eax\l0x001136b4      movsx eax, byte [var_dh]\l0x001136b8      cmp eax, 0x3c                                          ; 60\l0x001136bb      je 0x113717\l"]
	"0x001136bd" [URL="sym.lexan/0x001136bd", fillcolor="#c19c00",color="#c19c00", fontname="Courier",label="0x001136bd      cmp eax, 0x3e                                          ; 62\l0x001136c0      je 0x11375f\l"]
	"0x001136c6" [URL="sym.lexan/0x001136c6", fillcolor="#c19c00",color="#c19c00", fontname="Courier",label="0x001136c6      cmp eax, 0x26                                          ; 38\l0x001136c9      jne 0x1137a7\l"]
	"0x001136cf" [URL="sym.lexan/0x001136cf", fillcolor="#c19c00",color="#c19c00", fontname="Courier",label="0x001136cf      mov eax, dword [var_4h]\l0x001136d2      lea edx, [eax*4]\l0x001136d9      mov eax, dword [arg_1ch]\l0x001136dc      add eax, edx\l0x001136de      mov dword [eax], 0\l0x001136e4      mov eax, dword [var_ch]\l0x001136e7      lea edx, [eax + 1]\l0x001136ea      mov dword [var_ch], edx\l0x001136ed      mov edx, eax\l0x001136ef      mov eax, dword [arg_10h]\l0x001136f2      add edx, eax\l0x001136f4      mov al, byte [var_dh]\l0x001136f7      mov byte [edx], al\l0x001136f9      mov eax, dword [var_ch]\l0x001136fc      lea edx, [eax + 1]\l0x001136ff      mov dword [var_ch], edx\l0x00113702      mov edx, eax\l0x00113704      mov eax, dword [arg_10h]\l0x00113707      add eax, edx\l0x00113709      mov byte [eax], 0\l0x0011370c      inc dword [var_4h]\l0x0011370f      inc dword [var_8h]\l0x00113712      jmp 0x1138dc\l"]
	"0x00113717" [URL="sym.lexan/0x00113717", fillcolor="#c19c00",color="#c19c00", fontname="Courier",label="; CODE XREF from sym.lexan @ 0x1136bb\l0x00113717      mov eax, dword [var_4h]\l0x0011371a      lea edx, [eax*4]\l0x00113721      mov eax, dword [arg_1ch]\l0x00113724      add eax, edx\l0x00113726      mov dword [eax], 1\l0x0011372c      mov eax, dword [var_ch]\l0x0011372f      lea edx, [eax + 1]\l0x00113732      mov dword [var_ch], edx\l0x00113735      mov edx, eax\l0x00113737      mov eax, dword [arg_10h]\l0x0011373a      add edx, eax\l0x0011373c      mov al, byte [var_dh]\l0x0011373f      mov byte [edx], al\l0x00113741      mov eax, dword [var_ch]\l0x00113744      lea edx, [eax + 1]\l0x00113747      mov dword [var_ch], edx\l0x0011374a      mov edx, eax\l0x0011374c      mov eax, dword [arg_10h]\l0x0011374f      add eax, edx\l0x00113751      mov byte [eax], 0\l0x00113754      inc dword [var_4h]\l0x00113757      inc dword [var_8h]\l0x0011375a      jmp 0x1138dc\l"]
	"0x0011375f" [URL="sym.lexan/0x0011375f", fillcolor="#c19c00",color="#c19c00", fontname="Courier",label="; CODE XREF from sym.lexan @ 0x1136c0\l0x0011375f      mov eax, dword [var_4h]\l0x00113762      lea edx, [eax*4]\l0x00113769      mov eax, dword [arg_1ch]\l0x0011376c      add eax, edx\l0x0011376e      mov dword [eax], 2\l0x00113774      mov eax, dword [var_ch]\l0x00113777      lea edx, [eax + 1]\l0x0011377a      mov dword [var_ch], edx\l0x0011377d      mov edx, eax\l0x0011377f      mov eax, dword [arg_10h]\l0x00113782      add edx, eax\l0x00113784      mov al, byte [var_dh]\l0x00113787      mov byte [edx], al\l0x00113789      mov eax, dword [var_ch]\l0x0011378c      lea edx, [eax + 1]\l0x0011378f      mov dword [var_ch], edx\l0x00113792      mov edx, eax\l0x00113794      mov eax, dword [arg_10h]\l0x00113797      add eax, edx\l0x00113799      mov byte [eax], 0\l0x0011379c      inc dword [var_4h]\l0x0011379f      inc dword [var_8h]\l0x001137a2      jmp 0x1138dc\l"]
	"0x001137a7" [URL="sym.lexan/0x001137a7", fillcolor="#c19c00",color="#c19c00", fontname="Courier",label="; CODE XREF from sym.lexan @ 0x1136c9\l0x001137a7      mov eax, dword [var_4h]\l0x001137aa      lea edx, [eax*4]\l0x001137b1      mov eax, dword [arg_1ch]\l0x001137b4      add eax, edx\l0x001137b6      mov dword [eax], 3\l0x001137bc      cmp byte [var_dh], 0x27\l0x001137c0      je 0x1137c8\l"]
	"0x001137c2" [URL="sym.lexan/0x001137c2", fillcolor="#c19c00",color="#c19c00", fontname="Courier",label="0x001137c2      cmp byte [var_dh], 0x22\l0x001137c6      jne 0x113837\l"]
	"0x001137c8" [URL="sym.lexan/0x001137c8", fillcolor="#c19c00",color="#c19c00", fontname="Courier",label="; CODE XREF from sym.lexan @ 0x1137c0\l0x001137c8      mov al, byte [var_dh]\l0x001137cb      mov byte [var_eh], al\l0x001137ce      inc dword [var_8h]\l0x001137d1      jmp 0x1137e8\l"]
	"0x001137d3" [URL="sym.lexan/0x001137d3", fillcolor="#c19c00",color="#c19c00", fontname="Courier",label="; CODE XREF from sym.lexan @ 0x113808\l0x001137d3      mov eax, dword [var_ch]\l0x001137d6      lea edx, [eax + 1]\l0x001137d9      mov dword [var_ch], edx\l0x001137dc      mov edx, eax\l0x001137de      mov eax, dword [arg_10h]\l0x001137e1      add edx, eax\l0x001137e3      mov al, byte [var_dh]\l0x001137e6      mov byte [edx], al\l"]
	"0x001137e8" [URL="sym.lexan/0x001137e8", fillcolor="#c19c00",color="#c19c00", fontname="Courier",label="; CODE XREF from sym.lexan @ 0x1137d1\l0x001137e8      mov eax, dword [var_8h]\l0x001137eb      lea edx, [eax + 1]\l0x001137ee      mov dword [var_8h], edx\l0x001137f1      mov al, byte [eax]\l0x001137f3      mov byte [var_dh], al\l0x001137f6      mov al, byte [var_dh]\l0x001137f9      cmp al, byte [var_eh]\l0x001137fc      je 0x11380a\l"]
	"0x001137fe" [URL="sym.lexan/0x001137fe", fillcolor="#c19c00",color="#c19c00", fontname="Courier",label="0x001137fe      cmp byte [var_dh], 0xa\l0x00113802      je 0x11380a\l"]
	"0x00113804" [URL="sym.lexan/0x00113804", fillcolor="#c19c00",color="#c19c00", fontname="Courier",label="0x00113804      cmp byte [var_dh], 0\l0x00113808      jne 0x1137d3\l"]
	"0x0011380a" [URL="sym.lexan/0x0011380a", fillcolor="#c19c00",color="#c19c00", fontname="Courier",label="; CODE XREFS from sym.lexan @ 0x1137fc, 0x113802\l0x0011380a      mov al, byte [var_dh]\l0x0011380d      cmp al, byte [var_eh]\l0x00113810      je 0x11381c\l"]
	"0x00113812" [URL="sym.lexan/0x00113812", fillcolor="#c19c00",color="#c19c00", fontname="Courier",label="0x00113812      mov eax, 0xffffffff                                    ; -1\l0x00113817      jmp 0x1138fd\l"]
	"0x0011381c" [URL="sym.lexan/0x0011381c", fillcolor="#c19c00",color="#c19c00", fontname="Courier",label="; CODE XREF from sym.lexan @ 0x113810\l0x0011381c      mov eax, dword [var_ch]\l0x0011381f      lea edx, [eax + 1]\l0x00113822      mov dword [var_ch], edx\l0x00113825      mov edx, eax\l0x00113827      mov eax, dword [arg_10h]\l0x0011382a      add eax, edx\l0x0011382c      mov byte [eax], 0\l0x0011382f      inc dword [var_4h]\l0x00113832      jmp 0x1138dc\l"]
	"0x00113837" [URL="sym.lexan/0x00113837", fillcolor="#c19c00",color="#c19c00", fontname="Courier",label="; CODE XREF from sym.lexan @ 0x1137c6\l0x00113837      mov eax, dword [var_ch]\l0x0011383a      lea edx, [eax + 1]\l0x0011383d      mov dword [var_ch], edx\l0x00113840      mov edx, eax\l0x00113842      mov eax, dword [arg_10h]\l0x00113845      add edx, eax\l0x00113847      mov al, byte [var_dh]\l0x0011384a      mov byte [edx], al\l0x0011384c      inc dword [var_8h]\l0x0011384f      jmp 0x113869\l"]
	"0x00113851" [URL="sym.lexan/0x00113851", fillcolor="#c19c00",color="#c19c00", fontname="Courier",label="; CODE XREF from sym.lexan @ 0x1138a5\l0x00113851      mov eax, dword [var_ch]\l0x00113854      lea edx, [eax + 1]\l0x00113857      mov dword [var_ch], edx\l0x0011385a      mov edx, eax\l0x0011385c      mov eax, dword [arg_10h]\l0x0011385f      add edx, eax\l0x00113861      mov al, byte [var_dh]\l0x00113864      mov byte [edx], al\l0x00113866      inc dword [var_8h]\l"]
	"0x00113869" [URL="sym.lexan/0x00113869", fillcolor="#c19c00",color="#c19c00", fontname="Courier",label="; CODE XREF from sym.lexan @ 0x11384f\l0x00113869      mov eax, dword [var_8h]\l0x0011386c      mov al, byte [eax]\l0x0011386e      mov byte [var_dh], al\l0x00113871      cmp byte [var_dh], 0xa\l0x00113875      je 0x1138a7\l"]
	"0x00113877" [URL="sym.lexan/0x00113877", fillcolor="#c19c00",color="#c19c00", fontname="Courier",label="0x00113877      cmp byte [var_dh], 0\l0x0011387b      je 0x1138a7\l"]
	"0x0011387d" [URL="sym.lexan/0x0011387d", fillcolor="#c19c00",color="#c19c00", fontname="Courier",label="0x0011387d      cmp byte [var_dh], 0x3c\l0x00113881      je 0x1138a7\l"]
	"0x00113883" [URL="sym.lexan/0x00113883", fillcolor="#c19c00",color="#c19c00", fontname="Courier",label="0x00113883      cmp byte [var_dh], 0x3e\l0x00113887      je 0x1138a7\l"]
	"0x00113889" [URL="sym.lexan/0x00113889", fillcolor="#c19c00",color="#c19c00", fontname="Courier",label="0x00113889      cmp byte [var_dh], 0x20\l0x0011388d      je 0x1138a7\l"]
	"0x0011388f" [URL="sym.lexan/0x0011388f", fillcolor="#c19c00",color="#c19c00", fontname="Courier",label="0x0011388f      cmp byte [var_dh], 9\l0x00113893      je 0x1138a7\l"]
	"0x00113895" [URL="sym.lexan/0x00113895", fillcolor="#c19c00",color="#c19c00", fontname="Courier",label="0x00113895      cmp byte [var_dh], 0x26\l0x00113899      je 0x1138a7\l"]
	"0x0011389b" [URL="sym.lexan/0x0011389b", fillcolor="#c19c00",color="#c19c00", fontname="Courier",label="0x0011389b      cmp byte [var_dh], 0x27\l0x0011389f      je 0x1138a7\l"]
	"0x001138a1" [URL="sym.lexan/0x001138a1", fillcolor="#c19c00",color="#c19c00", fontname="Courier",label="0x001138a1      cmp byte [var_dh], 0x22\l0x001138a5      jne 0x113851\l"]
	"0x001138a7" [URL="sym.lexan/0x001138a7", fillcolor="#c19c00",color="#c19c00", fontname="Courier",label="; XREFS: CODE 0x00113875  CODE 0x0011387b  CODE 0x00113881  \l; XREFS: CODE 0x00113887  CODE 0x0011388d  CODE 0x00113893  \l; XREFS: CODE 0x00113899  CODE 0x0011389f  \l0x001138a7      cmp byte [var_dh], 0x27\l0x001138ab      je 0x1138bf\l"]
	"0x001138ad" [URL="sym.lexan/0x001138ad", fillcolor="#c19c00",color="#c19c00", fontname="Courier",label="0x001138ad      cmp byte [var_dh], 0x22\l0x001138b1      je 0x1138bf\l"]
	"0x001138b3" [URL="sym.lexan/0x001138b3", fillcolor="#c19c00",color="#c19c00", fontname="Courier",label="0x001138b3      cmp byte [var_dh], 0x3c\l0x001138b7      je 0x1138bf\l"]
	"0x001138b9" [URL="sym.lexan/0x001138b9", fillcolor="#c19c00",color="#c19c00", fontname="Courier",label="0x001138b9      cmp byte [var_dh], 0x3e\l0x001138bd      jne 0x1138c6\l"]
	"0x001138bf" [URL="sym.lexan/0x001138bf", fillcolor="#c19c00",color="#c19c00", fontname="Courier",label="; CODE XREFS from sym.lexan @ 0x1138ab, 0x1138b1, 0x1138b7\l0x001138bf      mov eax, 0xffffffff                                    ; -1\l0x001138c4      jmp 0x1138fd\l"]
	"0x001138c6" [URL="sym.lexan/0x001138c6", fillcolor="#c19c00",color="#c19c00", fontname="Courier",label="; CODE XREF from sym.lexan @ 0x1138bd\l0x001138c6      mov eax, dword [var_ch]\l0x001138c9      lea edx, [eax + 1]\l0x001138cc      mov dword [var_ch], edx\l0x001138cf      mov edx, eax\l0x001138d1      mov eax, dword [arg_10h]\l0x001138d4      add eax, edx\l0x001138d6      mov byte [eax], 0\l0x001138d9      inc dword [var_4h]\l"]
	"0x001138dc" [URL="sym.lexan/0x001138dc", fillcolor="#c19c00",color="#c19c00", fontname="Courier",label="; CODE XREFS from sym.lexan @ 0x113652, 0x113712, 0x11375a, 0x1137a2, 0x113832\l0x001138dc      mov eax, dword [var_8h]\l0x001138df      mov al, byte [eax]\l0x001138e1      test al, al\l0x001138e3      je 0x1138f2\l"]
	"0x001138e5" [URL="sym.lexan/0x001138e5", fillcolor="#c19c00",color="#c19c00", fontname="Courier",label="0x001138e5      mov eax, dword [var_8h]\l0x001138e8      mov al, byte [eax]\l0x001138ea      cmp al, 0xa                                            ; 10\l0x001138ec      jne 0x113657\l"]
	"0x001138f2" [URL="sym.lexan/0x001138f2", fillcolor="#c19c00",color="#c19c00", fontname="Courier",label="; CODE XREF from sym.lexan @ 0x1138e3\l0x001138f2      mov eax, dword [arg_14h]\l0x001138f5      mov edx, dword [var_ch]\l0x001138f8      mov dword [eax], edx\l0x001138fa      mov eax, dword [var_4h]\l"]
	"0x001138fd" [URL="sym.lexan/0x001138fd", fillcolor="#c19c00",color="#c19c00", fontname="Courier",label="; CODE XREFS from sym.lexan @ 0x113662, 0x11369b, 0x113817, 0x1138c4\l0x001138fd      leave\l0x001138fe      ret\l"]
        "0x0011362e" -> "0x001138dc" [color="#0037da"];
        "0x00113657" -> "0x0011366a" [color="#13a10e"];
        "0x00113657" -> "0x0011365d" [color="#c50f1f"];
        "0x0011365d" -> "0x001138fd" [color="#0037da"];
        "0x00113667" -> "0x0011366a" [color="#0037da"];
        "0x0011366a" -> "0x00113667" [color="#13a10e"];
        "0x0011366a" -> "0x00113673" [color="#c50f1f"];
        "0x00113673" -> "0x00113667" [color="#13a10e"];
        "0x00113673" -> "0x0011367c" [color="#c50f1f"];
        "0x0011367c" -> "0x00113690" [color="#13a10e"];
        "0x0011367c" -> "0x0011368a" [color="#c50f1f"];
        "0x0011368a" -> "0x001136a0" [color="#13a10e"];
        "0x0011368a" -> "0x00113690" [color="#c50f1f"];
        "0x00113690" -> "0x001138fd" [color="#0037da"];
        "0x001136a0" -> "0x00113717" [color="#13a10e"];
        "0x001136a0" -> "0x001136bd" [color="#c50f1f"];
        "0x001136bd" -> "0x0011375f" [color="#13a10e"];
        "0x001136bd" -> "0x001136c6" [color="#c50f1f"];
        "0x001136c6" -> "0x001137a7" [color="#13a10e"];
        "0x001136c6" -> "0x001136cf" [color="#c50f1f"];
        "0x001136cf" -> "0x001138dc" [color="#0037da"];
        "0x00113717" -> "0x001138dc" [color="#0037da"];
        "0x0011375f" -> "0x001138dc" [color="#0037da"];
        "0x001137a7" -> "0x001137c8" [color="#13a10e"];
        "0x001137a7" -> "0x001137c2" [color="#c50f1f"];
        "0x001137c2" -> "0x00113837" [color="#13a10e"];
        "0x001137c2" -> "0x001137c8" [color="#c50f1f"];
        "0x001137c8" -> "0x001137e8" [color="#0037da"];
        "0x001137d3" -> "0x001137e8" [color="#0037da"];
        "0x001137e8" -> "0x0011380a" [color="#13a10e"];
        "0x001137e8" -> "0x001137fe" [color="#c50f1f"];
        "0x001137fe" -> "0x0011380a" [color="#13a10e"];
        "0x001137fe" -> "0x00113804" [color="#c50f1f"];
        "0x00113804" -> "0x001137d3" [color="#13a10e"];
        "0x00113804" -> "0x0011380a" [color="#c50f1f"];
        "0x0011380a" -> "0x0011381c" [color="#13a10e"];
        "0x0011380a" -> "0x00113812" [color="#c50f1f"];
        "0x00113812" -> "0x001138fd" [color="#0037da"];
        "0x0011381c" -> "0x001138dc" [color="#0037da"];
        "0x00113837" -> "0x00113869" [color="#0037da"];
        "0x00113851" -> "0x00113869" [color="#0037da"];
        "0x00113869" -> "0x001138a7" [color="#13a10e"];
        "0x00113869" -> "0x00113877" [color="#c50f1f"];
        "0x00113877" -> "0x001138a7" [color="#13a10e"];
        "0x00113877" -> "0x0011387d" [color="#c50f1f"];
        "0x0011387d" -> "0x001138a7" [color="#13a10e"];
        "0x0011387d" -> "0x00113883" [color="#c50f1f"];
        "0x00113883" -> "0x001138a7" [color="#13a10e"];
        "0x00113883" -> "0x00113889" [color="#c50f1f"];
        "0x00113889" -> "0x001138a7" [color="#13a10e"];
        "0x00113889" -> "0x0011388f" [color="#c50f1f"];
        "0x0011388f" -> "0x001138a7" [color="#13a10e"];
        "0x0011388f" -> "0x00113895" [color="#c50f1f"];
        "0x00113895" -> "0x001138a7" [color="#13a10e"];
        "0x00113895" -> "0x0011389b" [color="#c50f1f"];
        "0x0011389b" -> "0x001138a7" [color="#13a10e"];
        "0x0011389b" -> "0x001138a1" [color="#c50f1f"];
        "0x001138a1" -> "0x00113851" [color="#13a10e"];
        "0x001138a1" -> "0x001138a7" [color="#c50f1f"];
        "0x001138a7" -> "0x001138bf" [color="#13a10e"];
        "0x001138a7" -> "0x001138ad" [color="#c50f1f"];
        "0x001138ad" -> "0x001138bf" [color="#13a10e"];
        "0x001138ad" -> "0x001138b3" [color="#c50f1f"];
        "0x001138b3" -> "0x001138bf" [color="#13a10e"];
        "0x001138b3" -> "0x001138b9" [color="#c50f1f"];
        "0x001138b9" -> "0x001138c6" [color="#13a10e"];
        "0x001138b9" -> "0x001138bf" [color="#c50f1f"];
        "0x001138bf" -> "0x001138fd" [color="#0037da"];
        "0x001138c6" -> "0x001138dc" [color="#0037da"];
        "0x001138dc" -> "0x001138f2" [color="#13a10e"];
        "0x001138dc" -> "0x001138e5" [color="#c50f1f"];
        "0x001138e5" -> "0x00113657" [color="#13a10e"];
        "0x001138e5" -> "0x001138f2" [color="#c50f1f"];
        "0x001138f2" -> "0x001138fd" [color="#0037da"];
}
