digraph code {
	graph [bgcolor=azure fontsize=8 fontname="Courier" splines="ortho"];
	node [fillcolor=gray style=filled shape=box];
	edge [arrowhead="normal"];
	"0x00102cdd" [URL="sym.meminit/0x00102cdd", fillcolor="#c19c00",color="#c19c00", fontname="Courier",label="  ; CALL XREF from sym.sysinit @ 0x1023da\l618: sym.meminit ();\l; var int32_t var_2ch @ ebp-0x2c\l; var int32_t var_28h @ ebp-0x28\l; var int32_t var_24h @ ebp-0x24\l; var int32_t var_20h @ ebp-0x20\l; var int32_t var_1ch @ ebp-0x1c\l; var int32_t var_ch @ ebp-0xc\l0x00102cdd      push ebp\l0x00102cde      mov ebp, esp\l0x00102ce0      push edi\l0x00102ce1      push esi\l0x00102ce2      push ebx\l0x00102ce3      sub esp, 0x2c\l0x00102ce6      call sym.__x86.get_pc_thunk.bx\l0x00102ceb      add ebx, 0x1e315\l0x00102cf1      mov dword [var_20h], 0\l0x00102cf8      mov dword [var_2ch], 0\l0x00102cff      mov eax, obj.memlist                                   ; 0x122d90\l0x00102d05      mov dword [var_1ch], eax\l0x00102d08      mov eax, dword [var_1ch]\l0x00102d0b      mov dword [eax], 0\l0x00102d11      mov eax, dword [var_1ch]\l0x00102d14      mov dword [eax + 4], 0\l0x00102d1b      mov eax, obj.minheap                                   ; 0x122df8\l0x00102d21      mov edx, loc.end                                       ; loc._end\l                                                                       ; 0x141000\l0x00102d27      mov dword [eax], edx\l0x00102d29      mov eax, obj.minheap                                   ; 0x122df8\l0x00102d2f      mov edx, dword [eax]\l0x00102d31      mov eax, obj.maxheap                                   ; 0x122dfc\l0x00102d37      mov dword [eax], edx\l0x00102d39      mov eax, dword [ebx - 0x1180]\l0x00102d3f      cmp eax, 0x2badb002\l0x00102d44      je 0x102d58\l"]
	"0x00102d46" [URL="sym.meminit/0x00102d46", fillcolor="#c19c00",color="#c19c00", fontname="Courier",label="0x00102d46      sub esp, 0xc\l0x00102d49      lea eax, [ebx - 0x8c84]\l0x00102d4f      push eax\l0x00102d50      call sym.panic\l0x00102d55      add esp, 0x10\l"]
	"0x00102d58" [URL="sym.meminit/0x00102d58", fillcolor="#c19c00",color="#c19c00", fontname="Courier",label="; CODE XREF from sym.meminit @ 0x102d44\l0x00102d58      mov eax, dword [ebx - 0x117c]\l0x00102d5e      mov eax, dword [eax]\l0x00102d60      and eax, 0x40                                          ; 64\l0x00102d63      test eax, eax\l0x00102d65      jne 0x102d79\l"]
	"0x00102d67" [URL="sym.meminit/0x00102d67", fillcolor="#c19c00",color="#c19c00", fontname="Courier",label="0x00102d67      sub esp, 0xc\l0x00102d6a      lea eax, [ebx - 0x8c61]\l0x00102d70      push eax\l0x00102d71      call sym.panic\l0x00102d76      add esp, 0x10\l"]
	"0x00102d79" [URL="sym.meminit/0x00102d79", fillcolor="#c19c00",color="#c19c00", fontname="Courier",label="; CODE XREF from sym.meminit @ 0x102d65\l0x00102d79      mov eax, dword [ebx - 0x117c]\l0x00102d7f      mov eax, dword [eax + 0x30]\l0x00102d82      mov dword [var_20h], eax\l0x00102d85      mov eax, dword [ebx - 0x117c]\l0x00102d8b      mov edx, dword [eax + 0x2c]\l0x00102d8e      mov eax, dword [var_20h]\l0x00102d91      add eax, edx\l0x00102d93      mov dword [var_2ch], eax\l0x00102d96      jmp 0x102f23\l"]
	"0x00102d9b" [URL="sym.meminit/0x00102d9b", fillcolor="#c19c00",color="#c19c00", fontname="Courier",label="; CODE XREF from sym.meminit @ 0x102f29\l0x00102d9b      mov eax, dword [var_20h]\l0x00102d9e      mov eax, dword [eax + 0x14]\l0x00102da1      cmp eax, 1                                             ; 1\l0x00102da4      je 0x102db6\l"]
	"0x00102da6" [URL="sym.meminit/0x00102da6", fillcolor="#c19c00",color="#c19c00", fontname="Courier",label="0x00102da6      mov eax, dword [var_20h]\l0x00102da9      mov eax, dword [eax]\l0x00102dab      add eax, 4\l0x00102dae      add dword [var_20h], eax\l0x00102db1      jmp 0x102f23\l"]
	"0x00102db6" [URL="sym.meminit/0x00102db6", fillcolor="#c19c00",color="#c19c00", fontname="Courier",label="; CODE XREF from sym.meminit @ 0x102da4\l0x00102db6      mov eax, dword [var_20h]\l0x00102db9      mov edx, dword [eax + 8]\l0x00102dbc      mov eax, dword [eax + 4]\l0x00102dbf      mov ecx, eax\l0x00102dc1      mov eax, dword [var_20h]\l0x00102dc4      mov edx, dword [eax + 0x10]\l0x00102dc7      mov eax, dword [eax + 0xc]\l0x00102dca      lea edx, [ecx + eax]\l0x00102dcd      mov eax, obj.maxheap                                   ; 0x122dfc\l0x00102dd3      mov eax, dword [eax]\l0x00102dd5      cmp edx, eax\l0x00102dd7      jbe 0x102df9\l"]
	"0x00102dd9" [URL="sym.meminit/0x00102dd9", fillcolor="#c19c00",color="#c19c00", fontname="Courier",label="0x00102dd9      mov eax, dword [var_20h]\l0x00102ddc      mov edx, dword [eax + 8]\l0x00102ddf      mov eax, dword [eax + 4]\l0x00102de2      mov ecx, eax\l0x00102de4      mov eax, dword [var_20h]\l0x00102de7      mov edx, dword [eax + 0x10]\l0x00102dea      mov eax, dword [eax + 0xc]\l0x00102ded      add eax, ecx\l0x00102def      mov edx, eax\l0x00102df1      mov eax, obj.maxheap                                   ; 0x122dfc\l0x00102df7      mov dword [eax], edx\l"]
	"0x00102df9" [URL="sym.meminit/0x00102df9", fillcolor="#c19c00",color="#c19c00", fontname="Courier",label="; CODE XREF from sym.meminit @ 0x102dd7\l0x00102df9      mov eax, dword [var_20h]\l0x00102dfc      mov esi, dword [eax + 4]\l0x00102dff      mov edi, dword [eax + 8]\l0x00102e02      mov eax, dword [var_20h]\l0x00102e05      mov edx, dword [eax + 0x10]\l0x00102e08      mov eax, dword [eax + 0xc]\l0x00102e0b      add esi, eax\l0x00102e0d      adc edi, edx\l0x00102e0f      mov eax, obj.minheap                                   ; 0x122df8\l0x00102e15      mov eax, dword [eax]\l0x00102e17      mov edx, 0\l0x00102e1c      cmp edi, edx\l0x00102e1e      ja 0x102e38\l"]
	"0x00102e20" [URL="sym.meminit/0x00102e20", fillcolor="#c19c00",color="#c19c00", fontname="Courier",label="0x00102e20      cmp edi, edx\l0x00102e22      jb 0x102e28\l"]
	"0x00102e24" [URL="sym.meminit/0x00102e24", fillcolor="#c19c00",color="#c19c00", fontname="Courier",label="0x00102e24      cmp esi, eax\l0x00102e26      jae 0x102e38\l"]
	"0x00102e28" [URL="sym.meminit/0x00102e28", fillcolor="#c19c00",color="#c19c00", fontname="Courier",label="; CODE XREF from sym.meminit @ 0x102e22\l0x00102e28      mov eax, dword [var_20h]\l0x00102e2b      mov eax, dword [eax]\l0x00102e2d      add eax, 4\l0x00102e30      add dword [var_20h], eax\l0x00102e33      jmp 0x102f23\l"]
	"0x00102e38" [URL="sym.meminit/0x00102e38", fillcolor="#c19c00",color="#c19c00", fontname="Courier",label="; CODE XREFS from sym.meminit @ 0x102e1e, 0x102e26\l0x00102e38      mov eax, dword [var_20h]\l0x00102e3b      mov edx, dword [eax + 8]\l0x00102e3e      mov eax, dword [eax + 4]\l0x00102e41      mov ecx, obj.minheap                                   ; 0x122df8\l0x00102e47      mov ecx, dword [ecx]\l0x00102e49      mov esi, ecx\l0x00102e4b      mov edi, 0\l0x00102e50      cmp edx, edi\l0x00102e52      ja 0x102ec7\l"]
	"0x00102e54" [URL="sym.meminit/0x00102e54", fillcolor="#c19c00",color="#c19c00", fontname="Courier",label="0x00102e54      cmp edx, edi\l0x00102e56      jb 0x102e5c\l"]
	"0x00102e58" [URL="sym.meminit/0x00102e58", fillcolor="#c19c00",color="#c19c00", fontname="Courier",label="0x00102e58      cmp eax, esi\l0x00102e5a      ja 0x102ec7\l"]
	"0x00102e5c" [URL="sym.meminit/0x00102e5c", fillcolor="#c19c00",color="#c19c00", fontname="Courier",label="; CODE XREF from sym.meminit @ 0x102e56\l0x00102e5c      mov eax, dword [var_20h]\l0x00102e5f      mov esi, dword [eax + 4]\l0x00102e62      mov edi, dword [eax + 8]\l0x00102e65      mov eax, dword [var_20h]\l0x00102e68      mov edx, dword [eax + 0x10]\l0x00102e6b      mov eax, dword [eax + 0xc]\l0x00102e6e      add esi, eax\l0x00102e70      adc edi, edx\l0x00102e72      mov eax, obj.minheap                                   ; 0x122df8\l0x00102e78      mov eax, dword [eax]\l0x00102e7a      mov edx, 0\l0x00102e7f      cmp edi, edx\l0x00102e81      jb 0x102ec7\l"]
	"0x00102e83" [URL="sym.meminit/0x00102e83", fillcolor="#c19c00",color="#c19c00", fontname="Courier",label="0x00102e83      cmp edi, edx\l0x00102e85      ja 0x102e8b\l"]
	"0x00102e87" [URL="sym.meminit/0x00102e87", fillcolor="#c19c00",color="#c19c00", fontname="Courier",label="0x00102e87      cmp esi, eax\l0x00102e89      jbe 0x102ec7\l"]
	"0x00102e8b" [URL="sym.meminit/0x00102e8b", fillcolor="#c19c00",color="#c19c00", fontname="Courier",label="; CODE XREF from sym.meminit @ 0x102e85\l0x00102e8b      mov eax, obj.minheap                                   ; 0x122df8\l0x00102e91      mov eax, dword [eax]\l0x00102e93      add eax, 7\l0x00102e96      and eax, 0xfffffff8                                    ; 4294967288\l0x00102e99      mov dword [var_24h], eax\l0x00102e9c      mov eax, dword [var_20h]\l0x00102e9f      mov edx, dword [eax + 8]\l0x00102ea2      mov eax, dword [eax + 4]\l0x00102ea5      mov ecx, eax\l0x00102ea7      mov eax, dword [var_20h]\l0x00102eaa      mov edx, dword [eax + 0x10]\l0x00102ead      mov eax, dword [eax + 0xc]\l0x00102eb0      lea edx, [ecx + eax]\l0x00102eb3      mov eax, obj.minheap                                   ; 0x122df8\l0x00102eb9      mov eax, dword [eax]\l0x00102ebb      sub edx, eax\l0x00102ebd      mov eax, edx\l0x00102ebf      and eax, 0xfffffff8                                    ; 4294967288\l0x00102ec2      mov dword [var_28h], eax\l0x00102ec5      jmp 0x102ee8\l"]
	"0x00102ec7" [URL="sym.meminit/0x00102ec7", fillcolor="#c19c00",color="#c19c00", fontname="Courier",label="; CODE XREFS from sym.meminit @ 0x102e52, 0x102e5a, 0x102e81, 0x102e89\l0x00102ec7      mov eax, dword [var_20h]\l0x00102eca      mov edx, dword [eax + 8]\l0x00102ecd      mov eax, dword [eax + 4]\l0x00102ed0      add eax, 7\l0x00102ed3      and eax, 0xfffffff8                                    ; 4294967288\l0x00102ed6      mov dword [var_24h], eax\l0x00102ed9      mov eax, dword [var_20h]\l0x00102edc      mov edx, dword [eax + 0x10]\l0x00102edf      mov eax, dword [eax + 0xc]\l0x00102ee2      and eax, 0xfffffff8                                    ; 4294967288\l0x00102ee5      mov dword [var_28h], eax\l"]
	"0x00102ee8" [URL="sym.meminit/0x00102ee8", fillcolor="#c19c00",color="#c19c00", fontname="Courier",label="; CODE XREF from sym.meminit @ 0x102ec5\l0x00102ee8      mov eax, dword [var_1ch]\l0x00102eeb      mov edx, dword [var_24h]\l0x00102eee      mov dword [eax], edx\l0x00102ef0      mov eax, dword [var_1ch]\l0x00102ef3      mov eax, dword [eax]\l0x00102ef5      mov dword [var_1ch], eax\l0x00102ef8      mov eax, dword [var_1ch]\l0x00102efb      mov edx, dword [var_28h]\l0x00102efe      mov dword [eax + 4], edx\l0x00102f01      mov eax, obj.memlist                                   ; 0x122d90\l0x00102f07      mov edx, dword [eax + 4]\l0x00102f0a      mov eax, dword [var_28h]\l0x00102f0d      add edx, eax\l0x00102f0f      mov eax, obj.memlist                                   ; 0x122d90\l0x00102f15      mov dword [eax + 4], edx\l0x00102f18      mov eax, dword [var_20h]\l0x00102f1b      mov eax, dword [eax]\l0x00102f1d      add eax, 4\l0x00102f20      add dword [var_20h], eax\l"]
	"0x00102f23" [URL="sym.meminit/0x00102f23", fillcolor="#c19c00",color="#c19c00", fontname="Courier",label="; CODE XREFS from sym.meminit @ 0x102d96, 0x102db1, 0x102e33\l0x00102f23      mov eax, dword [var_20h]\l0x00102f26      cmp eax, dword [var_2ch]\l0x00102f29      jb 0x102d9b\l"]
	"0x00102f2f" [URL="sym.meminit/0x00102f2f", fillcolor="#c19c00",color="#c19c00", fontname="Courier",label="0x00102f2f      cmp dword [var_1ch], 0\l0x00102f33      je 0x102f3e\l"]
	"0x00102f35" [URL="sym.meminit/0x00102f35", fillcolor="#c19c00",color="#c19c00", fontname="Courier",label="0x00102f35      mov eax, dword [var_1ch]\l0x00102f38      mov dword [eax], 0\l"]
	"0x00102f3e" [URL="sym.meminit/0x00102f3e", fillcolor="#c19c00",color="#c19c00", fontname="Courier",label="; CODE XREF from sym.meminit @ 0x102f33\l0x00102f3e      nop\l0x00102f3f      lea esp, [var_ch]\l0x00102f42      pop ebx\l0x00102f43      pop esi\l0x00102f44      pop edi\l0x00102f45      pop ebp\l0x00102f46      ret\l"]
        "0x00102cdd" -> "0x00102d58" [color="#13a10e"];
        "0x00102cdd" -> "0x00102d46" [color="#c50f1f"];
        "0x00102d46" -> "0x00102d58" [color="#0037da"];
        "0x00102d58" -> "0x00102d79" [color="#13a10e"];
        "0x00102d58" -> "0x00102d67" [color="#c50f1f"];
        "0x00102d67" -> "0x00102d79" [color="#0037da"];
        "0x00102d79" -> "0x00102f23" [color="#0037da"];
        "0x00102d9b" -> "0x00102db6" [color="#13a10e"];
        "0x00102d9b" -> "0x00102da6" [color="#c50f1f"];
        "0x00102da6" -> "0x00102f23" [color="#0037da"];
        "0x00102db6" -> "0x00102df9" [color="#13a10e"];
        "0x00102db6" -> "0x00102dd9" [color="#c50f1f"];
        "0x00102dd9" -> "0x00102df9" [color="#0037da"];
        "0x00102df9" -> "0x00102e38" [color="#13a10e"];
        "0x00102df9" -> "0x00102e20" [color="#c50f1f"];
        "0x00102e20" -> "0x00102e28" [color="#13a10e"];
        "0x00102e20" -> "0x00102e24" [color="#c50f1f"];
        "0x00102e24" -> "0x00102e38" [color="#13a10e"];
        "0x00102e24" -> "0x00102e28" [color="#c50f1f"];
        "0x00102e28" -> "0x00102f23" [color="#0037da"];
        "0x00102e38" -> "0x00102ec7" [color="#13a10e"];
        "0x00102e38" -> "0x00102e54" [color="#c50f1f"];
        "0x00102e54" -> "0x00102e5c" [color="#13a10e"];
        "0x00102e54" -> "0x00102e58" [color="#c50f1f"];
        "0x00102e58" -> "0x00102ec7" [color="#13a10e"];
        "0x00102e58" -> "0x00102e5c" [color="#c50f1f"];
        "0x00102e5c" -> "0x00102ec7" [color="#13a10e"];
        "0x00102e5c" -> "0x00102e83" [color="#c50f1f"];
        "0x00102e83" -> "0x00102e8b" [color="#13a10e"];
        "0x00102e83" -> "0x00102e87" [color="#c50f1f"];
        "0x00102e87" -> "0x00102ec7" [color="#13a10e"];
        "0x00102e87" -> "0x00102e8b" [color="#c50f1f"];
        "0x00102e8b" -> "0x00102ee8" [color="#0037da"];
        "0x00102ec7" -> "0x00102ee8" [color="#0037da"];
        "0x00102ee8" -> "0x00102f23" [color="#0037da"];
        "0x00102f23" -> "0x00102d9b" [color="#13a10e"];
        "0x00102f23" -> "0x00102f2f" [color="#c50f1f"];
        "0x00102f2f" -> "0x00102f3e" [color="#13a10e"];
        "0x00102f2f" -> "0x00102f35" [color="#c50f1f"];
        "0x00102f35" -> "0x00102f3e" [color="#0037da"];
}
