digraph code {
	graph [bgcolor=azure fontsize=8 fontname="Courier" splines="ortho"];
	node [fillcolor=gray style=filled shape=box];
	edge [arrowhead="normal"];
	"0x00108bd3" [URL="sym.naminit/0x00108bd3", fillcolor="#c19c00",color="#c19c00", fontname="Courier",label="525: sym.naminit ();\l; var int32_t var_12ah @ ebp-0x12a\l; var int32_t var_126h @ ebp-0x126\l; var int32_t var_124h @ ebp-0x124\l; var int32_t var_24h @ ebp-0x24\l; var int32_t var_20h @ ebp-0x20\l; var int32_t var_19h @ ebp-0x19\l; var int32_t var_18h @ ebp-0x18\l; var int32_t var_14h @ ebp-0x14\l; var int32_t var_10h @ ebp-0x10\l; var int32_t var_ch @ ebp-0xc\l; var int32_t var_148h @ esp+0x4\l; var int32_t var_144h @ esp+0x8\l0x00108bd3      push ebp\l0x00108bd4      mov ebp, esp\l0x00108bd6      sub esp, 0x148\l0x00108bdc      mov dword [var_12ah], 0x7665642f                       ; '/dev'\l0x00108be6      mov word [var_126h], 0x2f                              ; '/' ; 47\l0x00108bef      mov dword [obj.nnames], 0                              ; [0x123ba0:4]=0\l0x00108bf9      mov dword [var_ch], 0\l0x00108c00      jmp 0x108d0b\l"]
	"0x00108c05" [URL="sym.naminit/0x00108c05", fillcolor="#c19c00",color="#c19c00", fontname="Courier",label="; CODE XREF from sym.naminit @ 0x108d0f\l0x00108c05      lea eax, [var_124h]\l0x00108c0b      mov dword [var_10h], eax\l0x00108c0e      lea eax, [var_12ah]\l0x00108c14      mov dword [var_14h], eax\l0x00108c17      mov dword [var_18h], 0\l0x00108c1e      jmp 0x108c23\l"]
	"0x00108c20" [URL="sym.naminit/0x00108c20", fillcolor="#c19c00",color="#c19c00", fontname="Courier",label="; CODE XREF from sym.naminit @ 0x108c3d\l0x00108c20      inc dword [var_18h]\l"]
	"0x00108c23" [URL="sym.naminit/0x00108c23", fillcolor="#c19c00",color="#c19c00", fontname="Courier",label="; CODE XREF from sym.naminit @ 0x108c1e\l0x00108c23      mov eax, dword [var_10h]\l0x00108c26      lea edx, [eax + 1]\l0x00108c29      mov dword [var_10h], edx\l0x00108c2c      mov edx, dword [var_14h]\l0x00108c2f      lea ecx, [edx + 1]\l0x00108c32      mov dword [var_14h], ecx\l0x00108c35      mov dl, byte [edx]\l0x00108c37      mov byte [eax], dl\l0x00108c39      mov al, byte [eax]\l0x00108c3b      test al, al\l0x00108c3d      jne 0x108c20\l"]
	"0x00108c3f" [URL="sym.naminit/0x00108c3f", fillcolor="#c19c00",color="#c19c00", fontname="Courier",label="0x00108c3f      dec dword [var_10h]\l0x00108c42      mov eax, dword [var_ch]\l0x00108c45      shl eax, 2\l0x00108c48      mov edx, eax\l0x00108c4a      shl edx, 4\l0x00108c4d      sub edx, eax\l0x00108c4f      lea eax, [edx + obj.devtab]                            ; 0x11f880\l0x00108c55      mov dword [var_20h], eax\l0x00108c58      mov eax, dword [var_20h]\l0x00108c5b      mov eax, dword [eax + 8]\l0x00108c5e      mov dword [var_14h], eax\l0x00108c61      jmp 0x108c9c\l"]
	"0x00108c63" [URL="sym.naminit/0x00108c63", fillcolor="#c19c00",color="#c19c00", fontname="Courier",label="; CODE XREF from sym.naminit @ 0x108ca6\l0x00108c63      mov eax, dword [var_14h]\l0x00108c66      lea edx, [eax + 1]\l0x00108c69      mov dword [var_14h], edx\l0x00108c6c      mov al, byte [eax]\l0x00108c6e      mov byte [var_19h], al\l0x00108c71      cmp byte [var_19h], 0x40\l0x00108c75      jle 0x108c86\l"]
	"0x00108c77" [URL="sym.naminit/0x00108c77", fillcolor="#c19c00",color="#c19c00", fontname="Courier",label="0x00108c77      cmp byte [var_19h], 0x5a\l0x00108c7b      jg 0x108c86\l"]
	"0x00108c7d" [URL="sym.naminit/0x00108c7d", fillcolor="#c19c00",color="#c19c00", fontname="Courier",label="0x00108c7d      mov al, byte [var_19h]\l0x00108c80      add eax, 0x20                                          ; loc.EOI\l0x00108c83      mov byte [var_19h], al\l"]
	"0x00108c86" [URL="sym.naminit/0x00108c86", fillcolor="#c19c00",color="#c19c00", fontname="Courier",label="; CODE XREFS from sym.naminit @ 0x108c75, 0x108c7b\l0x00108c86      mov eax, dword [var_10h]\l0x00108c89      lea edx, [eax + 1]\l0x00108c8c      mov dword [var_10h], edx\l0x00108c8f      mov dl, byte [var_19h]\l0x00108c92      mov byte [eax], dl\l0x00108c94      mov al, byte [eax]\l0x00108c96      test al, al\l0x00108c98      jne 0x108c9c\l"]
	"0x00108c9a" [URL="sym.naminit/0x00108c9a", fillcolor="#c19c00",color="#c19c00", fontname="Courier",label="0x00108c9a      jmp 0x108ca8\l"]
	"0x00108c9c" [URL="sym.naminit/0x00108c9c", fillcolor="#c19c00",color="#c19c00", fontname="Courier",label="; CODE XREFS from sym.naminit @ 0x108c61, 0x108c98\l0x00108c9c      inc dword [var_18h]\l0x00108c9f      cmp dword [var_18h], 0xff\l0x00108ca6      jle 0x108c63\l"]
	"0x00108ca8" [URL="sym.naminit/0x00108ca8", fillcolor="#c19c00",color="#c19c00", fontname="Courier",label="; CODE XREF from sym.naminit @ 0x108c9a\l0x00108ca8      cmp dword [var_18h], 0x100\l0x00108caf      jle 0x108cc9\l"]
	"0x00108cb1" [URL="sym.naminit/0x00108cb1", fillcolor="#c19c00",color="#c19c00", fontname="Courier",label="0x00108cb1      mov eax, dword [var_20h]\l0x00108cb4      mov eax, dword [eax + 8]\l0x00108cb7      mov dword [var_148h], eax\l0x00108cbb      mov dword [esp], 0x118850                              ; [0x118850:4]=0x656d616e ; \"namespace: device name %s too long\\r\\n\"\l0x00108cc2      call sym.kprintf\l0x00108cc7      jmp 0x108d08\l"]
	"0x00108cc9" [URL="sym.naminit/0x00108cc9", fillcolor="#c19c00",color="#c19c00", fontname="Courier",label="; CODE XREF from sym.naminit @ 0x108caf\l0x00108cc9      mov eax, dword [var_20h]\l0x00108ccc      mov eax, dword [eax]\l0x00108cce      mov dword [var_144h], eax\l0x00108cd2      mov dword [var_148h], 0x118875                         ; [0x118875:4]=0x6e000000\l0x00108cda      lea eax, [var_124h]\l0x00108ce0      mov dword [esp], eax\l0x00108ce3      call sym.mount\l0x00108ce8      mov dword [var_24h], eax\l0x00108ceb      cmp dword [var_24h], 0xffffffff\l0x00108cef      jne 0x108d08\l"]
	"0x00108cf1" [URL="sym.naminit/0x00108cf1", fillcolor="#c19c00",color="#c19c00", fontname="Courier",label="0x00108cf1      mov eax, dword [var_20h]\l0x00108cf4      mov eax, dword [eax + 8]\l0x00108cf7      mov dword [var_148h], eax\l0x00108cfb      mov dword [esp], 0x118878                              ; [0x118878:4]=0x656d616e ; \"namespace: cannot mount device %d\\r\\n\"\l0x00108d02      call sym.kprintf\l0x00108d07      nop\l"]
	"0x00108d08" [URL="sym.naminit/0x00108d08", fillcolor="#c19c00",color="#c19c00", fontname="Courier",label="; CODE XREFS from sym.naminit @ 0x108cc7, 0x108cef\l0x00108d08      inc dword [var_ch]\l"]
	"0x00108d0b" [URL="sym.naminit/0x00108d0b", fillcolor="#c19c00",color="#c19c00", fontname="Courier",label="; CODE XREF from sym.naminit @ 0x108c00\l0x00108d0b      cmp dword [var_ch], 0x17\l0x00108d0f      jle 0x108c05\l"]
	"0x00108d15" [URL="sym.naminit/0x00108d15", fillcolor="#c19c00",color="#c19c00", fontname="Courier",label="0x00108d15      mov dword [var_144h], 1\l0x00108d1d      mov dword [var_148h], 0x118875                         ; [0x118875:4]=0x6e000000\l0x00108d25      mov dword [esp], 0x11889c                              ; [0x11889c:4]=0x7665642f ; \"/dev/null\"\l0x00108d2c      call sym.mount\l0x00108d31      mov dword [var_144h], 6\l0x00108d39      mov dword [var_148h], 0x1188a6                         ; [0x1188a6:4]=0x6f6d6572 ; \"remote:\"\l0x00108d41      mov dword [esp], 0x1188ae                              ; [0x1188ae:4]=0x6d65722f ; \"/remote/\"\l0x00108d48      call sym.mount\l0x00108d4d      mov dword [var_144h], 0x11                             ; [0x11:4]=-1 ; 17\l0x00108d55      mov dword [var_148h], 0x118875                         ; [0x118875:4]=0x6e000000\l0x00108d5d      mov dword [esp], 0x1188b7                              ; [0x1188b7:4]=0x636f6c2f ; \"/local/\"\l0x00108d64      call sym.mount\l0x00108d69      mov dword [var_144h], 0xffffffff                       ; [0xffffffff:4]=-1 ; -1\l0x00108d71      mov dword [var_148h], 0x118875                         ; [0x118875:4]=0x6e000000\l0x00108d79      mov dword [esp], 0x1188bf                              ; [0x1188bf:4]=0x7665642f ; \"/dev/\"\l0x00108d80      call sym.mount\l0x00108d85      mov dword [var_144h], 0x11                             ; [0x11:4]=-1 ; 17\l0x00108d8d      mov dword [var_148h], 0x118875                         ; [0x118875:4]=0x6e000000\l0x00108d95      mov dword [esp], 0x1188c5                              ; [0x1188c5:4]=0x72002f7e ; \"~/\"\l0x00108d9c      call sym.mount\l0x00108da1      mov dword [var_144h], 6\l0x00108da9      mov dword [var_148h], 0x1188c8                         ; [0x1188c8:4]=0x746f6f72 ; \"root:\"\l0x00108db1      mov dword [esp], 0x1188ce                              ; [0x1188ce:4]=0x450a002f ; \"/\"\l0x00108db8      call sym.mount\l0x00108dbd      mov dword [var_144h], 0x11                             ; [0x11:4]=-1 ; 17\l0x00108dc5      mov dword [var_148h], 0x118875                         ; [0x118875:4]=0x6e000000\l0x00108dcd      mov dword [esp], 0x118875                              ; [0x118875:4]=0x6e000000\l0x00108dd4      call sym.mount\l0x00108dd9      mov eax, 1\l0x00108dde      leave\l0x00108ddf      ret\l"]
        "0x00108bd3" -> "0x00108d0b" [color="#0037da"];
        "0x00108c05" -> "0x00108c23" [color="#0037da"];
        "0x00108c20" -> "0x00108c23" [color="#0037da"];
        "0x00108c23" -> "0x00108c20" [color="#13a10e"];
        "0x00108c23" -> "0x00108c3f" [color="#c50f1f"];
        "0x00108c3f" -> "0x00108c9c" [color="#0037da"];
        "0x00108c63" -> "0x00108c86" [color="#13a10e"];
        "0x00108c63" -> "0x00108c77" [color="#c50f1f"];
        "0x00108c77" -> "0x00108c86" [color="#13a10e"];
        "0x00108c77" -> "0x00108c7d" [color="#c50f1f"];
        "0x00108c7d" -> "0x00108c86" [color="#0037da"];
        "0x00108c86" -> "0x00108c9c" [color="#13a10e"];
        "0x00108c86" -> "0x00108c9a" [color="#c50f1f"];
        "0x00108c9a" -> "0x00108ca8" [color="#0037da"];
        "0x00108c9c" -> "0x00108c63" [color="#13a10e"];
        "0x00108c9c" -> "0x00108ca8" [color="#c50f1f"];
        "0x00108ca8" -> "0x00108cc9" [color="#13a10e"];
        "0x00108ca8" -> "0x00108cb1" [color="#c50f1f"];
        "0x00108cb1" -> "0x00108d08" [color="#0037da"];
        "0x00108cc9" -> "0x00108d08" [color="#13a10e"];
        "0x00108cc9" -> "0x00108cf1" [color="#c50f1f"];
        "0x00108cf1" -> "0x00108d08" [color="#0037da"];
        "0x00108d08" -> "0x00108d0b" [color="#0037da"];
        "0x00108d0b" -> "0x00108c05" [color="#13a10e"];
        "0x00108d0b" -> "0x00108d15" [color="#c50f1f"];
}
