digraph code {
	graph [bgcolor=azure fontsize=8 fontname="Courier" splines="ortho"];
	node [fillcolor=gray style=filled shape=box];
	edge [arrowhead="normal"];
	"0x00108e71" [URL="sym.namrepl/0x00108e71", fillcolor="#c19c00",color="#c19c00", fontname="Courier",label="  ; CALL XREF from sym.nammap @ 0x108e2b\l309: sym.namrepl (int32_t arg_8h, int32_t arg_ch);\l; var int32_t var_2dh @ ebp-0x2d\l; var int32_t var_2ch @ ebp-0x2c\l; var int32_t var_28h @ ebp-0x28\l; var int32_t var_24h @ ebp-0x24\l; var int32_t var_20h @ ebp-0x20\l; var int32_t var_1ch @ ebp-0x1c\l; var int32_t var_18h @ ebp-0x18\l; var int32_t var_14h @ ebp-0x14\l; var int32_t var_10h @ ebp-0x10\l; var int32_t var_ch @ ebp-0xc\l; arg int32_t arg_8h @ ebp+0x8\l; arg int32_t arg_ch @ ebp+0xc\l; var int32_t var_48h @ esp+0x4\l0x00108e71      push ebp\l0x00108e72      mov ebp, esp\l0x00108e74      sub esp, 0x48\l0x00108e77      mov dword [var_ch], 0\l0x00108e7e      jmp 0x108f91\l"]
	"0x00108e83" [URL="sym.namrepl/0x00108e83", fillcolor="#c19c00",color="#c19c00", fontname="Courier",label="; CODE XREF from sym.namrepl @ 0x108f99\l0x00108e83      mov edx, dword [var_ch]\l0x00108e86      mov eax, edx\l0x00108e88      shl eax, 2\l0x00108e8b      add eax, edx\l0x00108e8d      shl eax, 3\l0x00108e90      add eax, edx\l0x00108e92      shl eax, 2\l0x00108e95      add eax, obj.nametab                                   ; 0x123bc0\l0x00108e9a      mov dword [var_2ch], eax\l0x00108e9d      mov eax, dword [arg_8h]\l0x00108ea0      mov dword [var_18h], eax\l0x00108ea3      mov eax, dword [var_2ch]\l0x00108ea6      mov dword [var_10h], eax\l0x00108ea9      mov dword [var_20h], 0\l0x00108eb0      jmp 0x108ecb\l"]
	"0x00108eb2" [URL="sym.namrepl/0x00108eb2", fillcolor="#c19c00",color="#c19c00", fontname="Courier",label="; CODE XREF from sym.namrepl @ 0x108ed2\l0x00108eb2      mov eax, dword [var_10h]\l0x00108eb5      mov dl, byte [eax]\l0x00108eb7      mov eax, dword [var_18h]\l0x00108eba      mov al, byte [eax]\l0x00108ebc      cmp dl, al\l0x00108ebe      je 0x108ec2\l"]
	"0x00108ec0" [URL="sym.namrepl/0x00108ec0", fillcolor="#c19c00",color="#c19c00", fontname="Courier",label="0x00108ec0      jmp 0x108ed4\l"]
	"0x00108ec2" [URL="sym.namrepl/0x00108ec2", fillcolor="#c19c00",color="#c19c00", fontname="Courier",label="; CODE XREF from sym.namrepl @ 0x108ebe\l0x00108ec2      inc dword [var_10h]\l0x00108ec5      inc dword [var_18h]\l0x00108ec8      inc dword [var_20h]\l"]
	"0x00108ecb" [URL="sym.namrepl/0x00108ecb", fillcolor="#c19c00",color="#c19c00", fontname="Courier",label="; CODE XREF from sym.namrepl @ 0x108eb0\l0x00108ecb      mov eax, dword [var_10h]\l0x00108ece      mov al, byte [eax]\l0x00108ed0      test al, al\l0x00108ed2      jne 0x108eb2\l"]
	"0x00108ed4" [URL="sym.namrepl/0x00108ed4", fillcolor="#c19c00",color="#c19c00", fontname="Courier",label="; CODE XREF from sym.namrepl @ 0x108ec0\l0x00108ed4      mov eax, dword [var_10h]\l0x00108ed7      mov al, byte [eax]\l0x00108ed9      test al, al\l0x00108edb      je 0x108ee5\l"]
	"0x00108edd" [URL="sym.namrepl/0x00108edd", fillcolor="#c19c00",color="#c19c00", fontname="Courier",label="0x00108edd      inc dword [var_ch]\l0x00108ee0      jmp 0x108f91\l"]
	"0x00108ee5" [URL="sym.namrepl/0x00108ee5", fillcolor="#c19c00",color="#c19c00", fontname="Courier",label="; CODE XREF from sym.namrepl @ 0x108edb\l0x00108ee5      mov dword [var_48h], 0x100                             ; [0x100:4]=-1 ; 256\l0x00108eed      mov eax, dword [arg_8h]\l0x00108ef0      mov dword [esp], eax\l0x00108ef3      call sym.namlen\l0x00108ef8      mov byte [var_2dh], al\l0x00108efb      mov eax, dword [var_2ch]\l0x00108efe      add eax, 0x40                                          ; 64\l0x00108f01      mov dword [var_48h], 0x100                             ; [0x100:4]=-1 ; 256\l0x00108f09      mov dword [esp], eax\l0x00108f0c      call sym.namlen\l0x00108f11      dec eax\l0x00108f12      mov dword [var_24h], eax\l0x00108f15      movsx eax, byte [var_2dh]\l0x00108f19      sub eax, dword [var_20h]\l0x00108f1c      mov dword [var_28h], eax\l0x00108f1f      mov eax, dword [var_28h]\l0x00108f22      mov edx, dword [var_24h]\l0x00108f25      add eax, edx\l0x00108f27      cmp eax, 0x100                                         ; 256\l0x00108f2c      jle 0x108f35\l"]
	"0x00108f2e" [URL="sym.namrepl/0x00108f2e", fillcolor="#c19c00",color="#c19c00", fontname="Courier",label="0x00108f2e      mov eax, 0xffffffff                                    ; -1\l0x00108f33      jmp 0x108fa4\l"]
	"0x00108f35" [URL="sym.namrepl/0x00108f35", fillcolor="#c19c00",color="#c19c00", fontname="Courier",label="; CODE XREF from sym.namrepl @ 0x108f2c\l0x00108f35      mov eax, dword [arg_ch]\l0x00108f38      mov dword [var_1ch], eax\l0x00108f3b      mov eax, dword [var_2ch]\l0x00108f3e      add eax, 0x40                                          ; 64\l0x00108f41      mov dword [var_14h], eax\l0x00108f44      jmp 0x108f5f\l"]
	"0x00108f46" [URL="sym.namrepl/0x00108f46", fillcolor="#c19c00",color="#c19c00", fontname="Courier",label="; CODE XREF from sym.namrepl @ 0x108f63\l0x00108f46      mov eax, dword [var_1ch]\l0x00108f49      lea edx, [eax + 1]\l0x00108f4c      mov dword [var_1ch], edx\l0x00108f4f      mov edx, dword [var_14h]\l0x00108f52      lea ecx, [edx + 1]\l0x00108f55      mov dword [var_14h], ecx\l0x00108f58      mov dl, byte [edx]\l0x00108f5a      mov byte [eax], dl\l0x00108f5c      dec dword [var_24h]\l"]
	"0x00108f5f" [URL="sym.namrepl/0x00108f5f", fillcolor="#c19c00",color="#c19c00", fontname="Courier",label="; CODE XREF from sym.namrepl @ 0x108f44\l0x00108f5f      cmp dword [var_24h], 0\l0x00108f63      jg 0x108f46\l"]
	"0x00108f65" [URL="sym.namrepl/0x00108f65", fillcolor="#c19c00",color="#c19c00", fontname="Courier",label="0x00108f65      jmp 0x108f80\l"]
	"0x00108f67" [URL="sym.namrepl/0x00108f67", fillcolor="#c19c00",color="#c19c00", fontname="Courier",label="; CODE XREF from sym.namrepl @ 0x108f84\l0x00108f67      mov eax, dword [var_1ch]\l0x00108f6a      lea edx, [eax + 1]\l0x00108f6d      mov dword [var_1ch], edx\l0x00108f70      mov edx, dword [var_18h]\l0x00108f73      lea ecx, [edx + 1]\l0x00108f76      mov dword [var_18h], ecx\l0x00108f79      mov dl, byte [edx]\l0x00108f7b      mov byte [eax], dl\l0x00108f7d      dec dword [var_28h]\l"]
	"0x00108f80" [URL="sym.namrepl/0x00108f80", fillcolor="#c19c00",color="#c19c00", fontname="Courier",label="; CODE XREF from sym.namrepl @ 0x108f65\l0x00108f80      cmp dword [var_28h], 0\l0x00108f84      jg 0x108f67\l"]
	"0x00108f86" [URL="sym.namrepl/0x00108f86", fillcolor="#c19c00",color="#c19c00", fontname="Courier",label="0x00108f86      mov eax, dword [var_2ch]\l0x00108f89      mov eax, dword [eax + 0xa0]\l0x00108f8f      jmp 0x108fa4\l"]
	"0x00108f91" [URL="sym.namrepl/0x00108f91", fillcolor="#c19c00",color="#c19c00", fontname="Courier",label="; CODE XREFS from sym.namrepl @ 0x108e7e, 0x108ee0\l0x00108f91      mov eax, dword [obj.nnames]                            ; [0x123ba0:4]=0\l0x00108f96      cmp dword [var_ch], eax\l0x00108f99      jl 0x108e83\l"]
	"0x00108f9f" [URL="sym.namrepl/0x00108f9f", fillcolor="#c19c00",color="#c19c00", fontname="Courier",label="0x00108f9f      mov eax, 0xffffffff                                    ; -1\l"]
	"0x00108fa4" [URL="sym.namrepl/0x00108fa4", fillcolor="#c19c00",color="#c19c00", fontname="Courier",label="; CODE XREFS from sym.namrepl @ 0x108f33, 0x108f8f\l0x00108fa4      leave\l0x00108fa5      ret\l"]
        "0x00108e71" -> "0x00108f91" [color="#0037da"];
        "0x00108e83" -> "0x00108ecb" [color="#0037da"];
        "0x00108eb2" -> "0x00108ec2" [color="#13a10e"];
        "0x00108eb2" -> "0x00108ec0" [color="#c50f1f"];
        "0x00108ec0" -> "0x00108ed4" [color="#0037da"];
        "0x00108ec2" -> "0x00108ecb" [color="#0037da"];
        "0x00108ecb" -> "0x00108eb2" [color="#13a10e"];
        "0x00108ecb" -> "0x00108ed4" [color="#c50f1f"];
        "0x00108ed4" -> "0x00108ee5" [color="#13a10e"];
        "0x00108ed4" -> "0x00108edd" [color="#c50f1f"];
        "0x00108edd" -> "0x00108f91" [color="#0037da"];
        "0x00108ee5" -> "0x00108f35" [color="#13a10e"];
        "0x00108ee5" -> "0x00108f2e" [color="#c50f1f"];
        "0x00108f2e" -> "0x00108fa4" [color="#0037da"];
        "0x00108f35" -> "0x00108f5f" [color="#0037da"];
        "0x00108f46" -> "0x00108f5f" [color="#0037da"];
        "0x00108f5f" -> "0x00108f46" [color="#13a10e"];
        "0x00108f5f" -> "0x00108f65" [color="#c50f1f"];
        "0x00108f65" -> "0x00108f80" [color="#0037da"];
        "0x00108f67" -> "0x00108f80" [color="#0037da"];
        "0x00108f80" -> "0x00108f67" [color="#13a10e"];
        "0x00108f80" -> "0x00108f86" [color="#c50f1f"];
        "0x00108f86" -> "0x00108fa4" [color="#0037da"];
        "0x00108f91" -> "0x00108e83" [color="#13a10e"];
        "0x00108f91" -> "0x00108f9f" [color="#c50f1f"];
        "0x00108f9f" -> "0x00108fa4" [color="#0037da"];
}
