digraph code {
	graph [bgcolor=azure fontsize=8 fontname="Courier" splines="ortho"];
	node [fillcolor=gray style=filled shape=box];
	edge [arrowhead="normal"];
	"0x00107518" [URL="sym.qs1/0x00107518", fillcolor="#c19c00",color="#c19c00", fontname="Courier",label="  ; CALL XREF from sym.qsort @ 0x107511\l  ; CALL XREFS from sym.qs1 @ 0x10767c, 0x107699\l459: sym.qs1 (int32_t arg_8h, int32_t arg_ch);\l; var int32_t var_28h @ ebp-0x28\l; var int32_t var_24h @ ebp-0x24\l; var int32_t var_20h @ ebp-0x20\l; var int32_t var_1ch @ ebp-0x1c\l; arg int32_t arg_8h @ ebp+0x8\l; arg int32_t arg_ch @ ebp+0xc\l; var int32_t var_38h @ esp+0x4\l; var int32_t var_34h @ esp+0x8\l0x00107518      push ebp\l0x00107519      mov ebp, esp\l0x0010751b      push edi\l0x0010751c      push esi\l0x0010751d      push ebx\l0x0010751e      sub esp, 0x2c\l0x00107521      mov esi, dword [obj.qses]                              ; [0x12102c:4]=0\l"]
	"0x00107527" [URL="sym.qs1/0x00107527", fillcolor="#c19c00",color="#c19c00", fontname="Courier",label="; CODE XREFS from sym.qs1 @ 0x107687, 0x1076a8\l0x00107527      mov edx, dword [arg_ch]\l0x0010752a      mov eax, dword [arg_8h]\l0x0010752d      sub edx, eax\l0x0010752f      mov eax, edx\l0x00107531      mov dword [var_24h], eax\l0x00107534      mov eax, esi\l0x00107536      cmp dword [var_24h], eax\l0x00107539      ja 0x107540\l"]
	"0x0010753b" [URL="sym.qs1/0x0010753b", fillcolor="#c19c00",color="#c19c00", fontname="Courier",label="0x0010753b      jmp 0x1076db\l"]
	"0x00107540" [URL="sym.qs1/0x00107540", fillcolor="#c19c00",color="#c19c00", fontname="Courier",label="; CODE XREF from sym.qs1 @ 0x107539\l0x00107540      lea eax, [esi + esi]\l0x00107543      mov ecx, eax\l0x00107545      mov eax, dword [var_24h]\l0x00107548      mov edx, 0\l0x0010754d      div ecx\l0x0010754f      mov edx, eax\l0x00107551      mov eax, esi\l0x00107553      imul eax, edx\l0x00107556      mov dword [var_24h], eax\l0x00107559      mov eax, dword [var_24h]\l0x0010755c      mov edx, dword [arg_8h]\l0x0010755f      add eax, edx\l0x00107561      mov dword [var_1ch], eax\l0x00107564      mov eax, dword [var_1ch]\l0x00107567      mov dword [var_20h], eax\l0x0010756a      mov ebx, dword [arg_8h]\l0x0010756d      mov eax, esi\l0x0010756f      neg eax\l0x00107571      mov edx, eax\l0x00107573      mov eax, dword [arg_ch]\l0x00107576      lea edi, [edx + eax]\l"]
	"0x00107579" [URL="sym.qs1/0x00107579", fillcolor="#c19c00",color="#c19c00", fontname="Courier",label="; CODE XREFS from sym.qs1 @ 0x1076d1, 0x1076d6\l0x00107579      cmp ebx, dword [var_1ch]\l0x0010757c      jae 0x1075c2\l"]
	"0x0010757e" [URL="sym.qs1/0x0010757e", fillcolor="#c19c00",color="#c19c00", fontname="Courier",label="0x0010757e      mov eax, dword [obj.qscmp]                             ; [0x121028:4]=0\l0x00107583      mov edx, dword [var_1ch]\l0x00107586      mov dword [var_38h], edx\l0x0010758a      mov dword [esp], ebx\l0x0010758d      call eax\l0x0010758f      mov dword [var_28h], eax\l0x00107592      cmp dword [var_28h], 0\l0x00107596      jne 0x1075b3\l"]
	"0x00107598" [URL="sym.qs1/0x00107598", fillcolor="#c19c00",color="#c19c00", fontname="Courier",label="0x00107598      mov eax, esi\l0x0010759a      neg eax\l0x0010759c      add dword [var_1ch], eax\l0x0010759f      mov eax, dword [var_1ch]\l0x001075a2      mov dword [var_38h], eax\l0x001075a6      mov dword [esp], ebx\l0x001075a9      call sym.qsexc\l0x001075ae      jmp 0x1076d6\l"]
	"0x001075b3" [URL="sym.qs1/0x001075b3", fillcolor="#c19c00",color="#c19c00", fontname="Courier",label="; CODE XREF from sym.qs1 @ 0x107596\l0x001075b3      cmp dword [var_28h], 0\l0x001075b7      jns 0x1075c2\l"]
	"0x001075b9" [URL="sym.qs1/0x001075b9", fillcolor="#c19c00",color="#c19c00", fontname="Courier",label="0x001075b9      mov eax, esi\l0x001075bb      add ebx, eax\l0x001075bd      jmp 0x1076d6\l"]
	"0x001075c2" [URL="sym.qs1/0x001075c2", fillcolor="#c19c00",color="#c19c00", fontname="Courier",label="; CODE XREFS from sym.qs1 @ 0x10757c, 0x1075b7, 0x1075f9, 0x107626, 0x107649\l0x001075c2      cmp edi, dword [var_20h]\l0x001075c5      jbe 0x10764e\l"]
	"0x001075cb" [URL="sym.qs1/0x001075cb", fillcolor="#c19c00",color="#c19c00", fontname="Courier",label="0x001075cb      mov eax, dword [obj.qscmp]                             ; [0x121028:4]=0\l0x001075d0      mov dword [var_38h], edi\l0x001075d4      mov edx, dword [var_20h]\l0x001075d7      mov dword [esp], edx\l0x001075da      call eax\l0x001075dc      mov dword [var_28h], eax\l0x001075df      cmp dword [var_28h], 0\l0x001075e3      jne 0x1075fb\l"]
	"0x001075e5" [URL="sym.qs1/0x001075e5", fillcolor="#c19c00",color="#c19c00", fontname="Courier",label="0x001075e5      mov eax, esi\l0x001075e7      add dword [var_20h], eax\l0x001075ea      mov dword [var_38h], edi\l0x001075ee      mov eax, dword [var_20h]\l0x001075f1      mov dword [esp], eax\l0x001075f4      call sym.qsexc\l0x001075f9      jmp 0x1075c2\l"]
	"0x001075fb" [URL="sym.qs1/0x001075fb", fillcolor="#c19c00",color="#c19c00", fontname="Courier",label="; CODE XREF from sym.qs1 @ 0x1075e3\l0x001075fb      cmp dword [var_28h], 0\l0x001075ff      jle 0x107643\l"]
	"0x00107601" [URL="sym.qs1/0x00107601", fillcolor="#c19c00",color="#c19c00", fontname="Courier",label="0x00107601      cmp ebx, dword [var_1ch]\l0x00107604      jne 0x107628\l"]
	"0x00107606" [URL="sym.qs1/0x00107606", fillcolor="#c19c00",color="#c19c00", fontname="Courier",label="0x00107606      mov eax, esi\l0x00107608      add dword [var_20h], eax\l0x0010760b      mov dword [var_34h], edi\l0x0010760f      mov eax, dword [var_20h]\l0x00107612      mov dword [var_38h], eax\l0x00107616      mov dword [esp], ebx\l0x00107619      call sym.qstexc\l0x0010761e      mov eax, esi\l0x00107620      add dword [var_1ch], eax\l0x00107623      mov ebx, dword [var_1ch]\l0x00107626      jmp 0x1075c2\l"]
	"0x00107628" [URL="sym.qs1/0x00107628", fillcolor="#c19c00",color="#c19c00", fontname="Courier",label="; CODE XREF from sym.qs1 @ 0x107604\l0x00107628      mov dword [var_38h], edi\l0x0010762c      mov dword [esp], ebx\l0x0010762f      call sym.qsexc\l0x00107634      mov eax, esi\l0x00107636      neg eax\l0x00107638      add edi, eax\l0x0010763a      mov eax, esi\l0x0010763c      add ebx, eax\l0x0010763e      jmp 0x1076d6\l"]
	"0x00107643" [URL="sym.qs1/0x00107643", fillcolor="#c19c00",color="#c19c00", fontname="Courier",label="; CODE XREF from sym.qs1 @ 0x1075ff\l0x00107643      mov eax, esi\l0x00107645      neg eax\l0x00107647      add edi, eax\l0x00107649      jmp 0x1075c2\l"]
	"0x0010764e" [URL="sym.qs1/0x0010764e", fillcolor="#c19c00",color="#c19c00", fontname="Courier",label="; CODE XREF from sym.qs1 @ 0x1075c5\l0x0010764e      cmp ebx, dword [var_1ch]\l0x00107651      jne 0x1076ad\l"]
	"0x00107653" [URL="sym.qs1/0x00107653", fillcolor="#c19c00",color="#c19c00", fontname="Courier",label="0x00107653      mov edx, dword [var_1ch]\l0x00107656      mov eax, dword [arg_8h]\l0x00107659      mov ecx, edx\l0x0010765b      sub ecx, eax\l0x0010765d      mov edx, dword [arg_ch]\l0x00107660      mov eax, dword [var_20h]\l0x00107663      sub edx, eax\l0x00107665      mov eax, edx\l0x00107667      cmp ecx, eax\l0x00107669      jl 0x10768c\l"]
	"0x0010766b" [URL="sym.qs1/0x0010766b", fillcolor="#c19c00",color="#c19c00", fontname="Courier",label="0x0010766b      mov edx, esi\l0x0010766d      mov eax, dword [var_20h]\l0x00107670      add edx, eax\l0x00107672      mov eax, dword [arg_ch]\l0x00107675      mov dword [var_38h], eax\l0x00107679      mov dword [esp], edx\l0x0010767c      call sym.qs1\l0x00107681      mov eax, dword [var_1ch]\l0x00107684      mov dword [arg_ch], eax\l0x00107687      jmp 0x107527\l"]
	"0x0010768c" [URL="sym.qs1/0x0010768c", fillcolor="#c19c00",color="#c19c00", fontname="Courier",label="; CODE XREF from sym.qs1 @ 0x107669\l0x0010768c      mov eax, dword [var_1ch]\l0x0010768f      mov dword [var_38h], eax\l0x00107693      mov eax, dword [arg_8h]\l0x00107696      mov dword [esp], eax\l0x00107699      call sym.qs1\l0x0010769e      mov edx, esi\l0x001076a0      mov eax, dword [var_20h]\l0x001076a3      add eax, edx\l0x001076a5      mov dword [arg_8h], eax\l0x001076a8      jmp 0x107527\l"]
	"0x001076ad" [URL="sym.qs1/0x001076ad", fillcolor="#c19c00",color="#c19c00", fontname="Courier",label="; CODE XREF from sym.qs1 @ 0x107651\l0x001076ad      mov eax, esi\l0x001076af      neg eax\l0x001076b1      add dword [var_1ch], eax\l0x001076b4      mov dword [var_34h], ebx\l0x001076b8      mov eax, dword [var_1ch]\l0x001076bb      mov dword [var_38h], eax\l0x001076bf      mov dword [esp], edi\l0x001076c2      call sym.qstexc\l0x001076c7      mov eax, esi\l0x001076c9      neg eax\l0x001076cb      add dword [var_20h], eax\l0x001076ce      mov edi, dword [var_20h]\l0x001076d1      jmp 0x107579\l"]
	"0x001076d6" [URL="sym.qs1/0x001076d6", fillcolor="#c19c00",color="#c19c00", fontname="Courier",label="; CODE XREFS from sym.qs1 @ 0x1075ae, 0x1075bd, 0x10763e\l0x001076d6      jmp 0x107579\l"]
	"0x001076db" [URL="sym.qs1/0x001076db", fillcolor="#c19c00",color="#c19c00", fontname="Courier",label="; CODE XREF from sym.qs1 @ 0x10753b\l0x001076db      add esp, 0x2c\l0x001076de      pop ebx\l0x001076df      pop esi\l0x001076e0      pop edi\l0x001076e1      pop ebp\l0x001076e2      ret\l"]
        "0x00107518" -> "0x00107527" [color="#0037da"];
        "0x00107527" -> "0x00107540" [color="#13a10e"];
        "0x00107527" -> "0x0010753b" [color="#c50f1f"];
        "0x0010753b" -> "0x001076db" [color="#0037da"];
        "0x00107540" -> "0x00107579" [color="#0037da"];
        "0x00107579" -> "0x001075c2" [color="#13a10e"];
        "0x00107579" -> "0x0010757e" [color="#c50f1f"];
        "0x0010757e" -> "0x001075b3" [color="#13a10e"];
        "0x0010757e" -> "0x00107598" [color="#c50f1f"];
        "0x00107598" -> "0x001076d6" [color="#0037da"];
        "0x001075b3" -> "0x001075c2" [color="#13a10e"];
        "0x001075b3" -> "0x001075b9" [color="#c50f1f"];
        "0x001075b9" -> "0x001076d6" [color="#0037da"];
        "0x001075c2" -> "0x0010764e" [color="#13a10e"];
        "0x001075c2" -> "0x001075cb" [color="#c50f1f"];
        "0x001075cb" -> "0x001075fb" [color="#13a10e"];
        "0x001075cb" -> "0x001075e5" [color="#c50f1f"];
        "0x001075e5" -> "0x001075c2" [color="#0037da"];
        "0x001075fb" -> "0x00107643" [color="#13a10e"];
        "0x001075fb" -> "0x00107601" [color="#c50f1f"];
        "0x00107601" -> "0x00107628" [color="#13a10e"];
        "0x00107601" -> "0x00107606" [color="#c50f1f"];
        "0x00107606" -> "0x001075c2" [color="#0037da"];
        "0x00107628" -> "0x001076d6" [color="#0037da"];
        "0x00107643" -> "0x001075c2" [color="#0037da"];
        "0x0010764e" -> "0x001076ad" [color="#13a10e"];
        "0x0010764e" -> "0x00107653" [color="#c50f1f"];
        "0x00107653" -> "0x0010768c" [color="#13a10e"];
        "0x00107653" -> "0x0010766b" [color="#c50f1f"];
        "0x0010766b" -> "0x00107527" [color="#0037da"];
        "0x0010768c" -> "0x00107527" [color="#0037da"];
        "0x001076ad" -> "0x00107579" [color="#0037da"];
        "0x001076d6" -> "0x00107579" [color="#0037da"];
}
