digraph code {
	graph [bgcolor=azure fontsize=8 fontname="Courier" splines="ortho"];
	node [fillcolor=gray style=filled shape=box];
	edge [arrowhead="normal"];
	"0x0010a01b" [URL="sym.rdscomm/0x0010a01b", fillcolor="#c19c00",color="#c19c00", fontname="Courier",label="  ; CALL XREF from sym.rdscontrol @ 0x10a4b9\l  ; CALL XREF from sym.rdsopen @ 0x10a84e\l  ; CALL XREFS from sym.rdsprocess @ 0x10a9aa, 0x10ac92\l749: sym.rdscomm (int32_t arg_8h, int32_t arg_ch, int32_t arg_10h, int32_t arg_14h, int32_t arg_18h);\l; var int32_t var_26h @ ebp-0x26\l; var int32_t var_24h @ ebp-0x24\l; var int32_t var_20h @ ebp-0x20\l; var int32_t var_1ch @ ebp-0x1c\l; var int32_t var_18h @ ebp-0x18\l; var int32_t var_14h @ ebp-0x14\l; var int32_t var_dh @ ebp-0xd\l; var int32_t var_ch @ ebp-0xc\l; arg int32_t arg_8h @ ebp+0x8\l; arg int32_t arg_ch @ ebp+0xc\l; arg int32_t arg_10h @ ebp+0x10\l; arg int32_t arg_14h @ ebp+0x14\l; arg int32_t arg_18h @ ebp+0x18\l; var int32_t var_48h @ esp+0x4\l; var int32_t var_44h @ esp+0x8\l; var int32_t var_40h @ esp+0xc\l; var int32_t var_3ch @ esp+0x10\l0x0010a01b      push ebp\l0x0010a01c      mov ebp, esp\l0x0010a01e      sub esp, 0x48\l0x0010a021      call loc.disable\l0x0010a026      mov dword [var_14h], eax\l0x0010a029      mov eax, dword [arg_18h]\l0x0010a02c      mov al, byte [eax + 0x84]\l0x0010a032      test al, al\l0x0010a034      jne 0x10a09b\l"]
	"0x0010a036" [URL="sym.rdscomm/0x0010a036", fillcolor="#c19c00",color="#c19c00", fontname="Courier",label="0x0010a036      mov eax, dword [arg_18h]\l0x0010a039      mov ax, word [eax + 0x82]\l0x0010a040      xor edx, edx\l0x0010a042      mov dx, ax\l0x0010a045      mov eax, dword [arg_18h]\l0x0010a048      mov eax, dword [eax + 0x80]\l0x0010a04e      and eax, 0xffff\l0x0010a053      mov dword [var_44h], edx\l0x0010a057      mov dword [var_48h], eax\l0x0010a05b      mov dword [esp], 0\l0x0010a062      call sym.udp_register\l0x0010a067      mov dword [var_18h], eax\l0x0010a06a      cmp dword [var_18h], 0xffffffff\l0x0010a06e      jne 0x10a085\l"]
	"0x0010a070" [URL="sym.rdscomm/0x0010a070", fillcolor="#c19c00",color="#c19c00", fontname="Courier",label="0x0010a070      mov eax, dword [var_14h]\l0x0010a073      mov dword [esp], eax\l0x0010a076      call loc.restore\l0x0010a07b      mov eax, 0xffffffff                                    ; -1\l0x0010a080      jmp 0x10a306\l"]
	"0x0010a085" [URL="sym.rdscomm/0x0010a085", fillcolor="#c19c00",color="#c19c00", fontname="Courier",label="; CODE XREF from sym.rdscomm @ 0x10a06e\l0x0010a085      mov eax, dword [arg_18h]\l0x0010a088      mov edx, dword [var_18h]\l0x0010a08b      mov dword [eax + 0x88], edx\l0x0010a091      mov eax, dword [arg_18h]\l0x0010a094      mov byte [eax + 0x84], 1\l"]
	"0x0010a09b" [URL="sym.rdscomm/0x0010a09b", fillcolor="#c19c00",color="#c19c00", fontname="Courier",label="; CODE XREF from sym.rdscomm @ 0x10a034\l0x0010a09b      mov al, byte [0x140220]                                ; [0x140220:1]=0\l0x0010a0a0      test al, al\l0x0010a0a2      jne 0x10a0c7\l"]
	"0x0010a0a4" [URL="sym.rdscomm/0x0010a0a4", fillcolor="#c19c00",color="#c19c00", fontname="Courier",label="0x0010a0a4      call sym.getlocalip\l0x0010a0a9      mov dword [var_1ch], eax\l0x0010a0ac      cmp dword [var_1ch], 0xffffffff\l0x0010a0b0      jne 0x10a0c7\l"]
	"0x0010a0b2" [URL="sym.rdscomm/0x0010a0b2", fillcolor="#c19c00",color="#c19c00", fontname="Courier",label="0x0010a0b2      mov eax, dword [var_14h]\l0x0010a0b5      mov dword [esp], eax\l0x0010a0b8      call loc.restore\l0x0010a0bd      mov eax, 0xffffffff                                    ; -1\l0x0010a0c2      jmp 0x10a306\l"]
	"0x0010a0c7" [URL="sym.rdscomm/0x0010a0c7", fillcolor="#c19c00",color="#c19c00", fontname="Courier",label="; CODE XREFS from sym.rdscomm @ 0x10a0a2, 0x10a0b0\l0x0010a0c7      mov eax, dword [var_14h]\l0x0010a0ca      mov dword [esp], eax\l0x0010a0cd      call loc.restore\l0x0010a0d2      mov eax, dword [arg_18h]\l0x0010a0d5      mov eax, dword [eax + 0x88]\l0x0010a0db      mov dword [var_18h], eax\l0x0010a0de      mov eax, dword [arg_18h]\l0x0010a0e1      mov eax, dword [eax + 0x44]\l0x0010a0e4      lea ecx, [eax + 1]\l0x0010a0e7      mov edx, dword [arg_18h]\l0x0010a0ea      mov dword [edx + 0x44], ecx\l0x0010a0ed      mov dword [var_20h], eax\l0x0010a0f0      mov eax, dword [var_20h]\l0x0010a0f3      shr eax, 0x18\l0x0010a0f6      mov edx, dword [var_20h]\l0x0010a0f9      sar edx, 8\l0x0010a0fc      and edx, 0xff00\l0x0010a102      or edx, eax\l0x0010a104      mov eax, dword [var_20h]\l0x0010a107      shl eax, 8\l0x0010a10a      and eax, 0xff0000\l0x0010a10f      or eax, edx\l0x0010a111      mov edx, eax\l0x0010a113      mov eax, dword [var_20h]\l0x0010a116      shl eax, 0x18\l0x0010a119      or edx, eax\l0x0010a11b      mov eax, dword [arg_8h]\l0x0010a11e      mov dword [eax + 4], edx\l0x0010a121      mov byte [var_dh], 1\l0x0010a125      mov dword [var_ch], 0\l0x0010a12c      jmp 0x10a2eb\l"]
	"0x0010a131" [URL="sym.rdscomm/0x0010a131", fillcolor="#c19c00",color="#c19c00", fontname="Courier",label="; CODE XREF from sym.rdscomm @ 0x10a2ef\l0x0010a131      cmp byte [var_dh], 0\l0x0010a135      je 0x10a18b\l"]
	"0x0010a137" [URL="sym.rdscomm/0x0010a137", fillcolor="#c19c00",color="#c19c00", fontname="Courier",label="0x0010a137      mov eax, dword [arg_18h]\l0x0010a13a      mov eax, dword [eax + 0x80]\l0x0010a140      xor edx, edx\l0x0010a142      mov dx, ax\l0x0010a145      mov eax, dword [arg_18h]\l0x0010a148      mov eax, dword [eax + 0x7c]\l0x0010a14b      mov ecx, dword [arg_ch]\l0x0010a14e      mov dword [var_3ch], ecx\l0x0010a152      mov ecx, dword [arg_8h]\l0x0010a155      mov dword [var_40h], ecx\l0x0010a159      mov dword [var_44h], edx\l0x0010a15d      mov dword [var_48h], eax\l0x0010a161      mov eax, dword [var_18h]\l0x0010a164      mov dword [esp], eax\l0x0010a167      call sym.udp_sendto\l0x0010a16c      mov dword [var_24h], eax\l0x0010a16f      cmp dword [var_24h], 0xffffffff\l0x0010a173      jne 0x10a18f\l"]
	"0x0010a175" [URL="sym.rdscomm/0x0010a175", fillcolor="#c19c00",color="#c19c00", fontname="Courier",label="0x0010a175      mov dword [esp], 0x118944                              ; [0x118944:4]=0x6e6e6143 ; \"Cannot send to remote disk server\\n\\r\"\l0x0010a17c      call sym.kprintf\l0x0010a181      mov eax, 0xffffffff                                    ; -1\l0x0010a186      jmp 0x10a306\l"]
	"0x0010a18b" [URL="sym.rdscomm/0x0010a18b", fillcolor="#c19c00",color="#c19c00", fontname="Courier",label="; CODE XREF from sym.rdscomm @ 0x10a135\l0x0010a18b      mov byte [var_dh], 1\l"]
	"0x0010a18f" [URL="sym.rdscomm/0x0010a18f", fillcolor="#c19c00",color="#c19c00", fontname="Courier",label="; CODE XREF from sym.rdscomm @ 0x10a173\l0x0010a18f      mov dword [var_40h], 0x7d0                             ; [0x7d0:4]=-1 ; 2000\l0x0010a197      mov eax, dword [arg_14h]\l0x0010a19a      mov dword [var_44h], eax\l0x0010a19e      mov eax, dword [arg_10h]\l0x0010a1a1      mov dword [var_48h], eax\l0x0010a1a5      mov eax, dword [var_18h]\l0x0010a1a8      mov dword [esp], eax\l0x0010a1ab      call sym.udp_recv\l0x0010a1b0      mov dword [var_24h], eax\l0x0010a1b3      cmp dword [var_24h], 0xfffffffd\l0x0010a1b7      jne 0x10a1be\l"]
	"0x0010a1b9" [URL="sym.rdscomm/0x0010a1b9", fillcolor="#c19c00",color="#c19c00", fontname="Courier",label="0x0010a1b9      jmp 0x10a2e8\l"]
	"0x0010a1be" [URL="sym.rdscomm/0x0010a1be", fillcolor="#c19c00",color="#c19c00", fontname="Courier",label="; CODE XREF from sym.rdscomm @ 0x10a1b7\l0x0010a1be      cmp dword [var_24h], 0xffffffff\l0x0010a1c2      jne 0x10a1da\l"]
	"0x0010a1c4" [URL="sym.rdscomm/0x0010a1c4", fillcolor="#c19c00",color="#c19c00", fontname="Courier",label="0x0010a1c4      mov dword [esp], 0x118968                              ; [0x118968:4]=0x6f727245 ; \"Error reading remote disk reply\\n\\r\"\l0x0010a1cb      call sym.kprintf\l0x0010a1d0      mov eax, 0xffffffff                                    ; -1\l0x0010a1d5      jmp 0x10a306\l"]
	"0x0010a1da" [URL="sym.rdscomm/0x0010a1da", fillcolor="#c19c00",color="#c19c00", fontname="Courier",label="; CODE XREF from sym.rdscomm @ 0x10a1c2\l0x0010a1da      mov eax, dword [arg_10h]\l0x0010a1dd      mov eax, dword [eax + 4]\l0x0010a1e0      shr eax, 0x18\l0x0010a1e3      mov edx, eax\l0x0010a1e5      mov eax, dword [arg_10h]\l0x0010a1e8      mov eax, dword [eax + 4]\l0x0010a1eb      shr eax, 8\l0x0010a1ee      and eax, 0xff00\l0x0010a1f3      or edx, eax\l0x0010a1f5      mov eax, dword [arg_10h]\l0x0010a1f8      mov eax, dword [eax + 4]\l0x0010a1fb      shl eax, 8\l0x0010a1fe      and eax, 0xff0000\l0x0010a203      or edx, eax\l0x0010a205      mov eax, dword [arg_10h]\l0x0010a208      mov eax, dword [eax + 4]\l0x0010a20b      shl eax, 0x18\l0x0010a20e      or edx, eax\l0x0010a210      mov eax, dword [var_20h]\l0x0010a213      cmp edx, eax\l0x0010a215      jae 0x10a21d\l"]
	"0x0010a217" [URL="sym.rdscomm/0x0010a217", fillcolor="#c19c00",color="#c19c00", fontname="Courier",label="0x0010a217      mov byte [var_dh], 0\l0x0010a21b      jmp 0x10a25f\l"]
	"0x0010a21d" [URL="sym.rdscomm/0x0010a21d", fillcolor="#c19c00",color="#c19c00", fontname="Courier",label="; CODE XREF from sym.rdscomm @ 0x10a215\l0x0010a21d      mov eax, dword [arg_10h]\l0x0010a220      mov eax, dword [eax + 4]\l0x0010a223      shr eax, 0x18\l0x0010a226      mov edx, eax\l0x0010a228      mov eax, dword [arg_10h]\l0x0010a22b      mov eax, dword [eax + 4]\l0x0010a22e      shr eax, 8\l0x0010a231      and eax, 0xff00\l0x0010a236      or edx, eax\l0x0010a238      mov eax, dword [arg_10h]\l0x0010a23b      mov eax, dword [eax + 4]\l0x0010a23e      shl eax, 8\l0x0010a241      and eax, 0xff0000\l0x0010a246      or edx, eax\l0x0010a248      mov eax, dword [arg_10h]\l0x0010a24b      mov eax, dword [eax + 4]\l0x0010a24e      shl eax, 0x18\l0x0010a251      or edx, eax\l0x0010a253      mov eax, dword [var_20h]\l0x0010a256      cmp edx, eax\l0x0010a258      je 0x10a25f\l"]
	"0x0010a25a" [URL="sym.rdscomm/0x0010a25a", fillcolor="#c19c00",color="#c19c00", fontname="Courier",label="0x0010a25a      jmp 0x10a2e8\l"]
	"0x0010a25f" [URL="sym.rdscomm/0x0010a25f", fillcolor="#c19c00",color="#c19c00", fontname="Courier",label="; CODE XREFS from sym.rdscomm @ 0x10a21b, 0x10a258\l0x0010a25f      mov eax, dword [arg_10h]\l0x0010a262      mov ax, word [eax]\l0x0010a265      shr ax, 8\l0x0010a269      mov edx, eax\l0x0010a26b      mov eax, dword [arg_10h]\l0x0010a26e      mov ax, word [eax]\l0x0010a271      and eax, 0xffff\l0x0010a276      shl eax, 8\l0x0010a279      or eax, edx\l0x0010a27b      mov word [var_26h], ax\l0x0010a27f      movsx edx, word [var_26h]\l0x0010a283      mov eax, dword [arg_8h]\l0x0010a286      mov ax, word [eax]\l0x0010a289      shr ax, 8\l0x0010a28d      xor ecx, ecx\l0x0010a28f      mov cx, ax\l0x0010a292      mov eax, dword [arg_8h]\l0x0010a295      mov ax, word [eax]\l0x0010a298      and eax, 0xffff\l0x0010a29d      shl eax, 8\l0x0010a2a0      and eax, 0xffff\l0x0010a2a5      or eax, ecx\l0x0010a2a7      or ah, 1\l0x0010a2aa      cmp edx, eax\l0x0010a2ac      je 0x10a2b0\l"]
	"0x0010a2ae" [URL="sym.rdscomm/0x0010a2ae", fillcolor="#c19c00",color="#c19c00", fontname="Courier",label="0x0010a2ae      jmp 0x10a2e8\l"]
	"0x0010a2b0" [URL="sym.rdscomm/0x0010a2b0", fillcolor="#c19c00",color="#c19c00", fontname="Courier",label="; CODE XREF from sym.rdscomm @ 0x10a2ac\l0x0010a2b0      mov eax, dword [arg_10h]\l0x0010a2b3      mov ax, word [eax + 2]\l0x0010a2b7      shr ax, 8\l0x0010a2bb      xor edx, edx\l0x0010a2bd      mov dx, ax\l0x0010a2c0      mov eax, dword [arg_10h]\l0x0010a2c3      mov ax, word [eax + 2]\l0x0010a2c7      and eax, 0xffff\l0x0010a2cc      shl eax, 8\l0x0010a2cf      and eax, 0xffff\l0x0010a2d4      or eax, edx\l0x0010a2d6      test eax, eax\l0x0010a2d8      je 0x10a2e1\l"]
	"0x0010a2da" [URL="sym.rdscomm/0x0010a2da", fillcolor="#c19c00",color="#c19c00", fontname="Courier",label="0x0010a2da      mov eax, 0xffffffff                                    ; -1\l0x0010a2df      jmp 0x10a306\l"]
	"0x0010a2e1" [URL="sym.rdscomm/0x0010a2e1", fillcolor="#c19c00",color="#c19c00", fontname="Courier",label="; CODE XREF from sym.rdscomm @ 0x10a2d8\l0x0010a2e1      mov eax, 1\l0x0010a2e6      jmp 0x10a306\l"]
	"0x0010a2e8" [URL="sym.rdscomm/0x0010a2e8", fillcolor="#c19c00",color="#c19c00", fontname="Courier",label="; CODE XREFS from sym.rdscomm @ 0x10a1b9, 0x10a25a, 0x10a2ae\l0x0010a2e8      inc dword [var_ch]\l"]
	"0x0010a2eb" [URL="sym.rdscomm/0x0010a2eb", fillcolor="#c19c00",color="#c19c00", fontname="Courier",label="; CODE XREF from sym.rdscomm @ 0x10a12c\l0x0010a2eb      cmp dword [var_ch], 2\l0x0010a2ef      jle 0x10a131\l"]
	"0x0010a2f5" [URL="sym.rdscomm/0x0010a2f5", fillcolor="#c19c00",color="#c19c00", fontname="Courier",label="0x0010a2f5      mov dword [esp], 0x11898c                              ; [0x11898c:4]=0x656d6954 ; \"Timeout on exchange with remote disk server\\n\\r\"\l0x0010a2fc      call sym.kprintf\l0x0010a301      mov eax, 0xfffffffd                                    ; 4294967293\l"]
	"0x0010a306" [URL="sym.rdscomm/0x0010a306", fillcolor="#c19c00",color="#c19c00", fontname="Courier",label="; XREFS: CODE 0x0010a080  CODE 0x0010a0c2  CODE 0x0010a186  \l; XREFS: CODE 0x0010a1d5  CODE 0x0010a2df  CODE 0x0010a2e6  \l0x0010a306      leave\l0x0010a307      ret\l"]
        "0x0010a01b" -> "0x0010a09b" [color="#13a10e"];
        "0x0010a01b" -> "0x0010a036" [color="#c50f1f"];
        "0x0010a036" -> "0x0010a085" [color="#13a10e"];
        "0x0010a036" -> "0x0010a070" [color="#c50f1f"];
        "0x0010a070" -> "0x0010a306" [color="#0037da"];
        "0x0010a085" -> "0x0010a09b" [color="#0037da"];
        "0x0010a09b" -> "0x0010a0c7" [color="#13a10e"];
        "0x0010a09b" -> "0x0010a0a4" [color="#c50f1f"];
        "0x0010a0a4" -> "0x0010a0c7" [color="#13a10e"];
        "0x0010a0a4" -> "0x0010a0b2" [color="#c50f1f"];
        "0x0010a0b2" -> "0x0010a306" [color="#0037da"];
        "0x0010a0c7" -> "0x0010a2eb" [color="#0037da"];
        "0x0010a131" -> "0x0010a18b" [color="#13a10e"];
        "0x0010a131" -> "0x0010a137" [color="#c50f1f"];
        "0x0010a137" -> "0x0010a18f" [color="#13a10e"];
        "0x0010a137" -> "0x0010a175" [color="#c50f1f"];
        "0x0010a175" -> "0x0010a306" [color="#0037da"];
        "0x0010a18b" -> "0x0010a18f" [color="#0037da"];
        "0x0010a18f" -> "0x0010a1be" [color="#13a10e"];
        "0x0010a18f" -> "0x0010a1b9" [color="#c50f1f"];
        "0x0010a1b9" -> "0x0010a2e8" [color="#0037da"];
        "0x0010a1be" -> "0x0010a1da" [color="#13a10e"];
        "0x0010a1be" -> "0x0010a1c4" [color="#c50f1f"];
        "0x0010a1c4" -> "0x0010a306" [color="#0037da"];
        "0x0010a1da" -> "0x0010a21d" [color="#13a10e"];
        "0x0010a1da" -> "0x0010a217" [color="#c50f1f"];
        "0x0010a217" -> "0x0010a25f" [color="#0037da"];
        "0x0010a21d" -> "0x0010a25f" [color="#13a10e"];
        "0x0010a21d" -> "0x0010a25a" [color="#c50f1f"];
        "0x0010a25a" -> "0x0010a2e8" [color="#0037da"];
        "0x0010a25f" -> "0x0010a2b0" [color="#13a10e"];
        "0x0010a25f" -> "0x0010a2ae" [color="#c50f1f"];
        "0x0010a2ae" -> "0x0010a2e8" [color="#0037da"];
        "0x0010a2b0" -> "0x0010a2e1" [color="#13a10e"];
        "0x0010a2b0" -> "0x0010a2da" [color="#c50f1f"];
        "0x0010a2da" -> "0x0010a306" [color="#0037da"];
        "0x0010a2e1" -> "0x0010a306" [color="#0037da"];
        "0x0010a2e8" -> "0x0010a2eb" [color="#0037da"];
        "0x0010a2eb" -> "0x0010a131" [color="#13a10e"];
        "0x0010a2eb" -> "0x0010a2f5" [color="#c50f1f"];
        "0x0010a2f5" -> "0x0010a306" [color="#0037da"];
}
