digraph code {
	graph [bgcolor=azure fontsize=8 fontname="Courier" splines="ortho"];
	node [fillcolor=gray style=filled shape=box];
	edge [arrowhead="normal"];
	"0x0010d079" [URL="sym.rfscomm/0x0010d079", fillcolor="#c19c00",color="#c19c00", fontname="Courier",label="  ; CALL XREF from sym.rflread @ 0x10cb58\l  ; CALL XREF from sym.rflwrite @ 0x10cf59\l  ; CALL XREF from sym.rfscontrol @ +0x1b0\l  ; CALL XREF from sym.rfsndmsg @ 0x10d69f\l  ; CALL XREF from sym.rfsopen @ 0x10d90b\l485: sym.rfscomm (int32_t arg_8h, int32_t arg_ch, int32_t arg_10h, int32_t arg_14h);\l; var int32_t var_1ah @ ebp-0x1a\l; var int32_t var_18h @ ebp-0x18\l; var int32_t var_14h @ ebp-0x14\l; var int32_t var_10h @ ebp-0x10\l; var int32_t var_ch @ ebp-0xc\l; arg int32_t arg_8h @ ebp+0x8\l; arg int32_t arg_ch @ ebp+0xc\l; arg int32_t arg_10h @ ebp+0x10\l; arg int32_t arg_14h @ ebp+0x14\l; var int32_t var_38h @ esp+0x4\l; var int32_t var_34h @ esp+0x8\l; var int32_t var_30h @ esp+0xc\l0x0010d079      push ebp\l0x0010d07a      mov ebp, esp\l0x0010d07c      sub esp, 0x38\l0x0010d07f      mov al, byte [0x13fe14]                                ; [0x13fe14:1]=0\l0x0010d084      test al, al\l0x0010d086      jne 0x10d0d4\l"]
	"0x0010d088" [URL="sym.rfscomm/0x0010d088", fillcolor="#c19c00",color="#c19c00", fontname="Courier",label="0x0010d088      mov ax, word [0x13fe0a]                                ; [0x13fe0a:2]=0\l0x0010d08e      xor ecx, ecx\l0x0010d090      mov cx, ax\l0x0010d093      mov eax, dword [0x13fe08]                              ; [0x13fe08:4]=0\l0x0010d098      xor edx, edx\l0x0010d09a      mov dx, ax\l0x0010d09d      mov eax, dword [0x13fe04]                              ; [0x13fe04:4]=0\l0x0010d0a2      mov dword [var_34h], ecx\l0x0010d0a6      mov dword [var_38h], edx\l0x0010d0aa      mov dword [esp], eax\l0x0010d0ad      call sym.udp_register\l0x0010d0b2      mov dword [var_10h], eax\l0x0010d0b5      cmp dword [var_10h], 0xffffffff\l0x0010d0b9      jne 0x10d0c5\l"]
	"0x0010d0bb" [URL="sym.rfscomm/0x0010d0bb", fillcolor="#c19c00",color="#c19c00", fontname="Courier",label="0x0010d0bb      mov eax, 0xffffffff                                    ; -1\l0x0010d0c0      jmp 0x10d25c\l"]
	"0x0010d0c5" [URL="sym.rfscomm/0x0010d0c5", fillcolor="#c19c00",color="#c19c00", fontname="Courier",label="; CODE XREF from sym.rfscomm @ 0x10d0b9\l0x0010d0c5      mov eax, dword [var_10h]\l0x0010d0c8      mov dword [0x13fe0c], eax                              ; [0x13fe0c:4]=0\l0x0010d0cd      mov byte [0x13fe14], 1                                 ; [0x13fe14:1]=0\l"]
	"0x0010d0d4" [URL="sym.rfscomm/0x0010d0d4", fillcolor="#c19c00",color="#c19c00", fontname="Courier",label="; CODE XREF from sym.rfscomm @ 0x10d086\l0x0010d0d4      mov eax, dword [obj.Rf_data]                           ; [0x13fe00:4]=0\l0x0010d0d9      lea edx, [eax + 1]\l0x0010d0dc      mov dword [obj.Rf_data], edx                           ; [0x13fe00:4]=0\l0x0010d0e2      mov dword [var_14h], eax\l0x0010d0e5      mov eax, dword [var_14h]\l0x0010d0e8      shr eax, 0x18\l0x0010d0eb      mov edx, dword [var_14h]\l0x0010d0ee      sar edx, 8\l0x0010d0f1      and edx, 0xff00\l0x0010d0f7      or edx, eax\l0x0010d0f9      mov eax, dword [var_14h]\l0x0010d0fc      shl eax, 8\l0x0010d0ff      and eax, 0xff0000\l0x0010d104      or eax, edx\l0x0010d106      mov edx, eax\l0x0010d108      mov eax, dword [var_14h]\l0x0010d10b      shl eax, 0x18\l0x0010d10e      or edx, eax\l0x0010d110      mov eax, dword [arg_8h]\l0x0010d113      mov dword [eax + 4], edx\l0x0010d116      mov dword [var_ch], 0\l0x0010d11d      jmp 0x10d241\l"]
	"0x0010d122" [URL="sym.rfscomm/0x0010d122", fillcolor="#c19c00",color="#c19c00", fontname="Courier",label="; CODE XREF from sym.rfscomm @ 0x10d245\l0x0010d122      mov eax, dword [0x13fe0c]                              ; [0x13fe0c:4]=0\l0x0010d127      mov edx, dword [arg_ch]\l0x0010d12a      mov dword [var_34h], edx\l0x0010d12e      mov edx, dword [arg_8h]\l0x0010d131      mov dword [var_38h], edx\l0x0010d135      mov dword [esp], eax\l0x0010d138      call sym.udp_send\l0x0010d13d      mov dword [var_18h], eax\l0x0010d140      cmp dword [var_18h], 0xffffffff\l0x0010d144      jne 0x10d15c\l"]
	"0x0010d146" [URL="sym.rfscomm/0x0010d146", fillcolor="#c19c00",color="#c19c00", fontname="Courier",label="0x0010d146      mov dword [esp], 0x118d18                              ; [0x118d18:4]=0x6e6e6143\l0x0010d14d      call sym.kprintf\l0x0010d152      mov eax, 0xffffffff                                    ; -1\l0x0010d157      jmp 0x10d25c\l"]
	"0x0010d15c" [URL="sym.rfscomm/0x0010d15c", fillcolor="#c19c00",color="#c19c00", fontname="Courier",label="; CODE XREF from sym.rfscomm @ 0x10d144\l0x0010d15c      mov eax, dword [0x13fe0c]                              ; [0x13fe0c:4]=0\l0x0010d161      mov dword [var_30h], 0xbb8                             ; [0xbb8:4]=-1 ; 3000\l0x0010d169      mov edx, dword [arg_14h]\l0x0010d16c      mov dword [var_34h], edx\l0x0010d170      mov edx, dword [arg_10h]\l0x0010d173      mov dword [var_38h], edx\l0x0010d177      mov dword [esp], eax\l0x0010d17a      call sym.udp_recv\l0x0010d17f      mov dword [var_18h], eax\l0x0010d182      cmp dword [var_18h], 0xfffffffd\l0x0010d186      jne 0x10d18d\l"]
	"0x0010d188" [URL="sym.rfscomm/0x0010d188", fillcolor="#c19c00",color="#c19c00", fontname="Courier",label="0x0010d188      jmp 0x10d23e\l"]
	"0x0010d18d" [URL="sym.rfscomm/0x0010d18d", fillcolor="#c19c00",color="#c19c00", fontname="Courier",label="; CODE XREF from sym.rfscomm @ 0x10d186\l0x0010d18d      cmp dword [var_18h], 0xffffffff\l0x0010d191      jne 0x10d1a9\l"]
	"0x0010d193" [URL="sym.rfscomm/0x0010d193", fillcolor="#c19c00",color="#c19c00", fontname="Courier",label="0x0010d193      mov dword [esp], 0x118d3c                              ; [0x118d3c:4]=0x6f727245\l0x0010d19a      call sym.kprintf\l0x0010d19f      mov eax, 0xffffffff                                    ; -1\l0x0010d1a4      jmp 0x10d25c\l"]
	"0x0010d1a9" [URL="sym.rfscomm/0x0010d1a9", fillcolor="#c19c00",color="#c19c00", fontname="Courier",label="; CODE XREF from sym.rfscomm @ 0x10d191\l0x0010d1a9      mov eax, dword [arg_10h]\l0x0010d1ac      mov eax, dword [eax + 4]\l0x0010d1af      shr eax, 0x18\l0x0010d1b2      mov edx, eax\l0x0010d1b4      mov eax, dword [arg_10h]\l0x0010d1b7      mov eax, dword [eax + 4]\l0x0010d1ba      shr eax, 8\l0x0010d1bd      and eax, 0xff00\l0x0010d1c2      or edx, eax\l0x0010d1c4      mov eax, dword [arg_10h]\l0x0010d1c7      mov eax, dword [eax + 4]\l0x0010d1ca      shl eax, 8\l0x0010d1cd      and eax, 0xff0000\l0x0010d1d2      or edx, eax\l0x0010d1d4      mov eax, dword [arg_10h]\l0x0010d1d7      mov eax, dword [eax + 4]\l0x0010d1da      shl eax, 0x18\l0x0010d1dd      or edx, eax\l0x0010d1df      mov eax, dword [var_14h]\l0x0010d1e2      cmp edx, eax\l0x0010d1e4      je 0x10d1e8\l"]
	"0x0010d1e6" [URL="sym.rfscomm/0x0010d1e6", fillcolor="#c19c00",color="#c19c00", fontname="Courier",label="0x0010d1e6      jmp 0x10d23e\l"]
	"0x0010d1e8" [URL="sym.rfscomm/0x0010d1e8", fillcolor="#c19c00",color="#c19c00", fontname="Courier",label="; CODE XREF from sym.rfscomm @ 0x10d1e4\l0x0010d1e8      mov eax, dword [arg_10h]\l0x0010d1eb      mov ax, word [eax]\l0x0010d1ee      shr ax, 8\l0x0010d1f2      mov edx, eax\l0x0010d1f4      mov eax, dword [arg_10h]\l0x0010d1f7      mov ax, word [eax]\l0x0010d1fa      and eax, 0xffff\l0x0010d1ff      shl eax, 8\l0x0010d202      or eax, edx\l0x0010d204      mov word [var_1ah], ax\l0x0010d208      movsx edx, word [var_1ah]\l0x0010d20c      mov eax, dword [arg_8h]\l0x0010d20f      mov ax, word [eax]\l0x0010d212      shr ax, 8\l0x0010d216      xor ecx, ecx\l0x0010d218      mov cx, ax\l0x0010d21b      mov eax, dword [arg_8h]\l0x0010d21e      mov ax, word [eax]\l0x0010d221      and eax, 0xffff\l0x0010d226      shl eax, 8\l0x0010d229      and eax, 0xffff\l0x0010d22e      or eax, ecx\l0x0010d230      or ah, 1\l0x0010d233      cmp edx, eax\l0x0010d235      je 0x10d239\l"]
	"0x0010d237" [URL="sym.rfscomm/0x0010d237", fillcolor="#c19c00",color="#c19c00", fontname="Courier",label="0x0010d237      jmp 0x10d23e\l"]
	"0x0010d239" [URL="sym.rfscomm/0x0010d239", fillcolor="#c19c00",color="#c19c00", fontname="Courier",label="; CODE XREF from sym.rfscomm @ 0x10d235\l0x0010d239      mov eax, dword [var_18h]\l0x0010d23c      jmp 0x10d25c\l"]
	"0x0010d23e" [URL="sym.rfscomm/0x0010d23e", fillcolor="#c19c00",color="#c19c00", fontname="Courier",label="; CODE XREFS from sym.rfscomm @ 0x10d188, 0x10d1e6, 0x10d237\l0x0010d23e      inc dword [var_ch]\l"]
	"0x0010d241" [URL="sym.rfscomm/0x0010d241", fillcolor="#c19c00",color="#c19c00", fontname="Courier",label="; CODE XREF from sym.rfscomm @ 0x10d11d\l0x0010d241      cmp dword [var_ch], 2\l0x0010d245      jle 0x10d122\l"]
	"0x0010d24b" [URL="sym.rfscomm/0x0010d24b", fillcolor="#c19c00",color="#c19c00", fontname="Courier",label="0x0010d24b      mov dword [esp], 0x118d60                              ; [0x118d60:4]=0x656d6954\l0x0010d252      call sym.kprintf\l0x0010d257      mov eax, 0xfffffffd                                    ; 4294967293\l"]
	"0x0010d25c" [URL="sym.rfscomm/0x0010d25c", fillcolor="#c19c00",color="#c19c00", fontname="Courier",label="; CODE XREFS from sym.rfscomm @ 0x10d0c0, 0x10d157, 0x10d1a4, 0x10d23c\l0x0010d25c      leave\l0x0010d25d      ret\l"]
        "0x0010d079" -> "0x0010d0d4" [color="#13a10e"];
        "0x0010d079" -> "0x0010d088" [color="#c50f1f"];
        "0x0010d088" -> "0x0010d0c5" [color="#13a10e"];
        "0x0010d088" -> "0x0010d0bb" [color="#c50f1f"];
        "0x0010d0bb" -> "0x0010d25c" [color="#0037da"];
        "0x0010d0c5" -> "0x0010d0d4" [color="#0037da"];
        "0x0010d0d4" -> "0x0010d241" [color="#0037da"];
        "0x0010d122" -> "0x0010d15c" [color="#13a10e"];
        "0x0010d122" -> "0x0010d146" [color="#c50f1f"];
        "0x0010d146" -> "0x0010d25c" [color="#0037da"];
        "0x0010d15c" -> "0x0010d18d" [color="#13a10e"];
        "0x0010d15c" -> "0x0010d188" [color="#c50f1f"];
        "0x0010d188" -> "0x0010d23e" [color="#0037da"];
        "0x0010d18d" -> "0x0010d1a9" [color="#13a10e"];
        "0x0010d18d" -> "0x0010d193" [color="#c50f1f"];
        "0x0010d193" -> "0x0010d25c" [color="#0037da"];
        "0x0010d1a9" -> "0x0010d1e8" [color="#13a10e"];
        "0x0010d1a9" -> "0x0010d1e6" [color="#c50f1f"];
        "0x0010d1e6" -> "0x0010d23e" [color="#0037da"];
        "0x0010d1e8" -> "0x0010d239" [color="#13a10e"];
        "0x0010d1e8" -> "0x0010d237" [color="#c50f1f"];
        "0x0010d237" -> "0x0010d23e" [color="#0037da"];
        "0x0010d239" -> "0x0010d25c" [color="#0037da"];
        "0x0010d23e" -> "0x0010d241" [color="#0037da"];
        "0x0010d241" -> "0x0010d122" [color="#13a10e"];
        "0x0010d241" -> "0x0010d24b" [color="#c50f1f"];
        "0x0010d24b" -> "0x0010d25c" [color="#0037da"];
}
