digraph code {
	graph [bgcolor=azure fontsize=8 fontname="Courier" splines="ortho"];
	node [fillcolor=gray style=filled shape=box];
	edge [arrowhead="normal"];
	"0x00105342" [URL="sym.stacktrace/0x00105342", fillcolor="#c19c00",color="#c19c00", fontname="Courier",label="436: sym.stacktrace (int32_t arg_8h);\l; var int32_t var_14h @ ebp-0x14\l; var int32_t var_10h @ ebp-0x10\l; var int32_t var_ch @ ebp-0xc\l; var int32_t var_4h @ ebp-0x4\l; arg int32_t arg_8h @ ebp+0x8\l0x00105342      push ebp\l0x00105343      mov ebp, esp\l0x00105345      push ebx\l0x00105346      sub esp, 0x14\l0x00105349      call sym.__x86.get_pc_thunk.bx\l0x0010534e      add ebx, 0x1bcb2\l0x00105354      mov edx, dword [arg_8h]\l0x00105357      mov eax, edx\l0x00105359      shl eax, 3\l0x0010535c      sub eax, edx\l0x0010535e      shl eax, 3\l0x00105361      mov edx, obj.proctab                                   ; 0x1212e0\l0x00105367      add eax, edx\l0x00105369      mov dword [var_14h], eax\l0x0010536c      cmp dword [arg_8h], 0\l0x00105370      je 0x1053a4\l"]
	"0x00105372" [URL="sym.stacktrace/0x00105372", fillcolor="#c19c00",color="#c19c00", fontname="Courier",label="0x00105372      cmp dword [arg_8h], 0\l0x00105376      js 0x10539a\l"]
	"0x00105378" [URL="sym.stacktrace/0x00105378", fillcolor="#c19c00",color="#c19c00", fontname="Courier",label="0x00105378      cmp dword [arg_8h], 0x63\l0x0010537c      jg 0x10539a\l"]
	"0x0010537e" [URL="sym.stacktrace/0x0010537e", fillcolor="#c19c00",color="#c19c00", fontname="Courier",label="0x0010537e      mov ecx, obj.proctab                                   ; 0x1212e0\l0x00105384      mov edx, dword [arg_8h]\l0x00105387      mov eax, edx\l0x00105389      shl eax, 3\l0x0010538c      sub eax, edx\l0x0010538e      shl eax, 3\l0x00105391      add eax, ecx\l0x00105393      mov eax, dword [eax]\l0x00105395      test ax, ax\l0x00105398      jne 0x1053a4\l"]
	"0x0010539a" [URL="sym.stacktrace/0x0010539a", fillcolor="#c19c00",color="#c19c00", fontname="Courier",label="; CODE XREFS from sym.stacktrace @ 0x105376, 0x10537c\l0x0010539a      mov eax, 0xffffffff                                    ; -1\l0x0010539f      jmp 0x1054f1\l"]
	"0x001053a4" [URL="sym.stacktrace/0x001053a4", fillcolor="#c19c00",color="#c19c00", fontname="Courier",label="; CODE XREFS from sym.stacktrace @ 0x105370, 0x105398\l0x001053a4      mov eax, obj.currpid                                   ; 0x1212c0\l0x001053aa      mov eax, dword [eax]\l0x001053ac      cmp dword [arg_8h], eax\l0x001053af      jne 0x1053bd\l"]
	"0x001053b1" [URL="sym.stacktrace/0x001053b1", fillcolor="#c19c00",color="#c19c00", fontname="Courier",label="0x001053b1      mov eax, esp\l0x001053b3      mov dword [var_ch], eax\l0x001053b6      mov eax, ebp\l0x001053b8      mov dword [var_10h], eax\l0x001053bb      jmp 0x1053cf\l"]
	"0x001053bd" [URL="sym.stacktrace/0x001053bd", fillcolor="#c19c00",color="#c19c00", fontname="Courier",label="; CODE XREF from sym.stacktrace @ 0x1053af\l0x001053bd      mov eax, dword [var_14h]\l0x001053c0      mov eax, dword [eax + 4]\l0x001053c3      mov dword [var_ch], eax\l0x001053c6      mov eax, dword [var_ch]\l0x001053c9      add eax, 8\l0x001053cc      mov dword [var_10h], eax\l"]
	"0x001053cf" [URL="sym.stacktrace/0x001053cf", fillcolor="#c19c00",color="#c19c00", fontname="Courier",label="; CODE XREF from sym.stacktrace @ 0x1053bb\l0x001053cf      mov eax, dword [var_14h]\l0x001053d2      mov eax, dword [eax + 8]\l0x001053d5      push eax\l0x001053d6      push dword [var_10h]\l0x001053d9      push dword [var_ch]\l0x001053dc      lea eax, [ebx - 0x8bac]\l0x001053e2      push eax\l0x001053e3      call sym.kprintf\l0x001053e8      add esp, 0x10\l0x001053eb      jmp 0x105499\l"]
	"0x001053f0" [URL="sym.stacktrace/0x001053f0", fillcolor="#c19c00",color="#c19c00", fontname="Courier",label="; CODE XREF from sym.stacktrace @ 0x105418\l0x001053f0      mov eax, dword [var_ch]\l0x001053f3      mov edx, dword [eax]\l0x001053f5      mov eax, dword [var_ch]\l0x001053f8      mov eax, dword [eax]\l0x001053fa      push edx\l0x001053fb      push eax\l0x001053fc      push dword [var_ch]\l0x001053ff      lea eax, [ebx - 0x8b8c]\l0x00105405      push eax\l0x00105406      call sym.kprintf\l0x0010540b      add esp, 0x10\l0x0010540e      add dword [var_ch], 4\l"]
	"0x00105412" [URL="sym.stacktrace/0x00105412", fillcolor="#c19c00",color="#c19c00", fontname="Courier",label="; CODE XREF from sym.stacktrace @ 0x1054a2\l0x00105412      mov eax, dword [var_ch]\l0x00105415      cmp eax, dword [var_10h]\l0x00105418      jb 0x1053f0\l"]
	"0x0010541a" [URL="sym.stacktrace/0x0010541a", fillcolor="#c19c00",color="#c19c00", fontname="Courier",label="0x0010541a      mov eax, dword [var_ch]\l0x0010541d      mov eax, dword [eax]\l0x0010541f      cmp eax, 0xa0aaaa9\l0x00105424      je 0x1054aa\l"]
	"0x0010542a" [URL="sym.stacktrace/0x0010542a", fillcolor="#c19c00",color="#c19c00", fontname="Courier",label="0x0010542a      mov eax, dword [var_ch]\l0x0010542d      mov edx, dword [eax]\l0x0010542f      mov eax, dword [var_ch]\l0x00105432      mov eax, dword [eax]\l0x00105434      push edx\l0x00105435      push eax\l0x00105436      push dword [var_ch]\l0x00105439      lea eax, [ebx - 0x8b75]\l0x0010543f      push eax\l0x00105440      call sym.kprintf\l0x00105445      add esp, 0x10\l0x00105448      mov eax, dword [var_ch]\l0x0010544b      lea edx, [eax + 4]\l0x0010544e      mov dword [var_ch], edx\l0x00105451      mov eax, dword [eax]\l0x00105453      mov dword [var_10h], eax\l0x00105456      mov eax, dword [var_10h]\l0x00105459      cmp eax, dword [var_ch]\l0x0010545c      ja 0x10547d\l"]
	"0x0010545e" [URL="sym.stacktrace/0x0010545e", fillcolor="#c19c00",color="#c19c00", fontname="Courier",label="0x0010545e      sub esp, 4\l0x00105461      push dword [var_ch]\l0x00105464      push dword [var_10h]\l0x00105467      lea eax, [ebx - 0x8b5c]\l0x0010546d      push eax\l0x0010546e      call sym.kprintf\l0x00105473      add esp, 0x10\l0x00105476      mov eax, 0xffffffff                                    ; -1\l0x0010547b      jmp 0x1054f1\l"]
	"0x0010547d" [URL="sym.stacktrace/0x0010547d", fillcolor="#c19c00",color="#c19c00", fontname="Courier",label="; CODE XREF from sym.stacktrace @ 0x10545c\l0x0010547d      mov eax, dword [var_ch]\l0x00105480      mov eax, dword [eax]\l0x00105482      sub esp, 8\l0x00105485      push eax\l0x00105486      lea eax, [ebx - 0x8b39]\l0x0010548c      push eax\l0x0010548d      call sym.kprintf\l0x00105492      add esp, 0x10\l0x00105495      add dword [var_ch], 4\l"]
	"0x00105499" [URL="sym.stacktrace/0x00105499", fillcolor="#c19c00",color="#c19c00", fontname="Courier",label="; CODE XREF from sym.stacktrace @ 0x1053eb\l0x00105499      mov eax, dword [var_14h]\l0x0010549c      mov eax, dword [eax + 8]\l0x0010549f      cmp dword [var_ch], eax\l0x001054a2      jb 0x105412\l"]
	"0x001054a8" [URL="sym.stacktrace/0x001054a8", fillcolor="#c19c00",color="#c19c00", fontname="Courier",label="0x001054a8      jmp 0x1054ab\l"]
	"0x001054aa" [URL="sym.stacktrace/0x001054aa", fillcolor="#c19c00",color="#c19c00", fontname="Courier",label="; CODE XREF from sym.stacktrace @ 0x105424\l0x001054aa      nop\l"]
	"0x001054ab" [URL="sym.stacktrace/0x001054ab", fillcolor="#c19c00",color="#c19c00", fontname="Courier",label="; CODE XREF from sym.stacktrace @ 0x1054a8\l0x001054ab      mov eax, dword [var_ch]\l0x001054ae      mov eax, dword [eax]\l0x001054b0      sub esp, 4\l0x001054b3      push eax\l0x001054b4      push 0xa0aaaa9\l0x001054b9      lea eax, [ebx - 0x8b2c]\l0x001054bf      push eax\l0x001054c0      call sym.kprintf\l0x001054c5      add esp, 0x10\l0x001054c8      mov eax, dword [var_14h]\l0x001054cb      mov eax, dword [eax + 8]\l0x001054ce      cmp dword [var_ch], eax\l0x001054d1      je 0x1054ec\l"]
	"0x001054d3" [URL="sym.stacktrace/0x001054d3", fillcolor="#c19c00",color="#c19c00", fontname="Courier",label="0x001054d3      sub esp, 0xc\l0x001054d6      lea eax, [ebx - 0x8b0d]\l0x001054dc      push eax\l0x001054dd      call sym.kprintf\l0x001054e2      add esp, 0x10\l0x001054e5      mov eax, 0xffffffff                                    ; -1\l0x001054ea      jmp 0x1054f1\l"]
	"0x001054ec" [URL="sym.stacktrace/0x001054ec", fillcolor="#c19c00",color="#c19c00", fontname="Courier",label="; CODE XREF from sym.stacktrace @ 0x1054d1\l0x001054ec      mov eax, 1\l"]
	"0x001054f1" [URL="sym.stacktrace/0x001054f1", fillcolor="#c19c00",color="#c19c00", fontname="Courier",label="; CODE XREFS from sym.stacktrace @ 0x10539f, 0x10547b, 0x1054ea\l0x001054f1      mov ebx, dword [var_4h]\l0x001054f4      leave\l0x001054f5      ret\l"]
        "0x00105342" -> "0x001053a4" [color="#13a10e"];
        "0x00105342" -> "0x00105372" [color="#c50f1f"];
        "0x00105372" -> "0x0010539a" [color="#13a10e"];
        "0x00105372" -> "0x00105378" [color="#c50f1f"];
        "0x00105378" -> "0x0010539a" [color="#13a10e"];
        "0x00105378" -> "0x0010537e" [color="#c50f1f"];
        "0x0010537e" -> "0x001053a4" [color="#13a10e"];
        "0x0010537e" -> "0x0010539a" [color="#c50f1f"];
        "0x0010539a" -> "0x001054f1" [color="#0037da"];
        "0x001053a4" -> "0x001053bd" [color="#13a10e"];
        "0x001053a4" -> "0x001053b1" [color="#c50f1f"];
        "0x001053b1" -> "0x001053cf" [color="#0037da"];
        "0x001053bd" -> "0x001053cf" [color="#0037da"];
        "0x001053cf" -> "0x00105499" [color="#0037da"];
        "0x001053f0" -> "0x00105412" [color="#0037da"];
        "0x00105412" -> "0x001053f0" [color="#13a10e"];
        "0x00105412" -> "0x0010541a" [color="#c50f1f"];
        "0x0010541a" -> "0x001054aa" [color="#13a10e"];
        "0x0010541a" -> "0x0010542a" [color="#c50f1f"];
        "0x0010542a" -> "0x0010547d" [color="#13a10e"];
        "0x0010542a" -> "0x0010545e" [color="#c50f1f"];
        "0x0010545e" -> "0x001054f1" [color="#0037da"];
        "0x0010547d" -> "0x00105499" [color="#0037da"];
        "0x00105499" -> "0x00105412" [color="#13a10e"];
        "0x00105499" -> "0x001054a8" [color="#c50f1f"];
        "0x001054a8" -> "0x001054ab" [color="#0037da"];
        "0x001054aa" -> "0x001054ab" [color="#0037da"];
        "0x001054ab" -> "0x001054ec" [color="#13a10e"];
        "0x001054ab" -> "0x001054d3" [color="#c50f1f"];
        "0x001054d3" -> "0x001054f1" [color="#0037da"];
        "0x001054ec" -> "0x001054f1" [color="#0037da"];
}
