digraph code {
	graph [bgcolor=azure fontsize=8 fontname="Courier" splines="ortho"];
	node [fillcolor=gray style=filled shape=box];
	edge [arrowhead="normal"];
	"0x0011290b" [URL="sym.udp_in/0x0011290b", fillcolor="#c19c00",color="#c19c00", fontname="Courier",label="  ; CALL XREF from sym.ip_local @ 0x1104c6\l339: sym.udp_in (int32_t arg_8h);\l; var int32_t var_14h @ ebp-0x14\l; var int32_t var_10h @ ebp-0x10\l; var int32_t var_ch @ ebp-0xc\l; var int32_t var_4h @ ebp-0x4\l; arg int32_t arg_8h @ ebp+0x8\l0x0011290b      push ebp\l0x0011290c      mov ebp, esp\l0x0011290e      push ebx\l0x0011290f      sub esp, 0x14\l0x00112912      call sym.__x86.get_pc_thunk.bx\l0x00112917      add ebx, 0xe6e9\l0x0011291d      call loc.disable\l0x00112922      mov dword [var_10h], eax\l0x00112925      mov dword [var_ch], 0\l0x0011292c      jmp 0x112a32\l"]
	"0x00112931" [URL="sym.udp_in/0x00112931", fillcolor="#c19c00",color="#c19c00", fontname="Courier",label="; CODE XREF from sym.udp_in @ 0x112a36\l0x00112931      mov edx, dword [var_ch]\l0x00112934      mov eax, edx\l0x00112936      shl eax, 4\l0x00112939      sub eax, edx\l0x0011293b      shl eax, 2\l0x0011293e      mov edx, obj.udptab                                    ; 0x1402c0\l0x00112944      add eax, edx\l0x00112946      mov dword [var_14h], eax\l0x00112949      mov eax, dword [var_14h]\l0x0011294c      mov eax, dword [eax]\l0x0011294e      test eax, eax\l0x00112950      je 0x112a2e\l"]
	"0x00112956" [URL="sym.udp_in/0x00112956", fillcolor="#c19c00",color="#c19c00", fontname="Courier",label="0x00112956      mov eax, dword [arg_8h]\l0x00112959      mov dx, word [eax + 0x24]\l0x0011295d      mov eax, dword [var_14h]\l0x00112960      mov ax, word [eax + 0xa]\l0x00112964      cmp dx, ax\l0x00112967      jne 0x112a2f\l"]
	"0x0011296d" [URL="sym.udp_in/0x0011296d", fillcolor="#c19c00",color="#c19c00", fontname="Courier",label="0x0011296d      mov eax, dword [var_14h]\l0x00112970      mov eax, dword [eax + 8]\l0x00112973      test ax, ax\l0x00112976      je 0x11298e\l"]
	"0x00112978" [URL="sym.udp_in/0x00112978", fillcolor="#c19c00",color="#c19c00", fontname="Courier",label="0x00112978      mov eax, dword [arg_8h]\l0x0011297b      mov dx, word [eax + 0x22]\l0x0011297f      mov eax, dword [var_14h]\l0x00112982      mov eax, dword [eax + 8]\l0x00112985      cmp dx, ax\l0x00112988      jne 0x112a2f\l"]
	"0x0011298e" [URL="sym.udp_in/0x0011298e", fillcolor="#c19c00",color="#c19c00", fontname="Courier",label="; CODE XREF from sym.udp_in @ 0x112976\l0x0011298e      mov eax, dword [var_14h]\l0x00112991      mov eax, dword [eax + 4]\l0x00112994      test eax, eax\l0x00112996      je 0x1129ac\l"]
	"0x00112998" [URL="sym.udp_in/0x00112998", fillcolor="#c19c00",color="#c19c00", fontname="Courier",label="0x00112998      mov eax, dword [arg_8h]\l0x0011299b      mov edx, dword [eax + 0x1a]\l0x0011299e      mov eax, dword [var_14h]\l0x001129a1      mov eax, dword [eax + 4]\l0x001129a4      cmp edx, eax\l0x001129a6      jne 0x112a2f\l"]
	"0x001129ac" [URL="sym.udp_in/0x001129ac", fillcolor="#c19c00",color="#c19c00", fontname="Courier",label="; CODE XREF from sym.udp_in @ 0x112996\l0x001129ac      mov eax, dword [var_14h]\l0x001129af      mov eax, dword [eax + 0x14]\l0x001129b2      cmp eax, 7                                             ; 7\l0x001129b5      jg 0x112a2f\l"]
	"0x001129b7" [URL="sym.udp_in/0x001129b7", fillcolor="#c19c00",color="#c19c00", fontname="Courier",label="0x001129b7      mov eax, dword [var_14h]\l0x001129ba      mov eax, dword [eax + 0x14]\l0x001129bd      lea edx, [eax + 1]\l0x001129c0      mov eax, dword [var_14h]\l0x001129c3      mov dword [eax + 0x14], edx\l0x001129c6      mov eax, dword [var_14h]\l0x001129c9      mov eax, dword [eax + 0x10]\l0x001129cc      lea ecx, [eax + 1]\l0x001129cf      mov edx, dword [var_14h]\l0x001129d2      mov dword [edx + 0x10], ecx\l0x001129d5      mov edx, dword [var_14h]\l0x001129d8      lea ecx, [eax + 4]\l0x001129db      mov eax, dword [arg_8h]\l0x001129de      mov dword [edx + ecx*4 + 0xc], eax\l0x001129e2      mov eax, dword [var_14h]\l0x001129e5      mov eax, dword [eax + 0x10]\l0x001129e8      cmp eax, 7                                             ; 7\l0x001129eb      jle 0x1129f7\l"]
	"0x001129ed" [URL="sym.udp_in/0x001129ed", fillcolor="#c19c00",color="#c19c00", fontname="Courier",label="0x001129ed      mov eax, dword [var_14h]\l0x001129f0      mov dword [eax + 0x10], 0\l"]
	"0x001129f7" [URL="sym.udp_in/0x001129f7", fillcolor="#c19c00",color="#c19c00", fontname="Courier",label="; CODE XREF from sym.udp_in @ 0x1129eb\l0x001129f7      mov eax, dword [var_14h]\l0x001129fa      mov eax, dword [eax]\l0x001129fc      cmp eax, 2                                             ; 2\l0x001129ff      jne 0x112a1e\l"]
	"0x00112a01" [URL="sym.udp_in/0x00112a01", fillcolor="#c19c00",color="#c19c00", fontname="Courier",label="0x00112a01      mov eax, dword [var_14h]\l0x00112a04      mov dword [eax], 1\l0x00112a0a      mov eax, dword [var_14h]\l0x00112a0d      mov eax, dword [eax + 0x18]\l0x00112a10      sub esp, 8\l0x00112a13      push 1                                                 ; 1\l0x00112a15      push eax\l0x00112a16      call sym.send                                          ; ssize_t send(int socket, void *buffer, size_t length, int flags)\l0x00112a1b      add esp, 0x10\l"]
	"0x00112a1e" [URL="sym.udp_in/0x00112a1e", fillcolor="#c19c00",color="#c19c00", fontname="Courier",label="; CODE XREF from sym.udp_in @ 0x1129ff\l0x00112a1e      sub esp, 0xc\l0x00112a21      push dword [var_10h]\l0x00112a24      call loc.restore\l0x00112a29      add esp, 0x10\l0x00112a2c      jmp 0x112a59\l"]
	"0x00112a2e" [URL="sym.udp_in/0x00112a2e", fillcolor="#c19c00",color="#c19c00", fontname="Courier",label="; CODE XREF from sym.udp_in @ 0x112950\l0x00112a2e      nop\l"]
	"0x00112a2f" [URL="sym.udp_in/0x00112a2f", fillcolor="#c19c00",color="#c19c00", fontname="Courier",label="; CODE XREFS from sym.udp_in @ 0x112967, 0x112988, 0x1129a6, 0x1129b5\l0x00112a2f      inc dword [var_ch]\l"]
	"0x00112a32" [URL="sym.udp_in/0x00112a32", fillcolor="#c19c00",color="#c19c00", fontname="Courier",label="; CODE XREF from sym.udp_in @ 0x11292c\l0x00112a32      cmp dword [var_ch], 5\l0x00112a36      jle 0x112931\l"]
	"0x00112a3c" [URL="sym.udp_in/0x00112a3c", fillcolor="#c19c00",color="#c19c00", fontname="Courier",label="0x00112a3c      sub esp, 0xc\l0x00112a3f      push dword [arg_8h]\l0x00112a42      call sym.freebuf\l0x00112a47      add esp, 0x10\l0x00112a4a      sub esp, 0xc\l0x00112a4d      push dword [var_10h]\l0x00112a50      call loc.restore\l0x00112a55      add esp, 0x10\l0x00112a58      nop\l"]
	"0x00112a59" [URL="sym.udp_in/0x00112a59", fillcolor="#c19c00",color="#c19c00", fontname="Courier",label="; CODE XREF from sym.udp_in @ 0x112a2c\l0x00112a59      mov ebx, dword [var_4h]\l0x00112a5c      leave\l0x00112a5d      ret\l"]
        "0x0011290b" -> "0x00112a32" [color="#0037da"];
        "0x00112931" -> "0x00112a2e" [color="#13a10e"];
        "0x00112931" -> "0x00112956" [color="#c50f1f"];
        "0x00112956" -> "0x00112a2f" [color="#13a10e"];
        "0x00112956" -> "0x0011296d" [color="#c50f1f"];
        "0x0011296d" -> "0x0011298e" [color="#13a10e"];
        "0x0011296d" -> "0x00112978" [color="#c50f1f"];
        "0x00112978" -> "0x00112a2f" [color="#13a10e"];
        "0x00112978" -> "0x0011298e" [color="#c50f1f"];
        "0x0011298e" -> "0x001129ac" [color="#13a10e"];
        "0x0011298e" -> "0x00112998" [color="#c50f1f"];
        "0x00112998" -> "0x00112a2f" [color="#13a10e"];
        "0x00112998" -> "0x001129ac" [color="#c50f1f"];
        "0x001129ac" -> "0x00112a2f" [color="#13a10e"];
        "0x001129ac" -> "0x001129b7" [color="#c50f1f"];
        "0x001129b7" -> "0x001129f7" [color="#13a10e"];
        "0x001129b7" -> "0x001129ed" [color="#c50f1f"];
        "0x001129ed" -> "0x001129f7" [color="#0037da"];
        "0x001129f7" -> "0x00112a1e" [color="#13a10e"];
        "0x001129f7" -> "0x00112a01" [color="#c50f1f"];
        "0x00112a01" -> "0x00112a1e" [color="#0037da"];
        "0x00112a1e" -> "0x00112a59" [color="#0037da"];
        "0x00112a2e" -> "0x00112a2f" [color="#0037da"];
        "0x00112a2f" -> "0x00112a32" [color="#0037da"];
        "0x00112a32" -> "0x00112931" [color="#13a10e"];
        "0x00112a32" -> "0x00112a3c" [color="#c50f1f"];
        "0x00112a3c" -> "0x00112a59" [color="#0037da"];
}
