digraph code {
	graph [bgcolor=azure fontsize=8 fontname="Courier" splines="ortho"];
	node [fillcolor=gray style=filled shape=box];
	edge [arrowhead="normal"];
	"0x00112bad" [URL="sym.udp_recv/0x00112bad", fillcolor="#c19c00",color="#c19c00", fontname="Courier",label="  ; XREFS: CALL 0x00102032  CALL 0x0010a1ab  CALL 0x0010d17a  \l  ; XREFS: CALL 0x0010e76f  CALL 0x0010ed48  CALL 0x001172e5  \l431: sym.udp_recv (int32_t arg_8h, int32_t arg_ch, int32_t arg_10h, int32_t arg_14h);\l; var int32_t var_24h @ ebp-0x24\l; var int32_t var_20h @ ebp-0x20\l; var int32_t var_1ch @ ebp-0x1c\l; var int32_t var_18h @ ebp-0x18\l; var int32_t var_14h @ ebp-0x14\l; var int32_t var_10h @ ebp-0x10\l; var int32_t var_ch @ ebp-0xc\l; var int32_t var_4h @ ebp-0x4\l; arg int32_t arg_8h @ ebp+0x8\l; arg int32_t arg_ch @ ebp+0xc\l; arg int32_t arg_10h @ ebp+0x10\l; arg int32_t arg_14h @ ebp+0x14\l0x00112bad      push ebp\l0x00112bae      mov ebp, esp\l0x00112bb0      push ebx\l0x00112bb1      sub esp, 0x24\l0x00112bb4      call sym.__x86.get_pc_thunk.bx\l0x00112bb9      add ebx, 0xe447\l0x00112bbf      call loc.disable\l0x00112bc4      mov dword [var_18h], eax\l0x00112bc7      cmp dword [arg_8h], 0\l0x00112bcb      js 0x112bd3\l"]
	"0x00112bcd" [URL="sym.udp_recv/0x00112bcd", fillcolor="#c19c00",color="#c19c00", fontname="Courier",label="0x00112bcd      cmp dword [arg_8h], 5\l0x00112bd1      jle 0x112beb\l"]
	"0x00112bd3" [URL="sym.udp_recv/0x00112bd3", fillcolor="#c19c00",color="#c19c00", fontname="Courier",label="; CODE XREF from sym.udp_recv @ 0x112bcb\l0x00112bd3      sub esp, 0xc\l0x00112bd6      push dword [var_18h]\l0x00112bd9      call loc.restore\l0x00112bde      add esp, 0x10\l0x00112be1      mov eax, 0xffffffff                                    ; -1\l0x00112be6      jmp 0x112d57\l"]
	"0x00112beb" [URL="sym.udp_recv/0x00112beb", fillcolor="#c19c00",color="#c19c00", fontname="Courier",label="; CODE XREF from sym.udp_recv @ 0x112bd1\l0x00112beb      mov edx, dword [arg_8h]\l0x00112bee      mov eax, edx\l0x00112bf0      shl eax, 4\l0x00112bf3      sub eax, edx\l0x00112bf5      shl eax, 2\l0x00112bf8      mov edx, obj.udptab                                    ; 0x1402c0\l0x00112bfe      add eax, edx\l0x00112c00      mov dword [var_1ch], eax\l0x00112c03      mov eax, dword [var_1ch]\l0x00112c06      mov eax, dword [eax]\l0x00112c08      cmp eax, 1                                             ; 1\l0x00112c0b      je 0x112c25\l"]
	"0x00112c0d" [URL="sym.udp_recv/0x00112c0d", fillcolor="#c19c00",color="#c19c00", fontname="Courier",label="0x00112c0d      sub esp, 0xc\l0x00112c10      push dword [var_18h]\l0x00112c13      call loc.restore\l0x00112c18      add esp, 0x10\l0x00112c1b      mov eax, 0xffffffff                                    ; -1\l0x00112c20      jmp 0x112d57\l"]
	"0x00112c25" [URL="sym.udp_recv/0x00112c25", fillcolor="#c19c00",color="#c19c00", fontname="Courier",label="; CODE XREF from sym.udp_recv @ 0x112c0b\l0x00112c25      mov eax, dword [var_1ch]\l0x00112c28      mov eax, dword [eax + 0x14]\l0x00112c2b      test eax, eax\l0x00112c2d      jne 0x112ca5\l"]
	"0x00112c2f" [URL="sym.udp_recv/0x00112c2f", fillcolor="#c19c00",color="#c19c00", fontname="Courier",label="0x00112c2f      mov eax, dword [var_1ch]\l0x00112c32      mov dword [eax], 2\l0x00112c38      mov eax, obj.currpid                                   ; 0x1212c0\l0x00112c3e      mov edx, dword [eax]\l0x00112c40      mov eax, dword [var_1ch]\l0x00112c43      mov dword [eax + 0x18], edx\l0x00112c46      call sym.recvclr\l0x00112c4b      mov dword [var_20h], eax\l0x00112c4e      mov eax, dword [arg_14h]\l0x00112c51      sub esp, 0xc\l0x00112c54      push eax\l0x00112c55      call sym.recvtime\l0x00112c5a      add esp, 0x10\l0x00112c5d      mov dword [var_20h], eax\l0x00112c60      mov eax, dword [var_1ch]\l0x00112c63      mov dword [eax], 1\l0x00112c69      cmp dword [var_20h], 0xfffffffd\l0x00112c6d      jne 0x112c87\l"]
	"0x00112c6f" [URL="sym.udp_recv/0x00112c6f", fillcolor="#c19c00",color="#c19c00", fontname="Courier",label="0x00112c6f      sub esp, 0xc\l0x00112c72      push dword [var_18h]\l0x00112c75      call loc.restore\l0x00112c7a      add esp, 0x10\l0x00112c7d      mov eax, 0xfffffffd                                    ; 4294967293\l0x00112c82      jmp 0x112d57\l"]
	"0x00112c87" [URL="sym.udp_recv/0x00112c87", fillcolor="#c19c00",color="#c19c00", fontname="Courier",label="; CODE XREF from sym.udp_recv @ 0x112c6d\l0x00112c87      cmp dword [var_20h], 1\l0x00112c8b      je 0x112ca5\l"]
	"0x00112c8d" [URL="sym.udp_recv/0x00112c8d", fillcolor="#c19c00",color="#c19c00", fontname="Courier",label="0x00112c8d      sub esp, 0xc\l0x00112c90      push dword [var_18h]\l0x00112c93      call loc.restore\l0x00112c98      add esp, 0x10\l0x00112c9b      mov eax, 0xffffffff                                    ; -1\l0x00112ca0      jmp 0x112d57\l"]
	"0x00112ca5" [URL="sym.udp_recv/0x00112ca5", fillcolor="#c19c00",color="#c19c00", fontname="Courier",label="; CODE XREFS from sym.udp_recv @ 0x112c2d, 0x112c8b\l0x00112ca5      mov eax, dword [var_1ch]\l0x00112ca8      mov eax, dword [eax + 0xc]\l0x00112cab      lea ecx, [eax + 1]\l0x00112cae      mov edx, dword [var_1ch]\l0x00112cb1      mov dword [edx + 0xc], ecx\l0x00112cb4      mov edx, dword [var_1ch]\l0x00112cb7      add eax, 4\l0x00112cba      mov eax, dword [edx + eax*4 + 0xc]\l0x00112cbe      mov dword [var_24h], eax\l0x00112cc1      mov eax, dword [var_1ch]\l0x00112cc4      mov eax, dword [eax + 0xc]\l0x00112cc7      cmp eax, 7                                             ; 7\l0x00112cca      jle 0x112cd6\l"]
	"0x00112ccc" [URL="sym.udp_recv/0x00112ccc", fillcolor="#c19c00",color="#c19c00", fontname="Courier",label="0x00112ccc      mov eax, dword [var_1ch]\l0x00112ccf      mov dword [eax + 0xc], 0\l"]
	"0x00112cd6" [URL="sym.udp_recv/0x00112cd6", fillcolor="#c19c00",color="#c19c00", fontname="Courier",label="; CODE XREF from sym.udp_recv @ 0x112cca\l0x00112cd6      mov eax, dword [var_1ch]\l0x00112cd9      mov eax, dword [eax + 0x14]\l0x00112cdc      lea edx, [eax - 1]\l0x00112cdf      mov eax, dword [var_1ch]\l0x00112ce2      mov dword [eax + 0x14], edx\l0x00112ce5      mov eax, dword [var_24h]\l0x00112ce8      mov ax, word [eax + 0x26]\l0x00112cec      and eax, 0xffff\l0x00112cf1      sub eax, 8\l0x00112cf4      mov dword [var_10h], eax\l0x00112cf7      mov eax, dword [var_24h]\l0x00112cfa      add eax, 0x2a                                          ; 42\l0x00112cfd      mov dword [var_14h], eax\l0x00112d00      mov eax, dword [arg_10h]\l0x00112d03      cmp eax, dword [var_10h]\l0x00112d06      jge 0x112d0e\l"]
	"0x00112d08" [URL="sym.udp_recv/0x00112d08", fillcolor="#c19c00",color="#c19c00", fontname="Courier",label="0x00112d08      mov eax, dword [arg_10h]\l0x00112d0b      mov dword [var_10h], eax\l"]
	"0x00112d0e" [URL="sym.udp_recv/0x00112d0e", fillcolor="#c19c00",color="#c19c00", fontname="Courier",label="; CODE XREF from sym.udp_recv @ 0x112d06\l0x00112d0e      mov dword [var_ch], 0\l0x00112d15      jmp 0x112d30\l"]
	"0x00112d17" [URL="sym.udp_recv/0x00112d17", fillcolor="#c19c00",color="#c19c00", fontname="Courier",label="; CODE XREF from sym.udp_recv @ 0x112d36\l0x00112d17      mov edx, dword [var_14h]\l0x00112d1a      lea eax, [edx + 1]\l0x00112d1d      mov dword [var_14h], eax\l0x00112d20      mov eax, dword [arg_ch]\l0x00112d23      lea ecx, [eax + 1]\l0x00112d26      mov dword [arg_ch], ecx\l0x00112d29      mov dl, byte [edx]\l0x00112d2b      mov byte [eax], dl\l0x00112d2d      inc dword [var_ch]\l"]
	"0x00112d30" [URL="sym.udp_recv/0x00112d30", fillcolor="#c19c00",color="#c19c00", fontname="Courier",label="; CODE XREF from sym.udp_recv @ 0x112d15\l0x00112d30      mov eax, dword [var_ch]\l0x00112d33      cmp eax, dword [var_10h]\l0x00112d36      jl 0x112d17\l"]
	"0x00112d38" [URL="sym.udp_recv/0x00112d38", fillcolor="#c19c00",color="#c19c00", fontname="Courier",label="0x00112d38      sub esp, 0xc\l0x00112d3b      push dword [var_24h]\l0x00112d3e      call sym.freebuf\l0x00112d43      add esp, 0x10\l0x00112d46      sub esp, 0xc\l0x00112d49      push dword [var_18h]\l0x00112d4c      call loc.restore\l0x00112d51      add esp, 0x10\l0x00112d54      mov eax, dword [var_10h]\l"]
	"0x00112d57" [URL="sym.udp_recv/0x00112d57", fillcolor="#c19c00",color="#c19c00", fontname="Courier",label="; CODE XREFS from sym.udp_recv @ 0x112be6, 0x112c20, 0x112c82, 0x112ca0\l0x00112d57      mov ebx, dword [var_4h]\l0x00112d5a      leave\l0x00112d5b      ret\l"]
        "0x00112bad" -> "0x00112bd3" [color="#13a10e"];
        "0x00112bad" -> "0x00112bcd" [color="#c50f1f"];
        "0x00112bcd" -> "0x00112beb" [color="#13a10e"];
        "0x00112bcd" -> "0x00112bd3" [color="#c50f1f"];
        "0x00112bd3" -> "0x00112d57" [color="#0037da"];
        "0x00112beb" -> "0x00112c25" [color="#13a10e"];
        "0x00112beb" -> "0x00112c0d" [color="#c50f1f"];
        "0x00112c0d" -> "0x00112d57" [color="#0037da"];
        "0x00112c25" -> "0x00112ca5" [color="#13a10e"];
        "0x00112c25" -> "0x00112c2f" [color="#c50f1f"];
        "0x00112c2f" -> "0x00112c87" [color="#13a10e"];
        "0x00112c2f" -> "0x00112c6f" [color="#c50f1f"];
        "0x00112c6f" -> "0x00112d57" [color="#0037da"];
        "0x00112c87" -> "0x00112ca5" [color="#13a10e"];
        "0x00112c87" -> "0x00112c8d" [color="#c50f1f"];
        "0x00112c8d" -> "0x00112d57" [color="#0037da"];
        "0x00112ca5" -> "0x00112cd6" [color="#13a10e"];
        "0x00112ca5" -> "0x00112ccc" [color="#c50f1f"];
        "0x00112ccc" -> "0x00112cd6" [color="#0037da"];
        "0x00112cd6" -> "0x00112d0e" [color="#13a10e"];
        "0x00112cd6" -> "0x00112d08" [color="#c50f1f"];
        "0x00112d08" -> "0x00112d0e" [color="#0037da"];
        "0x00112d0e" -> "0x00112d30" [color="#0037da"];
        "0x00112d17" -> "0x00112d30" [color="#0037da"];
        "0x00112d30" -> "0x00112d17" [color="#13a10e"];
        "0x00112d30" -> "0x00112d38" [color="#c50f1f"];
        "0x00112d38" -> "0x00112d57" [color="#0037da"];
}
