digraph code {
	graph [bgcolor=azure fontsize=8 fontname="Courier" splines="ortho"];
	node [fillcolor=gray style=filled shape=box];
	edge [arrowhead="normal"];
	"0x00114b08" [URL="sym.xsh_help/0x00114b08", fillcolor="#c19c00",color="#c19c00", fontname="Courier",label="1001: sym.xsh_help (int32_t arg_8h, int32_t arg_ch);\l; var int32_t var_34h @ ebp-0x34\l; var int32_t var_30h @ ebp-0x30\l; var int32_t var_2ch @ ebp-0x2c\l; var int32_t var_28h @ ebp-0x28\l; var int32_t var_24h @ ebp-0x24\l; var int32_t var_20h @ ebp-0x20\l; var int32_t var_1ch @ ebp-0x1c\l; var int32_t var_18h @ ebp-0x18\l; var int32_t var_14h @ ebp-0x14\l; var int32_t var_10h @ ebp-0x10\l; var int32_t var_ch @ ebp-0xc\l; var int32_t var_8h @ ebp-0x8\l; arg int32_t arg_8h @ ebp+0x8\l; arg int32_t arg_ch @ ebp+0xc\l0x00114b08      push ebp\l0x00114b09      mov ebp, esp\l0x00114b0b      push esi\l0x00114b0c      push ebx\l0x00114b0d      sub esp, 0x30\l0x00114b10      call sym.__x86.get_pc_thunk.bx\l0x00114b15      add ebx, 0xc4eb\l0x00114b1b      cmp dword [arg_8h], 2\l0x00114b1f      jne 0x114bfc\l"]
	"0x00114b25" [URL="sym.xsh_help/0x00114b25", fillcolor="#c19c00",color="#c19c00", fontname="Courier",label="0x00114b25      mov eax, dword [arg_ch]\l0x00114b28      add eax, 4\l0x00114b2b      mov eax, dword [eax]\l0x00114b2d      sub esp, 4\l0x00114b30      push 7                                                 ; 7\l0x00114b32      lea edx, [ebx - 0x7404]\l0x00114b38      push edx\l0x00114b39      push eax\l0x00114b3a      call sym.strncmp                                       ; int strncmp(const char *s1, const char *s2, size_t n)\l0x00114b3f      add esp, 0x10\l0x00114b42      test eax, eax\l0x00114b44      jne 0x114bfc\l"]
	"0x00114b4a" [URL="sym.xsh_help/0x00114b4a", fillcolor="#c19c00",color="#c19c00", fontname="Courier",label="0x00114b4a      sub esp, 0xc\l0x00114b4d      lea eax, [ebx - 0x73fd]\l0x00114b53      push eax\l0x00114b54      call sym.printf                                        ; int printf(const char *format)\l0x00114b59      add esp, 0x10\l0x00114b5c      mov eax, dword [arg_ch]\l0x00114b5f      mov eax, dword [eax]\l0x00114b61      sub esp, 8\l0x00114b64      push eax\l0x00114b65      lea eax, [ebx - 0x73f7]\l0x00114b6b      push eax\l0x00114b6c      call sym.printf                                        ; int printf(const char *format)\l0x00114b71      add esp, 0x10\l0x00114b74      sub esp, 0xc\l0x00114b77      lea eax, [ebx - 0x73e8]\l0x00114b7d      push eax\l0x00114b7e      call sym.printf                                        ; int printf(const char *format)\l0x00114b83      add esp, 0x10\l0x00114b86      sub esp, 0xc\l0x00114b89      lea eax, [ebx - 0x73d8]\l0x00114b8f      push eax\l0x00114b90      call sym.printf                                        ; int printf(const char *format)\l0x00114b95      add esp, 0x10\l0x00114b98      sub esp, 0xc\l0x00114b9b      lea eax, [ebx - 0x73b0]\l0x00114ba1      push eax\l0x00114ba2      call sym.printf                                        ; int printf(const char *format)\l0x00114ba7      add esp, 0x10\l0x00114baa      sub esp, 0xc\l0x00114bad      lea eax, [ebx - 0x7386]\l0x00114bb3      push eax\l0x00114bb4      call sym.printf                                        ; int printf(const char *format)\l0x00114bb9      add esp, 0x10\l0x00114bbc      sub esp, 0xc\l0x00114bbf      lea eax, [ebx - 0x737c]\l0x00114bc5      push eax\l0x00114bc6      call sym.printf                                        ; int printf(const char *format)\l0x00114bcb      add esp, 0x10\l0x00114bce      sub esp, 0xc\l0x00114bd1      lea eax, [ebx - 0x7354]\l0x00114bd7      push eax\l0x00114bd8      call sym.printf                                        ; int printf(const char *format)\l0x00114bdd      add esp, 0x10\l0x00114be0      sub esp, 0xc\l0x00114be3      lea eax, [ebx - 0x7338]\l0x00114be9      push eax\l0x00114bea      call sym.printf                                        ; int printf(const char *format)\l0x00114bef      add esp, 0x10\l0x00114bf2      mov eax, 0\l0x00114bf7      jmp 0x114eea\l"]
	"0x00114bfc" [URL="sym.xsh_help/0x00114bfc", fillcolor="#c19c00",color="#c19c00", fontname="Courier",label="; CODE XREFS from sym.xsh_help @ 0x114b1f, 0x114b44\l0x00114bfc      cmp dword [arg_8h], 2\l0x00114c00      jle 0x114c80\l"]
	"0x00114c02" [URL="sym.xsh_help/0x00114c02", fillcolor="#c19c00",color="#c19c00", fontname="Courier",label="0x00114c02      mov eax, dword [arg_ch]\l0x00114c05      mov edx, dword [eax]\l0x00114c07      mov eax, obj.currpid                                   ; 0x1212c0\l0x00114c0d      mov ecx, dword [eax]\l0x00114c0f      mov esi, obj.proctab                                   ; 0x1212e0\l0x00114c15      mov eax, ecx\l0x00114c17      shl eax, 3\l0x00114c1a      sub eax, ecx\l0x00114c1c      shl eax, 3\l0x00114c1f      add eax, esi\l0x00114c21      add eax, 0x32                                          ; 50\l0x00114c24      mov ax, word [eax]\l0x00114c27      cwde\l0x00114c28      sub esp, 4\l0x00114c2b      push edx\l0x00114c2c      lea edx, [ebx - 0x7314]\l0x00114c32      push edx\l0x00114c33      push eax\l0x00114c34      call sym.fprintf                                       ; int fprintf(FILE *stream, const char *format,   ...)\l0x00114c39      add esp, 0x10\l0x00114c3c      mov eax, dword [arg_ch]\l0x00114c3f      mov edx, dword [eax]\l0x00114c41      mov eax, obj.currpid                                   ; 0x1212c0\l0x00114c47      mov ecx, dword [eax]\l0x00114c49      mov esi, obj.proctab                                   ; 0x1212e0\l0x00114c4f      mov eax, ecx\l0x00114c51      shl eax, 3\l0x00114c54      sub eax, ecx\l0x00114c56      shl eax, 3\l0x00114c59      add eax, esi\l0x00114c5b      add eax, 0x32                                          ; 50\l0x00114c5e      mov ax, word [eax]\l0x00114c61      cwde\l0x00114c62      sub esp, 4\l0x00114c65      push edx\l0x00114c66      lea edx, [ebx - 0x72fc]\l0x00114c6c      push edx\l0x00114c6d      push eax\l0x00114c6e      call sym.fprintf                                       ; int fprintf(FILE *stream, const char *format,   ...)\l0x00114c73      add esp, 0x10\l0x00114c76      mov eax, 1\l0x00114c7b      jmp 0x114eea\l"]
	"0x00114c80" [URL="sym.xsh_help/0x00114c80", fillcolor="#c19c00",color="#c19c00", fontname="Courier",label="; CODE XREF from sym.xsh_help @ 0x114c00\l0x00114c80      cmp dword [arg_8h], 2\l0x00114c84      jne 0x114d72\l"]
	"0x00114c8a" [URL="sym.xsh_help/0x00114c8a", fillcolor="#c19c00",color="#c19c00", fontname="Courier",label="0x00114c8a      mov dword [var_ch], 0\l0x00114c91      jmp 0x114d34\l"]
	"0x00114c96" [URL="sym.xsh_help/0x00114c96", fillcolor="#c19c00",color="#c19c00", fontname="Courier",label="; CODE XREF from sym.xsh_help @ 0x114d41\l0x00114c96      mov ecx, obj.cmdtab                                    ; 0x11ff80\l0x00114c9c      mov edx, dword [var_ch]\l0x00114c9f      mov eax, edx\l0x00114ca1      add eax, eax\l0x00114ca3      add eax, edx\l0x00114ca5      shl eax, 2\l0x00114ca8      add eax, ecx\l0x00114caa      mov eax, dword [eax]\l0x00114cac      mov dword [var_10h], eax\l0x00114caf      mov eax, dword [arg_ch]\l0x00114cb2      mov eax, dword [eax + 4]\l0x00114cb5      mov dword [var_14h], eax\l0x00114cb8      jmp 0x114cce\l"]
	"0x00114cba" [URL="sym.xsh_help/0x00114cba", fillcolor="#c19c00",color="#c19c00", fontname="Courier",label="; CODE XREF from sym.xsh_help @ 0x114cd5\l0x00114cba      mov eax, dword [var_10h]\l0x00114cbd      mov dl, byte [eax]\l0x00114cbf      mov eax, dword [var_14h]\l0x00114cc2      mov al, byte [eax]\l0x00114cc4      cmp dl, al\l0x00114cc6      jne 0x114cd9\l"]
	"0x00114cc8" [URL="sym.xsh_help/0x00114cc8", fillcolor="#c19c00",color="#c19c00", fontname="Courier",label="0x00114cc8      inc dword [var_10h]\l0x00114ccb      inc dword [var_14h]\l"]
	"0x00114cce" [URL="sym.xsh_help/0x00114cce", fillcolor="#c19c00",color="#c19c00", fontname="Courier",label="; CODE XREF from sym.xsh_help @ 0x114cb8\l0x00114cce      mov eax, dword [var_10h]\l0x00114cd1      mov al, byte [eax]\l0x00114cd3      test al, al\l0x00114cd5      jne 0x114cba\l"]
	"0x00114cd7" [URL="sym.xsh_help/0x00114cd7", fillcolor="#c19c00",color="#c19c00", fontname="Courier",label="0x00114cd7      jmp 0x114cda\l"]
	"0x00114cd9" [URL="sym.xsh_help/0x00114cd9", fillcolor="#c19c00",color="#c19c00", fontname="Courier",label="; CODE XREF from sym.xsh_help @ 0x114cc6\l0x00114cd9      nop\l"]
	"0x00114cda" [URL="sym.xsh_help/0x00114cda", fillcolor="#c19c00",color="#c19c00", fontname="Courier",label="; CODE XREF from sym.xsh_help @ 0x114cd7\l0x00114cda      mov eax, dword [var_10h]\l0x00114cdd      mov al, byte [eax]\l0x00114cdf      test al, al\l0x00114ce1      jne 0x114cec\l"]
	"0x00114ce3" [URL="sym.xsh_help/0x00114ce3", fillcolor="#c19c00",color="#c19c00", fontname="Courier",label="0x00114ce3      mov eax, dword [var_14h]\l0x00114ce6      mov al, byte [eax]\l0x00114ce8      test al, al\l0x00114cea      je 0x114cf1\l"]
	"0x00114cec" [URL="sym.xsh_help/0x00114cec", fillcolor="#c19c00",color="#c19c00", fontname="Courier",label="; CODE XREF from sym.xsh_help @ 0x114ce1\l0x00114cec      inc dword [var_ch]\l0x00114cef      jmp 0x114d34\l"]
	"0x00114cf1" [URL="sym.xsh_help/0x00114cf1", fillcolor="#c19c00",color="#c19c00", fontname="Courier",label="; CODE XREF from sym.xsh_help @ 0x114cea\l0x00114cf1      mov eax, dword [arg_ch]\l0x00114cf4      mov eax, dword [eax + 4]\l0x00114cf7      mov dword [var_34h], eax\l0x00114cfa      lea eax, [ebx - 0x7404]\l0x00114d00      mov dword [var_30h], eax\l0x00114d03      mov ecx, obj.cmdtab                                    ; 0x11ff80\l0x00114d09      mov edx, dword [var_ch]\l0x00114d0c      mov eax, edx\l0x00114d0e      add eax, eax\l0x00114d10      add eax, edx\l0x00114d12      shl eax, 2\l0x00114d15      add eax, ecx\l0x00114d17      add eax, 8\l0x00114d1a      mov eax, dword [eax]\l0x00114d1c      sub esp, 8\l0x00114d1f      lea edx, [var_34h]\l0x00114d22      push edx\l0x00114d23      push 2                                                 ; 2\l0x00114d25      call eax\l0x00114d27      add esp, 0x10\l0x00114d2a      mov eax, 0\l0x00114d2f      jmp 0x114eea\l"]
	"0x00114d34" [URL="sym.xsh_help/0x00114d34", fillcolor="#c19c00",color="#c19c00", fontname="Courier",label="; CODE XREFS from sym.xsh_help @ 0x114c91, 0x114cef\l0x00114d34      mov edx, dword [var_ch]\l0x00114d37      mov eax, obj.ncmd                                      ; 0x11ff6c\l0x00114d3d      mov eax, dword [eax]\l0x00114d3f      cmp edx, eax\l0x00114d41      jb 0x114c96\l"]
	"0x00114d47" [URL="sym.xsh_help/0x00114d47", fillcolor="#c19c00",color="#c19c00", fontname="Courier",label="0x00114d47      mov eax, dword [arg_ch]\l0x00114d4a      add eax, 4\l0x00114d4d      mov edx, dword [eax]\l0x00114d4f      mov eax, dword [arg_ch]\l0x00114d52      mov eax, dword [eax]\l0x00114d54      sub esp, 4\l0x00114d57      push edx\l0x00114d58      push eax\l0x00114d59      lea eax, [ebx - 0x72d6]\l0x00114d5f      push eax\l0x00114d60      call sym.printf                                        ; int printf(const char *format)\l0x00114d65      add esp, 0x10\l0x00114d68      mov eax, 1\l0x00114d6d      jmp 0x114eea\l"]
	"0x00114d72" [URL="sym.xsh_help/0x00114d72", fillcolor="#c19c00",color="#c19c00", fontname="Courier",label="; CODE XREF from sym.xsh_help @ 0x114c84\l0x00114d72      sub esp, 0xc\l0x00114d75      lea eax, [ebx - 0x72b9]\l0x00114d7b      push eax\l0x00114d7c      call sym.printf                                        ; int printf(const char *format)\l0x00114d81      add esp, 0x10\l0x00114d84      mov dword [var_1ch], 0\l0x00114d8b      mov dword [var_ch], 0\l0x00114d92      jmp 0x114dcc\l"]
	"0x00114d94" [URL="sym.xsh_help/0x00114d94", fillcolor="#c19c00",color="#c19c00", fontname="Courier",label="; CODE XREF from sym.xsh_help @ 0x114dd9\l0x00114d94      mov ecx, obj.cmdtab                                    ; 0x11ff80\l0x00114d9a      mov edx, dword [var_ch]\l0x00114d9d      mov eax, edx\l0x00114d9f      add eax, eax\l0x00114da1      add eax, edx\l0x00114da3      shl eax, 2\l0x00114da6      add eax, ecx\l0x00114da8      mov eax, dword [eax]\l0x00114daa      sub esp, 8\l0x00114dad      push 0x50                                              ; 'P' ; 80\l0x00114daf      push eax\l0x00114db0      call sym.strnlen\l0x00114db5      add esp, 0x10\l0x00114db8      mov dword [var_18h], eax\l0x00114dbb      mov eax, dword [var_18h]\l0x00114dbe      cmp eax, dword [var_1ch]\l0x00114dc1      jle 0x114dc9\l"]
	"0x00114dc3" [URL="sym.xsh_help/0x00114dc3", fillcolor="#c19c00",color="#c19c00", fontname="Courier",label="0x00114dc3      mov eax, dword [var_18h]\l0x00114dc6      mov dword [var_1ch], eax\l"]
	"0x00114dc9" [URL="sym.xsh_help/0x00114dc9", fillcolor="#c19c00",color="#c19c00", fontname="Courier",label="; CODE XREF from sym.xsh_help @ 0x114dc1\l0x00114dc9      inc dword [var_ch]\l"]
	"0x00114dcc" [URL="sym.xsh_help/0x00114dcc", fillcolor="#c19c00",color="#c19c00", fontname="Courier",label="; CODE XREF from sym.xsh_help @ 0x114d92\l0x00114dcc      mov edx, dword [var_ch]\l0x00114dcf      mov eax, obj.ncmd                                      ; 0x11ff6c\l0x00114dd5      mov eax, dword [eax]\l0x00114dd7      cmp edx, eax\l0x00114dd9      jb 0x114d94\l"]
	"0x00114ddb" [URL="sym.xsh_help/0x00114ddb", fillcolor="#c19c00",color="#c19c00", fontname="Courier",label="0x00114ddb      mov eax, dword [var_1ch]\l0x00114dde      lea esi, [eax + 1]\l0x00114de1      mov eax, 0x50                                          ; 'P' ; 80\l0x00114de6      mov edx, eax\l0x00114de8      sar edx, 0x1f\l0x00114deb      idiv esi\l0x00114ded      mov dword [var_20h], eax\l0x00114df0      cmp dword [var_20h], 6\l0x00114df4      jle 0x114dfd\l"]
	"0x00114df6" [URL="sym.xsh_help/0x00114df6", fillcolor="#c19c00",color="#c19c00", fontname="Courier",label="0x00114df6      mov dword [var_20h], 6\l"]
	"0x00114dfd" [URL="sym.xsh_help/0x00114dfd", fillcolor="#c19c00",color="#c19c00", fontname="Courier",label="; CODE XREF from sym.xsh_help @ 0x114df4\l0x00114dfd      mov eax, 0x50                                          ; 'P' ; 80\l0x00114e02      mov edx, eax\l0x00114e04      sar edx, 0x1f\l0x00114e07      idiv dword [var_20h]\l0x00114e0a      mov dword [var_28h], eax\l0x00114e0d      mov edx, dword [var_20h]\l0x00114e10      mov eax, obj.ncmd                                      ; 0x11ff6c\l0x00114e16      mov eax, dword [eax]\l0x00114e18      add eax, edx\l0x00114e1a      dec eax\l0x00114e1b      mov esi, dword [var_20h]\l0x00114e1e      mov edx, 0\l0x00114e23      div esi\l0x00114e25      mov dword [var_2ch], eax\l0x00114e28      mov dword [var_ch], 0\l0x00114e2f      jmp 0x114ed9\l"]
	"0x00114e34" [URL="sym.xsh_help/0x00114e34", fillcolor="#c19c00",color="#c19c00", fontname="Courier",label="; CODE XREF from sym.xsh_help @ 0x114edf\l0x00114e34      mov eax, dword [var_ch]\l0x00114e37      mov dword [var_24h], eax\l0x00114e3a      jmp 0x114eb1\l"]
	"0x00114e3c" [URL="sym.xsh_help/0x00114e3c", fillcolor="#c19c00",color="#c19c00", fontname="Courier",label="; CODE XREF from sym.xsh_help @ 0x114ebe\l0x00114e3c      mov ecx, obj.cmdtab                                    ; 0x11ff80\l0x00114e42      mov edx, dword [var_24h]\l0x00114e45      mov eax, edx\l0x00114e47      add eax, eax\l0x00114e49      add eax, edx\l0x00114e4b      shl eax, 2\l0x00114e4e      add eax, ecx\l0x00114e50      mov eax, dword [eax]\l0x00114e52      sub esp, 8\l0x00114e55      push 0x50                                              ; 'P' ; 80\l0x00114e57      push eax\l0x00114e58      call sym.strnlen\l0x00114e5d      add esp, 0x10\l0x00114e60      mov dword [var_18h], eax\l0x00114e63      mov ecx, obj.cmdtab                                    ; 0x11ff80\l0x00114e69      mov edx, dword [var_24h]\l0x00114e6c      mov eax, edx\l0x00114e6e      add eax, eax\l0x00114e70      add eax, edx\l0x00114e72      shl eax, 2\l0x00114e75      add eax, ecx\l0x00114e77      mov eax, dword [eax]\l0x00114e79      sub esp, 8\l0x00114e7c      push eax\l0x00114e7d      lea eax, [ebx - 0x72a2]\l0x00114e83      push eax\l0x00114e84      call sym.printf                                        ; int printf(const char *format)\l0x00114e89      add esp, 0x10\l0x00114e8c      jmp 0x114ea3\l"]
	"0x00114e8e" [URL="sym.xsh_help/0x00114e8e", fillcolor="#c19c00",color="#c19c00", fontname="Courier",label="; CODE XREF from sym.xsh_help @ 0x114ea9\l0x00114e8e      sub esp, 0xc\l0x00114e91      lea eax, [ebx - 0x729f]\l0x00114e97      push eax\l0x00114e98      call sym.printf                                        ; int printf(const char *format)\l0x00114e9d      add esp, 0x10\l0x00114ea0      inc dword [var_18h]\l"]
	"0x00114ea3" [URL="sym.xsh_help/0x00114ea3", fillcolor="#c19c00",color="#c19c00", fontname="Courier",label="; CODE XREF from sym.xsh_help @ 0x114e8c\l0x00114ea3      mov eax, dword [var_18h]\l0x00114ea6      cmp eax, dword [var_28h]\l0x00114ea9      jl 0x114e8e\l"]
	"0x00114eab" [URL="sym.xsh_help/0x00114eab", fillcolor="#c19c00",color="#c19c00", fontname="Courier",label="0x00114eab      mov eax, dword [var_2ch]\l0x00114eae      add dword [var_24h], eax\l"]
	"0x00114eb1" [URL="sym.xsh_help/0x00114eb1", fillcolor="#c19c00",color="#c19c00", fontname="Courier",label="; CODE XREF from sym.xsh_help @ 0x114e3a\l0x00114eb1      mov edx, dword [var_24h]\l0x00114eb4      mov eax, obj.ncmd                                      ; 0x11ff6c\l0x00114eba      mov eax, dword [eax]\l0x00114ebc      cmp edx, eax\l0x00114ebe      jb 0x114e3c\l"]
	"0x00114ec4" [URL="sym.xsh_help/0x00114ec4", fillcolor="#c19c00",color="#c19c00", fontname="Courier",label="0x00114ec4      sub esp, 0xc\l0x00114ec7      lea eax, [ebx - 0x729d]\l0x00114ecd      push eax\l0x00114ece      call sym.printf                                        ; int printf(const char *format)\l0x00114ed3      add esp, 0x10\l0x00114ed6      inc dword [var_ch]\l"]
	"0x00114ed9" [URL="sym.xsh_help/0x00114ed9", fillcolor="#c19c00",color="#c19c00", fontname="Courier",label="; CODE XREF from sym.xsh_help @ 0x114e2f\l0x00114ed9      mov eax, dword [var_ch]\l0x00114edc      cmp eax, dword [var_2ch]\l0x00114edf      jl 0x114e34\l"]
	"0x00114ee5" [URL="sym.xsh_help/0x00114ee5", fillcolor="#c19c00",color="#c19c00", fontname="Courier",label="0x00114ee5      mov eax, 0\l"]
	"0x00114eea" [URL="sym.xsh_help/0x00114eea", fillcolor="#c19c00",color="#c19c00", fontname="Courier",label="; CODE XREFS from sym.xsh_help @ 0x114bf7, 0x114c7b, 0x114d2f, 0x114d6d\l0x00114eea      lea esp, [var_8h]\l0x00114eed      pop ebx\l0x00114eee      pop esi\l0x00114eef      pop ebp\l0x00114ef0      ret\l"]
        "0x00114b08" -> "0x00114bfc" [color="#13a10e"];
        "0x00114b08" -> "0x00114b25" [color="#c50f1f"];
        "0x00114b25" -> "0x00114bfc" [color="#13a10e"];
        "0x00114b25" -> "0x00114b4a" [color="#c50f1f"];
        "0x00114b4a" -> "0x00114eea" [color="#0037da"];
        "0x00114bfc" -> "0x00114c80" [color="#13a10e"];
        "0x00114bfc" -> "0x00114c02" [color="#c50f1f"];
        "0x00114c02" -> "0x00114eea" [color="#0037da"];
        "0x00114c80" -> "0x00114d72" [color="#13a10e"];
        "0x00114c80" -> "0x00114c8a" [color="#c50f1f"];
        "0x00114c8a" -> "0x00114d34" [color="#0037da"];
        "0x00114c96" -> "0x00114cce" [color="#0037da"];
        "0x00114cba" -> "0x00114cd9" [color="#13a10e"];
        "0x00114cba" -> "0x00114cc8" [color="#c50f1f"];
        "0x00114cc8" -> "0x00114cce" [color="#0037da"];
        "0x00114cce" -> "0x00114cba" [color="#13a10e"];
        "0x00114cce" -> "0x00114cd7" [color="#c50f1f"];
        "0x00114cd7" -> "0x00114cda" [color="#0037da"];
        "0x00114cd9" -> "0x00114cda" [color="#0037da"];
        "0x00114cda" -> "0x00114cec" [color="#13a10e"];
        "0x00114cda" -> "0x00114ce3" [color="#c50f1f"];
        "0x00114ce3" -> "0x00114cf1" [color="#13a10e"];
        "0x00114ce3" -> "0x00114cec" [color="#c50f1f"];
        "0x00114cec" -> "0x00114d34" [color="#0037da"];
        "0x00114cf1" -> "0x00114eea" [color="#0037da"];
        "0x00114d34" -> "0x00114c96" [color="#13a10e"];
        "0x00114d34" -> "0x00114d47" [color="#c50f1f"];
        "0x00114d47" -> "0x00114eea" [color="#0037da"];
        "0x00114d72" -> "0x00114dcc" [color="#0037da"];
        "0x00114d94" -> "0x00114dc9" [color="#13a10e"];
        "0x00114d94" -> "0x00114dc3" [color="#c50f1f"];
        "0x00114dc3" -> "0x00114dc9" [color="#0037da"];
        "0x00114dc9" -> "0x00114dcc" [color="#0037da"];
        "0x00114dcc" -> "0x00114d94" [color="#13a10e"];
        "0x00114dcc" -> "0x00114ddb" [color="#c50f1f"];
        "0x00114ddb" -> "0x00114dfd" [color="#13a10e"];
        "0x00114ddb" -> "0x00114df6" [color="#c50f1f"];
        "0x00114df6" -> "0x00114dfd" [color="#0037da"];
        "0x00114dfd" -> "0x00114ed9" [color="#0037da"];
        "0x00114e34" -> "0x00114eb1" [color="#0037da"];
        "0x00114e3c" -> "0x00114ea3" [color="#0037da"];
        "0x00114e8e" -> "0x00114ea3" [color="#0037da"];
        "0x00114ea3" -> "0x00114e8e" [color="#13a10e"];
        "0x00114ea3" -> "0x00114eab" [color="#c50f1f"];
        "0x00114eab" -> "0x00114eb1" [color="#0037da"];
        "0x00114eb1" -> "0x00114e3c" [color="#13a10e"];
        "0x00114eb1" -> "0x00114ec4" [color="#c50f1f"];
        "0x00114ec4" -> "0x00114ed9" [color="#0037da"];
        "0x00114ed9" -> "0x00114e34" [color="#13a10e"];
        "0x00114ed9" -> "0x00114ee5" [color="#c50f1f"];
        "0x00114ee5" -> "0x00114eea" [color="#0037da"];
}
