digraph code {
	graph [bgcolor=azure fontsize=8 fontname="Courier" splines="ortho"];
	node [fillcolor=gray style=filled shape=box];
	edge [arrowhead="normal"];
	"0x800067c8" [URL="dbg.testing_switch_break/0x800067c8", fillcolor="#c19c00",color="#c19c00", fontname="Courier",label="  ; CALL XREFS from dbg.xsh_date @ 0x80006a48, 0x80006a4c\l  ;-- testing_switch_break:\l292: dbg.testing_switch_break (signed int arg1);\l; arg signed int arg1 @ a0\l0x800067c8      addiu a0, a0, 0x14                                     ; arg1 ; void testing_switch_break(int y);\l0x800067cc      addiu v0, zero, 0x49\l0x800067d0      beq a0, v0, 0x800068b4\l0x800067d4      slti v0, a0, 0x4a                                      ; arg1\l"]
	"0x800067d8" [URL="dbg.testing_switch_break/0x800067d8", fillcolor="#c19c00",color="#c19c00", fontname="Courier",label="0x800067d8      beqz v0, 0x80006824\l0x800067dc      addiu v0, zero, 0x45\l"]
	"0x800067e0" [URL="dbg.testing_switch_break/0x800067e0", fillcolor="#c19c00",color="#c19c00", fontname="Courier",label="0x800067e0      beq a0, v0, 0x800068a0\l0x800067e4      slti v0, a0, 0x46                                      ; arg1\l"]
	"0x800067e8" [URL="dbg.testing_switch_break/0x800067e8", fillcolor="#c19c00",color="#c19c00", fontname="Courier",label="0x800067e8      beqz v0, 0x8000680c\l0x800067ec      addiu v0, zero, 0x46\l"]
	"0x800067f0" [URL="dbg.testing_switch_break/0x800067f0", fillcolor="#c19c00",color="#c19c00", fontname="Courier",label="0x800067f0      addiu v0, zero, 1\l0x800067f4      beq a0, v0, 0x8000686c\l0x800067f8      addiu v0, zero, 2\l"]
	"0x800067fc" [URL="dbg.testing_switch_break/0x800067fc", fillcolor="#c19c00",color="#c19c00", fontname="Courier",label="0x800067fc      beq a0, v0, 0x80006878\l0x80006800      lui a0, 0x8001\l"]
	"0x80006804" [URL="dbg.testing_switch_break/0x80006804", fillcolor="white",color="#767676", fontname="Courier",label="0x80006804      jr ra\l0x80006808      nop\l"]
	"0x8000680c" [URL="dbg.testing_switch_break/0x8000680c", fillcolor="#c19c00",color="#c19c00", fontname="Courier",label="; CODE XREF from dbg.testing_switch_break @ 0x800067e8\l0x8000680c      beq a0, v0, 0x8000688c\l0x80006810      addiu v0, zero, 0x47\l"]
	"0x80006814" [URL="dbg.testing_switch_break/0x80006814", fillcolor="#c19c00",color="#c19c00", fontname="Courier",label="0x80006814      beq a0, v0, 0x800068ac\l0x80006818      lui a0, 0x8001\l"]
	"0x8000681c" [URL="dbg.testing_switch_break/0x8000681c", fillcolor="white",color="#767676", fontname="Courier",label="0x8000681c      jr ra\l0x80006820      nop\l"]
	"0x80006824" [URL="dbg.testing_switch_break/0x80006824", fillcolor="#c19c00",color="#c19c00", fontname="Courier",label="; CODE XREF from dbg.testing_switch_break @ 0x800067d8\l0x80006824      addiu v0, zero, 0x59\l0x80006828      beq a0, v0, 0x800068c0\l0x8000682c      slti v0, a0, 0x5a                                      ; arg1\l"]
	"0x80006830" [URL="dbg.testing_switch_break/0x80006830", fillcolor="#c19c00",color="#c19c00", fontname="Courier",label="0x80006830      beqz v0, 0x80006854\l0x80006834      addiu v0, zero, 0x62\l"]
	"0x80006838" [URL="dbg.testing_switch_break/0x80006838", fillcolor="#c19c00",color="#c19c00", fontname="Courier",label="0x80006838      addiu v0, zero, 0x4a\l0x8000683c      beq a0, v0, 0x800068cc\l0x80006840      addiu v0, zero, 0x4b\l"]
	"0x80006844" [URL="dbg.testing_switch_break/0x80006844", fillcolor="#c19c00",color="#c19c00", fontname="Courier",label="0x80006844      beq a0, v0, 0x800068d8\l0x80006848      lui a0, 0x8001\l"]
	"0x8000684c" [URL="dbg.testing_switch_break/0x8000684c", fillcolor="white",color="#767676", fontname="Courier",label="0x8000684c      jr ra\l0x80006850      nop\l"]
	"0x80006854" [URL="dbg.testing_switch_break/0x80006854", fillcolor="#c19c00",color="#c19c00", fontname="Courier",label="; CODE XREF from dbg.testing_switch_break @ 0x80006830\l0x80006854      beq a0, v0, 0x80006880\l0x80006858      addiu v0, zero, 0x64\l"]
	"0x8000685c" [URL="dbg.testing_switch_break/0x8000685c", fillcolor="#c19c00",color="#c19c00", fontname="Courier",label="0x8000685c      beq a0, v0, 0x80006898\l0x80006860      lui a0, 0x8001\l"]
	"0x80006864" [URL="dbg.testing_switch_break/0x80006864", fillcolor="white",color="#767676", fontname="Courier",label="0x80006864      jr ra\l0x80006868      nop\l"]
	"0x8000686c" [URL="dbg.testing_switch_break/0x8000686c", fillcolor="#c19c00",color="#c19c00", fontname="Courier",label="; CODE XREF from dbg.testing_switch_break @ 0x800067f4\l0x8000686c      lui a0, 0x8001\l0x80006870      j 0x800068dc\l0x80006874      addiu a0, a0, 0x3144                                   ; arg1 ; esilref: 'case 0'\l"]
	"0x80006878" [URL="dbg.testing_switch_break/0x80006878", fillcolor="#c19c00",color="#c19c00", fontname="Courier",label="; CODE XREF from dbg.testing_switch_break @ 0x800067fc\l0x80006878      j 0x800068dc\l0x8000687c      addiu a0, a0, 0x314c                                   ; arg1 ; esilref: 'case 1'\l"]
	"0x80006880" [URL="dbg.testing_switch_break/0x80006880", fillcolor="#c19c00",color="#c19c00", fontname="Courier",label="; CODE XREF from dbg.testing_switch_break @ 0x80006854\l0x80006880      lui a0, 0x8001\l0x80006884      j 0x800068dc\l0x80006888      addiu a0, a0, 0x3154                                   ; arg1 ; esilref: 'case 2'\l"]
	"0x8000688c" [URL="dbg.testing_switch_break/0x8000688c", fillcolor="#c19c00",color="#c19c00", fontname="Courier",label="; CODE XREF from dbg.testing_switch_break @ 0x8000680c\l0x8000688c      lui a0, 0x8001\l0x80006890      j 0x800068dc\l0x80006894      addiu a0, a0, 0x315c                                   ; arg1 ; esilref: 'case 3'\l"]
	"0x80006898" [URL="dbg.testing_switch_break/0x80006898", fillcolor="#c19c00",color="#c19c00", fontname="Courier",label="; CODE XREF from dbg.testing_switch_break @ 0x8000685c\l0x80006898      j 0x800068dc\l0x8000689c      addiu a0, a0, 0x3164                                   ; arg1 ; esilref: 'case 4'\l"]
	"0x800068a0" [URL="dbg.testing_switch_break/0x800068a0", fillcolor="#c19c00",color="#c19c00", fontname="Courier",label="; CODE XREF from dbg.testing_switch_break @ 0x800067e0\l0x800068a0      lui a0, 0x8001\l0x800068a4      j 0x800068dc\l0x800068a8      addiu a0, a0, 0x316c                                   ; arg1 ; esilref: 'case 5'\l"]
	"0x800068ac" [URL="dbg.testing_switch_break/0x800068ac", fillcolor="#c19c00",color="#c19c00", fontname="Courier",label="; CODE XREF from dbg.testing_switch_break @ 0x80006814\l0x800068ac      j 0x800068dc\l0x800068b0      addiu a0, a0, 0x3174                                   ; arg1 ; esilref: 'case 6'\l"]
	"0x800068b4" [URL="dbg.testing_switch_break/0x800068b4", fillcolor="#c19c00",color="#c19c00", fontname="Courier",label="; CODE XREF from dbg.testing_switch_break @ 0x800067d0\l0x800068b4      lui a0, 0x8001\l0x800068b8      j 0x800068dc\l0x800068bc      addiu a0, a0, 0x317c                                   ; arg1 ; esilref: 'case 7'\l"]
	"0x800068c0" [URL="dbg.testing_switch_break/0x800068c0", fillcolor="#c19c00",color="#c19c00", fontname="Courier",label="; CODE XREF from dbg.testing_switch_break @ 0x80006828\l0x800068c0      lui a0, 0x8001\l0x800068c4      j 0x800068dc\l0x800068c8      addiu a0, a0, 0x3184                                   ; arg1 ; esilref: 'case 8'\l"]
	"0x800068cc" [URL="dbg.testing_switch_break/0x800068cc", fillcolor="#c19c00",color="#c19c00", fontname="Courier",label="; CODE XREF from dbg.testing_switch_break @ 0x8000683c\l0x800068cc      lui a0, 0x8001\l0x800068d0      j 0x800068dc\l0x800068d4      addiu a0, a0, 0x318c                                   ; arg1 ; esilref: 'case 9'\l"]
	"0x800068d8" [URL="dbg.testing_switch_break/0x800068d8", fillcolor="#c19c00",color="#c19c00", fontname="Courier",label="; CODE XREF from dbg.testing_switch_break @ 0x80006844\l0x800068d8      addiu a0, a0, 0x3194                                   ; arg1 ; esilref: 'case 10'\l"]
	"0x800068dc" [URL="dbg.testing_switch_break/0x800068dc", fillcolor="#c19c00",color="#c19c00", fontname="Courier",label="; XREFS: CODE 0x80006870  CODE 0x80006878  CODE 0x80006884  CODE 0x80006890  CODE 0x80006898  CODE 0x800068a4  \l; XREFS: CODE 0x800068ac  CODE 0x800068b8  CODE 0x800068c4  CODE 0x800068d0  \l0x800068dc      lui t9, 0x8001\l0x800068e0      addiu t9, t9, 0x1524                                   ; 0x80011524\l                                                                       ; sym.printf ; sym.printf\l0x800068e4      jr t9\l0x800068e8      nop\l"]
        "0x800067c8" -> "0x800068b4" [color="#13a10e"];
        "0x800067c8" -> "0x800067d8" [color="#c50f1f"];
        "0x800067d8" -> "0x80006824" [color="#13a10e"];
        "0x800067d8" -> "0x800067e0" [color="#c50f1f"];
        "0x800067e0" -> "0x800068a0" [color="#13a10e"];
        "0x800067e0" -> "0x800067e8" [color="#c50f1f"];
        "0x800067e8" -> "0x8000680c" [color="#13a10e"];
        "0x800067e8" -> "0x800067f0" [color="#c50f1f"];
        "0x800067f0" -> "0x8000686c" [color="#13a10e"];
        "0x800067f0" -> "0x800067fc" [color="#c50f1f"];
        "0x800067fc" -> "0x80006878" [color="#13a10e"];
        "0x800067fc" -> "0x80006804" [color="#c50f1f"];
        "0x8000680c" -> "0x8000688c" [color="#13a10e"];
        "0x8000680c" -> "0x80006814" [color="#c50f1f"];
        "0x80006814" -> "0x800068ac" [color="#13a10e"];
        "0x80006814" -> "0x8000681c" [color="#c50f1f"];
        "0x80006824" -> "0x800068c0" [color="#13a10e"];
        "0x80006824" -> "0x80006830" [color="#c50f1f"];
        "0x80006830" -> "0x80006854" [color="#13a10e"];
        "0x80006830" -> "0x80006838" [color="#c50f1f"];
        "0x80006838" -> "0x800068cc" [color="#13a10e"];
        "0x80006838" -> "0x80006844" [color="#c50f1f"];
        "0x80006844" -> "0x800068d8" [color="#13a10e"];
        "0x80006844" -> "0x8000684c" [color="#c50f1f"];
        "0x80006854" -> "0x80006880" [color="#13a10e"];
        "0x80006854" -> "0x8000685c" [color="#c50f1f"];
        "0x8000685c" -> "0x80006898" [color="#13a10e"];
        "0x8000685c" -> "0x80006864" [color="#c50f1f"];
        "0x8000686c" -> "0x800068dc" [color="#3a96dd"];
        "0x80006878" -> "0x800068dc" [color="#3a96dd"];
        "0x80006880" -> "0x800068dc" [color="#3a96dd"];
        "0x8000688c" -> "0x800068dc" [color="#3a96dd"];
        "0x80006898" -> "0x800068dc" [color="#3a96dd"];
        "0x800068a0" -> "0x800068dc" [color="#3a96dd"];
        "0x800068ac" -> "0x800068dc" [color="#3a96dd"];
        "0x800068b4" -> "0x800068dc" [color="#3a96dd"];
        "0x800068c0" -> "0x800068dc" [color="#3a96dd"];
        "0x800068cc" -> "0x800068dc" [color="#3a96dd"];
        "0x800068d8" -> "0x800068dc" [color="#3a96dd"];
}
