digraph code {
	graph [bgcolor=azure fontsize=8 fontname="Courier" splines="ortho"];
	node [fillcolor=gray style=filled shape=box];
	edge [arrowhead="normal"];
	"0x800067c8" [URL="dbg.testing_switch_break/0x800067c8", fillcolor="#c19c00",color="#c19c00", fontname="Courier",label="  ; CALL XREFS from dbg.xsh_date @ 0x80006aac, 0x80006ab0\l  ;-- testing_switch_break:\l392: dbg.testing_switch_break (signed int arg1);\l; arg signed int arg1 @ a0\l0x800067c8      addiu a0, a0, 0x14                                     ; arg1 ; void testing_switch_break(int y);\l0x800067cc      addiu v0, zero, 0x4b\l0x800067d0      beq a0, v0, 0x80006910\l0x800067d4      slti v0, a0, 0x4c                                      ; arg1\l"]
	"0x800067d8" [URL="dbg.testing_switch_break/0x800067d8", fillcolor="#c19c00",color="#c19c00", fontname="Courier",label="0x800067d8      beqz v0, 0x80006838\l0x800067dc      addiu v0, zero, 0x4f\l"]
	"0x800067e0" [URL="dbg.testing_switch_break/0x800067e0", fillcolor="#c19c00",color="#c19c00", fontname="Courier",label="0x800067e0      addiu v0, zero, 0x46\l0x800067e4      beq a0, v0, 0x800068c4\l0x800067e8      slti v0, a0, 0x47                                      ; arg1\l"]
	"0x800067ec" [URL="dbg.testing_switch_break/0x800067ec", fillcolor="#c19c00",color="#c19c00", fontname="Courier",label="0x800067ec      beqz v0, 0x80006818\l0x800067f0      addiu v0, zero, 0x49\l"]
	"0x800067f4" [URL="dbg.testing_switch_break/0x800067f4", fillcolor="#c19c00",color="#c19c00", fontname="Courier",label="0x800067f4      addiu v0, zero, 2\l0x800067f8      beq a0, v0, 0x800068ac\l0x800067fc      addiu v0, zero, 0x45\l"]
	"0x80006800" [URL="dbg.testing_switch_break/0x80006800", fillcolor="#c19c00",color="#c19c00", fontname="Courier",label="0x80006800      beq a0, v0, 0x800068d8\l0x80006804      addiu v0, zero, 1\l"]
	"0x80006808" [URL="dbg.testing_switch_break/0x80006808", fillcolor="#c19c00",color="#c19c00", fontname="Courier",label="0x80006808      bne a0, v0, 0x80006830\l0x8000680c      lui a0, 0x8001\l"]
	"0x80006810" [URL="dbg.testing_switch_break/0x80006810", fillcolor="#c19c00",color="#c19c00", fontname="Courier",label="0x80006810      j 0x80006940\l0x80006814      addiu a0, a0, 0x31a8                                   ; arg1 ; esilref: 'case 0'\l"]
	"0x80006818" [URL="dbg.testing_switch_break/0x80006818", fillcolor="#c19c00",color="#c19c00", fontname="Courier",label="; CODE XREF from dbg.testing_switch_break @ 0x800067ec\l0x80006818      beq a0, v0, 0x800068ec\l0x8000681c      slti v0, a0, 0x4a                                      ; arg1\l"]
	"0x80006820" [URL="dbg.testing_switch_break/0x80006820", fillcolor="#c19c00",color="#c19c00", fontname="Courier",label="0x80006820      beqz v0, 0x80006904\l0x80006824      addiu v0, zero, 0x47\l"]
	"0x80006828" [URL="dbg.testing_switch_break/0x80006828", fillcolor="#c19c00",color="#c19c00", fontname="Courier",label="0x80006828      beq a0, v0, 0x800068e4\l0x8000682c      lui a0, 0x8001\l"]
	"0x80006830" [URL="dbg.testing_switch_break/0x80006830", fillcolor="white",color="#767676", fontname="Courier",label="; CODE XREF from dbg.testing_switch_break @ 0x80006808\l0x80006830      jr ra\l0x80006834      nop\l"]
	"0x80006838" [URL="dbg.testing_switch_break/0x80006838", fillcolor="#c19c00",color="#c19c00", fontname="Courier",label="; CODE XREF from dbg.testing_switch_break @ 0x800067d8\l0x80006838      beq a0, v0, 0x80006930\l0x8000683c      slti v0, a0, 0x50                                      ; arg1\l"]
	"0x80006840" [URL="dbg.testing_switch_break/0x80006840", fillcolor="#c19c00",color="#c19c00", fontname="Courier",label="0x80006840      beqz v0, 0x80006870\l0x80006844      addiu v0, zero, 0x59\l"]
	"0x80006848" [URL="dbg.testing_switch_break/0x80006848", fillcolor="#c19c00",color="#c19c00", fontname="Courier",label="0x80006848      lui t9, 0x8001\l0x8000684c      addiu v0, zero, 0x4d\l0x80006850      beq a0, v0, 0x8000691c\l0x80006854      addiu t9, t9, 0x1588                                   ; 0x80011588\l                                                                       ; sym.printf ; sym.printf\l"]
	"0x80006858" [URL="dbg.testing_switch_break/0x80006858", fillcolor="#c19c00",color="#c19c00", fontname="Courier",label="0x80006858      slti a0, a0, 0x4e                                      ; arg1\l0x8000685c      beql a0, zero, 0x80006928\l0x80006860      lui a0, 0x8001\l"]
	"0x80006864" [URL="dbg.testing_switch_break/0x80006864", fillcolor="#c19c00",color="#c19c00", fontname="Courier",label="0x80006864      lui a0, 0x8001\l0x80006868      j 0x80006948\l0x8000686c      addiu a0, a0, 0x3200                                   ; arg1 ; esilref: 'case 11'\l"]
	"0x80006870" [URL="dbg.testing_switch_break/0x80006870", fillcolor="#c19c00",color="#c19c00", fontname="Courier",label="; CODE XREF from dbg.testing_switch_break @ 0x80006840\l0x80006870      beq a0, v0, 0x800068f8\l0x80006874      slti v0, a0, 0x5a                                      ; arg1\l"]
	"0x80006878" [URL="dbg.testing_switch_break/0x80006878", fillcolor="#c19c00",color="#c19c00", fontname="Courier",label="0x80006878      beqz v0, 0x80006894\l0x8000687c      addiu v0, zero, 0x62\l"]
	"0x80006880" [URL="dbg.testing_switch_break/0x80006880", fillcolor="#c19c00",color="#c19c00", fontname="Courier",label="0x80006880      addiu v0, zero, 0x50\l0x80006884      beq a0, v0, 0x8000693c\l0x80006888      lui a0, 0x8001\l"]
	"0x8000688c" [URL="dbg.testing_switch_break/0x8000688c", fillcolor="white",color="#767676", fontname="Courier",label="0x8000688c      jr ra\l0x80006890      nop\l"]
	"0x80006894" [URL="dbg.testing_switch_break/0x80006894", fillcolor="#c19c00",color="#c19c00", fontname="Courier",label="; CODE XREF from dbg.testing_switch_break @ 0x80006878\l0x80006894      beq a0, v0, 0x800068b8\l0x80006898      addiu v0, zero, 0x64\l"]
	"0x8000689c" [URL="dbg.testing_switch_break/0x8000689c", fillcolor="#c19c00",color="#c19c00", fontname="Courier",label="0x8000689c      beq a0, v0, 0x800068d0\l0x800068a0      lui a0, 0x8001\l"]
	"0x800068a4" [URL="dbg.testing_switch_break/0x800068a4", fillcolor="white",color="#767676", fontname="Courier",label="0x800068a4      jr ra\l0x800068a8      nop\l"]
	"0x800068ac" [URL="dbg.testing_switch_break/0x800068ac", fillcolor="#c19c00",color="#c19c00", fontname="Courier",label="; CODE XREF from dbg.testing_switch_break @ 0x800067f8\l0x800068ac      lui a0, 0x8001\l0x800068b0      j 0x80006940\l0x800068b4      addiu a0, a0, 0x31b0                                   ; arg1 ; esilref: 'case 1'\l"]
	"0x800068b8" [URL="dbg.testing_switch_break/0x800068b8", fillcolor="#c19c00",color="#c19c00", fontname="Courier",label="; CODE XREF from dbg.testing_switch_break @ 0x80006894\l0x800068b8      lui a0, 0x8001\l0x800068bc      j 0x80006940\l0x800068c0      addiu a0, a0, 0x31b8                                   ; arg1 ; esilref: 'case 2'\l"]
	"0x800068c4" [URL="dbg.testing_switch_break/0x800068c4", fillcolor="#c19c00",color="#c19c00", fontname="Courier",label="; CODE XREF from dbg.testing_switch_break @ 0x800067e4\l0x800068c4      lui a0, 0x8001\l0x800068c8      j 0x80006940\l0x800068cc      addiu a0, a0, 0x31c0                                   ; arg1 ; esilref: 'case 3'\l"]
	"0x800068d0" [URL="dbg.testing_switch_break/0x800068d0", fillcolor="#c19c00",color="#c19c00", fontname="Courier",label="; CODE XREF from dbg.testing_switch_break @ 0x8000689c\l0x800068d0      j 0x80006940\l0x800068d4      addiu a0, a0, 0x31c8                                   ; arg1 ; esilref: 'case 4'\l"]
	"0x800068d8" [URL="dbg.testing_switch_break/0x800068d8", fillcolor="#c19c00",color="#c19c00", fontname="Courier",label="; CODE XREF from dbg.testing_switch_break @ 0x80006800\l0x800068d8      lui a0, 0x8001\l0x800068dc      j 0x80006940\l0x800068e0      addiu a0, a0, 0x31d0                                   ; arg1 ; esilref: 'case 5'\l"]
	"0x800068e4" [URL="dbg.testing_switch_break/0x800068e4", fillcolor="#c19c00",color="#c19c00", fontname="Courier",label="; CODE XREF from dbg.testing_switch_break @ 0x80006828\l0x800068e4      j 0x80006940\l0x800068e8      addiu a0, a0, 0x31d8                                   ; arg1 ; esilref: 'case 6'\l"]
	"0x800068ec" [URL="dbg.testing_switch_break/0x800068ec", fillcolor="#c19c00",color="#c19c00", fontname="Courier",label="; CODE XREF from dbg.testing_switch_break @ 0x80006818\l0x800068ec      lui a0, 0x8001\l0x800068f0      j 0x80006940\l0x800068f4      addiu a0, a0, 0x31e0                                   ; arg1 ; esilref: 'case 7'\l"]
	"0x800068f8" [URL="dbg.testing_switch_break/0x800068f8", fillcolor="#c19c00",color="#c19c00", fontname="Courier",label="; CODE XREF from dbg.testing_switch_break @ 0x80006870\l0x800068f8      lui a0, 0x8001\l0x800068fc      j 0x80006940\l0x80006900      addiu a0, a0, 0x31e8                                   ; arg1 ; esilref: 'case 8'\l"]
	"0x80006904" [URL="dbg.testing_switch_break/0x80006904", fillcolor="#c19c00",color="#c19c00", fontname="Courier",label="; CODE XREF from dbg.testing_switch_break @ 0x80006820\l0x80006904      lui a0, 0x8001\l0x80006908      j 0x80006940\l0x8000690c      addiu a0, a0, 0x31f0                                   ; arg1 ; esilref: 'case 9'\l"]
	"0x80006910" [URL="dbg.testing_switch_break/0x80006910", fillcolor="#c19c00",color="#c19c00", fontname="Courier",label="; CODE XREF from dbg.testing_switch_break @ 0x800067d0\l0x80006910      lui a0, 0x8001\l0x80006914      j 0x80006940\l0x80006918      addiu a0, a0, 0x31f8                                   ; arg1 ; esilref: 'case 10'\l"]
	"0x8000691c" [URL="dbg.testing_switch_break/0x8000691c", fillcolor="#c19c00",color="#c19c00", fontname="Courier",label="; CODE XREF from dbg.testing_switch_break @ 0x80006850\l0x8000691c      lui a0, 0x8001\l0x80006920      j 0x80006948\l0x80006924      addiu a0, a0, 0x3208                                   ; arg1 ; esilref: 'case 12'\l"]
	"0x80006928" [URL="dbg.testing_switch_break/0x80006928", fillcolor="#c19c00",color="#c19c00", fontname="Courier",label="; CODE XREF from dbg.testing_switch_break @ 0x8000685c\l0x80006928      j 0x80006948\l0x8000692c      addiu a0, a0, 0x3210                                   ; arg1 ; esilref: 'case 13'\l"]
	"0x80006930" [URL="dbg.testing_switch_break/0x80006930", fillcolor="#c19c00",color="#c19c00", fontname="Courier",label="; CODE XREF from dbg.testing_switch_break @ 0x80006838\l0x80006930      lui a0, 0x8001\l0x80006934      j 0x80006940\l0x80006938      addiu a0, a0, 0x3218                                   ; arg1 ; esilref: 'case 14'\l"]
	"0x8000693c" [URL="dbg.testing_switch_break/0x8000693c", fillcolor="#c19c00",color="#c19c00", fontname="Courier",label="; CODE XREF from dbg.testing_switch_break @ 0x80006884\l0x8000693c      addiu a0, a0, 0x3220                                   ; arg1 ; esilref: 'case 15'\l"]
	"0x80006940" [URL="dbg.testing_switch_break/0x80006940", fillcolor="#c19c00",color="#c19c00", fontname="Courier",label="; XREFS: CODE 0x80006810  CODE 0x800068b0  CODE 0x800068bc  CODE 0x800068c8  CODE 0x800068d0  CODE 0x800068dc  \l; XREFS: CODE 0x800068e4  CODE 0x800068f0  CODE 0x800068fc  CODE 0x80006908  CODE 0x80006914  CODE 0x80006934  \l0x80006940      lui t9, 0x8001\l0x80006944      addiu t9, t9, 0x1588                                   ; 0x80011588\l                                                                       ; sym.printf ; sym.printf\l"]
	"0x80006948" [URL="dbg.testing_switch_break/0x80006948", fillcolor="#c19c00",color="#c19c00", fontname="Courier",label="; CODE XREFS from dbg.testing_switch_break @ 0x80006868, 0x80006920, 0x80006928\l0x80006948      jr t9\l0x8000694c      nop\l"]
        "0x800067c8" -> "0x80006910" [color="#13a10e"];
        "0x800067c8" -> "0x800067d8" [color="#c50f1f"];
        "0x800067d8" -> "0x80006838" [color="#13a10e"];
        "0x800067d8" -> "0x800067e0" [color="#c50f1f"];
        "0x800067e0" -> "0x800068c4" [color="#13a10e"];
        "0x800067e0" -> "0x800067ec" [color="#c50f1f"];
        "0x800067ec" -> "0x80006818" [color="#13a10e"];
        "0x800067ec" -> "0x800067f4" [color="#c50f1f"];
        "0x800067f4" -> "0x800068ac" [color="#13a10e"];
        "0x800067f4" -> "0x80006800" [color="#c50f1f"];
        "0x80006800" -> "0x800068d8" [color="#13a10e"];
        "0x80006800" -> "0x80006808" [color="#c50f1f"];
        "0x80006808" -> "0x80006830" [color="#13a10e"];
        "0x80006808" -> "0x80006810" [color="#c50f1f"];
        "0x80006810" -> "0x80006940" [color="#3a96dd"];
        "0x80006818" -> "0x800068ec" [color="#13a10e"];
        "0x80006818" -> "0x80006820" [color="#c50f1f"];
        "0x80006820" -> "0x80006904" [color="#13a10e"];
        "0x80006820" -> "0x80006828" [color="#c50f1f"];
        "0x80006828" -> "0x800068e4" [color="#13a10e"];
        "0x80006828" -> "0x80006830" [color="#c50f1f"];
        "0x80006838" -> "0x80006930" [color="#13a10e"];
        "0x80006838" -> "0x80006840" [color="#c50f1f"];
        "0x80006840" -> "0x80006870" [color="#13a10e"];
        "0x80006840" -> "0x80006848" [color="#c50f1f"];
        "0x80006848" -> "0x8000691c" [color="#13a10e"];
        "0x80006848" -> "0x80006858" [color="#c50f1f"];
        "0x80006858" -> "0x80006928" [color="#13a10e"];
        "0x80006858" -> "0x80006864" [color="#c50f1f"];
        "0x80006864" -> "0x80006948" [color="#3a96dd"];
        "0x80006870" -> "0x800068f8" [color="#13a10e"];
        "0x80006870" -> "0x80006878" [color="#c50f1f"];
        "0x80006878" -> "0x80006894" [color="#13a10e"];
        "0x80006878" -> "0x80006880" [color="#c50f1f"];
        "0x80006880" -> "0x8000693c" [color="#13a10e"];
        "0x80006880" -> "0x8000688c" [color="#c50f1f"];
        "0x80006894" -> "0x800068b8" [color="#13a10e"];
        "0x80006894" -> "0x8000689c" [color="#c50f1f"];
        "0x8000689c" -> "0x800068d0" [color="#13a10e"];
        "0x8000689c" -> "0x800068a4" [color="#c50f1f"];
        "0x800068ac" -> "0x80006940" [color="#3a96dd"];
        "0x800068b8" -> "0x80006940" [color="#3a96dd"];
        "0x800068c4" -> "0x80006940" [color="#3a96dd"];
        "0x800068d0" -> "0x80006940" [color="#3a96dd"];
        "0x800068d8" -> "0x80006940" [color="#3a96dd"];
        "0x800068e4" -> "0x80006940" [color="#3a96dd"];
        "0x800068ec" -> "0x80006940" [color="#3a96dd"];
        "0x800068f8" -> "0x80006940" [color="#3a96dd"];
        "0x80006904" -> "0x80006940" [color="#3a96dd"];
        "0x80006910" -> "0x80006940" [color="#3a96dd"];
        "0x8000691c" -> "0x80006948" [color="#3a96dd"];
        "0x80006928" -> "0x80006948" [color="#3a96dd"];
        "0x80006930" -> "0x80006940" [color="#3a96dd"];
        "0x8000693c" -> "0x80006940" [color="#3a96dd"];
        "0x80006940" -> "0x80006948" [color="#3a96dd"];
}
