digraph code {
	graph [bgcolor=azure fontsize=8 fontname="Courier" splines="ortho"];
	node [fillcolor=gray style=filled shape=box];
	edge [arrowhead="normal"];
	"0x800067c8" [URL="dbg.testing_switch_break/0x800067c8", fillcolor="#c19c00",color="#c19c00", fontname="Courier",label="  ; CALL XREFS from dbg.xsh_date @ 0x80006b50, 0x80006b54\l  ;-- testing_switch_break:\l556: dbg.testing_switch_break (signed int arg1);\l; var int32_t var_14h @ sp+0x14\l; arg signed int arg1 @ a0\l0x800067c8      addiu sp, sp, -0x18                                    ; void testing_switch_break(int y);\l0x800067cc      addiu a0, a0, 0x14                                     ; arg1\l0x800067d0      addiu v0, zero, 0x4b\l0x800067d4      beq a0, v0, 0x8000696c\l0x800067d8      sw ra, (var_14h)\l"]
	"0x800067dc" [URL="dbg.testing_switch_break/0x800067dc", fillcolor="#c19c00",color="#c19c00", fontname="Courier",label="0x800067dc      slti v0, a0, 0x4c                                      ; arg1\l0x800067e0      beqz v0, 0x80006854\l0x800067e4      addiu v0, zero, 0x4f\l"]
	"0x800067e8" [URL="dbg.testing_switch_break/0x800067e8", fillcolor="#c19c00",color="#c19c00", fontname="Courier",label="0x800067e8      addiu v0, zero, 0x46\l0x800067ec      beq a0, v0, 0x800068e8\l0x800067f0      slti v0, a0, 0x47                                      ; arg1\l"]
	"0x800067f4" [URL="dbg.testing_switch_break/0x800067f4", fillcolor="#c19c00",color="#c19c00", fontname="Courier",label="0x800067f4      beqz v0, 0x80006834\l0x800067f8      addiu v0, zero, 0x49\l"]
	"0x800067fc" [URL="dbg.testing_switch_break/0x800067fc", fillcolor="#c19c00",color="#c19c00", fontname="Courier",label="0x800067fc      addiu v0, zero, 2\l0x80006800      beq a0, v0, 0x800068c0\l0x80006804      addiu v0, zero, 0x45\l"]
	"0x80006808" [URL="dbg.testing_switch_break/0x80006808", fillcolor="#c19c00",color="#c19c00", fontname="Courier",label="0x80006808      beq a0, v0, 0x80006910\l0x8000680c      addiu v0, zero, 1\l"]
	"0x80006810" [URL="dbg.testing_switch_break/0x80006810", fillcolor="#c19c00",color="#c19c00", fontname="Courier",label="0x80006810      bne a0, v0, 0x800069ec\l0x80006814      lw ra, (var_14h)\l"]
	"0x80006818" [URL="dbg.testing_switch_break/0x80006818", fillcolor="#c19c00",color="#c19c00", fontname="Courier",label="0x80006818      lui a0, 0x8001\l0x8000681c      lui v0, 0x8001\l0x80006820      addiu v0, v0, 0x162c                                   ; 0x8001162c\l                                                                       ; sym.printf ; sym.printf\l0x80006824      jalr v0\l0x80006828      addiu a0, a0, 0x324c                                   ; arg1 ; esilref: 'case 0'\l0x8000682c      j 0x800068c4\l0x80006830      lui a0, 0x8001\l"]
	"0x80006834" [URL="dbg.testing_switch_break/0x80006834", fillcolor="#c19c00",color="#c19c00", fontname="Courier",label="; CODE XREF from dbg.testing_switch_break @ 0x800067f4\l0x80006834      beq a0, v0, 0x80006938\l0x80006838      slti v0, a0, 0x4a                                      ; arg1\l"]
	"0x8000683c" [URL="dbg.testing_switch_break/0x8000683c", fillcolor="#c19c00",color="#c19c00", fontname="Courier",label="0x8000683c      beqz v0, 0x80006958\l0x80006840      addiu v0, zero, 0x47\l"]
	"0x80006844" [URL="dbg.testing_switch_break/0x80006844", fillcolor="#c19c00",color="#c19c00", fontname="Courier",label="0x80006844      beq a0, v0, 0x80006928\l0x80006848      lui a0, 0x8001\l"]
	"0x8000684c" [URL="dbg.testing_switch_break/0x8000684c", fillcolor="#c19c00",color="#c19c00", fontname="Courier",label="0x8000684c      j 0x800069ec\l0x80006850      lw ra, (var_14h)\l"]
	"0x80006854" [URL="dbg.testing_switch_break/0x80006854", fillcolor="#c19c00",color="#c19c00", fontname="Courier",label="; CODE XREF from dbg.testing_switch_break @ 0x800067e0\l0x80006854      beq a0, v0, 0x800069bc\l0x80006858      slti v0, a0, 0x50                                      ; arg1\l"]
	"0x8000685c" [URL="dbg.testing_switch_break/0x8000685c", fillcolor="#c19c00",color="#c19c00", fontname="Courier",label="0x8000685c      beqz v0, 0x80006884\l0x80006860      addiu v0, zero, 0x59\l"]
	"0x80006864" [URL="dbg.testing_switch_break/0x80006864", fillcolor="#c19c00",color="#c19c00", fontname="Courier",label="0x80006864      addiu v0, zero, 0x4d\l0x80006868      beql a0, v0, 0x80006998\l0x8000686c      lui a0, 0x8001\l"]
	"0x80006870" [URL="dbg.testing_switch_break/0x80006870", fillcolor="#c19c00",color="#c19c00", fontname="Courier",label="0x80006870      slti a0, a0, 0x4e                                      ; arg1\l0x80006874      bnel a0, zero, 0x80006984\l0x80006878      lui a0, 0x8001\l"]
	"0x8000687c" [URL="dbg.testing_switch_break/0x8000687c", fillcolor="#c19c00",color="#c19c00", fontname="Courier",label="0x8000687c      j 0x800069ac\l0x80006880      lui a0, 0x8001\l"]
	"0x80006884" [URL="dbg.testing_switch_break/0x80006884", fillcolor="#c19c00",color="#c19c00", fontname="Courier",label="; CODE XREF from dbg.testing_switch_break @ 0x8000685c\l0x80006884      beq a0, v0, 0x80006944\l0x80006888      slti v0, a0, 0x5a                                      ; arg1\l"]
	"0x8000688c" [URL="dbg.testing_switch_break/0x8000688c", fillcolor="#c19c00",color="#c19c00", fontname="Courier",label="0x8000688c      beqz v0, 0x800068a8\l0x80006890      addiu v0, zero, 0x62\l"]
	"0x80006894" [URL="dbg.testing_switch_break/0x80006894", fillcolor="#c19c00",color="#c19c00", fontname="Courier",label="0x80006894      addiu v0, zero, 0x50\l0x80006898      beq a0, v0, 0x800069d4\l0x8000689c      lui a0, 0x8001\l"]
	"0x800068a0" [URL="dbg.testing_switch_break/0x800068a0", fillcolor="#c19c00",color="#c19c00", fontname="Courier",label="0x800068a0      j 0x800069ec\l0x800068a4      lw ra, (var_14h)\l"]
	"0x800068a8" [URL="dbg.testing_switch_break/0x800068a8", fillcolor="#c19c00",color="#c19c00", fontname="Courier",label="; CODE XREF from dbg.testing_switch_break @ 0x8000688c\l0x800068a8      beq a0, v0, 0x800068d4\l0x800068ac      addiu v0, zero, 0x64\l"]
	"0x800068b0" [URL="dbg.testing_switch_break/0x800068b0", fillcolor="#c19c00",color="#c19c00", fontname="Courier",label="0x800068b0      beq a0, v0, 0x80006900\l0x800068b4      lui a0, 0x8001\l"]
	"0x800068b8" [URL="dbg.testing_switch_break/0x800068b8", fillcolor="#c19c00",color="#c19c00", fontname="Courier",label="0x800068b8      j 0x800069ec\l0x800068bc      lw ra, (var_14h)\l"]
	"0x800068c0" [URL="dbg.testing_switch_break/0x800068c0", fillcolor="#c19c00",color="#c19c00", fontname="Courier",label="; CODE XREF from dbg.testing_switch_break @ 0x80006800\l0x800068c0      lui a0, 0x8001\l"]
	"0x800068c4" [URL="dbg.testing_switch_break/0x800068c4", fillcolor="#c19c00",color="#c19c00", fontname="Courier",label="; CODE XREF from dbg.testing_switch_break @ 0x8000682c\l0x800068c4      lui v0, 0x8001\l0x800068c8      addiu v0, v0, 0x162c                                   ; 0x8001162c\l                                                                       ; sym.printf ; sym.printf\l0x800068cc      jalr v0\l0x800068d0      addiu a0, a0, 0x3254                                   ; arg1 ; esilref: 'case 1'\l"]
	"0x800068d4" [URL="dbg.testing_switch_break/0x800068d4", fillcolor="#c19c00",color="#c19c00", fontname="Courier",label="; CODE XREF from dbg.testing_switch_break @ 0x800068a8\l0x800068d4      lui a0, 0x8001\l0x800068d8      lui v0, 0x8001\l0x800068dc      addiu v0, v0, 0x162c                                   ; 0x8001162c\l                                                                       ; sym.printf ; sym.printf\l0x800068e0      jalr v0\l0x800068e4      addiu a0, a0, 0x325c                                   ; arg1 ; esilref: 'case 2'\l"]
	"0x800068e8" [URL="dbg.testing_switch_break/0x800068e8", fillcolor="#c19c00",color="#c19c00", fontname="Courier",label="; CODE XREF from dbg.testing_switch_break @ 0x800067ec\l0x800068e8      lui a0, 0x8001\l0x800068ec      lui v0, 0x8001\l0x800068f0      addiu v0, v0, 0x162c                                   ; 0x8001162c\l                                                                       ; sym.printf ; sym.printf\l0x800068f4      jalr v0\l0x800068f8      addiu a0, a0, 0x3264                                   ; arg1 ; esilref: 'case 3'\l0x800068fc      lui a0, 0x8001\l"]
	"0x80006900" [URL="dbg.testing_switch_break/0x80006900", fillcolor="#c19c00",color="#c19c00", fontname="Courier",label="; CODE XREF from dbg.testing_switch_break @ 0x800068b0\l0x80006900      lui v0, 0x8001\l0x80006904      addiu v0, v0, 0x162c                                   ; 0x8001162c\l                                                                       ; sym.printf ; sym.printf\l0x80006908      jalr v0\l0x8000690c      addiu a0, a0, 0x326c                                   ; arg1 ; esilref: 'case 4'\l"]
	"0x80006910" [URL="dbg.testing_switch_break/0x80006910", fillcolor="#c19c00",color="#c19c00", fontname="Courier",label="; CODE XREF from dbg.testing_switch_break @ 0x80006808\l0x80006910      lui a0, 0x8001\l0x80006914      lui v0, 0x8001\l0x80006918      addiu v0, v0, 0x162c                                   ; 0x8001162c\l                                                                       ; sym.printf ; sym.printf\l0x8000691c      jalr v0\l0x80006920      addiu a0, a0, 0x3274                                   ; arg1 ; esilref: 'case 5'\l0x80006924      lui a0, 0x8001\l"]
	"0x80006928" [URL="dbg.testing_switch_break/0x80006928", fillcolor="#c19c00",color="#c19c00", fontname="Courier",label="; CODE XREF from dbg.testing_switch_break @ 0x80006844\l0x80006928      lui v0, 0x8001\l0x8000692c      addiu v0, v0, 0x162c                                   ; 0x8001162c\l                                                                       ; sym.printf ; sym.printf\l0x80006930      jalr v0\l0x80006934      addiu a0, a0, 0x327c                                   ; arg1 ; esilref: 'case 6'\l"]
	"0x80006938" [URL="dbg.testing_switch_break/0x80006938", fillcolor="#c19c00",color="#c19c00", fontname="Courier",label="; CODE XREF from dbg.testing_switch_break @ 0x80006834\l0x80006938      lui a0, 0x8001\l0x8000693c      j 0x800069d8\l0x80006940      addiu a0, a0, 0x3284                                   ; arg1 ; esilref: 'case 7'\l"]
	"0x80006944" [URL="dbg.testing_switch_break/0x80006944", fillcolor="#c19c00",color="#c19c00", fontname="Courier",label="; CODE XREF from dbg.testing_switch_break @ 0x80006884\l0x80006944      lui a0, 0x8001\l0x80006948      lui v0, 0x8001\l0x8000694c      addiu v0, v0, 0x162c                                   ; 0x8001162c\l                                                                       ; sym.printf ; sym.printf\l0x80006950      jalr v0\l0x80006954      addiu a0, a0, 0x328c                                   ; arg1 ; esilref: 'case 8'\l"]
	"0x80006958" [URL="dbg.testing_switch_break/0x80006958", fillcolor="#c19c00",color="#c19c00", fontname="Courier",label="; CODE XREF from dbg.testing_switch_break @ 0x8000683c\l0x80006958      lui a0, 0x8001\l0x8000695c      lui v0, 0x8001\l0x80006960      addiu v0, v0, 0x162c                                   ; 0x8001162c\l                                                                       ; sym.printf ; sym.printf\l0x80006964      jalr v0\l0x80006968      addiu a0, a0, 0x3294                                   ; arg1 ; esilref: 'case 9'\l"]
	"0x8000696c" [URL="dbg.testing_switch_break/0x8000696c", fillcolor="#c19c00",color="#c19c00", fontname="Courier",label="; CODE XREF from dbg.testing_switch_break @ 0x800067d4\l0x8000696c      lui a0, 0x8001\l0x80006970      lui v0, 0x8001\l0x80006974      addiu v0, v0, 0x162c                                   ; 0x8001162c\l                                                                       ; sym.printf ; sym.printf\l0x80006978      jalr v0\l0x8000697c      addiu a0, a0, 0x329c                                   ; arg1 ; esilref: 'case 10'\l0x80006980      lui a0, 0x8001\l"]
	"0x80006984" [URL="dbg.testing_switch_break/0x80006984", fillcolor="#c19c00",color="#c19c00", fontname="Courier",label="; CODE XREF from dbg.testing_switch_break @ 0x80006874\l0x80006984      lui v0, 0x8001\l0x80006988      addiu v0, v0, 0x162c                                   ; 0x8001162c\l                                                                       ; sym.printf ; sym.printf\l0x8000698c      jalr v0\l0x80006990      addiu a0, a0, 0x32a4                                   ; arg1 ; esilref: 'case 11'\l0x80006994      lui a0, 0x8001\l"]
	"0x80006998" [URL="dbg.testing_switch_break/0x80006998", fillcolor="#c19c00",color="#c19c00", fontname="Courier",label="; CODE XREF from dbg.testing_switch_break @ 0x80006868\l0x80006998      lui v0, 0x8001\l0x8000699c      addiu v0, v0, 0x162c                                   ; 0x8001162c\l                                                                       ; sym.printf ; sym.printf\l0x800069a0      jalr v0\l0x800069a4      addiu a0, a0, 0x32ac                                   ; arg1 ; esilref: 'case 12'\l0x800069a8      lui a0, 0x8001\l"]
	"0x800069ac" [URL="dbg.testing_switch_break/0x800069ac", fillcolor="#c19c00",color="#c19c00", fontname="Courier",label="; CODE XREF from dbg.testing_switch_break @ 0x8000687c\l0x800069ac      lui v0, 0x8001\l0x800069b0      addiu v0, v0, 0x162c                                   ; 0x8001162c\l                                                                       ; sym.printf ; sym.printf\l0x800069b4      jalr v0\l0x800069b8      addiu a0, a0, 0x32b4                                   ; arg1 ; esilref: 'case 13'\l"]
	"0x800069bc" [URL="dbg.testing_switch_break/0x800069bc", fillcolor="#c19c00",color="#c19c00", fontname="Courier",label="; CODE XREF from dbg.testing_switch_break @ 0x80006854\l0x800069bc      lui a0, 0x8001\l0x800069c0      lui v0, 0x8001\l0x800069c4      addiu v0, v0, 0x162c                                   ; 0x8001162c\l                                                                       ; sym.printf ; sym.printf\l0x800069c8      jalr v0\l0x800069cc      addiu a0, a0, 0x32bc                                   ; arg1 ; esilref: 'case 14'\l0x800069d0      lui a0, 0x8001\l"]
	"0x800069d4" [URL="dbg.testing_switch_break/0x800069d4", fillcolor="#c19c00",color="#c19c00", fontname="Courier",label="; CODE XREF from dbg.testing_switch_break @ 0x80006898\l0x800069d4      addiu a0, a0, 0x32c4                                   ; arg1 ; esilref: 'case 15'\l"]
	"0x800069d8" [URL="dbg.testing_switch_break/0x800069d8", fillcolor="#c19c00",color="#c19c00", fontname="Courier",label="; CODE XREF from dbg.testing_switch_break @ 0x8000693c\l0x800069d8      lw ra, (var_14h)\l0x800069dc      lui t9, 0x8001\l0x800069e0      addiu t9, t9, 0x162c                                   ; 0x8001162c\l                                                                       ; sym.printf ; sym.printf\l0x800069e4      jr t9\l0x800069e8      addiu sp, sp, 0x18\l"]
	"0x800069ec" [URL="dbg.testing_switch_break/0x800069ec", fillcolor="white",color="#767676", fontname="Courier",label="; CODE XREFS from dbg.testing_switch_break @ 0x80006810, 0x8000684c, 0x800068a0, 0x800068b8\l0x800069ec      jr ra\l0x800069f0      addiu sp, sp, 0x18\l"]
        "0x800067c8" -> "0x8000696c" [color="#13a10e"];
        "0x800067c8" -> "0x800067dc" [color="#c50f1f"];
        "0x800067dc" -> "0x80006854" [color="#13a10e"];
        "0x800067dc" -> "0x800067e8" [color="#c50f1f"];
        "0x800067e8" -> "0x800068e8" [color="#13a10e"];
        "0x800067e8" -> "0x800067f4" [color="#c50f1f"];
        "0x800067f4" -> "0x80006834" [color="#13a10e"];
        "0x800067f4" -> "0x800067fc" [color="#c50f1f"];
        "0x800067fc" -> "0x800068c0" [color="#13a10e"];
        "0x800067fc" -> "0x80006808" [color="#c50f1f"];
        "0x80006808" -> "0x80006910" [color="#13a10e"];
        "0x80006808" -> "0x80006810" [color="#c50f1f"];
        "0x80006810" -> "0x800069ec" [color="#13a10e"];
        "0x80006810" -> "0x80006818" [color="#c50f1f"];
        "0x80006818" -> "0x800068c4" [color="#3a96dd"];
        "0x80006834" -> "0x80006938" [color="#13a10e"];
        "0x80006834" -> "0x8000683c" [color="#c50f1f"];
        "0x8000683c" -> "0x80006958" [color="#13a10e"];
        "0x8000683c" -> "0x80006844" [color="#c50f1f"];
        "0x80006844" -> "0x80006928" [color="#13a10e"];
        "0x80006844" -> "0x8000684c" [color="#c50f1f"];
        "0x8000684c" -> "0x800069ec" [color="#3a96dd"];
        "0x80006854" -> "0x800069bc" [color="#13a10e"];
        "0x80006854" -> "0x8000685c" [color="#c50f1f"];
        "0x8000685c" -> "0x80006884" [color="#13a10e"];
        "0x8000685c" -> "0x80006864" [color="#c50f1f"];
        "0x80006864" -> "0x80006998" [color="#13a10e"];
        "0x80006864" -> "0x80006870" [color="#c50f1f"];
        "0x80006870" -> "0x80006984" [color="#13a10e"];
        "0x80006870" -> "0x8000687c" [color="#c50f1f"];
        "0x8000687c" -> "0x800069ac" [color="#3a96dd"];
        "0x80006884" -> "0x80006944" [color="#13a10e"];
        "0x80006884" -> "0x8000688c" [color="#c50f1f"];
        "0x8000688c" -> "0x800068a8" [color="#13a10e"];
        "0x8000688c" -> "0x80006894" [color="#c50f1f"];
        "0x80006894" -> "0x800069d4" [color="#13a10e"];
        "0x80006894" -> "0x800068a0" [color="#c50f1f"];
        "0x800068a0" -> "0x800069ec" [color="#3a96dd"];
        "0x800068a8" -> "0x800068d4" [color="#13a10e"];
        "0x800068a8" -> "0x800068b0" [color="#c50f1f"];
        "0x800068b0" -> "0x80006900" [color="#13a10e"];
        "0x800068b0" -> "0x800068b8" [color="#c50f1f"];
        "0x800068b8" -> "0x800069ec" [color="#3a96dd"];
        "0x800068c0" -> "0x800068c4" [color="#3a96dd"];
        "0x800068c4" -> "0x800068d4" [color="#3a96dd"];
        "0x800068d4" -> "0x800068e8" [color="#3a96dd"];
        "0x800068e8" -> "0x80006900" [color="#3a96dd"];
        "0x80006900" -> "0x80006910" [color="#3a96dd"];
        "0x80006910" -> "0x80006928" [color="#3a96dd"];
        "0x80006928" -> "0x80006938" [color="#3a96dd"];
        "0x80006938" -> "0x800069d8" [color="#3a96dd"];
        "0x80006944" -> "0x80006958" [color="#3a96dd"];
        "0x80006958" -> "0x8000696c" [color="#3a96dd"];
        "0x8000696c" -> "0x80006984" [color="#3a96dd"];
        "0x80006984" -> "0x80006998" [color="#3a96dd"];
        "0x80006998" -> "0x800069ac" [color="#3a96dd"];
        "0x800069ac" -> "0x800069bc" [color="#3a96dd"];
        "0x800069bc" -> "0x800069d4" [color="#3a96dd"];
        "0x800069d4" -> "0x800069d8" [color="#3a96dd"];
}
