digraph code {
	graph [bgcolor=azure fontsize=8 fontname="Courier" splines="ortho"];
	node [fillcolor=gray style=filled shape=box];
	edge [arrowhead="normal"];
	"0x800067c8" [URL="dbg.testing_switch_break/0x800067c8", fillcolor="#c19c00",color="#c19c00", fontname="Courier",label="  ; CALL XREFS from dbg.xsh_date @ 0x800069f4, 0x800069f8\l  ;-- testing_switch_break:\l208: dbg.testing_switch_break (signed int arg1);\l; arg signed int arg1 @ a0\l0x800067c8      addiu a0, a0, 0x14                                     ; arg1 ; void testing_switch_break(int y);\l0x800067cc      addiu v0, zero, 0x46\l0x800067d0      beq a0, v0, 0x80006858\l0x800067d4      slti v0, a0, 0x47                                      ; arg1\l"]
	"0x800067d8" [URL="dbg.testing_switch_break/0x800067d8", fillcolor="#c19c00",color="#c19c00", fontname="Courier",label="0x800067d8      beqz v0, 0x80006804\l0x800067dc      addiu v0, zero, 0x49\l"]
	"0x800067e0" [URL="dbg.testing_switch_break/0x800067e0", fillcolor="#c19c00",color="#c19c00", fontname="Courier",label="0x800067e0      addiu v0, zero, 2\l0x800067e4      beq a0, v0, 0x80006840\l0x800067e8      addiu v0, zero, 0x45\l"]
	"0x800067ec" [URL="dbg.testing_switch_break/0x800067ec", fillcolor="#c19c00",color="#c19c00", fontname="Courier",label="0x800067ec      beq a0, v0, 0x8000686c\l0x800067f0      addiu v0, zero, 1\l"]
	"0x800067f4" [URL="dbg.testing_switch_break/0x800067f4", fillcolor="#c19c00",color="#c19c00", fontname="Courier",label="0x800067f4      bne a0, v0, 0x80006820\l0x800067f8      lui a0, 0x8001\l"]
	"0x800067fc" [URL="dbg.testing_switch_break/0x800067fc", fillcolor="#c19c00",color="#c19c00", fontname="Courier",label="0x800067fc      j 0x80006888\l0x80006800      addiu a0, a0, 0x30f0                                   ; arg1 ; esilref: 'case 0'\l"]
	"0x80006804" [URL="dbg.testing_switch_break/0x80006804", fillcolor="#c19c00",color="#c19c00", fontname="Courier",label="; CODE XREF from dbg.testing_switch_break @ 0x800067d8\l0x80006804      beq a0, v0, 0x80006880\l0x80006808      slti v0, a0, 0x4a                                      ; arg1\l"]
	"0x8000680c" [URL="dbg.testing_switch_break/0x8000680c", fillcolor="#c19c00",color="#c19c00", fontname="Courier",label="0x8000680c      beqz v0, 0x80006828\l0x80006810      addiu v0, zero, 0x62\l"]
	"0x80006814" [URL="dbg.testing_switch_break/0x80006814", fillcolor="#c19c00",color="#c19c00", fontname="Courier",label="0x80006814      addiu v0, zero, 0x47\l0x80006818      beq a0, v0, 0x80006878\l0x8000681c      lui a0, 0x8001\l"]
	"0x80006820" [URL="dbg.testing_switch_break/0x80006820", fillcolor="white",color="#767676", fontname="Courier",label="; CODE XREF from dbg.testing_switch_break @ 0x800067f4\l0x80006820      jr ra\l0x80006824      nop\l"]
	"0x80006828" [URL="dbg.testing_switch_break/0x80006828", fillcolor="#c19c00",color="#c19c00", fontname="Courier",label="; CODE XREF from dbg.testing_switch_break @ 0x8000680c\l0x80006828      beq a0, v0, 0x8000684c\l0x8000682c      addiu v0, zero, 0x64\l"]
	"0x80006830" [URL="dbg.testing_switch_break/0x80006830", fillcolor="#c19c00",color="#c19c00", fontname="Courier",label="0x80006830      beq a0, v0, 0x80006864\l0x80006834      lui a0, 0x8001\l"]
	"0x80006838" [URL="dbg.testing_switch_break/0x80006838", fillcolor="white",color="#767676", fontname="Courier",label="0x80006838      jr ra\l0x8000683c      nop\l"]
	"0x80006840" [URL="dbg.testing_switch_break/0x80006840", fillcolor="#c19c00",color="#c19c00", fontname="Courier",label="; CODE XREF from dbg.testing_switch_break @ 0x800067e4\l0x80006840      lui a0, 0x8001\l0x80006844      j 0x80006888\l0x80006848      addiu a0, a0, 0x30f8                                   ; arg1 ; esilref: 'case 1'\l"]
	"0x8000684c" [URL="dbg.testing_switch_break/0x8000684c", fillcolor="#c19c00",color="#c19c00", fontname="Courier",label="; CODE XREF from dbg.testing_switch_break @ 0x80006828\l0x8000684c      lui a0, 0x8001\l0x80006850      j 0x80006888\l0x80006854      addiu a0, a0, 0x3100                                   ; arg1 ; esilref: 'case 2'\l"]
	"0x80006858" [URL="dbg.testing_switch_break/0x80006858", fillcolor="#c19c00",color="#c19c00", fontname="Courier",label="; CODE XREF from dbg.testing_switch_break @ 0x800067d0\l0x80006858      lui a0, 0x8001\l0x8000685c      j 0x80006888\l0x80006860      addiu a0, a0, 0x3108                                   ; arg1 ; esilref: 'case 3'\l"]
	"0x80006864" [URL="dbg.testing_switch_break/0x80006864", fillcolor="#c19c00",color="#c19c00", fontname="Courier",label="; CODE XREF from dbg.testing_switch_break @ 0x80006830\l0x80006864      j 0x80006888\l0x80006868      addiu a0, a0, 0x3110                                   ; arg1 ; esilref: 'case 4'\l"]
	"0x8000686c" [URL="dbg.testing_switch_break/0x8000686c", fillcolor="#c19c00",color="#c19c00", fontname="Courier",label="; CODE XREF from dbg.testing_switch_break @ 0x800067ec\l0x8000686c      lui a0, 0x8001\l0x80006870      j 0x80006888\l0x80006874      addiu a0, a0, 0x3118                                   ; arg1 ; esilref: 'case 5'\l"]
	"0x80006878" [URL="dbg.testing_switch_break/0x80006878", fillcolor="#c19c00",color="#c19c00", fontname="Courier",label="; CODE XREF from dbg.testing_switch_break @ 0x80006818\l0x80006878      j 0x80006888\l0x8000687c      addiu a0, a0, 0x3120                                   ; arg1 ; esilref: 'case 6'\l"]
	"0x80006880" [URL="dbg.testing_switch_break/0x80006880", fillcolor="#c19c00",color="#c19c00", fontname="Courier",label="; CODE XREF from dbg.testing_switch_break @ 0x80006804\l0x80006880      lui a0, 0x8001\l0x80006884      addiu a0, a0, 0x3128                                   ; arg1 ; esilref: 'case 7'\l"]
	"0x80006888" [URL="dbg.testing_switch_break/0x80006888", fillcolor="#c19c00",color="#c19c00", fontname="Courier",label="; XREFS: CODE 0x800067fc  CODE 0x80006844  CODE 0x80006850  CODE 0x8000685c  CODE 0x80006864  CODE 0x80006870  \l; XREFS: CODE 0x80006878  \l0x80006888      lui t9, 0x8001\l0x8000688c      addiu t9, t9, 0x14d0                                   ; 0x800114d0\l                                                                       ; sym.printf ; sym.printf\l0x80006890      jr t9\l0x80006894      nop\l"]
        "0x800067c8" -> "0x80006858" [color="#13a10e"];
        "0x800067c8" -> "0x800067d8" [color="#c50f1f"];
        "0x800067d8" -> "0x80006804" [color="#13a10e"];
        "0x800067d8" -> "0x800067e0" [color="#c50f1f"];
        "0x800067e0" -> "0x80006840" [color="#13a10e"];
        "0x800067e0" -> "0x800067ec" [color="#c50f1f"];
        "0x800067ec" -> "0x8000686c" [color="#13a10e"];
        "0x800067ec" -> "0x800067f4" [color="#c50f1f"];
        "0x800067f4" -> "0x80006820" [color="#13a10e"];
        "0x800067f4" -> "0x800067fc" [color="#c50f1f"];
        "0x800067fc" -> "0x80006888" [color="#3a96dd"];
        "0x80006804" -> "0x80006880" [color="#13a10e"];
        "0x80006804" -> "0x8000680c" [color="#c50f1f"];
        "0x8000680c" -> "0x80006828" [color="#13a10e"];
        "0x8000680c" -> "0x80006814" [color="#c50f1f"];
        "0x80006814" -> "0x80006878" [color="#13a10e"];
        "0x80006814" -> "0x80006820" [color="#c50f1f"];
        "0x80006828" -> "0x8000684c" [color="#13a10e"];
        "0x80006828" -> "0x80006830" [color="#c50f1f"];
        "0x80006830" -> "0x80006864" [color="#13a10e"];
        "0x80006830" -> "0x80006838" [color="#c50f1f"];
        "0x80006840" -> "0x80006888" [color="#3a96dd"];
        "0x8000684c" -> "0x80006888" [color="#3a96dd"];
        "0x80006858" -> "0x80006888" [color="#3a96dd"];
        "0x80006864" -> "0x80006888" [color="#3a96dd"];
        "0x8000686c" -> "0x80006888" [color="#3a96dd"];
        "0x80006878" -> "0x80006888" [color="#3a96dd"];
        "0x80006880" -> "0x80006888" [color="#3a96dd"];
}
