digraph code {
	graph [bgcolor=azure fontsize=8 fontname="Courier" splines="ortho"];
	node [fillcolor=gray style=filled shape=box];
	edge [arrowhead="normal"];
	"0x800067c8" [URL="dbg.testing_switch_break/0x800067c8", fillcolor="#c19c00",color="#c19c00", fontname="Courier",label="  ; CALL XREFS from dbg.xsh_date @ 0x80006a20, 0x80006a24\l  ;-- testing_switch_break:\l252: dbg.testing_switch_break (signed int arg1);\l; arg signed int arg1 @ a0\l0x800067c8      addiu a0, a0, 0x14                                     ; arg1 ; void testing_switch_break(int y);\l0x800067cc      addiu v0, zero, 0x47\l0x800067d0      beq a0, v0, 0x80006898\l0x800067d4      slti v0, a0, 0x48                                      ; arg1\l"]
	"0x800067d8" [URL="dbg.testing_switch_break/0x800067d8", fillcolor="#c19c00",color="#c19c00", fontname="Courier",label="0x800067d8      beqz v0, 0x80006820\l0x800067dc      addiu v0, zero, 0x59\l"]
	"0x800067e0" [URL="dbg.testing_switch_break/0x800067e0", fillcolor="#c19c00",color="#c19c00", fontname="Courier",label="0x800067e0      addiu v0, zero, 2\l0x800067e4      beq a0, v0, 0x80006864\l0x800067e8      slti v0, a0, 3                                         ; arg1\l"]
	"0x800067ec" [URL="dbg.testing_switch_break/0x800067ec", fillcolor="#c19c00",color="#c19c00", fontname="Courier",label="0x800067ec      beqz v0, 0x80006808\l0x800067f0      addiu v0, zero, 0x45\l"]
	"0x800067f4" [URL="dbg.testing_switch_break/0x800067f4", fillcolor="#c19c00",color="#c19c00", fontname="Courier",label="0x800067f4      addiu v0, zero, 1\l0x800067f8      beq a0, v0, 0x8000685c\l0x800067fc      lui a0, 0x8001\l"]
	"0x80006800" [URL="dbg.testing_switch_break/0x80006800", fillcolor="white",color="#767676", fontname="Courier",label="0x80006800      jr ra\l0x80006804      nop\l"]
	"0x80006808" [URL="dbg.testing_switch_break/0x80006808", fillcolor="#c19c00",color="#c19c00", fontname="Courier",label="; CODE XREF from dbg.testing_switch_break @ 0x800067ec\l0x80006808      beq a0, v0, 0x8000688c\l0x8000680c      addiu v0, zero, 0x46\l"]
	"0x80006810" [URL="dbg.testing_switch_break/0x80006810", fillcolor="#c19c00",color="#c19c00", fontname="Courier",label="0x80006810      beq a0, v0, 0x8000687c\l0x80006814      lui a0, 0x8001\l"]
	"0x80006818" [URL="dbg.testing_switch_break/0x80006818", fillcolor="white",color="#767676", fontname="Courier",label="0x80006818      jr ra\l0x8000681c      nop\l"]
	"0x80006820" [URL="dbg.testing_switch_break/0x80006820", fillcolor="#c19c00",color="#c19c00", fontname="Courier",label="; CODE XREF from dbg.testing_switch_break @ 0x800067d8\l0x80006820      beq a0, v0, 0x800068ac\l0x80006824      slti v0, a0, 0x5a                                      ; arg1\l"]
	"0x80006828" [URL="dbg.testing_switch_break/0x80006828", fillcolor="#c19c00",color="#c19c00", fontname="Courier",label="0x80006828      beqz v0, 0x80006844\l0x8000682c      addiu v0, zero, 0x62\l"]
	"0x80006830" [URL="dbg.testing_switch_break/0x80006830", fillcolor="#c19c00",color="#c19c00", fontname="Courier",label="0x80006830      addiu v0, zero, 0x49\l0x80006834      beq a0, v0, 0x800068a4\l0x80006838      lui a0, 0x8001\l"]
	"0x8000683c" [URL="dbg.testing_switch_break/0x8000683c", fillcolor="white",color="#767676", fontname="Courier",label="0x8000683c      jr ra\l0x80006840      nop\l"]
	"0x80006844" [URL="dbg.testing_switch_break/0x80006844", fillcolor="#c19c00",color="#c19c00", fontname="Courier",label="; CODE XREF from dbg.testing_switch_break @ 0x80006828\l0x80006844      beq a0, v0, 0x80006870\l0x80006848      addiu v0, zero, 0x64\l"]
	"0x8000684c" [URL="dbg.testing_switch_break/0x8000684c", fillcolor="#c19c00",color="#c19c00", fontname="Courier",label="0x8000684c      beq a0, v0, 0x80006884\l0x80006850      lui a0, 0x8001\l"]
	"0x80006854" [URL="dbg.testing_switch_break/0x80006854", fillcolor="white",color="#767676", fontname="Courier",label="0x80006854      jr ra\l0x80006858      nop\l"]
	"0x8000685c" [URL="dbg.testing_switch_break/0x8000685c", fillcolor="#c19c00",color="#c19c00", fontname="Courier",label="; CODE XREF from dbg.testing_switch_break @ 0x800067f8\l0x8000685c      j 0x800068b4\l0x80006860      addiu a0, a0, 0x311c                                   ; arg1 ; esilref: 'case 0'\l"]
	"0x80006864" [URL="dbg.testing_switch_break/0x80006864", fillcolor="#c19c00",color="#c19c00", fontname="Courier",label="; CODE XREF from dbg.testing_switch_break @ 0x800067e4\l0x80006864      lui a0, 0x8001\l0x80006868      j 0x800068b4\l0x8000686c      addiu a0, a0, 0x3124                                   ; arg1 ; esilref: 'case 1'\l"]
	"0x80006870" [URL="dbg.testing_switch_break/0x80006870", fillcolor="#c19c00",color="#c19c00", fontname="Courier",label="; CODE XREF from dbg.testing_switch_break @ 0x80006844\l0x80006870      lui a0, 0x8001\l0x80006874      j 0x800068b4\l0x80006878      addiu a0, a0, 0x312c                                   ; arg1 ; esilref: 'case 2'\l"]
	"0x8000687c" [URL="dbg.testing_switch_break/0x8000687c", fillcolor="#c19c00",color="#c19c00", fontname="Courier",label="; CODE XREF from dbg.testing_switch_break @ 0x80006810\l0x8000687c      j 0x800068b4\l0x80006880      addiu a0, a0, 0x3134                                   ; arg1 ; esilref: 'case 3'\l"]
	"0x80006884" [URL="dbg.testing_switch_break/0x80006884", fillcolor="#c19c00",color="#c19c00", fontname="Courier",label="; CODE XREF from dbg.testing_switch_break @ 0x8000684c\l0x80006884      j 0x800068b4\l0x80006888      addiu a0, a0, 0x313c                                   ; arg1 ; esilref: 'case 4'\l"]
	"0x8000688c" [URL="dbg.testing_switch_break/0x8000688c", fillcolor="#c19c00",color="#c19c00", fontname="Courier",label="; CODE XREF from dbg.testing_switch_break @ 0x80006808\l0x8000688c      lui a0, 0x8001\l0x80006890      j 0x800068b4\l0x80006894      addiu a0, a0, 0x3144                                   ; arg1 ; esilref: 'case 5'\l"]
	"0x80006898" [URL="dbg.testing_switch_break/0x80006898", fillcolor="#c19c00",color="#c19c00", fontname="Courier",label="; CODE XREF from dbg.testing_switch_break @ 0x800067d0\l0x80006898      lui a0, 0x8001\l0x8000689c      j 0x800068b4\l0x800068a0      addiu a0, a0, 0x314c                                   ; arg1 ; esilref: 'case 6'\l"]
	"0x800068a4" [URL="dbg.testing_switch_break/0x800068a4", fillcolor="#c19c00",color="#c19c00", fontname="Courier",label="; CODE XREF from dbg.testing_switch_break @ 0x80006834\l0x800068a4      j 0x800068b4\l0x800068a8      addiu a0, a0, 0x3154                                   ; arg1 ; esilref: 'case 7'\l"]
	"0x800068ac" [URL="dbg.testing_switch_break/0x800068ac", fillcolor="#c19c00",color="#c19c00", fontname="Courier",label="; CODE XREF from dbg.testing_switch_break @ 0x80006820\l0x800068ac      lui a0, 0x8001\l0x800068b0      addiu a0, a0, 0x315c                                   ; arg1 ; esilref: 'case 8'\l"]
	"0x800068b4" [URL="dbg.testing_switch_break/0x800068b4", fillcolor="#c19c00",color="#c19c00", fontname="Courier",label="; XREFS: CODE 0x8000685c  CODE 0x80006868  CODE 0x80006874  CODE 0x8000687c  CODE 0x80006884  CODE 0x80006890  \l; XREFS: CODE 0x8000689c  CODE 0x800068a4  \l0x800068b4      lui t9, 0x8001\l0x800068b8      addiu t9, t9, 0x14fc                                   ; 0x800114fc\l                                                                       ; sym.printf ; sym.printf\l0x800068bc      jr t9\l0x800068c0      nop\l"]
        "0x800067c8" -> "0x80006898" [color="#13a10e"];
        "0x800067c8" -> "0x800067d8" [color="#c50f1f"];
        "0x800067d8" -> "0x80006820" [color="#13a10e"];
        "0x800067d8" -> "0x800067e0" [color="#c50f1f"];
        "0x800067e0" -> "0x80006864" [color="#13a10e"];
        "0x800067e0" -> "0x800067ec" [color="#c50f1f"];
        "0x800067ec" -> "0x80006808" [color="#13a10e"];
        "0x800067ec" -> "0x800067f4" [color="#c50f1f"];
        "0x800067f4" -> "0x8000685c" [color="#13a10e"];
        "0x800067f4" -> "0x80006800" [color="#c50f1f"];
        "0x80006808" -> "0x8000688c" [color="#13a10e"];
        "0x80006808" -> "0x80006810" [color="#c50f1f"];
        "0x80006810" -> "0x8000687c" [color="#13a10e"];
        "0x80006810" -> "0x80006818" [color="#c50f1f"];
        "0x80006820" -> "0x800068ac" [color="#13a10e"];
        "0x80006820" -> "0x80006828" [color="#c50f1f"];
        "0x80006828" -> "0x80006844" [color="#13a10e"];
        "0x80006828" -> "0x80006830" [color="#c50f1f"];
        "0x80006830" -> "0x800068a4" [color="#13a10e"];
        "0x80006830" -> "0x8000683c" [color="#c50f1f"];
        "0x80006844" -> "0x80006870" [color="#13a10e"];
        "0x80006844" -> "0x8000684c" [color="#c50f1f"];
        "0x8000684c" -> "0x80006884" [color="#13a10e"];
        "0x8000684c" -> "0x80006854" [color="#c50f1f"];
        "0x8000685c" -> "0x800068b4" [color="#3a96dd"];
        "0x80006864" -> "0x800068b4" [color="#3a96dd"];
        "0x80006870" -> "0x800068b4" [color="#3a96dd"];
        "0x8000687c" -> "0x800068b4" [color="#3a96dd"];
        "0x80006884" -> "0x800068b4" [color="#3a96dd"];
        "0x8000688c" -> "0x800068b4" [color="#3a96dd"];
        "0x80006898" -> "0x800068b4" [color="#3a96dd"];
        "0x800068a4" -> "0x800068b4" [color="#3a96dd"];
        "0x800068ac" -> "0x800068b4" [color="#3a96dd"];
}
