digraph code {
	graph [bgcolor=azure fontsize=8 fontname="Courier" splines="ortho"];
	node [fillcolor=gray style=filled shape=box];
	edge [arrowhead="normal"];
	"0x80003ad0" [URL="sym.hexdump/0x80003ad0", fillcolor="#c19c00",color="#c19c00", fontname="Courier",label="  ; CALL XREFS from sym.xsh_memdump @ 0x80007b1c, 0x80007b20\l632: sym.hexdump (int32_t arg1, int32_t arg2, int32_t arg3, int32_t arg_0h);\l; var int32_t var_38h @ sp+0x10\l; var int32_t var_34h @ sp+0x14\l; var int32_t var_30h @ sp+0x18\l; var int32_t var_28h @ sp+0x20\l; var int32_t var_24h @ sp+0x24\l; var int32_t var_20h @ sp+0x28\l; var int32_t var_1ch @ sp+0x2c\l; var int32_t var_18h @ sp+0x30\l; var int32_t var_14h @ sp+0x34\l; var int32_t var_10h @ sp+0x38\l; var int32_t var_ch @ sp+0x3c\l; var int32_t var_8h @ sp+0x40\l; var int32_t var_4h @ sp+0x44\l; arg int32_t arg_0h @ sp+0x48\l; arg int32_t arg1 @ a0\l; arg int32_t arg2 @ a1\l; arg int32_t arg3 @ a2\l0x80003ad0      addiu sp, sp, -0x48\l0x80003ad4      sll a2, a2, 0x18                                       ; arg3\l0x80003ad8      sra a2, a2, 0x18                                       ; arg3\l0x80003adc      sw s5, (var_14h)\l0x80003ae0      sw s0, (var_28h)\l0x80003ae4      addiu s5, zero, 0x10\l0x80003ae8      lui s0, 0x8002\l0x80003aec      sw s4, (var_18h)\l0x80003af0      sw s3, (var_1ch)\l0x80003af4      sw s2, (var_20h)\l0x80003af8      sw ra, (var_4h)\l0x80003afc      sw fp, (var_8h)\l0x80003b00      sw s7, (var_ch)\l0x80003b04      sw s6, (var_10h)\l0x80003b08      sw s1, (var_24h)\l0x80003b0c      sw a0, (arg_0h)\l0x80003b10      move s4, a1\l0x80003b14      sw a2, (var_38h)\l0x80003b18      subu s5, s5, a1                                        ; arg2\l0x80003b1c      move s2, a0\l0x80003b20      move s3, a1\l0x80003b24      addiu s0, s0, -0x3004                                  ; 0x8001cffc\l                                                                       ; v1 ; obj.thrtab\l"]
	"0x80003b28" [URL="sym.hexdump/0x80003b28", fillcolor="#c19c00",color="#c19c00", fontname="Courier",label="; CODE XREF from sym.hexdump @ 0x80003d10\l0x80003b28      lw v1, (arg_0h)\l0x80003b2c      subu v0, s2, v1\l0x80003b30      sltu v0, v0, s4\l0x80003b34      beqz v0, 0x80003d18\l0x80003b38      lui s1, 0x8002\l"]
	"0x80003b3c" [URL="sym.hexdump/0x80003b3c", fillcolor="#c19c00",color="#c19c00", fontname="Courier",label="0x80003b3c      lw v1, -0x3588(s1)                                     ; [0x8001ca78:4]=0\l                                                                       ; obj.thrcurrent\l0x80003b40      addiu v0, zero, 0x54\l0x80003b44      mul a1, v1, v0\l0x80003b48      lui a0, 0x8002\l0x80003b4c      addiu a0, a0, -0x3004                                  ; 0x8001cffc\l                                                                       ; v1 ; arg1 ; obj.thrtab\l0x80003b50      addu v0, a1, a0                                        ; arg2\l0x80003b54      lw a0, 0x44(v0)\l0x80003b58      lui a1, 0x8001\l0x80003b5c      lui v1, 0x8001\l0x80003b60      addiu a1, a1, 0x31f4                                   ; arg2 ; esilref: '&08lx '\l0x80003b64      move a2, s2\l0x80003b68      addiu v1, v1, 0x1a00                                   ; 0x80011a00\l                                                                       ; t9 ; sym.fprintf\l0x80003b6c      move s6, s1\l0x80003b70      lui fp, 0x8001\l0x80003b74      jalr v1\l0x80003b78      lui s1, 0x8001\l0x80003b7c      move s7, zero\l0x80003b80      addiu s1, s1, 0x1a00                                   ; 0x80011a00\l                                                                       ; t9 ; sym.fprintf\l0x80003b84      addiu fp, fp, 0x31fc                                   ; esilref: '&02x '\l"]
	"0x80003b88" [URL="sym.hexdump/0x80003b88", fillcolor="#c19c00",color="#c19c00", fontname="Courier",label="; CODE XREF from sym.hexdump @ 0x80003be0\l0x80003b88      beq s7, s3, 0x80003be8\l0x80003b8c      addiu a0, zero, 0x10\l"]
	"0x80003b90" [URL="sym.hexdump/0x80003b90", fillcolor="#c19c00",color="#c19c00", fontname="Courier",label="0x80003b90      beq s7, a0, 0x80003be8\l0x80003b94      andi v0, s7, 7\l"]
	"0x80003b98" [URL="sym.hexdump/0x80003b98", fillcolor="#c19c00",color="#c19c00", fontname="Courier",label="0x80003b98      bnez v0, 0x80003bc0\l0x80003b9c      lw a0, -0x3588(s6)                                     ; [0x8001ca78:4]=0\l                                                                       ; obj.thrcurrent\l"]
	"0x80003ba0" [URL="sym.hexdump/0x80003ba0", fillcolor="#c19c00",color="#c19c00", fontname="Courier",label="0x80003ba0      addiu v0, zero, 0x54\l0x80003ba4      mul v1, a0, v0\l0x80003ba8      lui a1, 0x8001\l0x80003bac      addu v0, v1, s0\l0x80003bb0      lw a0, 0x44(v0)\l0x80003bb4      jalr s1\l0x80003bb8      addiu a1, a1, 0x6064\l0x80003bbc      lw a0, -0x3588(s6)                                     ; [0x8001ca78:4]=0\l                                                                       ; obj.thrcurrent\l"]
	"0x80003bc0" [URL="sym.hexdump/0x80003bc0", fillcolor="#c19c00",color="#c19c00", fontname="Courier",label="; CODE XREF from sym.hexdump @ 0x80003b98\l0x80003bc0      addiu v0, zero, 0x54\l0x80003bc4      mul v1, a0, v0\l0x80003bc8      addu v0, s2, s7\l0x80003bcc      addu a0, v1, s0\l0x80003bd0      lw a0, 0x44(a0)\l0x80003bd4      lbu a2, (v0)\l0x80003bd8      jalr s1\l0x80003bdc      move a1, fp\l0x80003be0      j 0x80003b88\l0x80003be4      addiu s7, s7, 1\l"]
	"0x80003be8" [URL="sym.hexdump/0x80003be8", fillcolor="#c19c00",color="#c19c00", fontname="Courier",label="; CODE XREFS from sym.hexdump @ 0x80003b88, 0x80003b90\l0x80003be8      sltiu v0, s3, 0x10\l0x80003bec      bnez v0, 0x80003c34\l0x80003bf0      move s7, zero\l"]
	"0x80003bf4" [URL="sym.hexdump/0x80003bf4", fillcolor="#c19c00",color="#c19c00", fontname="Courier",label="0x80003bf4      lw v1, (var_38h)\l"]
	"0x80003bf8" [URL="sym.hexdump/0x80003bf8", fillcolor="#c19c00",color="#c19c00", fontname="Courier",label="; CODE XREF from sym.hexdump @ 0x80003c3c\l0x80003bf8      addiu v0, zero, 1\l0x80003bfc      bne v1, v0, 0x80003cec\l0x80003c00      lw v1, -0x3588(s6)                                     ; [0x8001ca78:4]=0\l                                                                       ; obj.thrcurrent\l"]
	"0x80003c04" [URL="sym.hexdump/0x80003c04", fillcolor="#c19c00",color="#c19c00", fontname="Courier",label="0x80003c04      lw a0, -0x3588(s6)                                     ; [0x8001ca78:4]=0\l                                                                       ; obj.thrcurrent\l0x80003c08      addiu v0, zero, 0x54\l0x80003c0c      mul v1, a0, v0\l0x80003c10      lui a1, 0x8001\l0x80003c14      addu v0, v1, s0\l0x80003c18      lw a0, 0x44(v0)\l0x80003c1c      jalr s1\l0x80003c20      addiu a1, a1, 0x3204                                   ; esilref: ' |'\l0x80003c24      move fp, zero\l0x80003c28      addiu v0, zero, 0x10\l0x80003c2c      j 0x80003cc0\l0x80003c30      lui a1, 0x8000\l"]
	"0x80003c34" [URL="sym.hexdump/0x80003c34", fillcolor="#c19c00",color="#c19c00", fontname="Courier",label="; CODE XREF from sym.hexdump @ 0x80003bec\l0x80003c34      addiu fp, zero, 0x54\l0x80003c38      sltu v0, s7, s5\l"]
	"0x80003c3c" [URL="sym.hexdump/0x80003c3c", fillcolor="#c19c00",color="#c19c00", fontname="Courier",label="; CODE XREF from sym.hexdump @ 0x80003c90\l0x80003c3c      beqz v0, 0x80003bf8\l0x80003c40      lw v1, (var_38h)\l"]
	"0x80003c44" [URL="sym.hexdump/0x80003c44", fillcolor="#c19c00",color="#c19c00", fontname="Courier",label="0x80003c44      beqz s7, 0x80003c74\l0x80003c48      lw v0, -0x3588(s6)                                     ; [0x8001ca78:4]=0\l                                                                       ; obj.thrcurrent\l"]
	"0x80003c4c" [URL="sym.hexdump/0x80003c4c", fillcolor="#c19c00",color="#c19c00", fontname="Courier",label="0x80003c4c      andi v0, s7, 7\l0x80003c50      bnez v0, 0x80003c74\l0x80003c54      lw v0, -0x3588(s6)                                     ; [0x8001ca78:4]=0\l                                                                       ; obj.thrcurrent\l"]
	"0x80003c58" [URL="sym.hexdump/0x80003c58", fillcolor="#c19c00",color="#c19c00", fontname="Courier",label="0x80003c58      lui a1, 0x8001\l0x80003c5c      mul v1, v0, fp\l0x80003c60      addiu a1, a1, 0x6064\l0x80003c64      addu v0, v1, s0\l0x80003c68      jalr s1\l0x80003c6c      lw a0, 0x44(v0)\l0x80003c70      lw v0, -0x3588(s6)                                     ; [0x8001ca78:4]=0\l                                                                       ; obj.thrcurrent\l"]
	"0x80003c74" [URL="sym.hexdump/0x80003c74", fillcolor="#c19c00",color="#c19c00", fontname="Courier",label="; CODE XREFS from sym.hexdump @ 0x80003c44, 0x80003c50\l0x80003c74      lui a1, 0x8001\l0x80003c78      mul v1, v0, fp\l0x80003c7c      addiu a1, a1, 0x43d8                                   ; esilref: '   '\l0x80003c80      addu v0, v1, s0\l0x80003c84      lw a0, 0x44(v0)\l0x80003c88      jalr s1\l0x80003c8c      addiu s7, s7, 1\l0x80003c90      j 0x80003c3c\l0x80003c94      sltu v0, s7, s5\l"]
	"0x80003c98" [URL="sym.hexdump/0x80003c98", fillcolor="#c19c00",color="#c19c00", fontname="Courier",label="; CODE XREF from sym.hexdump @ 0x80003cc0\l0x80003c98      beq fp, v0, 0x80003cc8\l0x80003c9c      addu a0, s2, fp\l"]
	"0x80003ca0" [URL="sym.hexdump/0x80003ca0", fillcolor="#c19c00",color="#c19c00", fontname="Courier",label="0x80003ca0      lbu a0, (a0)\l0x80003ca4      addiu a2, a1, 0x3a84\l0x80003ca8      sw v0, (var_34h)\l0x80003cac      jalr a2\l0x80003cb0      sw a1, (var_30h)\l0x80003cb4      lw a1, (var_30h)\l0x80003cb8      lw v0, (var_34h)\l0x80003cbc      addiu fp, fp, 1\l"]
	"0x80003cc0" [URL="sym.hexdump/0x80003cc0", fillcolor="#c19c00",color="#c19c00", fontname="Courier",label="; CODE XREF from sym.hexdump @ 0x80003c2c\l0x80003cc0      bne fp, s3, 0x80003c98\l0x80003cc4      nop\l"]
	"0x80003cc8" [URL="sym.hexdump/0x80003cc8", fillcolor="#c19c00",color="#c19c00", fontname="Courier",label="; CODE XREF from sym.hexdump @ 0x80003c98\l0x80003cc8      lw a0, -0x3588(s6)                                     ; [0x8001ca78:4]=0\l                                                                       ; obj.thrcurrent\l0x80003ccc      addiu v0, zero, 0x54\l0x80003cd0      mul v1, a0, v0\l0x80003cd4      lui a1, 0x8001\l0x80003cd8      addu v0, v1, s0\l0x80003cdc      lw a0, 0x44(v0)\l0x80003ce0      jalr s1\l0x80003ce4      addiu a1, a1, 0x3208\l0x80003ce8      lw v1, -0x3588(s6)                                     ; [0x8001ca78:4]=0\l                                                                       ; obj.thrcurrent\l"]
	"0x80003cec" [URL="sym.hexdump/0x80003cec", fillcolor="#c19c00",color="#c19c00", fontname="Courier",label="; CODE XREF from sym.hexdump @ 0x80003bfc\l0x80003cec      addiu v0, zero, 0x54\l0x80003cf0      mul a0, v1, v0\l0x80003cf4      lui a1, 0x8001\l0x80003cf8      addu v0, a0, s0                                        ; arg1\l0x80003cfc      lw a0, 0x44(v0)\l0x80003d00      jalr s1\l0x80003d04      addiu a1, a1, 0x4180                                   ; 0x80014180 ; \"\\n\"\l0x80003d08      addiu s3, s3, -0x10\l0x80003d0c      addiu s2, s2, 0x10\l0x80003d10      j 0x80003b28\l0x80003d14      addiu s5, s5, 0x10\l"]
	"0x80003d18" [URL="sym.hexdump/0x80003d18", fillcolor="#c19c00",color="#c19c00", fontname="Courier",label="; CODE XREF from sym.hexdump @ 0x80003b34\l0x80003d18      lw ra, (var_4h)\l0x80003d1c      lw fp, (var_8h)\l0x80003d20      lw s7, (var_ch)\l0x80003d24      lw s6, (var_10h)\l0x80003d28      lw s5, (var_14h)\l0x80003d2c      lw s4, (var_18h)\l0x80003d30      lw s3, (var_1ch)\l0x80003d34      lw s2, (var_20h)\l0x80003d38      lw s1, (var_24h)\l0x80003d3c      lw s0, (var_28h)\l0x80003d40      jr ra\l0x80003d44      addiu sp, sp, 0x48\l"]
        "0x80003ad0" -> "0x80003b28" [color="#0037da"];
        "0x80003b28" -> "0x80003d18" [color="#13a10e"];
        "0x80003b28" -> "0x80003b3c" [color="#c50f1f"];
        "0x80003b3c" -> "0x80003b88" [color="#0037da"];
        "0x80003b88" -> "0x80003be8" [color="#13a10e"];
        "0x80003b88" -> "0x80003b90" [color="#c50f1f"];
        "0x80003b90" -> "0x80003be8" [color="#13a10e"];
        "0x80003b90" -> "0x80003b98" [color="#c50f1f"];
        "0x80003b98" -> "0x80003bc0" [color="#13a10e"];
        "0x80003b98" -> "0x80003ba0" [color="#c50f1f"];
        "0x80003ba0" -> "0x80003bc0" [color="#0037da"];
        "0x80003bc0" -> "0x80003b88" [color="#0037da"];
        "0x80003be8" -> "0x80003c34" [color="#13a10e"];
        "0x80003be8" -> "0x80003bf4" [color="#c50f1f"];
        "0x80003bf4" -> "0x80003bf8" [color="#0037da"];
        "0x80003bf8" -> "0x80003cec" [color="#13a10e"];
        "0x80003bf8" -> "0x80003c04" [color="#c50f1f"];
        "0x80003c04" -> "0x80003cc0" [color="#0037da"];
        "0x80003c34" -> "0x80003c3c" [color="#0037da"];
        "0x80003c3c" -> "0x80003bf8" [color="#13a10e"];
        "0x80003c3c" -> "0x80003c44" [color="#c50f1f"];
        "0x80003c44" -> "0x80003c74" [color="#13a10e"];
        "0x80003c44" -> "0x80003c4c" [color="#c50f1f"];
        "0x80003c4c" -> "0x80003c74" [color="#13a10e"];
        "0x80003c4c" -> "0x80003c58" [color="#c50f1f"];
        "0x80003c58" -> "0x80003c74" [color="#0037da"];
        "0x80003c74" -> "0x80003c3c" [color="#0037da"];
        "0x80003c98" -> "0x80003cc8" [color="#13a10e"];
        "0x80003c98" -> "0x80003ca0" [color="#c50f1f"];
        "0x80003ca0" -> "0x80003cc0" [color="#0037da"];
        "0x80003cc0" -> "0x80003c98" [color="#13a10e"];
        "0x80003cc0" -> "0x80003cc8" [color="#c50f1f"];
        "0x80003cc8" -> "0x80003cec" [color="#0037da"];
        "0x80003cec" -> "0x80003b28" [color="#0037da"];
}
