digraph code {
	graph [bgcolor=azure fontsize=8 fontname="Courier" splines="ortho"];
	node [fillcolor=gray style=filled shape=box];
	edge [arrowhead="normal"];
	"0x80001e78" [URL="sym.kill/0x80001e78", fillcolor="#c19c00",color="#c19c00", fontname="Courier",label="  ; XREFS(34)\l424: int sym.kill (pid_t pid, int sig);\l; var int32_t var_14h @ sp+0x14\l; var int32_t var_10h @ sp+0x18\l; var int32_t var_ch @ sp+0x1c\l; var int32_t var_8h @ sp+0x20\l; var int32_t var_4h @ sp+0x24\l; arg pid_t pid @ a0\l; arg int sig @ a1\l0x80001e78      addiu sp, sp, -0x28\l0x80001e7c      lui v0, 0x8000\l0x80001e80      addiu v0, v0, 0x1318                                   ; 0x80001318\l                                                                       ; loc.disable ; loc.disable\l0x80001e84      sw s3, (var_8h)\l0x80001e88      sw s2, (var_ch)\l0x80001e8c      sw s1, (var_10h)\l0x80001e90      sw ra, (var_4h)\l0x80001e94      sw s0, (var_14h)\l0x80001e98      jalr v0\l0x80001e9c      move s1, a0\l0x80001ea0      move s3, v0\l0x80001ea4      lui s2, 0x8000\l0x80001ea8      sltiu v0, s1, 0x64\l0x80001eac      beqz v0, 0x80001ee0\l0x80001eb0      addiu s2, s2, 0x1330                                   ; 0x80001330\l                                                                       ; loc.restore ; loc.restore\l"]
	"0x80001eb4" [URL="sym.kill/0x80001eb4", fillcolor="#c19c00",color="#c19c00", fontname="Courier",label="0x80001eb4      addiu v0, zero, 0x54\l0x80001eb8      mul v1, s1, v0\l0x80001ebc      lui s0, 0x8002\l0x80001ec0      addiu s0, s0, -0x3004                                  ; 0x8001cffc\l                                                                       ; v1 ; obj.thrtab\l0x80001ec4      addu s0, v1, s0\l0x80001ec8      lbu v1, (s0)\l0x80001ecc      addiu v0, zero, 2\l0x80001ed0      beq v1, v0, 0x80001ee0\l0x80001ed4      nop\l"]
	"0x80001ed8" [URL="sym.kill/0x80001ed8", fillcolor="#c19c00",color="#c19c00", fontname="Courier",label="0x80001ed8      bnez s1, 0x80001ef0\l0x80001edc      lui v1, 0x8002\l"]
	"0x80001ee0" [URL="sym.kill/0x80001ee0", fillcolor="#c19c00",color="#c19c00", fontname="Courier",label="; CODE XREFS from sym.kill @ 0x80001eac, 0x80001ed0\l0x80001ee0      jalr s2\l0x80001ee4      move a0, s3\l0x80001ee8      j 0x80002004\l0x80001eec      addiu v0, zero, -1\l"]
	"0x80001ef0" [URL="sym.kill/0x80001ef0", fillcolor="#c19c00",color="#c19c00", fontname="Courier",label="; CODE XREF from sym.kill @ 0x80001ed8\l0x80001ef0      lw v0, -0x3584(v1)                                     ; [0x8001ca7c:4]=0\l                                                                       ; obj.thrcount\l0x80001ef4      addiu v0, v0, -1\l0x80001ef8      sw v0, -0x3584(v1)\l0x80001efc      slti v0, v0, 2\l0x80001f00      beql v0, zero, 0x80001f1c\l0x80001f04      lw a0, 0x2c(s0)\l"]
	"0x80001f08" [URL="sym.kill/0x80001f08", fillcolor="#c19c00",color="#c19c00", fontname="Courier",label="0x80001f08      lui v0, 0x8000\l0x80001f0c      addiu v0, v0, 0x24a8                                   ; 0x800024a8\l                                                                       ; sym.xdone ; sym.xdone\l0x80001f10      jalr v0\l0x80001f14      nop\l0x80001f18      lw a0, 0x2c(s0)\l"]
	"0x80001f1c" [URL="sym.kill/0x80001f1c", fillcolor="#c19c00",color="#c19c00", fontname="Courier",label="; CODE XREF from sym.kill @ 0x80001f00\l0x80001f1c      lui v0, 0x8000\l0x80001f20      addiu v0, v0, 0x356c                                   ; 0x8000356c\l                                                                       ; sym.send ; sym.send\l0x80001f24      jalr v0\l0x80001f28      move a1, s1\l0x80001f2c      lw a1, 0x10(s0)\l0x80001f30      lw a0, 0xc(s0)\l0x80001f34      addiu v0, zero, -8\l0x80001f38      addiu a1, a1, 7                                        ; sig\l0x80001f3c      and a1, a1, v0                                         ; sig\l0x80001f40      addiu a0, a0, 4                                        ; pid\l0x80001f44      lui v0, 0x8000\l0x80001f48      addiu v0, v0, 0x2f94                                   ; 0x80002f94 ; \"N\" ; sym.memfree\l0x80001f4c      jalr v0\l0x80001f50      subu a0, a0, a1                                        ; sig\l0x80001f54      lbu v1, (s0)\l0x80001f58      addiu v0, zero, 3\l0x80001f5c      beq v1, v0, 0x80001fdc\l0x80001f60      sltiu v0, v1, 4\l"]
	"0x80001f64" [URL="sym.kill/0x80001f64", fillcolor="#c19c00",color="#c19c00", fontname="Courier",label="0x80001f64      beqz v0, 0x80001f94\l0x80001f68      addiu v0, zero, 5\l"]
	"0x80001f6c" [URL="sym.kill/0x80001f6c", fillcolor="#c19c00",color="#c19c00", fontname="Courier",label="0x80001f6c      addiu v0, zero, 1\l0x80001f70      bne v1, v0, 0x80001ff0\l0x80001f74      addiu v0, zero, 2\l"]
	"0x80001f78" [URL="sym.kill/0x80001f78", fillcolor="#c19c00",color="#c19c00", fontname="Courier",label="0x80001f78      sb v0, (s0)\l0x80001f7c      lui v0, 0x8000\l0x80001f80      addiu v0, v0, 0x20c0                                   ; 0x800020c0\l                                                                       ; sym.resched ; sym.resched\l0x80001f84      jalr v0\l0x80001f88      nop\l0x80001f8c      j 0x80001fbc\l0x80001f90      lw v0, 0x28(s0)\l"]
	"0x80001f94" [URL="sym.kill/0x80001f94", fillcolor="#c19c00",color="#c19c00", fontname="Courier",label="; CODE XREF from sym.kill @ 0x80001f64\l0x80001f94      beq v1, v0, 0x80001fb0\l0x80001f98      lui v0, 0x8000\l"]
	"0x80001f9c" [URL="sym.kill/0x80001f9c", fillcolor="#c19c00",color="#c19c00", fontname="Courier",label="0x80001f9c      addiu v0, zero, 7\l0x80001fa0      beql v1, v0, 0x80001fbc\l0x80001fa4      lw v0, 0x28(s0)\l"]
	"0x80001fa8" [URL="sym.kill/0x80001fa8", fillcolor="#c19c00",color="#c19c00", fontname="Courier",label="0x80001fa8      j 0x80001ff4\l0x80001fac      addiu v0, zero, 2\l"]
	"0x80001fb0" [URL="sym.kill/0x80001fb0", fillcolor="#c19c00",color="#c19c00", fontname="Courier",label="; CODE XREF from sym.kill @ 0x80001f94\l0x80001fb0      move a0, s1\l0x80001fb4      j 0x80001fe8\l0x80001fb8      addiu v0, v0, 0x2870\l"]
	"0x80001fbc" [URL="sym.kill/0x80001fbc", fillcolor="#c19c00",color="#c19c00", fontname="Courier",label="; CODE XREFS from sym.kill @ 0x80001f8c, 0x80001fa0\l0x80001fbc      addiu a0, zero, 0xc                                    ; pid\l0x80001fc0      mul a1, v0, a0\l0x80001fc4      lui v1, 0x8002\l0x80001fc8      addiu v1, v1, -0x34b4                                  ; 0x8001cb4c\l                                                                       ; obj.montab ; obj.semtab\l0x80001fcc      addu v0, a1, v1                                        ; sig\l0x80001fd0      lw v1, 4(v0)\l0x80001fd4      addiu v1, v1, 1\l0x80001fd8      sw v1, 4(v0)\l"]
	"0x80001fdc" [URL="sym.kill/0x80001fdc", fillcolor="#c19c00",color="#c19c00", fontname="Courier",label="; CODE XREF from sym.kill @ 0x80001f5c\l0x80001fdc      lui v0, 0x8000\l0x80001fe0      move a0, s1\l0x80001fe4      addiu v0, v0, 0x2288                                   ; 0x80002288\l                                                                       ; sym.getitem ; sym.getitem\l"]
	"0x80001fe8" [URL="sym.kill/0x80001fe8", fillcolor="#c19c00",color="#c19c00", fontname="Courier",label="; CODE XREF from sym.kill @ 0x80001fb4\l0x80001fe8      jalr v0\l0x80001fec      nop\l"]
	"0x80001ff0" [URL="sym.kill/0x80001ff0", fillcolor="#c19c00",color="#c19c00", fontname="Courier",label="; CODE XREF from sym.kill @ 0x80001f70\l0x80001ff0      addiu v0, zero, 2\l"]
	"0x80001ff4" [URL="sym.kill/0x80001ff4", fillcolor="#c19c00",color="#c19c00", fontname="Courier",label="; CODE XREF from sym.kill @ 0x80001fa8\l0x80001ff4      sb v0, (s0)\l0x80001ff8      jalr s2\l0x80001ffc      move a0, s3\l0x80002000      addiu v0, zero, 1\l"]
	"0x80002004" [URL="sym.kill/0x80002004", fillcolor="#c19c00",color="#c19c00", fontname="Courier",label="; CODE XREF from sym.kill @ 0x80001ee8\l0x80002004      lw ra, (var_4h)\l0x80002008      lw s3, (var_8h)\l0x8000200c      lw s2, (var_ch)\l0x80002010      lw s1, (var_10h)\l0x80002014      lw s0, (var_14h)\l0x80002018      jr ra\l0x8000201c      addiu sp, sp, 0x28\l"]
        "0x80001e78" -> "0x80001ee0" [color="#13a10e"];
        "0x80001e78" -> "0x80001eb4" [color="#c50f1f"];
        "0x80001eb4" -> "0x80001ee0" [color="#13a10e"];
        "0x80001eb4" -> "0x80001ed8" [color="#c50f1f"];
        "0x80001ed8" -> "0x80001ef0" [color="#13a10e"];
        "0x80001ed8" -> "0x80001ee0" [color="#c50f1f"];
        "0x80001ee0" -> "0x80002004" [color="#0037da"];
        "0x80001ef0" -> "0x80001f1c" [color="#13a10e"];
        "0x80001ef0" -> "0x80001f08" [color="#c50f1f"];
        "0x80001f08" -> "0x80001f1c" [color="#0037da"];
        "0x80001f1c" -> "0x80001fdc" [color="#13a10e"];
        "0x80001f1c" -> "0x80001f64" [color="#c50f1f"];
        "0x80001f64" -> "0x80001f94" [color="#13a10e"];
        "0x80001f64" -> "0x80001f6c" [color="#c50f1f"];
        "0x80001f6c" -> "0x80001ff0" [color="#13a10e"];
        "0x80001f6c" -> "0x80001f78" [color="#c50f1f"];
        "0x80001f78" -> "0x80001fbc" [color="#0037da"];
        "0x80001f94" -> "0x80001fb0" [color="#13a10e"];
        "0x80001f94" -> "0x80001f9c" [color="#c50f1f"];
        "0x80001f9c" -> "0x80001fbc" [color="#13a10e"];
        "0x80001f9c" -> "0x80001fa8" [color="#c50f1f"];
        "0x80001fa8" -> "0x80001ff4" [color="#0037da"];
        "0x80001fb0" -> "0x80001fe8" [color="#0037da"];
        "0x80001fbc" -> "0x80001fdc" [color="#0037da"];
        "0x80001fdc" -> "0x80001fe8" [color="#0037da"];
        "0x80001fe8" -> "0x80001ff0" [color="#0037da"];
        "0x80001ff0" -> "0x80001ff4" [color="#0037da"];
        "0x80001ff4" -> "0x80002004" [color="#0037da"];
}
