digraph code {
	graph [bgcolor=azure fontsize=8 fontname="Courier" splines="ortho"];
	node [fillcolor=gray style=filled shape=box];
	edge [arrowhead="normal"];
	"0x80002f94" [URL="sym.memfree/0x80002f94", fillcolor="#c19c00",color="#c19c00", fontname="Courier",label="  ; XREFS: DATA 0x80001d6c  CALL 0x80001d70  DATA 0x80001f48  \l  ; XREFS: CALL 0x80001f4c  DATA 0x80003390  CALL 0x80003394  \l  ; XREFS: DATA 0x80005d78  CALL 0x80005d7c  DATA 0x80005e80  \l  ; XREFS: CALL 0x80005e84  DATA 0x80009b1c  DATA 0x80009bf0  \l  ; XREFS: CALL 0x80009bf4  DATA 0x80009c40  DATA 0x80009c90  \l  ; XREFS: CALL 0x80009c94  DATA 0x80012270  \l348: sym.memfree (int32_t arg2, int32_t arg3, int32_t arg4);\l; var int32_t var_ch @ sp+0x14\l; var int32_t var_8h @ sp+0x18\l; var int32_t var_4h @ sp+0x1c\l; arg int32_t arg2 @ a1\l; arg int32_t arg3 @ a2\l; arg int32_t arg4 @ a3\l0x80002f94      beqz a1, 0x800030d0\l; DATA XREF from sym.test_memory @ 0x80009c44\l0x80002f98      nop\l"]
	"0x80002f9c" [URL="sym.memfree/0x80002f9c", fillcolor="#c19c00",color="#c19c00", fontname="Courier",label="0x80002f9c      lui v0, 0x8002\l0x80002fa0      lw v0, -0x358c(v0)                                     ; [0x8001ca74:4]=0\l                                                                       ; obj.memheap\l0x80002fa4      addiu sp, sp, -0x20\l0x80002fa8      sltu v0, a0, v0\l0x80002fac      sw s0, (var_ch)\l0x80002fb0      sw ra, (var_4h)\l0x80002fb4      sw s1, (var_8h)\l0x80002fb8      bnez v0, 0x800030d8\l0x80002fbc      move s0, a0\l"]
	"0x80002fc0" [URL="sym.memfree/0x80002fc0", fillcolor="#c19c00",color="#c19c00", fontname="Courier",label="0x80002fc0      lui v0, 0x8002\l0x80002fc4      lw v0, -0x35a4(v0)\l0x80002fc8      sltu v0, v0, a0\l0x80002fcc      bnez v0, 0x800030d8\l0x80002fd0      addiu s1, a1, 7                                        ; arg2\l"]
	"0x80002fd4" [URL="sym.memfree/0x80002fd4", fillcolor="#c19c00",color="#c19c00", fontname="Courier",label="0x80002fd4      addiu v0, zero, -8\l0x80002fd8      and s1, s1, v0\l0x80002fdc      lui v0, 0x8000\l0x80002fe0      addiu v0, v0, 0x1318                                   ; 0x80001318\l                                                                       ; loc.disable ; loc.disable\l0x80002fe4      jalr v0\l0x80002fe8      nop\l0x80002fec      lui v1, 0x8002\l0x80002ff0      lw a2, -0x34c0(v1)                                     ; [0x8001cb40:4]=0\l                                                                       ; obj.memlist\l0x80002ff4      addiu v1, v1, -0x34c0                                  ; 0x8001cb40\l                                                                       ; obj.memlist ; obj.memlist\l0x80002ff8      move a0, v0\l0x80002ffc      move a3, v1\l"]
	"0x80003000" [URL="sym.memfree/0x80003000", fillcolor="#c19c00",color="#c19c00", fontname="Courier",label="; CODE XREF from sym.memfree @ 0x80003014\l0x80003000      beqz a2, 0x8000301c\l0x80003004      sltu v0, a2, s0\l"]
	"0x80003008" [URL="sym.memfree/0x80003008", fillcolor="#c19c00",color="#c19c00", fontname="Courier",label="0x80003008      beqz v0, 0x80003020\l0x8000300c      lui t0, 0x8000\l"]
	"0x80003010" [URL="sym.memfree/0x80003010", fillcolor="#c19c00",color="#c19c00", fontname="Courier",label="0x80003010      move v1, a2\l0x80003014      j 0x80003000\l0x80003018      lw a2, (a2)\l"]
	"0x8000301c" [URL="sym.memfree/0x8000301c", fillcolor="#c19c00",color="#c19c00", fontname="Courier",label="; CODE XREF from sym.memfree @ 0x80003000\l0x8000301c      lui t0, 0x8000\l"]
	"0x80003020" [URL="sym.memfree/0x80003020", fillcolor="#c19c00",color="#c19c00", fontname="Courier",label="; CODE XREF from sym.memfree @ 0x80003008\l0x80003020      beq v1, a3, 0x80003044\l0x80003024      addiu t0, t0, 0x1330                                   ; 0x80001330\l                                                                       ; loc.restore ; loc.restore\l"]
	"0x80003028" [URL="sym.memfree/0x80003028", fillcolor="#c19c00",color="#c19c00", fontname="Courier",label="0x80003028      lw a1, 4(v1)\l0x8000302c      addu a1, v1, a1\l0x80003030      sltu v0, s0, a1\l0x80003034      beqz v0, 0x80003048\l0x80003038      nop\l"]
	"0x8000303c" [URL="sym.memfree/0x8000303c", fillcolor="#c19c00",color="#c19c00", fontname="Courier",label="0x8000303c      j 0x8000305c\l0x80003040      nop\l"]
	"0x80003044" [URL="sym.memfree/0x80003044", fillcolor="#c19c00",color="#c19c00", fontname="Courier",label="; CODE XREF from sym.memfree @ 0x80003020\l0x80003044      move a1, zero\l"]
	"0x80003048" [URL="sym.memfree/0x80003048", fillcolor="#c19c00",color="#c19c00", fontname="Courier",label="; CODE XREF from sym.memfree @ 0x80003034\l0x80003048      beqz a2, 0x8000306c\l0x8000304c      addu v0, s0, s1\l"]
	"0x80003050" [URL="sym.memfree/0x80003050", fillcolor="#c19c00",color="#c19c00", fontname="Courier",label="0x80003050      sltu v0, a2, v0\l0x80003054      beql v0, zero, 0x80003070\l0x80003058      lw v0, 4(a3)                                           ; arg4\l"]
	"0x8000305c" [URL="sym.memfree/0x8000305c", fillcolor="#c19c00",color="#c19c00", fontname="Courier",label="; CODE XREF from sym.memfree @ 0x8000303c\l0x8000305c      jalr t0\l0x80003060      nop\l0x80003064      j 0x800030dc\l0x80003068      addiu v0, zero, -1\l"]
	"0x8000306c" [URL="sym.memfree/0x8000306c", fillcolor="#c19c00",color="#c19c00", fontname="Courier",label="; CODE XREF from sym.memfree @ 0x80003048\l0x8000306c      lw v0, 4(a3)                                           ; arg4\l"]
	"0x80003070" [URL="sym.memfree/0x80003070", fillcolor="#c19c00",color="#c19c00", fontname="Courier",label="; CODE XREF from sym.memfree @ 0x80003054\l0x80003070      addu v0, s1, v0\l0x80003074      bne s0, a1, 0x8000308c\l0x80003078      sw v0, 4(a3)                                           ; arg4\l"]
	"0x8000307c" [URL="sym.memfree/0x8000307c", fillcolor="#c19c00",color="#c19c00", fontname="Courier",label="0x8000307c      lw v0, 4(v1)\l0x80003080      addu s1, v0, s1\l0x80003084      j 0x8000309c\l0x80003088      sw s1, 4(v1)\l"]
	"0x8000308c" [URL="sym.memfree/0x8000308c", fillcolor="#c19c00",color="#c19c00", fontname="Courier",label="; CODE XREF from sym.memfree @ 0x80003074\l0x8000308c      sw a2, (s0)\l0x80003090      sw s1, 4(s0)\l0x80003094      sw s0, (v1)\l0x80003098      move v1, s0\l"]
	"0x8000309c" [URL="sym.memfree/0x8000309c", fillcolor="#c19c00",color="#c19c00", fontname="Courier",label="; CODE XREF from sym.memfree @ 0x80003084\l0x8000309c      lw v0, 4(v1)\l0x800030a0      addu a1, v1, v0                                        ; arg2\l0x800030a4      bne a2, a1, 0x800030c0\l0x800030a8      nop\l"]
	"0x800030ac" [URL="sym.memfree/0x800030ac", fillcolor="#c19c00",color="#c19c00", fontname="Courier",label="0x800030ac      lw a1, 4(a2)                                           ; arg3\l0x800030b0      addu v0, a1, v0                                        ; arg2\l0x800030b4      sw v0, 4(v1)\l0x800030b8      lw v0, (a2)                                            ; arg3\l0x800030bc      sw v0, (v1)\l"]
	"0x800030c0" [URL="sym.memfree/0x800030c0", fillcolor="#c19c00",color="#c19c00", fontname="Courier",label="; CODE XREF from sym.memfree @ 0x800030a4\l0x800030c0      jalr t0\l0x800030c4      nop\l0x800030c8      j 0x800030dc\l0x800030cc      addiu v0, zero, 1\l"]
	"0x800030d0" [URL="sym.memfree/0x800030d0", fillcolor="white",color="#767676", fontname="Courier",label="; CODE XREF from sym.memfree @ 0x80002f94\l0x800030d0      jr ra\l0x800030d4      addiu v0, zero, -1\l"]
	"0x800030d8" [URL="sym.memfree/0x800030d8", fillcolor="#c19c00",color="#c19c00", fontname="Courier",label="; CODE XREFS from sym.memfree @ 0x80002fb8, 0x80002fcc\l0x800030d8      addiu v0, zero, -1\l"]
	"0x800030dc" [URL="sym.memfree/0x800030dc", fillcolor="#c19c00",color="#c19c00", fontname="Courier",label="; CODE XREFS from sym.memfree @ 0x80003064, 0x800030c8\l0x800030dc      lw ra, (var_4h)\l0x800030e0      lw s1, (var_8h)\l0x800030e4      lw s0, (var_ch)\l0x800030e8      jr ra\l0x800030ec      addiu sp, sp, 0x20\l"]
        "0x80002f94" -> "0x800030d0" [color="#13a10e"];
        "0x80002f94" -> "0x80002f9c" [color="#c50f1f"];
        "0x80002f9c" -> "0x800030d8" [color="#13a10e"];
        "0x80002f9c" -> "0x80002fc0" [color="#c50f1f"];
        "0x80002fc0" -> "0x800030d8" [color="#13a10e"];
        "0x80002fc0" -> "0x80002fd4" [color="#c50f1f"];
        "0x80002fd4" -> "0x80003000" [color="#0037da"];
        "0x80003000" -> "0x8000301c" [color="#13a10e"];
        "0x80003000" -> "0x80003008" [color="#c50f1f"];
        "0x80003008" -> "0x80003020" [color="#13a10e"];
        "0x80003008" -> "0x80003010" [color="#c50f1f"];
        "0x80003010" -> "0x80003000" [color="#0037da"];
        "0x8000301c" -> "0x80003020" [color="#0037da"];
        "0x80003020" -> "0x80003044" [color="#13a10e"];
        "0x80003020" -> "0x80003028" [color="#c50f1f"];
        "0x80003028" -> "0x80003048" [color="#13a10e"];
        "0x80003028" -> "0x8000303c" [color="#c50f1f"];
        "0x8000303c" -> "0x8000305c" [color="#0037da"];
        "0x80003044" -> "0x80003048" [color="#0037da"];
        "0x80003048" -> "0x8000306c" [color="#13a10e"];
        "0x80003048" -> "0x80003050" [color="#c50f1f"];
        "0x80003050" -> "0x80003070" [color="#13a10e"];
        "0x80003050" -> "0x8000305c" [color="#c50f1f"];
        "0x8000305c" -> "0x800030dc" [color="#0037da"];
        "0x8000306c" -> "0x80003070" [color="#0037da"];
        "0x80003070" -> "0x8000308c" [color="#13a10e"];
        "0x80003070" -> "0x8000307c" [color="#c50f1f"];
        "0x8000307c" -> "0x8000309c" [color="#0037da"];
        "0x8000308c" -> "0x8000309c" [color="#0037da"];
        "0x8000309c" -> "0x800030c0" [color="#13a10e"];
        "0x8000309c" -> "0x800030ac" [color="#c50f1f"];
        "0x800030ac" -> "0x800030c0" [color="#0037da"];
        "0x800030c0" -> "0x800030dc" [color="#0037da"];
        "0x800030d8" -> "0x800030dc" [color="#0037da"];
}
