digraph code {
	graph [bgcolor=azure fontsize=8 fontname="Courier" splines="ortho"];
	node [fillcolor=gray style=filled shape=box];
	edge [arrowhead="normal"];
	"0x80006108" [URL="sym.shell/0x80006108", fillcolor="#c19c00",color="#c19c00", fontname="Courier",label="  ; DATA XREF from main @ 0x800112b4\l1568: sym.shell (int32_t arg1, int32_t arg2, int32_t arg3, int32_t arg4);\l; var int32_t var_238h @ sp+0x10\l; var int32_t var_234h @ sp+0x14\l; var int32_t var_230h @ sp+0x18\l; var int32_t var_228h @ sp+0x20\l; var int32_t var_168h @ sp+0xe0\l; var int32_t var_c8h @ sp+0x180\l; var int32_t var_48h @ sp+0x200\l; var int32_t var_44h @ sp+0x204\l; var int32_t var_40h @ sp+0x208\l; var int32_t var_3ch @ sp+0x20c\l; var int32_t var_38h @ sp+0x210\l; var int32_t var_34h @ sp+0x214\l; var int32_t var_30h @ sp+0x218\l; var int32_t var_28h @ sp+0x220\l; var int32_t var_24h @ sp+0x224\l; var int32_t var_20h @ sp+0x228\l; var int32_t var_1ch @ sp+0x22c\l; var int32_t var_18h @ sp+0x230\l; var int32_t var_14h @ sp+0x234\l; var int32_t var_10h @ sp+0x238\l; var int32_t var_ch @ sp+0x23c\l; var int32_t var_8h @ sp+0x240\l; var int32_t var_4h @ sp+0x244\l; arg int32_t arg1 @ a0\l; arg int32_t arg2 @ a1\l; arg int32_t arg3 @ a2\l; arg int32_t arg4 @ a3\l0x80006108      addiu sp, sp, -0x248\l0x8000610c      sw s2, (var_20h)\l0x80006110      lui s2, 0x8002\l0x80006114      lw v0, -0x3588(s2)                                     ; [0x8001ca78:4]=0\l                                                                       ; obj.thrcurrent\l0x80006118      addiu v1, zero, 0x54\l0x8000611c      mul a3, v0, v1\l0x80006120      sw s1, (var_24h)\l0x80006124      lui s1, 0x8002\l0x80006128      addiu s1, s1, -0x3004                                  ; 0x8001cffc\l                                                                       ; v1 ; obj.thrtab\l0x8000612c      addu v0, a3, s1                                        ; arg4\l0x80006130      sw ra, (var_4h)\l0x80006134      sw s6, (var_10h)\l0x80006138      sw s5, (var_14h)\l0x8000613c      sw s4, (var_18h)\l0x80006140      sw s3, (var_1ch)\l0x80006144      sw fp, (var_8h)\l0x80006148      sw s7, (var_ch)\l0x8000614c      sw s0, (var_28h)\l0x80006150      lui s3, 0x8001\l0x80006154      sw a0, 0x40(v0)\l0x80006158      lui a0, 0x8001\l0x8000615c      sw a1, 0x44(v0)\l0x80006160      sw a2, 0x48(v0)\l0x80006164      addiu s3, s3, 0x1c68                                   ; 0x80011c68\l                                                                       ; sym.printf ; sym.printf\l0x80006168      jalr s3\l0x8000616c      addiu a0, a0, 0x34a8                                   ; arg1\l0x80006170      lui a0, 0x8001\l0x80006174      addiu a0, a0, 0x35f4                                   \l; arg1 ; esilref: 'Welcome to the wonderful world of Xinu!\l; '\l0x80006178      jalr s3\l0x8000617c      lui s4, 0x8000\l0x80006180      lui s5, 0x8000\l0x80006184      addiu v0, s4, 0x3890                                   ; 0x80003890\l                                                                       ; sym.control ; sym.control\l0x80006188      sw v0, (var_48h)\l; CALL XREF from sym.shell @ 0x80006640\l0x8000618c      lui s6, 0x8001\l0x80006190      addiu v0, s5, 0x3958\l0x80006194      sw v0, (var_44h)\l0x80006198      addiu v0, s6, 0x36f4                                   ; 0x800136f4 ; \"p6\\x01\\x80\\x01\" ; obj.commandtab\l0x8000619c      sw v0, (var_40h)\l0x800061a0      lui a0, 0x8001\l"]
	"0x800061a4" [URL="sym.shell/0x800061a4", fillcolor="#c19c00",color="#c19c00", fontname="Courier",label="; CODE XREFS from sym.shell @ 0x80006284, 0x80006330, 0x800064fc, 0x800066b8\l0x800061a4      jalr s3\l0x800061a8      addiu a0, a0, 0x3620                                   ; arg1 ; esilref: 'xsh'\l0x800061ac      lui a0, 0x8001\l0x800061b0      jalr s3\l0x800061b4      addiu a0, a0, 0x3624                                   ; esilref: '$ '\l0x800061b8      lw v0, -0x3588(s2)                                     ; [0x8001ca78:4]=0\l                                                                       ; obj.thrcurrent\l0x800061bc      addiu s7, zero, 0x54\l0x800061c0      mul v1, v0, s7\l0x800061c4      move a3, zero\l0x800061c8      addu v0, v1, s1\l0x800061cc      lw a0, 0x40(v0)\l0x800061d0      lw v0, (var_48h)\l0x800061d4      addiu a2, zero, 1\l0x800061d8      jalr v0\l0x800061dc      addiu a1, zero, 0x21\l0x800061e0      lw v0, -0x3588(s2)                                     ; [0x8001ca78:4]=0\l                                                                       ; obj.thrcurrent\l0x800061e4      move a3, zero\l0x800061e8      mul v1, v0, s7\l0x800061ec      addiu a2, zero, 0x10\l0x800061f0      addu v0, v1, s1\l0x800061f4      lw a0, 0x40(v0)\l0x800061f8      lw v0, (var_48h)\l0x800061fc      jalr v0\l0x80006200      addiu a1, zero, 0x20\l0x80006204      lw v0, -0x3588(s2)                                     ; [0x8001ca78:4]=0\l                                                                       ; obj.thrcurrent\l0x80006208      addiu a2, zero, 0x9f\l0x8000620c      mul v1, v0, s7\l0x80006210      addu v0, v1, s1\l0x80006214      lw a0, 0x40(v0)\l0x80006218      lw v0, (var_44h)\l0x8000621c      jalr v0\l0x80006220      addiu a1, sp, 0xe0\l0x80006224      sll a0, v0, 0x10\l0x80006228      sra a0, a0, 0x10\l0x8000622c      addiu v1, zero, -2\l0x80006230      beq a0, v1, 0x800066c0\l0x80006234      andi a1, v0, 0xffff\l"]
	"0x80006238" [URL="sym.shell/0x80006238", fillcolor="#c19c00",color="#c19c00", fontname="Courier",label="0x80006238      addiu s4, sp, 0x180\l0x8000623c      lui v0, 0x8000\l0x80006240      move a3, s4\l0x80006244      addiu a2, sp, 0x20                                     ; arg3\l0x80006248      addiu v0, v0, 0x6728                                   ; 0x80006728\l                                                                       ; sym.lexan ; sym.lexan\l0x8000624c      jalr v0\l0x80006250      addiu a0, sp, 0xe0                                     ; arg1\l0x80006254      move s0, v0\l0x80006258      addiu v0, zero, -1\l0x8000625c      bne s0, v0, 0x80006284\l0x80006260      lw v0, -0x3588(s2)                                     ; [0x8001ca78:4]=0\l                                                                       ; obj.thrcurrent\l"]
	"0x80006264" [URL="sym.shell/0x80006264", fillcolor="#c19c00",color="#c19c00", fontname="Courier",label="0x80006264      lui a1, 0x8001\l0x80006268      mul v1, v0, s7\l0x8000626c      addiu a1, a1, 0x3628                                   \l; esilref: 'Syntax error.\l; '\l0x80006270      addu s7, v1, s1\l0x80006274      lw a0, 0x48(s7)\l"]
	"0x80006278" [URL="sym.shell/0x80006278", fillcolor="#c19c00",color="#c19c00", fontname="Courier",label="; CODE XREF from sym.shell @ 0x800064e0\l0x80006278      lui v0, 0x8001\l0x8000627c      b 0x800064f4\l0x80006280      addiu v0, v0, 0x1a00                                   ; 0x80011a00\l                                                                       ; t9 ; sym.fprintf\l"]
	"0x80006284" [URL="sym.shell/0x80006284", fillcolor="#c19c00",color="#c19c00", fontname="Courier",label="; CODE XREF from sym.shell @ 0x8000625c\l0x80006284      beqz s0, 0x800061a4\l0x80006288      lui a0, 0x8001\l"]
	"0x8000628c" [URL="sym.shell/0x8000628c", fillcolor="#c19c00",color="#c19c00", fontname="Courier",label="0x8000628c      addiu v1, s0, -1\l0x80006290      addiu a0, sp, 0x20\l0x80006294      sll v0, v1, 2\l0x80006298      addu v0, a0, v0\l0x8000629c      lw v0, 0x160(v0)\l0x800062a0      lb a0, (v0)\l0x800062a4      addiu v0, zero, 0x26\l0x800062a8      bne a0, v0, 0x800062bc\l0x800062ac      move s7, zero\l"]
	"0x800062b0" [URL="sym.shell/0x800062b0", fillcolor="#c19c00",color="#c19c00", fontname="Courier",label="0x800062b0      sll s0, v1, 0x10\l0x800062b4      sra s0, s0, 0x10\l0x800062b8      addiu s7, zero, 1\l"]
	"0x800062bc" [URL="sym.shell/0x800062bc", fillcolor="#c19c00",color="#c19c00", fontname="Courier",label="; CODE XREF from sym.shell @ 0x800062a8\l0x800062bc      move v1, zero\l0x800062c0      move s6, zero\l0x800062c4      move s5, zero\l0x800062c8      addiu a1, zero, 0x26\l0x800062cc      addiu a2, zero, 0x3e\l0x800062d0      addiu a3, zero, 0x3c\l"]
	"0x800062d4" [URL="sym.shell/0x800062d4", fillcolor="#c19c00",color="#c19c00", fontname="Courier",label="; CODE XREF from sym.shell @ 0x800063a0\l0x800062d4      slt v0, v1, s0\l0x800062d8      bnez v0, 0x80006338\l0x800062dc      addiu a0, sp, 0x20\l"]
	"0x800062e0" [URL="sym.shell/0x800062e0", fillcolor="#c19c00",color="#c19c00", fontname="Courier",label="0x800062e0      blez s0, 0x800064c8\l0x800062e4      move fp, zero\l"]
	"0x800062e8" [URL="sym.shell/0x800062e8", fillcolor="#c19c00",color="#c19c00", fontname="Courier",label="0x800062e8      lui v1, 0x8001\l0x800062ec      lui a2, 0x8001\l0x800062f0      addiu v1, v1, 0x1f44                                   ; 0x80011f44\l                                                                       ; sym.strcmp ; sym.strcmp\l"]
	"0x800062f4" [URL="sym.shell/0x800062f4", fillcolor="#c19c00",color="#c19c00", fontname="Courier",label="; CODE XREF from sym.shell @ 0x8000648c\l0x800062f4      lw v0, 0x791c(a2)                                      ; [0x8001791c:4]=17\l                                                                       ; obj.ncommand\l0x800062f8      sltu v0, fp, v0\l0x800062fc      bnez v0, 0x80006448\l0x80006300      lw a1, (var_c8h)\l"]
	"0x80006304" [URL="sym.shell/0x80006304", fillcolor="#c19c00",color="#c19c00", fontname="Courier",label="0x80006304      lw v0, -0x3588(s2)                                     ; [0x8001ca78:4]=0\l                                                                       ; obj.thrcurrent\l"]
	"0x80006308" [URL="sym.shell/0x80006308", fillcolor="#c19c00",color="#c19c00", fontname="Courier",label="; CODE XREF from sym.shell @ 0x8000649c\l0x80006308      addiu v1, zero, 0x54\l0x8000630c      mul a0, v0, v1\l0x80006310      lw a2, (var_c8h)\l0x80006314      addu v0, a0, s1\l0x80006318      lw a0, 0x48(v0)\l0x8000631c      lui a1, 0x8001\l0x80006320      lui v0, 0x8001\l0x80006324      addiu v0, v0, 0x1a00                                   ; 0x80011a00\l                                                                       ; t9 ; sym.fprintf\l0x80006328      jalr v0\l0x8000632c      addiu a1, a1, 0x3638                                   \l; esilref: '&s: command not found\l; '\l0x80006330      b 0x800061a4\l0x80006334      lui a0, 0x8001\l"]
	"0x80006338" [URL="sym.shell/0x80006338", fillcolor="#c19c00",color="#c19c00", fontname="Courier",label="; CODE XREF from sym.shell @ 0x800062d8\l0x80006338      sll v0, v1, 2\l0x8000633c      addu v0, a0, v0\l0x80006340      lw v0, 0x160(v0)\l0x80006344      lb v0, (v0)\l0x80006348      beq v0, a1, 0x800064c8\l0x8000634c      nop\l"]
	"0x80006350" [URL="sym.shell/0x80006350", fillcolor="#c19c00",color="#c19c00", fontname="Courier",label="0x80006350      bne v0, a2, 0x800063d0\l0x80006354      nop\l"]
	"0x80006358" [URL="sym.shell/0x80006358", fillcolor="#c19c00",color="#c19c00", fontname="Courier",label="0x80006358      bnez s5, 0x800064cc\l0x8000635c      lw v0, -0x3588(s2)                                     ; [0x8001ca78:4]=0\l                                                                       ; obj.thrcurrent\l"]
	"0x80006360" [URL="sym.shell/0x80006360", fillcolor="#c19c00",color="#c19c00", fontname="Courier",label="0x80006360      addiu v0, s0, -1\l0x80006364      slt v0, v1, v0\l0x80006368      beqz v0, 0x800064cc\l0x8000636c      lw v0, -0x3588(s2)                                     ; [0x8001ca78:4]=0\l                                                                       ; obj.thrcurrent\l"]
	"0x80006370" [URL="sym.shell/0x80006370", fillcolor="#c19c00",color="#c19c00", fontname="Courier",label="0x80006370      addiu v0, v1, 1\l0x80006374      sll v0, v0, 2\l0x80006378      addiu s0, s0, -2\l0x8000637c      addu v0, a0, v0\l0x80006380      sll s0, s0, 0x10\l0x80006384      lw s5, 0x160(v0)\l0x80006388      sra s0, s0, 0x10\l0x8000638c      move v0, v1\l"]
	"0x80006390" [URL="sym.shell/0x80006390", fillcolor="#c19c00",color="#c19c00", fontname="Courier",label="; CODE XREF from sym.shell @ 0x800063c8\l0x80006390      slt a0, v0, s0\l0x80006394      bnez a0, 0x800063a8\l0x80006398      addiu a0, v0, 2\l"]
	"0x8000639c" [URL="sym.shell/0x8000639c", fillcolor="#c19c00",color="#c19c00", fontname="Courier",label="; CODE XREFS from sym.shell @ 0x800063d0, 0x80006418\l0x8000639c      addiu v1, v1, 1\l0x800063a0      b 0x800062d4\l0x800063a4      andi v1, v1, 0xffff\l"]
	"0x800063a8" [URL="sym.shell/0x800063a8", fillcolor="#c19c00",color="#c19c00", fontname="Courier",label="; CODE XREF from sym.shell @ 0x80006394\l0x800063a8      addiu t0, sp, 0x20\l0x800063ac      sll a0, a0, 2\l0x800063b0      addu a0, t0, a0\l0x800063b4      lw t3, 0x160(a0)\l0x800063b8      sll a0, v0, 2\l0x800063bc      addu a0, t0, a0\l0x800063c0      addiu v0, v0, 1\l0x800063c4      sw t3, 0x160(a0)\l0x800063c8      b 0x80006390\l0x800063cc      andi v0, v0, 0xffff\l"]
	"0x800063d0" [URL="sym.shell/0x800063d0", fillcolor="#c19c00",color="#c19c00", fontname="Courier",label="; CODE XREF from sym.shell @ 0x80006350\l0x800063d0      bne v0, a3, 0x8000639c\l0x800063d4      nop\l"]
	"0x800063d8" [URL="sym.shell/0x800063d8", fillcolor="#c19c00",color="#c19c00", fontname="Courier",label="0x800063d8      bnez s6, 0x800064cc\l0x800063dc      lw v0, -0x3588(s2)                                     ; [0x8001ca78:4]=0\l                                                                       ; obj.thrcurrent\l"]
	"0x800063e0" [URL="sym.shell/0x800063e0", fillcolor="#c19c00",color="#c19c00", fontname="Courier",label="0x800063e0      addiu v0, s0, -1\l0x800063e4      slt v0, v1, v0\l0x800063e8      beqz v0, 0x800064cc\l0x800063ec      lw v0, -0x3588(s2)                                     ; [0x8001ca78:4]=0\l                                                                       ; obj.thrcurrent\l"]
	"0x800063f0" [URL="sym.shell/0x800063f0", fillcolor="#c19c00",color="#c19c00", fontname="Courier",label="0x800063f0      addiu v0, v1, 1\l0x800063f4      sll v0, v0, 2\l0x800063f8      addiu a0, sp, 0x20\l0x800063fc      addiu s0, s0, -2\l0x80006400      addu v0, a0, v0\l0x80006404      sll s0, s0, 0x10\l0x80006408      lw s6, 0x160(v0)\l0x8000640c      sra s0, s0, 0x10\l0x80006410      move v0, v1\l"]
	"0x80006414" [URL="sym.shell/0x80006414", fillcolor="#c19c00",color="#c19c00", fontname="Courier",label="; CODE XREF from sym.shell @ 0x80006440\l0x80006414      slt a0, v0, s0\l0x80006418      beqz a0, 0x8000639c\l0x8000641c      addiu a0, v0, 2\l"]
	"0x80006420" [URL="sym.shell/0x80006420", fillcolor="#c19c00",color="#c19c00", fontname="Courier",label="0x80006420      addiu t0, sp, 0x20\l0x80006424      sll a0, a0, 2\l0x80006428      addu a0, t0, a0\l0x8000642c      lw t3, 0x160(a0)\l0x80006430      sll a0, v0, 2\l0x80006434      addu a0, t0, a0\l0x80006438      addiu v0, v0, 1\l0x8000643c      sw t3, 0x160(a0)\l0x80006440      b 0x80006414\l0x80006444      andi v0, v0, 0xffff\l"]
	"0x80006448" [URL="sym.shell/0x80006448", fillcolor="#c19c00",color="#c19c00", fontname="Courier",label="; CODE XREF from sym.shell @ 0x800062fc\l0x80006448      addiu t3, zero, 0xc\l0x8000644c      mul a0, fp, t3\l0x80006450      lw v0, (var_40h)\l0x80006454      sw a2, (var_30h)\l0x80006458      addu t3, a0, v0\l0x8000645c      lw a3, (t3)\l0x80006460      sw t3, (var_34h)\l0x80006464      move a0, a3\l0x80006468      sw a3, (var_38h)\l0x8000646c      jalr v1\l0x80006470      sw v1, (var_3ch)\l0x80006474      lw a3, (var_38h)\l0x80006478      lw t3, (var_34h)\l0x8000647c      beqz v0, 0x80006494\l0x80006480      lw a2, (var_30h)\l"]
	"0x80006484" [URL="sym.shell/0x80006484", fillcolor="#c19c00",color="#c19c00", fontname="Courier",label="0x80006484      addiu fp, fp, 1\l0x80006488      lw v1, (var_3ch)\l0x8000648c      b 0x800062f4\l0x80006490      andi fp, fp, 0xffff\l"]
	"0x80006494" [URL="sym.shell/0x80006494", fillcolor="#c19c00",color="#c19c00", fontname="Courier",label="; CODE XREF from sym.shell @ 0x8000647c\l0x80006494      lw v0, 0x791c(a2)\l0x80006498      sltu fp, fp, v0\l0x8000649c      beqz fp, 0x80006308\l0x800064a0      lw v0, -0x3588(s2)                                     ; [0x8001ca78:4]=0\l                                                                       ; obj.thrcurrent\l"]
	"0x800064a4" [URL="sym.shell/0x800064a4", fillcolor="#c19c00",color="#c19c00", fontname="Courier",label="0x800064a4      lb v0, 4(t3)\l0x800064a8      beqz v0, 0x80006504\l0x800064ac      nop\l"]
	"0x800064b0" [URL="sym.shell/0x800064b0", fillcolor="#c19c00",color="#c19c00", fontname="Courier",label="0x800064b0      bnez s6, 0x800064c8\l0x800064b4      nop\l"]
	"0x800064b8" [URL="sym.shell/0x800064b8", fillcolor="#c19c00",color="#c19c00", fontname="Courier",label="0x800064b8      bnez s5, 0x800064c8\l0x800064bc      nop\l"]
	"0x800064c0" [URL="sym.shell/0x800064c0", fillcolor="#c19c00",color="#c19c00", fontname="Courier",label="0x800064c0      beqz s7, 0x800064e8\l0x800064c4      nop\l"]
	"0x800064c8" [URL="sym.shell/0x800064c8", fillcolor="#c19c00",color="#c19c00", fontname="Courier",label="; CODE XREFS from sym.shell @ 0x800062e0, 0x80006348, 0x800064b0, 0x800064b8\l0x800064c8      lw v0, -0x3588(s2)                                     ; [0x8001ca78:4]=0\l                                                                       ; obj.thrcurrent\l"]
	"0x800064cc" [URL="sym.shell/0x800064cc", fillcolor="#c19c00",color="#c19c00", fontname="Courier",label="; CODE XREFS from sym.shell @ 0x80006358, 0x80006368, 0x800063d8, 0x800063e8\l0x800064cc      addiu v1, zero, 0x54\l0x800064d0      mul a0, v0, v1\l0x800064d4      lui a1, 0x8001\l0x800064d8      addu v0, a0, s1\l0x800064dc      addiu a1, a1, 0x3628                                   \l; esilref: 'Syntax error.\l; '\l"]
	"0x800064e0" [URL="sym.shell/0x800064e0", fillcolor="#c19c00",color="#c19c00", fontname="Courier",label="; CODE XREF from sym.shell @ 0x8000654c\l0x800064e0      b 0x80006278\l0x800064e4      lw a0, 0x48(v0)\l"]
	"0x800064e8" [URL="sym.shell/0x800064e8", fillcolor="#c19c00",color="#c19c00", fontname="Courier",label="; CODE XREF from sym.shell @ 0x800064c0\l0x800064e8      lw v0, 8(t3)\l0x800064ec      move a1, s4\l0x800064f0      move a0, s0\l"]
	"0x800064f4" [URL="sym.shell/0x800064f4", fillcolor="#c19c00",color="#c19c00", fontname="Courier",label="; CODE XREF from sym.shell @ 0x8000627c\l0x800064f4      jalr v0\l0x800064f8      nop\l0x800064fc      b 0x800061a4\l0x80006500      lui a0, 0x8001\l"]
	"0x80006504" [URL="sym.shell/0x80006504", fillcolor="#c19c00",color="#c19c00", fontname="Courier",label="; CODE XREF from sym.shell @ 0x800064a8\l0x80006504      addiu v0, zero, 2\l0x80006508      sw v0, (var_238h)\l0x8000650c      lw a0, 8(t3)\l0x80006510      lui v0, 0x8000\l0x80006514      sw s0, (var_234h)\l0x80006518      sw s4, (var_230h)\l0x8000651c      addiu a2, zero, 0x14\l0x80006520      addiu v0, v0, 0x1c98                                   ; 0x80001c98\l                                                                       ; sym.create ; sym.create\l0x80006524      jalr v0\l0x80006528      addiu a1, zero, 0x2000\l0x8000652c      move s0, v0\l0x80006530      addiu v0, zero, -1\l0x80006534      bne s0, v0, 0x80006554\l0x80006538      lw v0, -0x3588(s2)                                     ; [0x8001ca78:4]=0\l                                                                       ; obj.thrcurrent\l"]
	"0x8000653c" [URL="sym.shell/0x8000653c", fillcolor="#c19c00",color="#c19c00", fontname="Courier",label="0x8000653c      addiu v1, zero, 0x54\l0x80006540      mul a0, v0, v1\l0x80006544      lui a1, 0x8001\l0x80006548      addu v0, a0, s1\l0x8000654c      b 0x800064e0\l0x80006550      addiu a1, a1, 0x3650                                   \l; esilref: 'Cannot create.\l; '\l"]
	"0x80006554" [URL="sym.shell/0x80006554", fillcolor="#c19c00",color="#c19c00", fontname="Courier",label="; CODE XREF from sym.shell @ 0x80006534\l0x80006554      bnez s6, 0x8000663c\l0x80006558      lui v0, 0x8000\l"]
	"0x8000655c" [URL="sym.shell/0x8000655c", fillcolor="#c19c00",color="#c19c00", fontname="Courier",label="0x8000655c      lw v1, -0x3588(s2)                                     ; [0x8001ca78:4]=0\l                                                                       ; obj.thrcurrent\l0x80006560      addiu v0, zero, 0x54\l0x80006564      mul a0, v1, v0\l0x80006568      addu v1, a0, s1\l0x8000656c      mul a0, s0, v0\l0x80006570      lw v1, 0x40(v1)\l0x80006574      addu v0, a0, s1\l0x80006578      sw v1, 0x40(v0)\l"]
	"0x8000657c" [URL="sym.shell/0x8000657c", fillcolor="#c19c00",color="#c19c00", fontname="Courier",label="; CODE XREF from sym.shell @ 0x80006654\l0x8000657c      bnez s5, 0x8000665c\l0x80006580      lui v0, 0x8000\l"]
	"0x80006584" [URL="sym.shell/0x80006584", fillcolor="#c19c00",color="#c19c00", fontname="Courier",label="0x80006584      lw v1, -0x3588(s2)                                     ; [0x8001ca78:4]=0\l                                                                       ; obj.thrcurrent\l0x80006588      addiu v0, zero, 0x54\l0x8000658c      mul a0, v1, v0\l0x80006590      addu v1, a0, s1\l0x80006594      mul a0, s0, v0\l0x80006598      lw v1, 0x44(v1)\l0x8000659c      addu v0, a0, s1\l0x800065a0      sw v1, 0x44(v0)\l"]
	"0x800065a4" [URL="sym.shell/0x800065a4", fillcolor="#c19c00",color="#c19c00", fontname="Courier",label="; CODE XREF from sym.shell @ 0x80006674\l0x800065a4      lw v1, -0x3588(s2)                                     ; [0x8001ca78:4]=0\l                                                                       ; obj.thrcurrent\l0x800065a8      addiu v0, zero, 0x54\l0x800065ac      mul a0, v1, v0\l0x800065b0      addu v1, a0, s1\l0x800065b4      mul a0, s0, v0\l0x800065b8      lw v1, 0x48(v1)\l0x800065bc      addu v0, a0, s1\l0x800065c0      bnez s7, 0x8000667c\l0x800065c4      sw v1, 0x48(v0)\l"]
	"0x800065c8" [URL="sym.shell/0x800065c8", fillcolor="#c19c00",color="#c19c00", fontname="Courier",label="0x800065c8      lui s7, 0x8000\l0x800065cc      addiu s7, s7, 0x36e8                                   ; 0x800036e8\l                                                                       ; sym.recvclr ; sym.recvclr\l0x800065d0      addiu fp, zero, -4\l"]
	"0x800065d4" [URL="sym.shell/0x800065d4", fillcolor="#c19c00",color="#c19c00", fontname="Courier",label="; CODE XREF from sym.shell @ 0x800065dc\l0x800065d4      jalr s7\l0x800065d8      nop\l0x800065dc      bne v0, fp, 0x800065d4\l0x800065e0      lui v0, 0x8000\l"]
	"0x800065e4" [URL="sym.shell/0x800065e4", fillcolor="#c19c00",color="#c19c00", fontname="Courier",label="0x800065e4      addiu v0, v0, 0x1318                                   ; 0x80001318\l                                                                       ; loc.disable ; loc.disable\l0x800065e8      jalr v0\l0x800065ec      nop\l0x800065f0      move s7, v0\l0x800065f4      lui v0, 0x8000\l0x800065f8      addiu a1, zero, 1\l0x800065fc      addiu v0, v0, 0x2020                                   ; 0x80002020\l                                                                       ; sym.ready ; sym.ready\l0x80006600      jalr v0\l0x80006604      move a0, s0\l0x80006608      lui v0, 0x8000\l0x8000660c      move a0, s7\l0x80006610      addiu v0, v0, 0x1330                                   ; 0x80001330\l                                                                       ; loc.restore ; loc.restore\l0x80006614      jalr v0\l0x80006618      lui s7, 0x8000\l0x8000661c      addiu s7, s7, 0x3650                                   ; 0x80003650\l                                                                       ; sym.receive ; sym.receive\l"]
	"0x80006620" [URL="sym.shell/0x80006620", fillcolor="#c19c00",color="#c19c00", fontname="Courier",label="; CODE XREF from sym.shell @ 0x80006628\l0x80006620      jalr s7\l0x80006624      nop\l0x80006628      bne v0, s0, 0x80006620\l0x8000662c      lui v0, 0x8000\l"]
	"0x80006630" [URL="sym.shell/0x80006630", fillcolor="#c19c00",color="#c19c00", fontname="Courier",label="0x80006630      addiu a0, zero, 0xa\l0x80006634      b 0x800066b0\l0x80006638      addiu v0, v0, 0x279c                                   ; 0x8000279c\l                                                                       ; sym.sleep ; sym.sleep\l"]
	"0x8000663c" [URL="sym.shell/0x8000663c", fillcolor="#c19c00",color="#c19c00", fontname="Courier",label="; CODE XREF from sym.shell @ 0x80006554\l0x8000663c      addiu v0, v0, 0x39f0\l0x80006640      jalr v0\l0x80006644      move a0, s6\l0x80006648      addiu v1, zero, 0x54\l0x8000664c      mul a0, s0, v1\l0x80006650      addu v1, a0, s1\l0x80006654      b 0x8000657c\l0x80006658      sw v0, 0x40(v1)\l"]
	"0x8000665c" [URL="sym.shell/0x8000665c", fillcolor="#c19c00",color="#c19c00", fontname="Courier",label="; CODE XREF from sym.shell @ 0x8000657c\l0x8000665c      addiu v0, v0, 0x39f0\l0x80006660      jalr v0\l0x80006664      move a0, s5\l0x80006668      addiu v1, zero, 0x54\l0x8000666c      mul a0, s0, v1\l0x80006670      addu v1, a0, s1\l0x80006674      b 0x800065a4\l0x80006678      sw v0, 0x44(v1)\l"]
	"0x8000667c" [URL="sym.shell/0x8000667c", fillcolor="#c19c00",color="#c19c00", fontname="Courier",label="; CODE XREF from sym.shell @ 0x800065c0\l0x8000667c      lui v0, 0x8000\l0x80006680      addiu v0, v0, 0x1318                                   ; 0x80001318\l                                                                       ; loc.disable ; loc.disable\l0x80006684      jalr v0\l0x80006688      nop\l0x8000668c      move s7, v0\l0x80006690      lui v0, 0x8000\l0x80006694      move a0, s0\l0x80006698      addiu v0, v0, 0x2020                                   ; 0x80002020\l                                                                       ; sym.ready ; sym.ready\l0x8000669c      jalr v0\l0x800066a0      move a1, zero\l0x800066a4      lui v0, 0x8000\l0x800066a8      move a0, s7\l0x800066ac      addiu v0, v0, 0x1330                                   ; 0x80001330\l                                                                       ; loc.restore ; loc.restore\l"]
	"0x800066b0" [URL="sym.shell/0x800066b0", fillcolor="#c19c00",color="#c19c00", fontname="Courier",label="; CODE XREF from sym.shell @ 0x80006634\l0x800066b0      jalr v0\l0x800066b4      nop\l0x800066b8      b 0x800061a4\l0x800066bc      lui a0, 0x8001\l"]
	"0x800066c0" [URL="sym.shell/0x800066c0", fillcolor="#c19c00",color="#c19c00", fontname="Courier",label="; CODE XREF from sym.shell @ 0x80006230\l0x800066c0      lw v0, -0x3588(s2)                                     ; [0x8001ca78:4]=0\l                                                                       ; obj.thrcurrent\l0x800066c4      lui a1, 0x8001\l0x800066c8      mul v1, v0, s7\l0x800066cc      lui v0, 0x8001\l0x800066d0      addu s1, v1, s1\l0x800066d4      lw a0, 0x44(s1)\l0x800066d8      addiu v0, v0, 0x1a00                                   ; 0x80011a00\l                                                                       ; t9 ; sym.fprintf\l0x800066dc      jalr v0\l0x800066e0      addiu a1, a1, 0x3660                                   \l; arg2 ; esilref: 'Shell closed.\l; '\l0x800066e4      lui v0, 0x8000\l0x800066e8      addiu v0, v0, 0x279c                                   ; 0x8000279c\l                                                                       ; sym.sleep ; sym.sleep\l0x800066ec      jalr v0\l0x800066f0      addiu a0, zero, 0xa                                    ; arg1\l0x800066f4      lw ra, (var_4h)\l0x800066f8      lw fp, (var_8h)\l0x800066fc      lw s7, (var_ch)\l0x80006700      lw s6, (var_10h)\l0x80006704      lw s5, (var_14h)\l0x80006708      lw s4, (var_18h)\l0x8000670c      lw s3, (var_1ch)\l0x80006710      lw s2, (var_20h)\l0x80006714      lw s1, (var_24h)\l0x80006718      lw s0, (var_28h)\l0x8000671c      addiu v0, zero, 1\l0x80006720      jr ra\l0x80006724      addiu sp, sp, 0x248\l"]
        "0x80006108" -> "0x800061a4" [color="#0037da"];
        "0x800061a4" -> "0x800066c0" [color="#13a10e"];
        "0x800061a4" -> "0x80006238" [color="#c50f1f"];
        "0x80006238" -> "0x80006284" [color="#13a10e"];
        "0x80006238" -> "0x80006264" [color="#c50f1f"];
        "0x80006264" -> "0x80006278" [color="#0037da"];
        "0x80006278" -> "0x800064f4" [color="#0037da"];
        "0x80006284" -> "0x800061a4" [color="#13a10e"];
        "0x80006284" -> "0x8000628c" [color="#c50f1f"];
        "0x8000628c" -> "0x800062bc" [color="#13a10e"];
        "0x8000628c" -> "0x800062b0" [color="#c50f1f"];
        "0x800062b0" -> "0x800062bc" [color="#0037da"];
        "0x800062bc" -> "0x800062d4" [color="#0037da"];
        "0x800062d4" -> "0x80006338" [color="#13a10e"];
        "0x800062d4" -> "0x800062e0" [color="#c50f1f"];
        "0x800062e0" -> "0x800064c8" [color="#13a10e"];
        "0x800062e0" -> "0x800062e8" [color="#c50f1f"];
        "0x800062e8" -> "0x800062f4" [color="#0037da"];
        "0x800062f4" -> "0x80006448" [color="#13a10e"];
        "0x800062f4" -> "0x80006304" [color="#c50f1f"];
        "0x80006304" -> "0x80006308" [color="#0037da"];
        "0x80006308" -> "0x800061a4" [color="#0037da"];
        "0x80006338" -> "0x800064c8" [color="#13a10e"];
        "0x80006338" -> "0x80006350" [color="#c50f1f"];
        "0x80006350" -> "0x800063d0" [color="#13a10e"];
        "0x80006350" -> "0x80006358" [color="#c50f1f"];
        "0x80006358" -> "0x800064cc" [color="#13a10e"];
        "0x80006358" -> "0x80006360" [color="#c50f1f"];
        "0x80006360" -> "0x800064cc" [color="#13a10e"];
        "0x80006360" -> "0x80006370" [color="#c50f1f"];
        "0x80006370" -> "0x80006390" [color="#0037da"];
        "0x80006390" -> "0x800063a8" [color="#13a10e"];
        "0x80006390" -> "0x8000639c" [color="#c50f1f"];
        "0x8000639c" -> "0x800062d4" [color="#0037da"];
        "0x800063a8" -> "0x80006390" [color="#0037da"];
        "0x800063d0" -> "0x8000639c" [color="#13a10e"];
        "0x800063d0" -> "0x800063d8" [color="#c50f1f"];
        "0x800063d8" -> "0x800064cc" [color="#13a10e"];
        "0x800063d8" -> "0x800063e0" [color="#c50f1f"];
        "0x800063e0" -> "0x800064cc" [color="#13a10e"];
        "0x800063e0" -> "0x800063f0" [color="#c50f1f"];
        "0x800063f0" -> "0x80006414" [color="#0037da"];
        "0x80006414" -> "0x8000639c" [color="#13a10e"];
        "0x80006414" -> "0x80006420" [color="#c50f1f"];
        "0x80006420" -> "0x80006414" [color="#0037da"];
        "0x80006448" -> "0x80006494" [color="#13a10e"];
        "0x80006448" -> "0x80006484" [color="#c50f1f"];
        "0x80006484" -> "0x800062f4" [color="#0037da"];
        "0x80006494" -> "0x80006308" [color="#13a10e"];
        "0x80006494" -> "0x800064a4" [color="#c50f1f"];
        "0x800064a4" -> "0x80006504" [color="#13a10e"];
        "0x800064a4" -> "0x800064b0" [color="#c50f1f"];
        "0x800064b0" -> "0x800064c8" [color="#13a10e"];
        "0x800064b0" -> "0x800064b8" [color="#c50f1f"];
        "0x800064b8" -> "0x800064c8" [color="#13a10e"];
        "0x800064b8" -> "0x800064c0" [color="#c50f1f"];
        "0x800064c0" -> "0x800064e8" [color="#13a10e"];
        "0x800064c0" -> "0x800064c8" [color="#c50f1f"];
        "0x800064c8" -> "0x800064cc" [color="#0037da"];
        "0x800064cc" -> "0x800064e0" [color="#0037da"];
        "0x800064e0" -> "0x80006278" [color="#0037da"];
        "0x800064e8" -> "0x800064f4" [color="#0037da"];
        "0x800064f4" -> "0x800061a4" [color="#0037da"];
        "0x80006504" -> "0x80006554" [color="#13a10e"];
        "0x80006504" -> "0x8000653c" [color="#c50f1f"];
        "0x8000653c" -> "0x800064e0" [color="#0037da"];
        "0x80006554" -> "0x8000663c" [color="#13a10e"];
        "0x80006554" -> "0x8000655c" [color="#c50f1f"];
        "0x8000655c" -> "0x8000657c" [color="#0037da"];
        "0x8000657c" -> "0x8000665c" [color="#13a10e"];
        "0x8000657c" -> "0x80006584" [color="#c50f1f"];
        "0x80006584" -> "0x800065a4" [color="#0037da"];
        "0x800065a4" -> "0x8000667c" [color="#13a10e"];
        "0x800065a4" -> "0x800065c8" [color="#c50f1f"];
        "0x800065c8" -> "0x800065d4" [color="#0037da"];
        "0x800065d4" -> "0x800065d4" [color="#13a10e"];
        "0x800065d4" -> "0x800065e4" [color="#c50f1f"];
        "0x800065e4" -> "0x80006620" [color="#0037da"];
        "0x80006620" -> "0x80006620" [color="#13a10e"];
        "0x80006620" -> "0x80006630" [color="#c50f1f"];
        "0x80006630" -> "0x800066b0" [color="#0037da"];
        "0x8000663c" -> "0x8000657c" [color="#0037da"];
        "0x8000665c" -> "0x800065a4" [color="#0037da"];
        "0x8000667c" -> "0x800066b0" [color="#0037da"];
        "0x800066b0" -> "0x800061a4" [color="#0037da"];
}
