digraph code {
	graph [bgcolor=azure fontsize=8 fontname="Courier" splines="ortho"];
	node [fillcolor=gray style=filled shape=box];
	edge [arrowhead="normal"];
	"0x80008f38" [URL="sym.test_mailbox/0x80008f38", fillcolor="#c19c00",color="#c19c00", fontname="Courier",label="  ; UNKNOWN XREF from obj.testtab @ +0xac\l1612: sym.test_mailbox (int32_t arg1, int32_t arg2);\l; var int32_t var_78h @ sp+0x10\l; var int32_t var_74h @ sp+0x14\l; var int32_t var_70h @ sp+0x18\l; var int32_t var_30h @ sp+0x58\l; var int32_t var_2ch @ sp+0x5c\l; var int32_t var_28h @ sp+0x60\l; var int32_t var_24h @ sp+0x64\l; var int32_t var_20h @ sp+0x68\l; var int32_t var_1ch @ sp+0x6c\l; var int32_t var_18h @ sp+0x70\l; var int32_t var_14h @ sp+0x74\l; var int32_t var_10h @ sp+0x78\l; var int32_t var_ch @ sp+0x7c\l; var int32_t var_8h @ sp+0x80\l; var int32_t var_4h @ sp+0x84\l; arg int32_t arg1 @ a0\l; arg int32_t arg2 @ a1\l0x80008f38      addiu sp, sp, -0x88\l0x80008f3c      lui a1, 0x8001\l0x80008f40      sw s2, (var_20h)\l0x80008f44      lui s2, 0x8001\l0x80008f48      sw ra, (var_4h)\l0x80008f4c      sw s6, (var_10h)\l0x80008f50      sw s3, (var_1ch)\l0x80008f54      sw s0, (var_28h)\l0x80008f58      addiu a1, a1, 0x48ec                                   ; arg2 ; esilref: 'Allocate small mailbox'\l0x80008f5c      sw fp, (var_8h)\l0x80008f60      sw s7, (var_ch)\l0x80008f64      sw s5, (var_14h)\l0x80008f68      sw s4, (var_18h)\l0x80008f6c      sw s1, (var_24h)\l0x80008f70      addiu s2, s2, -0x71bc                                  ; 0x80008e44\l                                                                       ; sym.testPrint ; sym.testPrint\l0x80008f74      lui s6, 0x8000\l0x80008f78      move s0, a0\l0x80008f7c      jalr s2\l0x80008f80      addiu s6, s6, 0x5c7c                                   ; 0x80005c7c\l                                                                       ; sym.mailboxAlloc ; sym.mailboxAlloc\l0x80008f84      jalr s6\l0x80008f88      addiu a0, zero, 1                                      ; arg1\l0x80008f8c      move s3, v0\l0x80008f90      addiu v0, zero, -1\l0x80008f94      bne s3, v0, 0x80009110\l0x80008f98      addiu v0, zero, 0x1c\l"]
	"0x80008f9c" [URL="sym.test_mailbox/0x80008f9c", fillcolor="#c19c00",color="#c19c00", fontname="Courier",label="0x80008f9c      lui a1, 0x8001\l0x80008fa0      addiu a1, a1, 0x4904                                   ; esilref: 'allocating small mailbox results in SYSERR'\l"]
	"0x80008fa4" [URL="sym.test_mailbox/0x80008fa4", fillcolor="#c19c00",color="#c19c00", fontname="Courier",label="; CODE XREF from sym.test_mailbox @ 0x80009130\l0x80008fa4      lui v0, 0x8001\l0x80008fa8      addiu v0, v0, -0x7204                                  ; 0x80008dfc\l                                                                       ; sym.testFail ; sym.testFail\l0x80008fac      jalr v0\l0x80008fb0      move a0, s0\l0x80008fb4      move s1, zero\l"]
	"0x80008fb8" [URL="sym.test_mailbox/0x80008fb8", fillcolor="#c19c00",color="#c19c00", fontname="Courier",label="; CODE XREF from sym.test_mailbox @ 0x80009150\l0x80008fb8      lui a1, 0x8001\l0x80008fbc      addiu a1, a1, 0x495c                                   ; arg2 ; esilref: 'Allocate large mailbox'\l0x80008fc0      jalr s2\l0x80008fc4      move a0, s0\l0x80008fc8      jalr s6\l0x80008fcc      addiu a0, zero, 0x180                                  ; arg1\l0x80008fd0      move s4, v0\l0x80008fd4      addiu v0, zero, -1\l0x80008fd8      bne s4, v0, 0x80009158\l0x80008fdc      addiu v0, zero, 0x1c\l"]
	"0x80008fe0" [URL="sym.test_mailbox/0x80008fe0", fillcolor="#c19c00",color="#c19c00", fontname="Courier",label="0x80008fe0      lui a1, 0x8001\l0x80008fe4      addiu a1, a1, 0x4974                                   ; esilref: 'allocating large mailbox results in SYSERR'\l"]
	"0x80008fe8" [URL="sym.test_mailbox/0x80008fe8", fillcolor="#c19c00",color="#c19c00", fontname="Courier",label="; CODE XREF from sym.test_mailbox @ 0x8000917c\l0x80008fe8      lui v0, 0x8001\l0x80008fec      addiu v0, v0, -0x7204                                  ; 0x80008dfc\l                                                                       ; sym.testFail ; sym.testFail\l0x80008ff0      jalr v0\l0x80008ff4      move a0, s0\l0x80008ff8      move s1, zero\l0x80008ffc      lui a1, 0x8001\l"]
	"0x80009000" [URL="sym.test_mailbox/0x80009000", fillcolor="#c19c00",color="#c19c00", fontname="Courier",label="; CODE XREF from sym.test_mailbox @ 0x80009198\l0x80009000      addiu a1, a1, 0x49a0                                   ; esilref: 'Free mailboxes'\l0x80009004      jalr s2\l0x80009008      move a0, s0\l0x8000900c      move a0, s3\l0x80009010      lui s3, 0x8000\l0x80009014      addiu s3, s3, 0x5dfc                                   ; 0x80005dfc\l                                                                       ; sym.mailboxFree ; sym.mailboxFree\l0x80009018      jalr s3\l0x8000901c      addiu s5, zero, -1\l0x80009020      bne v0, s5, 0x800091a0\l0x80009024      nop\l"]
	"0x80009028" [URL="sym.test_mailbox/0x80009028", fillcolor="#c19c00",color="#c19c00", fontname="Courier",label="; CODE XREF from sym.test_mailbox @ 0x800091a8\l0x80009028      lui a1, 0x8001\l0x8000902c      lui v0, 0x8001\l0x80009030      addiu a1, a1, 0x49b0                                   ; esilref: 'freeing mailbox results in SYSERR'\l0x80009034      addiu v0, v0, -0x7204                                  ; 0x80008dfc\l                                                                       ; sym.testFail ; sym.testFail\l0x80009038      jalr v0\l0x8000903c      move a0, s0\l0x80009040      move s1, zero\l0x80009044      lui a1, 0x8001\l"]
	"0x80009048" [URL="sym.test_mailbox/0x80009048", fillcolor="#c19c00",color="#c19c00", fontname="Courier",label="; CODE XREF from sym.test_mailbox @ 0x800091c4\l0x80009048      addiu a1, a1, 0x49d4                                   ; esilref: 'Allocate all mailboxes'\l0x8000904c      jalr s2\l0x80009050      move a0, s0\l0x80009054      lui v0, 0x8000\l0x80009058      addiu v0, v0, 0x1318                                   ; 0x80001318\l                                                                       ; loc.disable ; loc.disable\l0x8000905c      jalr v0\l0x80009060      addiu s7, sp, 0x18\l0x80009064      move fp, v0\l0x80009068      move s4, s7\l0x8000906c      move s5, zero\l"]
	"0x80009070" [URL="sym.test_mailbox/0x80009070", fillcolor="#c19c00",color="#c19c00", fontname="Courier",label="; CODE XREF from sym.test_mailbox @ 0x8000908c\l0x80009070      jalr s6\l0x80009074      addiu a0, zero, 1\l0x80009078      addiu a1, zero, -1\l0x8000907c      beq v0, a1, 0x80009094\l0x80009080      sw v0, (s4)\l"]
	"0x80009084" [URL="sym.test_mailbox/0x80009084", fillcolor="#c19c00",color="#c19c00", fontname="Courier",label="0x80009084      addiu s5, s5, 1\l0x80009088      addiu v1, zero, 0xf\l0x8000908c      bne s5, v1, 0x80009070\l0x80009090      addiu s4, s4, 4\l"]
	"0x80009094" [URL="sym.test_mailbox/0x80009094", fillcolor="#c19c00",color="#c19c00", fontname="Courier",label="; CODE XREF from sym.test_mailbox @ 0x8000907c\l0x80009094      lui v0, 0x8002\l0x80009098      addiu v0, v0, 0x13a4                                   ; 0x800213a4\l                                                                       ; obj.mboxtab ; obj.mboxtab\l0x8000909c      move s4, zero\l0x800090a0      addiu v1, zero, 0xf\l"]
	"0x800090a4" [URL="sym.test_mailbox/0x800090a4", fillcolor="#c19c00",color="#c19c00", fontname="Courier",label="; CODE XREF from sym.test_mailbox @ 0x800091cc\l0x800090a4      lbu a0, 0x14(v0)\l0x800090a8      bnez a0, 0x800091cc\l0x800090ac      addiu s4, s4, 1\l"]
	"0x800090b0" [URL="sym.test_mailbox/0x800090b0", fillcolor="#c19c00",color="#c19c00", fontname="Courier",label="0x800090b0      addiu s4, s4, -1\l0x800090b4      lui a1, 0x8001\l0x800090b8      lui v0, 0x8001\l0x800090bc      addiu a1, a1, 0x49ec                                   ; esilref: 'failed to allocate all mailboxes'\l0x800090c0      addiu v0, v0, -0x7204                                  ; 0x80008dfc\l                                                                       ; sym.testFail ; sym.testFail\l0x800090c4      jalr v0\l0x800090c8      move a0, s0\l0x800090cc      move s1, zero\l"]
	"0x800090d0" [URL="sym.test_mailbox/0x800090d0", fillcolor="#c19c00",color="#c19c00", fontname="Courier",label="; CODE XREFS from sym.test_mailbox @ 0x800091e0, 0x80009210\l0x800090d0      lui v0, 0x8000\l0x800090d4      addiu v0, v0, 0x1330                                   ; 0x80001330\l                                                                       ; loc.restore ; loc.restore\l0x800090d8      jalr v0\l0x800090dc      move a0, fp\l0x800090e0      move fp, zero\l"]
	"0x800090e4" [URL="sym.test_mailbox/0x800090e4", fillcolor="#c19c00",color="#c19c00", fontname="Courier",label="; CODE XREF from sym.test_mailbox @ 0x800094b0\l0x800090e4      bne fp, s5, 0x80009218\l0x800090e8      addiu v0, zero, 0xf\l"]
	"0x800090ec" [URL="sym.test_mailbox/0x800090ec", fillcolor="#c19c00",color="#c19c00", fontname="Courier",label="0x800090ec      bne s4, v0, 0x80009248\l0x800090f0      lui a1, 0x8001\l"]
	"0x800090f4" [URL="sym.test_mailbox/0x800090f4", fillcolor="#c19c00",color="#c19c00", fontname="Courier",label="0x800090f4      lui v0, 0x8001\l0x800090f8      addiu a1, a1, 0x43fc                                   ; 0x800143fc\l                                                                       ; aav.0x800143fc ; aav.0x800143fc\l0x800090fc      addiu v0, v0, -0x7228                                  ; 0x80008dd8\l                                                                       ; sym.testPass ; sym.testPass\l0x80009100      jalr v0\l0x80009104      move a0, s0\l0x80009108      b 0x8000924c\l0x8000910c      lui a1, 0x8001\l"]
	"0x80009110" [URL="sym.test_mailbox/0x80009110", fillcolor="#c19c00",color="#c19c00", fontname="Courier",label="; CODE XREF from sym.test_mailbox @ 0x80008f94\l0x80009110      mul a0, s3, v0\l0x80009114      lui v1, 0x8002\l0x80009118      addiu v1, v1, 0x13a4                                   ; 0x800213a4\l                                                                       ; obj.mboxtab ; obj.mboxtab\l0x8000911c      addu v0, a0, v1                                        ; arg1\l0x80009120      lw v1, 8(v0)\l0x80009124      addiu v0, zero, 1\l0x80009128      beq v1, v0, 0x80009138\l0x8000912c      lui a1, 0x8001\l"]
	"0x80009130" [URL="sym.test_mailbox/0x80009130", fillcolor="#c19c00",color="#c19c00", fontname="Courier",label="0x80009130      b 0x80008fa4\l0x80009134      addiu a1, a1, 0x4930                                   ; esilref: 'does not allocate correct count of messages'\l"]
	"0x80009138" [URL="sym.test_mailbox/0x80009138", fillcolor="#c19c00",color="#c19c00", fontname="Courier",label="; CODE XREF from sym.test_mailbox @ 0x80009128\l0x80009138      lui a1, 0x8001\l0x8000913c      lui v0, 0x8001\l0x80009140      addiu a1, a1, 0x43fc                                   ; 0x800143fc\l                                                                       ; aav.0x800143fc ; arg2 ; aav.0x800143fc\l0x80009144      addiu v0, v0, -0x7228                                  ; 0x80008dd8\l                                                                       ; sym.testPass ; sym.testPass\l0x80009148      jalr v0\l0x8000914c      move a0, s0\l0x80009150      b 0x80008fb8\l0x80009154      addiu s1, zero, 1\l"]
	"0x80009158" [URL="sym.test_mailbox/0x80009158", fillcolor="#c19c00",color="#c19c00", fontname="Courier",label="; CODE XREF from sym.test_mailbox @ 0x80008fd8\l0x80009158      mul a0, s4, v0\l0x8000915c      lui v1, 0x8002\l0x80009160      addiu v1, v1, 0x13a4                                   ; 0x800213a4\l                                                                       ; obj.mboxtab ; obj.mboxtab\l0x80009164      addu v0, a0, v1                                        ; arg1\l0x80009168      lw v1, 8(v0)\l0x8000916c      addiu v0, zero, 0x180\l0x80009170      beq v1, v0, 0x80009184\l0x80009174      lui v0, 0x8001\l"]
	"0x80009178" [URL="sym.test_mailbox/0x80009178", fillcolor="#c19c00",color="#c19c00", fontname="Courier",label="0x80009178      lui a1, 0x8001\l0x8000917c      b 0x80008fe8\l0x80009180      addiu a1, a1, 0x4930                                   ; esilref: 'does not allocate correct count of messages'\l"]
	"0x80009184" [URL="sym.test_mailbox/0x80009184", fillcolor="#c19c00",color="#c19c00", fontname="Courier",label="; CODE XREF from sym.test_mailbox @ 0x80009170\l0x80009184      lui a1, 0x8001\l0x80009188      addiu a1, a1, 0x43fc                                   ; 0x800143fc\l                                                                       ; aav.0x800143fc ; arg2 ; aav.0x800143fc\l0x8000918c      addiu v0, v0, -0x7228                                  ; 0x80008dd8\l                                                                       ; sym.testPass ; sym.testPass\l0x80009190      jalr v0\l0x80009194      move a0, s0\l0x80009198      b 0x80009000\l0x8000919c      lui a1, 0x8001\l"]
	"0x800091a0" [URL="sym.test_mailbox/0x800091a0", fillcolor="#c19c00",color="#c19c00", fontname="Courier",label="; CODE XREF from sym.test_mailbox @ 0x80009020\l0x800091a0      jalr s3\l0x800091a4      move a0, s4\l0x800091a8      beq v0, s5, 0x80009028\l0x800091ac      lui a1, 0x8001\l"]
	"0x800091b0" [URL="sym.test_mailbox/0x800091b0", fillcolor="#c19c00",color="#c19c00", fontname="Courier",label="0x800091b0      lui v0, 0x8001\l0x800091b4      addiu a1, a1, 0x43fc                                   ; 0x800143fc\l                                                                       ; aav.0x800143fc ; aav.0x800143fc\l0x800091b8      addiu v0, v0, -0x7228                                  ; 0x80008dd8\l                                                                       ; sym.testPass ; sym.testPass\l0x800091bc      jalr v0\l0x800091c0      move a0, s0\l0x800091c4      b 0x80009048\l0x800091c8      lui a1, 0x8001\l"]
	"0x800091cc" [URL="sym.test_mailbox/0x800091cc", fillcolor="#c19c00",color="#c19c00", fontname="Courier",label="; CODE XREF from sym.test_mailbox @ 0x800090a8\l0x800091cc      bne s4, v1, 0x800090a4\l0x800091d0      addiu v0, v0, 0x1c\l"]
	"0x800091d4" [URL="sym.test_mailbox/0x800091d4", fillcolor="#c19c00",color="#c19c00", fontname="Courier",label="0x800091d4      jalr s6\l0x800091d8      addiu a0, zero, 1\l0x800091dc      addiu v1, zero, -1\l0x800091e0      beq v0, v1, 0x800090d0\l0x800091e4      lui a1, 0x8001\l"]
	"0x800091e8" [URL="sym.test_mailbox/0x800091e8", fillcolor="#c19c00",color="#c19c00", fontname="Courier",label="0x800091e8      lui v1, 0x8001\l0x800091ec      addiu a1, a1, 0x4a10                                   ; esilref: 'allocated too many'\l0x800091f0      move a0, s0\l0x800091f4      addiu v1, v1, -0x7204                                  ; 0x80008dfc\l                                                                       ; sym.testFail ; sym.testFail\l0x800091f8      jalr v1\l0x800091fc      sw v0, (var_30h)\l0x80009200      lw v0, (var_30h)\l0x80009204      addiu s4, zero, 0xe\l0x80009208      jalr s3\l0x8000920c      move a0, v0\l0x80009210      b 0x800090d0\l0x80009214      move s1, zero\l"]
	"0x80009218" [URL="sym.test_mailbox/0x80009218", fillcolor="#c19c00",color="#c19c00", fontname="Courier",label="; CODE XREF from sym.test_mailbox @ 0x800090e4\l0x80009218      lw a0, (s7)\l0x8000921c      jalr s3\l0x80009220      addiu s7, s7, 4\l0x80009224      addiu v1, zero, -1\l0x80009228      bne v0, v1, 0x800094b0\l0x8000922c      lui a1, 0x8001\l"]
	"0x80009230" [URL="sym.test_mailbox/0x80009230", fillcolor="#c19c00",color="#c19c00", fontname="Courier",label="0x80009230      lui v0, 0x8001\l0x80009234      addiu a1, a1, 0x4a24                                   ; esilref: 'failed to free mailboxes'\l0x80009238      addiu v0, v0, -0x7204                                  ; 0x80008dfc\l                                                                       ; sym.testFail ; sym.testFail\l0x8000923c      jalr v0\l0x80009240      move a0, s0\l0x80009244      move s1, zero\l"]
	"0x80009248" [URL="sym.test_mailbox/0x80009248", fillcolor="#c19c00",color="#c19c00", fontname="Courier",label="; CODE XREF from sym.test_mailbox @ 0x800090ec\l0x80009248      lui a1, 0x8001\l"]
	"0x8000924c" [URL="sym.test_mailbox/0x8000924c", fillcolor="#c19c00",color="#c19c00", fontname="Courier",label="; CODE XREF from sym.test_mailbox @ 0x80009108\l0x8000924c      addiu a1, a1, 0x4a40                                   ; esilref: 'Sending messages'\l0x80009250      jalr s2\l0x80009254      move a0, s0\l0x80009258      jalr s6\l0x8000925c      addiu a0, zero, 3\l0x80009260      lui s7, 0x8000\l0x80009264      addiu a1, zero, 1\l0x80009268      move a0, v0\l0x8000926c      addiu s7, s7, 0x6008                                   ; 0x80006008\l                                                                       ; sym.mailboxSend ; sym.mailboxSend\l0x80009270      move s5, v0\l0x80009274      jalr s7\l0x80009278      addiu fp, zero, -1\l0x8000927c      bne v0, fp, 0x800094b8\l0x80009280      lui s4, 0x8001\l"]
	"0x80009284" [URL="sym.test_mailbox/0x80009284", fillcolor="#c19c00",color="#c19c00", fontname="Courier",label="; CODE XREF from sym.test_mailbox @ 0x800094d8\l0x80009284      lui a1, 0x8001\l"]
	"0x80009288" [URL="sym.test_mailbox/0x80009288", fillcolor="#c19c00",color="#c19c00", fontname="Courier",label="; CODE XREF from sym.test_mailbox @ 0x800094c4\l0x80009288      lui v0, 0x8001\l0x8000928c      addiu a1, a1, 0x4a54                                   ; esilref: 'failed sending mail-message to mailbox'\l0x80009290      addiu v0, v0, -0x7204                                  ; 0x80008dfc\l                                                                       ; sym.testFail ; sym.testFail\l0x80009294      jalr v0\l0x80009298      move a0, s0\l0x8000929c      move s1, zero\l0x800092a0      lui a1, 0x8001\l"]
	"0x800092a4" [URL="sym.test_mailbox/0x800092a4", fillcolor="#c19c00",color="#c19c00", fontname="Courier",label="; CODE XREF from sym.test_mailbox @ 0x800094f0\l0x800092a4      addiu a1, a1, 0x4a7c                                   ; esilref: 'Receiving messages'\l0x800092a8      move a0, s0\l0x800092ac      jalr s2\l0x800092b0      lui s7, 0x8000\l0x800092b4      addiu s7, s7, 0x5f18                                   ; 0x80005f18\l                                                                       ; sym.mailboxReceive ; sym.mailboxReceive\l0x800092b8      jalr s7\l0x800092bc      move a0, s5\l0x800092c0      addiu v1, zero, 1\l0x800092c4      beq v0, v1, 0x800094f8\l0x800092c8      lui a1, 0x8001\l"]
	"0x800092cc" [URL="sym.test_mailbox/0x800092cc", fillcolor="#c19c00",color="#c19c00", fontname="Courier",label="; CODE XREFS from sym.test_mailbox @ 0x80009504, 0x80009518\l0x800092cc      lui v0, 0x8001\l0x800092d0      addiu a1, a1, 0x4a90                                   ; esilref: 'failed receiving mail-message from mailbox'\l0x800092d4      addiu v0, v0, -0x7204                                  ; 0x80008dfc\l                                                                       ; sym.testFail ; sym.testFail\l0x800092d8      jalr v0\l0x800092dc      move a0, s0\l0x800092e0      move s1, zero\l"]
	"0x800092e4" [URL="sym.test_mailbox/0x800092e4", fillcolor="#c19c00",color="#c19c00", fontname="Courier",label="; CODE XREF from sym.test_mailbox @ 0x80009534\l0x800092e4      jalr s3\l0x800092e8      move a0, s5\l0x800092ec      lui a1, 0x8001\l0x800092f0      addiu a1, a1, 0x4abc                                   ; esilref: 'Wait on empty mailbox'\l0x800092f4      jalr s2\l0x800092f8      move a0, s0\l0x800092fc      jalr s6\l0x80009300      addiu a0, zero, 3\l0x80009304      move s5, v0\l0x80009308      lui v0, 0x8000\l0x8000930c      addiu v0, v0, 0x249c                                   ; 0x8000249c\l                                                                       ; sym.gettid ; sym.gettid\l0x80009310      jalr v0\l0x80009314      lui fp, 0x8000\l0x80009318      move a0, v0\l0x8000931c      lui v0, 0x8000\l0x80009320      addiu v0, v0, 0x2208                                   ; 0x80002208\l                                                                       ; sym.getprio ; sym.getprio\l0x80009324      jalr v0\l0x80009328      addiu fp, fp, 0x1c98                                   ; 0x80001c98\l                                                                       ; sym.create ; sym.create\l0x8000932c      addiu a2, v0, 1\l0x80009330      lui a3, 0x8001\l0x80009334      addiu v0, zero, 1\l0x80009338      lui a0, 0x8001\l0x8000933c      addiu a3, a3, 0x4ad4                                   ; esilref: 'consumer'\l0x80009340      lui a1, 1\l0x80009344      addiu a0, a0, -0x7110                                  ; 0x80008ef0\l                                                                       ; sym.consumer ; sym.consumer\l0x80009348      sw s5, (var_74h)\l0x8000934c      sw v0, (var_78h)\l0x80009350      sw a2, (var_2ch)\l0x80009354      jalr fp\l0x80009358      lui s7, 0x8000\l0x8000935c      move a0, v0\l0x80009360      addiu a1, zero, 1\l0x80009364      addiu s7, s7, 0x2020                                   ; 0x80002020\l                                                                       ; sym.ready ; sym.ready\l0x80009368      jalr s7\l0x8000936c      move s6, v0\l0x80009370      lui v0, 0x8002\l0x80009374      addiu v0, v0, -0x3004                                  ; 0x8001cffc\l                                                                       ; v1 ; obj.thrtab\l0x80009378      sw v0, (var_30h)\l0x8000937c      addiu v0, zero, 0x54\l0x80009380      mul a0, s6, v0\l0x80009384      lw v1, (var_30h)\l0x80009388      addu v0, a0, v1\l0x8000938c      lbu v1, (v0)\l0x80009390      addiu v0, zero, 7\l0x80009394      beq v1, v0, 0x8000953c\l0x80009398      lw a2, (var_2ch)\l"]
	"0x8000939c" [URL="sym.test_mailbox/0x8000939c", fillcolor="#c19c00",color="#c19c00", fontname="Courier",label="0x8000939c      lui a1, 0x8001\l0x800093a0      lui v0, 0x8001\l0x800093a4      addiu a1, a1, 0x4ae0                                   ; esilref: 'consumer did not wait on empty mailbox'\l0x800093a8      addiu v0, v0, -0x7204                                  ; 0x80008dfc\l                                                                       ; sym.testFail ; sym.testFail\l0x800093ac      jalr v0\l0x800093b0      move a0, s0\l0x800093b4      move s1, zero\l0x800093b8      lw a2, (var_2ch)\l"]
	"0x800093bc" [URL="sym.test_mailbox/0x800093bc", fillcolor="#c19c00",color="#c19c00", fontname="Courier",label="; CODE XREF from sym.test_mailbox @ 0x80009554\l0x800093bc      move a0, s6\l0x800093c0      lui s6, 0x8000\l0x800093c4      addiu s6, s6, 0x1e78                                   ; 0x80001e78\l                                                                       ; sym.kill ; sym.kill\l0x800093c8      jalr s6\l0x800093cc      sw a2, (var_2ch)\l0x800093d0      lui a1, 0x8001\l0x800093d4      addiu a1, a1, 0x4b08                                   ; esilref: 'Wait on full mailbox'\l0x800093d8      jalr s2\l0x800093dc      move a0, s0\l0x800093e0      lw a2, (var_2ch)\l0x800093e4      addiu v0, zero, 1\l0x800093e8      lui a3, 0x8001\l0x800093ec      lui a0, 0x8001\l0x800093f0      addiu a3, a3, 0x4b20                                   ; esilref: 'producer'\l0x800093f4      lui a1, 1\l0x800093f8      addiu a0, a0, -0x7168                                  ; 0x80008e98\l                                                                       ; sym.producer ; sym.producer\l0x800093fc      sw s5, (var_74h)\l0x80009400      jalr fp\l0x80009404      sw v0, (var_78h)\l0x80009408      move a0, v0\l0x8000940c      addiu a1, zero, 1\l0x80009410      jalr s7\l0x80009414      move s2, v0\l0x80009418      addiu v0, zero, 0x54\l0x8000941c      mul a0, s2, v0\l0x80009420      lw v1, (var_30h)\l0x80009424      addu v0, a0, v1\l0x80009428      lbu v1, (v0)\l0x8000942c      addiu v0, zero, 7\l0x80009430      beq v1, v0, 0x8000955c\l0x80009434      lui a1, 0x8001\l"]
	"0x80009438" [URL="sym.test_mailbox/0x80009438", fillcolor="#c19c00",color="#c19c00", fontname="Courier",label="0x80009438      lui v0, 0x8001\l0x8000943c      addiu a1, a1, 0x4b2c                                   ; esilref: 'producer did not wait on full mailbox'\l0x80009440      addiu v0, v0, -0x7204                                  ; 0x80008dfc\l                                                                       ; sym.testFail ; sym.testFail\l0x80009444      jalr v0\l0x80009448      move a0, s0\l0x8000944c      move s1, zero\l"]
	"0x80009450" [URL="sym.test_mailbox/0x80009450", fillcolor="#c19c00",color="#c19c00", fontname="Courier",label="; CODE XREF from sym.test_mailbox @ 0x80009570\l0x80009450      jalr s6\l0x80009454      move a0, s2\l0x80009458      jalr s3\l0x8000945c      move a0, s5\l0x80009460      addiu a1, s4, 0x43fc                                   ; 0x800143fc\l                                                                       ; aav.0x800143fc ; aav.0x800143fc\l0x80009464      beqz s1, 0x80009578\l0x80009468      addiu a0, zero, 1\l"]
	"0x8000946c" [URL="sym.test_mailbox/0x8000946c", fillcolor="#c19c00",color="#c19c00", fontname="Courier",label="0x8000946c      lui v0, 0x8001\l0x80009470      addiu v0, v0, -0x7228                                  ; 0x80008dd8\l                                                                       ; sym.testPass ; sym.testPass\l"]
	"0x80009474" [URL="sym.test_mailbox/0x80009474", fillcolor="#c19c00",color="#c19c00", fontname="Courier",label="; CODE XREF from sym.test_mailbox @ 0x8000957c\l0x80009474      jalr v0\l0x80009478      nop\l0x8000947c      lw ra, (var_4h)\l0x80009480      lw fp, (var_8h)\l0x80009484      lw s7, (var_ch)\l0x80009488      lw s6, (var_10h)\l0x8000948c      lw s5, (var_14h)\l0x80009490      lw s4, (var_18h)\l0x80009494      lw s3, (var_1ch)\l0x80009498      lw s2, (var_20h)\l0x8000949c      lw s1, (var_24h)\l0x800094a0      lw s0, (var_28h)\l0x800094a4      addiu v0, zero, 1\l0x800094a8      jr ra\l0x800094ac      addiu sp, sp, 0x88\l"]
	"0x800094b0" [URL="sym.test_mailbox/0x800094b0", fillcolor="#c19c00",color="#c19c00", fontname="Courier",label="; CODE XREF from sym.test_mailbox @ 0x80009228\l0x800094b0      b 0x800090e4\l0x800094b4      addiu fp, fp, 1\l"]
	"0x800094b8" [URL="sym.test_mailbox/0x800094b8", fillcolor="#c19c00",color="#c19c00", fontname="Courier",label="; CODE XREF from sym.test_mailbox @ 0x8000927c\l0x800094b8      addiu a1, zero, 2\l0x800094bc      jalr s7\l0x800094c0      move a0, s5\l0x800094c4      beq v0, fp, 0x80009288\l0x800094c8      lui a1, 0x8001\l"]
	"0x800094cc" [URL="sym.test_mailbox/0x800094cc", fillcolor="#c19c00",color="#c19c00", fontname="Courier",label="0x800094cc      addiu a1, zero, 3\l0x800094d0      jalr s7\l0x800094d4      move a0, s5\l0x800094d8      beq v0, fp, 0x80009284\l0x800094dc      lui v0, 0x8001\l"]
	"0x800094e0" [URL="sym.test_mailbox/0x800094e0", fillcolor="#c19c00",color="#c19c00", fontname="Courier",label="0x800094e0      addiu a1, s4, 0x43fc\l0x800094e4      addiu v0, v0, -0x7228                                  ; 0x80008dd8\l                                                                       ; sym.testPass ; sym.testPass\l0x800094e8      jalr v0\l0x800094ec      move a0, s0\l0x800094f0      b 0x800092a4\l0x800094f4      lui a1, 0x8001\l"]
	"0x800094f8" [URL="sym.test_mailbox/0x800094f8", fillcolor="#c19c00",color="#c19c00", fontname="Courier",label="; CODE XREF from sym.test_mailbox @ 0x800092c4\l0x800094f8      jalr s7\l0x800094fc      move a0, s5\l0x80009500      addiu v1, zero, 2\l0x80009504      bne v0, v1, 0x800092cc\l0x80009508      lui a1, 0x8001\l"]
	"0x8000950c" [URL="sym.test_mailbox/0x8000950c", fillcolor="#c19c00",color="#c19c00", fontname="Courier",label="0x8000950c      jalr s7\l0x80009510      move a0, s5\l0x80009514      addiu v1, zero, 3\l0x80009518      bne v0, v1, 0x800092cc\l0x8000951c      lui a1, 0x8001\l"]
	"0x80009520" [URL="sym.test_mailbox/0x80009520", fillcolor="#c19c00",color="#c19c00", fontname="Courier",label="0x80009520      lui v0, 0x8001\l0x80009524      addiu a1, s4, 0x43fc\l0x80009528      addiu v0, v0, -0x7228                                  ; 0x80008dd8\l                                                                       ; sym.testPass ; sym.testPass\l0x8000952c      jalr v0\l0x80009530      move a0, s0\l0x80009534      b 0x800092e4\l0x80009538      nop\l"]
	"0x8000953c" [URL="sym.test_mailbox/0x8000953c", fillcolor="#c19c00",color="#c19c00", fontname="Courier",label="; CODE XREF from sym.test_mailbox @ 0x80009394\l0x8000953c      lui v0, 0x8001\l0x80009540      addiu a1, s4, 0x43fc\l0x80009544      move a0, s0\l0x80009548      addiu v0, v0, -0x7228                                  ; 0x80008dd8\l                                                                       ; sym.testPass ; sym.testPass\l0x8000954c      jalr v0\l0x80009550      sw a2, (var_2ch)\l0x80009554      b 0x800093bc\l0x80009558      lw a2, (var_2ch)\l"]
	"0x8000955c" [URL="sym.test_mailbox/0x8000955c", fillcolor="#c19c00",color="#c19c00", fontname="Courier",label="; CODE XREF from sym.test_mailbox @ 0x80009430\l0x8000955c      lui v0, 0x8001\l0x80009560      addiu a1, s4, 0x43fc\l0x80009564      addiu v0, v0, -0x7228                                  ; 0x80008dd8\l                                                                       ; sym.testPass ; sym.testPass\l0x80009568      jalr v0\l0x8000956c      move a0, s0\l0x80009570      b 0x80009450\l0x80009574      nop\l"]
	"0x80009578" [URL="sym.test_mailbox/0x80009578", fillcolor="#c19c00",color="#c19c00", fontname="Courier",label="; CODE XREF from sym.test_mailbox @ 0x80009464\l0x80009578      lui v0, 0x8001\l0x8000957c      b 0x80009474\l0x80009580      addiu v0, v0, -0x7204                                  ; 0x80008dfc\l                                                                       ; sym.testFail ; sym.testFail\l"]
        "0x80008f38" -> "0x80009110" [color="#13a10e"];
        "0x80008f38" -> "0x80008f9c" [color="#c50f1f"];
        "0x80008f9c" -> "0x80008fa4" [color="#0037da"];
        "0x80008fa4" -> "0x80008fb8" [color="#0037da"];
        "0x80008fb8" -> "0x80009158" [color="#13a10e"];
        "0x80008fb8" -> "0x80008fe0" [color="#c50f1f"];
        "0x80008fe0" -> "0x80008fe8" [color="#0037da"];
        "0x80008fe8" -> "0x80009000" [color="#0037da"];
        "0x80009000" -> "0x800091a0" [color="#13a10e"];
        "0x80009000" -> "0x80009028" [color="#c50f1f"];
        "0x80009028" -> "0x80009048" [color="#0037da"];
        "0x80009048" -> "0x80009070" [color="#0037da"];
        "0x80009070" -> "0x80009094" [color="#13a10e"];
        "0x80009070" -> "0x80009084" [color="#c50f1f"];
        "0x80009084" -> "0x80009070" [color="#13a10e"];
        "0x80009084" -> "0x80009094" [color="#c50f1f"];
        "0x80009094" -> "0x800090a4" [color="#0037da"];
        "0x800090a4" -> "0x800091cc" [color="#13a10e"];
        "0x800090a4" -> "0x800090b0" [color="#c50f1f"];
        "0x800090b0" -> "0x800090d0" [color="#0037da"];
        "0x800090d0" -> "0x800090e4" [color="#0037da"];
        "0x800090e4" -> "0x80009218" [color="#13a10e"];
        "0x800090e4" -> "0x800090ec" [color="#c50f1f"];
        "0x800090ec" -> "0x80009248" [color="#13a10e"];
        "0x800090ec" -> "0x800090f4" [color="#c50f1f"];
        "0x800090f4" -> "0x8000924c" [color="#0037da"];
        "0x80009110" -> "0x80009138" [color="#13a10e"];
        "0x80009110" -> "0x80009130" [color="#c50f1f"];
        "0x80009130" -> "0x80008fa4" [color="#0037da"];
        "0x80009138" -> "0x80008fb8" [color="#0037da"];
        "0x80009158" -> "0x80009184" [color="#13a10e"];
        "0x80009158" -> "0x80009178" [color="#c50f1f"];
        "0x80009178" -> "0x80008fe8" [color="#0037da"];
        "0x80009184" -> "0x80009000" [color="#0037da"];
        "0x800091a0" -> "0x80009028" [color="#13a10e"];
        "0x800091a0" -> "0x800091b0" [color="#c50f1f"];
        "0x800091b0" -> "0x80009048" [color="#0037da"];
        "0x800091cc" -> "0x800090a4" [color="#13a10e"];
        "0x800091cc" -> "0x800091d4" [color="#c50f1f"];
        "0x800091d4" -> "0x800090d0" [color="#13a10e"];
        "0x800091d4" -> "0x800091e8" [color="#c50f1f"];
        "0x800091e8" -> "0x800090d0" [color="#0037da"];
        "0x80009218" -> "0x800094b0" [color="#13a10e"];
        "0x80009218" -> "0x80009230" [color="#c50f1f"];
        "0x80009230" -> "0x80009248" [color="#0037da"];
        "0x80009248" -> "0x8000924c" [color="#0037da"];
        "0x8000924c" -> "0x800094b8" [color="#13a10e"];
        "0x8000924c" -> "0x80009284" [color="#c50f1f"];
        "0x80009284" -> "0x80009288" [color="#0037da"];
        "0x80009288" -> "0x800092a4" [color="#0037da"];
        "0x800092a4" -> "0x800094f8" [color="#13a10e"];
        "0x800092a4" -> "0x800092cc" [color="#c50f1f"];
        "0x800092cc" -> "0x800092e4" [color="#0037da"];
        "0x800092e4" -> "0x8000953c" [color="#13a10e"];
        "0x800092e4" -> "0x8000939c" [color="#c50f1f"];
        "0x8000939c" -> "0x800093bc" [color="#0037da"];
        "0x800093bc" -> "0x8000955c" [color="#13a10e"];
        "0x800093bc" -> "0x80009438" [color="#c50f1f"];
        "0x80009438" -> "0x80009450" [color="#0037da"];
        "0x80009450" -> "0x80009578" [color="#13a10e"];
        "0x80009450" -> "0x8000946c" [color="#c50f1f"];
        "0x8000946c" -> "0x80009474" [color="#0037da"];
        "0x800094b0" -> "0x800090e4" [color="#0037da"];
        "0x800094b8" -> "0x80009288" [color="#13a10e"];
        "0x800094b8" -> "0x800094cc" [color="#c50f1f"];
        "0x800094cc" -> "0x80009284" [color="#13a10e"];
        "0x800094cc" -> "0x800094e0" [color="#c50f1f"];
        "0x800094e0" -> "0x800092a4" [color="#0037da"];
        "0x800094f8" -> "0x800092cc" [color="#13a10e"];
        "0x800094f8" -> "0x8000950c" [color="#c50f1f"];
        "0x8000950c" -> "0x800092cc" [color="#13a10e"];
        "0x8000950c" -> "0x80009520" [color="#c50f1f"];
        "0x80009520" -> "0x800092e4" [color="#0037da"];
        "0x8000953c" -> "0x800093bc" [color="#0037da"];
        "0x8000955c" -> "0x80009450" [color="#0037da"];
        "0x80009578" -> "0x80009474" [color="#0037da"];
}
