digraph code {
	graph [bgcolor=azure fontsize=8 fontname="Courier" splines="ortho"];
	node [fillcolor=gray style=filled shape=box];
	edge [arrowhead="normal"];
	"0x8000a3bc" [URL="sym.test_messagePass/0x8000a3bc", fillcolor="#c19c00",color="#c19c00", fontname="Courier",label="  ; UNKNOWN XREF from obj.testtab @ +0xa4\l944: sym.test_messagePass (int32_t arg2);\l; var int32_t var_28h @ sp+0x10\l; var int32_t var_24h @ sp+0x14\l; var int32_t var_20h @ sp+0x18\l; var int32_t var_1ch @ sp+0x1c\l; var int32_t var_18h @ sp+0x20\l; var int32_t var_14h @ sp+0x24\l; var int32_t var_10h @ sp+0x28\l; var int32_t var_ch @ sp+0x2c\l; var int32_t var_8h @ sp+0x30\l; var int32_t var_4h @ sp+0x34\l; arg int32_t arg2 @ a1\l0x8000a3bc      addiu sp, sp, -0x38\l0x8000a3c0      sw s5, (var_ch)\l0x8000a3c4      lui s5, 0x8000\l0x8000a3c8      addiu s5, s5, 0x36e8\l0x8000a3cc      sw ra, (var_4h)\l0x8000a3d0      sw s6, (var_8h)\l0x8000a3d4      sw s4, (var_10h)\l0x8000a3d8      sw s3, (var_14h)\l0x8000a3dc      sw s1, (var_1ch)\l0x8000a3e0      sw s0, (var_20h)\l0x8000a3e4      sw s2, (var_18h)\l0x8000a3e8      move s0, a0\l0x8000a3ec      jalr s5\l; CALL XREF from sym.test_messagePass @ 0x8000a3ec\l0x8000a3f0      lui s3, 0x8001\l0x8000a3f4      lui s4, 0x8000\l0x8000a3f8      lui a1, 0x8001\l0x8000a3fc      addiu a1, a1, 0x4e4c                                   ; arg2 ; esilref: 'Send message'\l0x8000a400      move a0, s0\l0x8000a404      addiu s3, s3, -0x71bc                                  ; 0x80008e44\l                                                                       ; sym.testPrint ; sym.testPrint\l0x8000a408      jalr s3\l0x8000a40c      addiu s4, s4, 0x249c                                   ; 0x8000249c\l                                                                       ; sym.gettid ; sym.gettid\l0x8000a410      jalr s4\l0x8000a414      lui s6, 0x8000\l0x8000a418      move a0, v0\l0x8000a41c      addiu s6, s6, 0x356c                                   ; 0x8000356c\l                                                                       ; sym.send ; sym.send\l0x8000a420      jalr s6\l0x8000a424      addiu a1, zero, 0x61                                   ; arg2\l0x8000a428      lui s1, 0x8001\l0x8000a42c      addiu v1, zero, 1\l0x8000a430      addiu a1, s1, 0x43fc                                   ; 0x800143fc\l                                                                       ; aav.0x800143fc ; arg2 ; aav.0x800143fc\l0x8000a434      bne v0, v1, 0x8000a5f0\l0x8000a438      move a0, s0\l"]
	"0x8000a43c" [URL="sym.test_messagePass/0x8000a43c", fillcolor="#c19c00",color="#c19c00", fontname="Courier",label="0x8000a43c      lui v0, 0x8001\l0x8000a440      addiu v0, v0, -0x7228                                  ; 0x80008dd8\l                                                                       ; sym.testPass ; sym.testPass\l0x8000a444      jalr v0\l0x8000a448      addiu s2, zero, 1\l0x8000a44c      lui a1, 0x8001\l"]
	"0x8000a450" [URL="sym.test_messagePass/0x8000a450", fillcolor="#c19c00",color="#c19c00", fontname="Courier",label="; CODE XREF from sym.test_messagePass @ 0x8000a600\l0x8000a450      addiu a1, a1, 0x4e5c                                   ; arg2 ; esilref: 'Send multiple messages'\l0x8000a454      jalr s3\l0x8000a458      move a0, s0\l0x8000a45c      jalr s4\l0x8000a460      nop\l0x8000a464      move a0, v0\l0x8000a468      jalr s6\l0x8000a46c      addiu a1, zero, 0x64                                   ; arg2\l0x8000a470      addiu v1, zero, -1\l0x8000a474      bne v0, v1, 0x8000a608\l0x8000a478      lui a1, 0x8001\l"]
	"0x8000a47c" [URL="sym.test_messagePass/0x8000a47c", fillcolor="#c19c00",color="#c19c00", fontname="Courier",label="0x8000a47c      lui v0, 0x8001\l0x8000a480      addiu a1, s1, 0x43fc                                   ; 0x800143fc\l                                                                       ; aav.0x800143fc ; aav.0x800143fc\l0x8000a484      addiu v0, v0, -0x7228                                  ; 0x80008dd8\l                                                                       ; sym.testPass ; sym.testPass\l0x8000a488      jalr v0\l0x8000a48c      move a0, s0\l"]
	"0x8000a490" [URL="sym.test_messagePass/0x8000a490", fillcolor="#c19c00",color="#c19c00", fontname="Courier",label="; CODE XREF from sym.test_messagePass @ 0x8000a61c\l0x8000a490      lui a1, 0x8001\l0x8000a494      addiu a1, a1, 0x4eb0                                   ; arg2 ; esilref: 'Receive waiting message'\l0x8000a498      jalr s3\l0x8000a49c      move a0, s0\l0x8000a4a0      lui v0, 0x8000\l0x8000a4a4      addiu v0, v0, 0x3650                                   ; 0x80003650\l                                                                       ; sym.receive ; sym.receive\l0x8000a4a8      jalr v0\l0x8000a4ac      nop\l0x8000a4b0      addiu v1, zero, 0x61\l0x8000a4b4      addiu a1, s1, 0x43fc                                   ; 0x800143fc\l                                                                       ; aav.0x800143fc ; arg2 ; aav.0x800143fc\l0x8000a4b8      bne v0, v1, 0x8000a624\l0x8000a4bc      move a0, s0\l"]
	"0x8000a4c0" [URL="sym.test_messagePass/0x8000a4c0", fillcolor="#c19c00",color="#c19c00", fontname="Courier",label="0x8000a4c0      lui v0, 0x8001\l0x8000a4c4      addiu v0, v0, -0x7228                                  ; 0x80008dd8\l                                                                       ; sym.testPass ; sym.testPass\l0x8000a4c8      jalr v0\l0x8000a4cc      nop\l"]
	"0x8000a4d0" [URL="sym.test_messagePass/0x8000a4d0", fillcolor="#c19c00",color="#c19c00", fontname="Courier",label="; CODE XREF from sym.test_messagePass @ 0x8000a634\l0x8000a4d0      jalr s4\l0x8000a4d4      nop\l0x8000a4d8      move a0, v0\l0x8000a4dc      jalr s6\l0x8000a4e0      addiu a1, zero, 0x62\l0x8000a4e4      addiu v1, zero, 1\l0x8000a4e8      bne v0, v1, 0x8000a63c\l0x8000a4ec      lui a1, 0x8001\l"]
	"0x8000a4f0" [URL="sym.test_messagePass/0x8000a4f0", fillcolor="#c19c00",color="#c19c00", fontname="Courier",label="0x8000a4f0      lui a1, 0x8001\l0x8000a4f4      addiu a1, a1, 0x4ec8                                   ; esilref: 'Receive clear - message pending'\l0x8000a4f8      jalr s3\l0x8000a4fc      move a0, s0\l0x8000a500      jalr s5\l; CALL XREF from sym.test_messagePass @ 0x8000a500\l0x8000a504      nop\l0x8000a508      addiu v1, zero, 0x62\l0x8000a50c      addiu a1, s1, 0x43fc                                   ; 0x800143fc\l                                                                       ; aav.0x800143fc ; aav.0x800143fc\l0x8000a510      bne v0, v1, 0x8000a644\l0x8000a514      move a0, s0\l"]
	"0x8000a518" [URL="sym.test_messagePass/0x8000a518", fillcolor="#c19c00",color="#c19c00", fontname="Courier",label="0x8000a518      lui v0, 0x8001\l0x8000a51c      addiu v0, v0, -0x7228                                  ; 0x80008dd8\l                                                                       ; sym.testPass ; sym.testPass\l0x8000a520      jalr v0\l0x8000a524      nop\l0x8000a528      lui a1, 0x8001\l"]
	"0x8000a52c" [URL="sym.test_messagePass/0x8000a52c", fillcolor="#c19c00",color="#c19c00", fontname="Courier",label="; CODE XREF from sym.test_messagePass @ 0x8000a654\l0x8000a52c      addiu a1, a1, 0x4f00                                   ; esilref: 'Receive clear - no message pending'\l0x8000a530      jalr s3\l0x8000a534      move a0, s0\l0x8000a538      jalr s5\l; CALL XREF from sym.test_messagePass @ 0x8000a538\l0x8000a53c      nop\l0x8000a540      addiu v1, zero, -4\l0x8000a544      addiu a1, s1, 0x43fc                                   ; 0x800143fc\l                                                                       ; aav.0x800143fc ; aav.0x800143fc\l0x8000a548      bne v0, v1, 0x8000a65c\l0x8000a54c      move a0, s0\l"]
	"0x8000a550" [URL="sym.test_messagePass/0x8000a550", fillcolor="#c19c00",color="#c19c00", fontname="Courier",label="0x8000a550      lui v0, 0x8001\l0x8000a554      addiu v0, v0, -0x7228                                  ; 0x80008dd8\l                                                                       ; sym.testPass ; sym.testPass\l0x8000a558      jalr v0\l0x8000a55c      nop\l0x8000a560      lui a1, 0x8001\l"]
	"0x8000a564" [URL="sym.test_messagePass/0x8000a564", fillcolor="#c19c00",color="#c19c00", fontname="Courier",label="; CODE XREF from sym.test_messagePass @ 0x8000a66c\l0x8000a564      addiu a1, a1, 0x4f24                                   ; esilref: 'Receive timeout'\l0x8000a568      jalr s3\l0x8000a56c      move a0, s0\l0x8000a570      jalr s4\l0x8000a574      nop\l0x8000a578      move a0, v0\l0x8000a57c      lui v0, 0x8000\l0x8000a580      addiu v0, v0, 0x2208                                   ; 0x80002208\l                                                                       ; sym.getprio ; sym.getprio\l0x8000a584      jalr v0\l0x8000a588      addiu s4, zero, -1\l0x8000a58c      move a2, v0\l0x8000a590      addiu v1, zero, 1\l0x8000a594      lui a3, 0x8001\l0x8000a598      lui a0, 0x8001\l0x8000a59c      lui v0, 0x8000\l0x8000a5a0      sw s0, (var_24h)\l0x8000a5a4      sw v1, (var_28h)\l0x8000a5a8      addiu a3, a3, 0x4f34                                   ; esilref: 'recvthread'\l0x8000a5ac      lui a1, 1\l0x8000a5b0      addiu v0, v0, 0x1c98                                   ; 0x80001c98\l                                                                       ; sym.create ; sym.create\l0x8000a5b4      jalr v0\l0x8000a5b8      addiu a0, a0, -0x5cc8                                  ; 0x8000a338\l                                                                       ; sym.recvthread ; sym.recvthread\l0x8000a5bc      bne v0, s4, 0x8000a674\l0x8000a5c0      move s3, v0\l"]
	"0x8000a5c4" [URL="sym.test_messagePass/0x8000a5c4", fillcolor="#c19c00",color="#c19c00", fontname="Courier",label="0x8000a5c4      lui a1, 0x8001\l"]
	"0x8000a5c8" [URL="sym.test_messagePass/0x8000a5c8", fillcolor="#c19c00",color="#c19c00", fontname="Courier",label="; CODE XREF from sym.test_messagePass @ 0x8000a688\l0x8000a5c8      lui v0, 0x8001\l0x8000a5cc      addiu a1, a1, 0x4f40                                   \l; esilref: '\l; unable to create receiver thread'\l0x8000a5d0      addiu v0, v0, -0x7204                                  ; 0x80008dfc\l                                                                       ; sym.testFail ; sym.testFail\l0x8000a5d4      jalr v0\l0x8000a5d8      move a0, s0\l0x8000a5dc      lui v0, 0x8001\l"]
	"0x8000a5e0" [URL="sym.test_messagePass/0x8000a5e0", fillcolor="#c19c00",color="#c19c00", fontname="Courier",label="; CODE XREFS from sym.test_messagePass @ 0x8000a718, 0x8000a720\l0x8000a5e0      addiu a1, s1, 0x43fc                                   ; 0x800143fc\l                                                                       ; aav.0x800143fc ; aav.0x800143fc\l0x8000a5e4      addiu a0, zero, 1\l0x8000a5e8      b 0x8000a738\l0x8000a5ec      addiu v0, v0, -0x7204                                  ; 0x80008dfc\l                                                                       ; sym.testFail ; sym.testFail\l"]
	"0x8000a5f0" [URL="sym.test_messagePass/0x8000a5f0", fillcolor="#c19c00",color="#c19c00", fontname="Courier",label="; CODE XREF from sym.test_messagePass @ 0x8000a434\l0x8000a5f0      lui v0, 0x8001\l0x8000a5f4      addiu v0, v0, -0x7204                                  ; 0x80008dfc\l                                                                       ; sym.testFail ; sym.testFail\l0x8000a5f8      jalr v0\l0x8000a5fc      move s2, zero\l0x8000a600      b 0x8000a450\l0x8000a604      lui a1, 0x8001\l"]
	"0x8000a608" [URL="sym.test_messagePass/0x8000a608", fillcolor="#c19c00",color="#c19c00", fontname="Courier",label="; CODE XREF from sym.test_messagePass @ 0x8000a474\l0x8000a608      lui v0, 0x8001\l0x8000a60c      addiu a1, a1, 0x4e74                                   \l; arg2 ; esilref: '\l; send() returned OK even though a message already exists'\l0x8000a610      addiu v0, v0, -0x7204                                  ; 0x80008dfc\l                                                                       ; sym.testFail ; sym.testFail\l0x8000a614      jalr v0\l0x8000a618      move a0, s0\l0x8000a61c      b 0x8000a490\l0x8000a620      move s2, zero\l"]
	"0x8000a624" [URL="sym.test_messagePass/0x8000a624", fillcolor="#c19c00",color="#c19c00", fontname="Courier",label="; CODE XREF from sym.test_messagePass @ 0x8000a4b8\l0x8000a624      lui v0, 0x8001\l0x8000a628      addiu v0, v0, -0x7204                                  ; 0x80008dfc\l                                                                       ; sym.testFail ; sym.testFail\l0x8000a62c      jalr v0\l0x8000a630      move s2, zero\l0x8000a634      b 0x8000a4d0\l0x8000a638      nop\l"]
	"0x8000a63c" [URL="sym.test_messagePass/0x8000a63c", fillcolor="#c19c00",color="#c19c00", fontname="Courier",label="; CODE XREF from sym.test_messagePass @ 0x8000a4e8\l0x8000a63c      addiu a1, a1, 0x4ee8\l0x8000a640      move a0, s0\l"]
	"0x8000a644" [URL="sym.test_messagePass/0x8000a644", fillcolor="#c19c00",color="#c19c00", fontname="Courier",label="; CODE XREF from sym.test_messagePass @ 0x8000a510\l0x8000a644      lui v0, 0x8001\l0x8000a648      addiu v0, v0, -0x7204                                  ; 0x80008dfc\l                                                                       ; sym.testFail ; sym.testFail\l0x8000a64c      jalr v0\l0x8000a650      move s2, zero\l0x8000a654      b 0x8000a52c\l0x8000a658      lui a1, 0x8001\l"]
	"0x8000a65c" [URL="sym.test_messagePass/0x8000a65c", fillcolor="#c19c00",color="#c19c00", fontname="Courier",label="; CODE XREF from sym.test_messagePass @ 0x8000a548\l0x8000a65c      lui v0, 0x8001\l0x8000a660      addiu v0, v0, -0x7204                                  ; 0x80008dfc\l                                                                       ; sym.testFail ; sym.testFail\l0x8000a664      jalr v0\l0x8000a668      move s2, zero\l0x8000a66c      b 0x8000a564\l0x8000a670      lui a1, 0x8001\l"]
	"0x8000a674" [URL="sym.test_messagePass/0x8000a674", fillcolor="#c19c00",color="#c19c00", fontname="Courier",label="; CODE XREF from sym.test_messagePass @ 0x8000a5bc\l0x8000a674      move a0, v0\l0x8000a678      lui v0, 0x8000\l0x8000a67c      addiu v0, v0, 0x2020                                   ; 0x80002020\l                                                                       ; sym.ready ; sym.ready\l0x8000a680      jalr v0\l0x8000a684      addiu a1, zero, 1\l0x8000a688      beq v0, s4, 0x8000a5c8\l0x8000a68c      lui a1, 0x8001\l"]
	"0x8000a690" [URL="sym.test_messagePass/0x8000a690", fillcolor="#c19c00",color="#c19c00", fontname="Courier",label="0x8000a690      lui v0, 0x8000\l0x8000a694      addiu v0, v0, 0x279c                                   ; 0x8000279c\l                                                                       ; sym.sleep ; sym.sleep\l0x8000a698      jalr v0\l0x8000a69c      addiu a0, zero, 0x64\l0x8000a6a0      addiu v0, zero, 0x54\l0x8000a6a4      mul v1, s3, v0\l0x8000a6a8      lui s4, 0x8002\l0x8000a6ac      addiu s4, s4, -0x3004                                  ; 0x8001cffc\l                                                                       ; v1 ; obj.thrtab\l0x8000a6b0      addu v0, v1, s4\l0x8000a6b4      lbu v1, (v0)\l0x8000a6b8      addiu v0, zero, 4\l0x8000a6bc      bne v1, v0, 0x8000a6f4\l0x8000a6c0      addiu v0, zero, 0x54\l"]
	"0x8000a6c4" [URL="sym.test_messagePass/0x8000a6c4", fillcolor="#c19c00",color="#c19c00", fontname="Courier",label="0x8000a6c4      lui v0, 0x8000\l0x8000a6c8      addiu v0, v0, 0x1e78                                   ; 0x80001e78\l                                                                       ; sym.kill ; sym.kill\l0x8000a6cc      jalr v0\l0x8000a6d0      move a0, s3\l0x8000a6d4      lui a1, 0x8001\l0x8000a6d8      lui v0, 0x8001\l0x8000a6dc      addiu a1, a1, 0x4f64                                   \l; esilref: '\l; receive thread still waiting'\l0x8000a6e0      addiu v0, v0, -0x7204                                  ; 0x80008dfc\l                                                                       ; sym.testFail ; sym.testFail\l0x8000a6e4      jalr v0\l0x8000a6e8      move a0, s0\l0x8000a6ec      move s2, zero\l0x8000a6f0      addiu v0, zero, 0x54\l"]
	"0x8000a6f4" [URL="sym.test_messagePass/0x8000a6f4", fillcolor="#c19c00",color="#c19c00", fontname="Courier",label="; CODE XREF from sym.test_messagePass @ 0x8000a6bc\l0x8000a6f4      mul v1, s3, v0\l0x8000a6f8      addiu v0, zero, 5\l0x8000a6fc      addu s4, v1, s4\l0x8000a700      lbu v1, (s4)\l0x8000a704      bne v1, v0, 0x8000a720\l0x8000a708      lui v0, 0x8000\l"]
	"0x8000a70c" [URL="sym.test_messagePass/0x8000a70c", fillcolor="#c19c00",color="#c19c00", fontname="Courier",label="0x8000a70c      addiu v0, v0, 0x1e78                                   ; 0x80001e78\l                                                                       ; sym.kill ; sym.kill\l0x8000a710      jalr v0\l0x8000a714      move a0, s3\l0x8000a718      b 0x8000a5e0\l0x8000a71c      lui v0, 0x8001\l"]
	"0x8000a720" [URL="sym.test_messagePass/0x8000a720", fillcolor="#c19c00",color="#c19c00", fontname="Courier",label="; CODE XREF from sym.test_messagePass @ 0x8000a704\l0x8000a720      beqz s2, 0x8000a5e0\l0x8000a724      lui v0, 0x8001\l"]
	"0x8000a728" [URL="sym.test_messagePass/0x8000a728", fillcolor="#c19c00",color="#c19c00", fontname="Courier",label="0x8000a728      lui v0, 0x8001\l0x8000a72c      addiu a1, s1, 0x43fc                                   ; 0x800143fc\l                                                                       ; aav.0x800143fc ; aav.0x800143fc\l0x8000a730      addiu a0, zero, 1\l0x8000a734      addiu v0, v0, -0x7228                                  ; 0x80008dd8\l                                                                       ; sym.testPass ; sym.testPass\l"]
	"0x8000a738" [URL="sym.test_messagePass/0x8000a738", fillcolor="#c19c00",color="#c19c00", fontname="Courier",label="; CODE XREF from sym.test_messagePass @ 0x8000a5e8\l0x8000a738      jalr v0\l0x8000a73c      nop\l0x8000a740      lw ra, (var_4h)\l0x8000a744      lw s6, (var_8h)\l0x8000a748      lw s5, (var_ch)\l0x8000a74c      lw s4, (var_10h)\l0x8000a750      lw s3, (var_14h)\l0x8000a754      lw s2, (var_18h)\l0x8000a758      lw s1, (var_1ch)\l0x8000a75c      lw s0, (var_20h)\l0x8000a760      addiu v0, zero, 1\l0x8000a764      jr ra\l0x8000a768      addiu sp, sp, 0x38\l"]
        "0x8000a3bc" -> "0x8000a5f0" [color="#13a10e"];
        "0x8000a3bc" -> "0x8000a43c" [color="#c50f1f"];
        "0x8000a43c" -> "0x8000a450" [color="#0037da"];
        "0x8000a450" -> "0x8000a608" [color="#13a10e"];
        "0x8000a450" -> "0x8000a47c" [color="#c50f1f"];
        "0x8000a47c" -> "0x8000a490" [color="#0037da"];
        "0x8000a490" -> "0x8000a624" [color="#13a10e"];
        "0x8000a490" -> "0x8000a4c0" [color="#c50f1f"];
        "0x8000a4c0" -> "0x8000a4d0" [color="#0037da"];
        "0x8000a4d0" -> "0x8000a63c" [color="#13a10e"];
        "0x8000a4d0" -> "0x8000a4f0" [color="#c50f1f"];
        "0x8000a4f0" -> "0x8000a644" [color="#13a10e"];
        "0x8000a4f0" -> "0x8000a518" [color="#c50f1f"];
        "0x8000a518" -> "0x8000a52c" [color="#0037da"];
        "0x8000a52c" -> "0x8000a65c" [color="#13a10e"];
        "0x8000a52c" -> "0x8000a550" [color="#c50f1f"];
        "0x8000a550" -> "0x8000a564" [color="#0037da"];
        "0x8000a564" -> "0x8000a674" [color="#13a10e"];
        "0x8000a564" -> "0x8000a5c4" [color="#c50f1f"];
        "0x8000a5c4" -> "0x8000a5c8" [color="#0037da"];
        "0x8000a5c8" -> "0x8000a5e0" [color="#0037da"];
        "0x8000a5e0" -> "0x8000a738" [color="#0037da"];
        "0x8000a5f0" -> "0x8000a450" [color="#0037da"];
        "0x8000a608" -> "0x8000a490" [color="#0037da"];
        "0x8000a624" -> "0x8000a4d0" [color="#0037da"];
        "0x8000a63c" -> "0x8000a644" [color="#0037da"];
        "0x8000a644" -> "0x8000a52c" [color="#0037da"];
        "0x8000a65c" -> "0x8000a564" [color="#0037da"];
        "0x8000a674" -> "0x8000a5c8" [color="#13a10e"];
        "0x8000a674" -> "0x8000a690" [color="#c50f1f"];
        "0x8000a690" -> "0x8000a6f4" [color="#13a10e"];
        "0x8000a690" -> "0x8000a6c4" [color="#c50f1f"];
        "0x8000a6c4" -> "0x8000a6f4" [color="#0037da"];
        "0x8000a6f4" -> "0x8000a720" [color="#13a10e"];
        "0x8000a6f4" -> "0x8000a70c" [color="#c50f1f"];
        "0x8000a70c" -> "0x8000a5e0" [color="#0037da"];
        "0x8000a720" -> "0x8000a5e0" [color="#13a10e"];
        "0x8000a720" -> "0x8000a728" [color="#c50f1f"];
        "0x8000a728" -> "0x8000a738" [color="#0037da"];
}
