digraph code {
	graph [bgcolor=azure fontsize=8 fontname="Courier" splines="ortho"];
	node [fillcolor=gray style=filled shape=box];
	edge [arrowhead="normal"];
	"0x8000b3a8" [URL="sym.test_system/0x8000b3a8", fillcolor="#c19c00",color="#c19c00", fontname="Courier",label="  ; UNKNOWN XREF from obj.testtab @ +0x9c\l852: sym.test_system (int32_t arg1, int32_t arg2);\l; var int32_t var_1ch @ sp+0x14\l; var int32_t var_18h @ sp+0x18\l; var int32_t var_14h @ sp+0x1c\l; var int32_t var_10h @ sp+0x20\l; var int32_t var_ch @ sp+0x24\l; var int32_t var_8h @ sp+0x28\l; var int32_t var_4h @ sp+0x2c\l; arg int32_t arg1 @ a0\l; arg int32_t arg2 @ a1\l0x8000b3a8      addiu sp, sp, -0x30\l0x8000b3ac      lui a1, 0x8001\l0x8000b3b0      sw s4, (var_ch)\l0x8000b3b4      sw s3, (var_10h)\l0x8000b3b8      lui s4, 0x8000\l0x8000b3bc      lui s3, 0x8001\l0x8000b3c0      sw ra, (var_4h)\l0x8000b3c4      sw s1, (var_18h)\l0x8000b3c8      sw s0, (var_1ch)\l0x8000b3cc      addiu a1, a1, 0x50b4                                   ; arg2 ; esilref: 'Checking gettid()'\l0x8000b3d0      sw s5, (var_8h)\l0x8000b3d4      sw s2, (var_14h)\l0x8000b3d8      addiu s3, s3, -0x71bc                                  ; 0x80008e44\l                                                                       ; sym.testPrint ; sym.testPrint\l0x8000b3dc      addiu s4, s4, 0x249c                                   ; 0x8000249c\l                                                                       ; sym.gettid ; sym.gettid\l0x8000b3e0      jalr s3\l0x8000b3e4      move s0, a0\l0x8000b3e8      jalr s4\l0x8000b3ec      lui s1, 0x8001\l0x8000b3f0      lui v1, 0x8002\l0x8000b3f4      lw v1, -0x3588(v1)                                     ; [0x8001ca78:4]=0\l                                                                       ; obj.thrcurrent\l0x8000b3f8      beq v0, v1, 0x8000b624\l0x8000b3fc      lui a1, 0x8001\l"]
	"0x8000b400" [URL="sym.test_system/0x8000b400", fillcolor="#c19c00",color="#c19c00", fontname="Courier",label="0x8000b400      lui v0, 0x8001\l0x8000b404      addiu a1, a1, 0x50c8                                   ; esilref: 'gettid() does not return thrcurrent'\l0x8000b408      addiu v0, v0, -0x7204                                  ; 0x80008dfc\l                                                                       ; sym.testFail ; sym.testFail\l0x8000b40c      jalr v0\l0x8000b410      move a0, s0\l0x8000b414      lui a1, 0x8001\l0x8000b418      lui a0, 0x8001\l0x8000b41c      lui v0, 0x8001\l0x8000b420      addiu a2, zero, 0x12\l0x8000b424      addiu a1, a1, 0x50ec                                   ; esilref: '../test/test_system.c'\l0x8000b428      addiu v0, v0, 0x1c68                                   ; 0x80011c68\l                                                                       ; sym.printf ; sym.printf\l0x8000b42c      jalr v0\l0x8000b430      addiu a0, a0, 0x5104                                   \l; esilref: '\t&s:&d\r\l; '\l0x8000b434      move s2, zero\l"]
	"0x8000b438" [URL="sym.test_system/0x8000b438", fillcolor="#c19c00",color="#c19c00", fontname="Courier",label="; CODE XREF from sym.test_system @ 0x8000b638\l0x8000b438      lui a1, 0x8001\l0x8000b43c      addiu a1, a1, 0x5110                                   ; arg2 ; esilref: 'Checking getprio()'\l0x8000b440      jalr s3\l0x8000b444      move a0, s0\l0x8000b448      jalr s4\l0x8000b44c      nop\l0x8000b450      addiu a0, zero, 0x54                                   ; arg1\l0x8000b454      mul a1, v0, a0\l0x8000b458      lui v1, 0x8002\l0x8000b45c      addiu v1, v1, -0x3004                                  ; 0x8001cffc ; obj.thrtab\l0x8000b460      addu v0, a1, v1                                        ; arg2\l0x8000b464      jalr s4\l0x8000b468      lw s5, 4(v0)\l0x8000b46c      lui s4, 0x8000\l0x8000b470      addiu s4, s4, 0x2208                                   ; 0x80002208\l                                                                       ; sym.getprio ; sym.getprio\l0x8000b474      jalr s4\l0x8000b478      move a0, v0\l0x8000b47c      beq s5, v0, 0x8000b640\l0x8000b480      lui a1, 0x8001\l"]
	"0x8000b484" [URL="sym.test_system/0x8000b484", fillcolor="#c19c00",color="#c19c00", fontname="Courier",label="0x8000b484      lui v0, 0x8001\l0x8000b488      addiu a1, a1, 0x5124                                   ; esilref: 'getprio() does not return prio'\l0x8000b48c      addiu v0, v0, -0x7204                                  ; 0x80008dfc\l                                                                       ; sym.testFail ; sym.testFail\l0x8000b490      jalr v0\l0x8000b494      move a0, s0\l0x8000b498      lui a1, 0x8001\l0x8000b49c      lui a0, 0x8001\l0x8000b4a0      lui v0, 0x8001\l0x8000b4a4      addiu a2, zero, 0x16\l0x8000b4a8      addiu a1, a1, 0x50ec                                   ; esilref: '../test/test_system.c'\l0x8000b4ac      addiu v0, v0, 0x1c68                                   ; 0x80011c68\l                                                                       ; sym.printf ; sym.printf\l0x8000b4b0      jalr v0\l0x8000b4b4      addiu a0, a0, 0x5104                                   \l; esilref: '\t&s:&d\r\l; '\l0x8000b4b8      move s2, zero\l"]
	"0x8000b4bc" [URL="sym.test_system/0x8000b4bc", fillcolor="#c19c00",color="#c19c00", fontname="Courier",label="; CODE XREF from sym.test_system @ 0x8000b654\l0x8000b4bc      jalr s4\l0x8000b4c0      addiu a0, zero, -1                                     ; arg1\l0x8000b4c4      addiu v1, zero, -1\l0x8000b4c8      beq v0, v1, 0x8000b65c\l0x8000b4cc      lui a1, 0x8001\l"]
	"0x8000b4d0" [URL="sym.test_system/0x8000b4d0", fillcolor="#c19c00",color="#c19c00", fontname="Courier",label="0x8000b4d0      lui v0, 0x8001\l0x8000b4d4      addiu a1, a1, 0x5144                                   ; esilref: 'getprio() does not return SYSERR for bad tid'\l0x8000b4d8      addiu v0, v0, -0x7204                                  ; 0x80008dfc\l                                                                       ; sym.testFail ; sym.testFail\l0x8000b4dc      jalr v0\l0x8000b4e0      move a0, s0\l0x8000b4e4      lui a1, 0x8001\l0x8000b4e8      lui a0, 0x8001\l0x8000b4ec      lui v0, 0x8001\l0x8000b4f0      addiu a2, zero, 0x18\l0x8000b4f4      addiu a1, a1, 0x50ec                                   ; esilref: '../test/test_system.c'\l0x8000b4f8      addiu v0, v0, 0x1c68                                   ; 0x80011c68\l                                                                       ; sym.printf ; sym.printf\l0x8000b4fc      jalr v0\l0x8000b500      addiu a0, a0, 0x5104                                   \l; esilref: '\t&s:&d\r\l; '\l0x8000b504      move s2, zero\l"]
	"0x8000b508" [URL="sym.test_system/0x8000b508", fillcolor="#c19c00",color="#c19c00", fontname="Courier",label="; CODE XREF from sym.test_system @ 0x8000b670\l0x8000b508      jalr s4\l0x8000b50c      addiu a0, zero, 0x64\l0x8000b510      addiu v1, zero, -1\l0x8000b514      beq v0, v1, 0x8000b678\l0x8000b518      lui v0, 0x8001\l"]
	"0x8000b51c" [URL="sym.test_system/0x8000b51c", fillcolor="#c19c00",color="#c19c00", fontname="Courier",label="0x8000b51c      lui a1, 0x8001\l0x8000b520      addiu a1, a1, 0x5144                                   ; esilref: 'getprio() does not return SYSERR for bad tid'\l0x8000b524      addiu v0, v0, -0x7204                                  ; 0x80008dfc\l                                                                       ; sym.testFail ; sym.testFail\l0x8000b528      jalr v0\l0x8000b52c      move a0, s0\l0x8000b530      lui a1, 0x8001\l0x8000b534      lui a0, 0x8001\l0x8000b538      lui v0, 0x8001\l0x8000b53c      addiu a2, zero, 0x1a\l0x8000b540      addiu a1, a1, 0x50ec                                   ; esilref: '../test/test_system.c'\l0x8000b544      addiu v0, v0, 0x1c68                                   ; 0x80011c68\l                                                                       ; sym.printf ; sym.printf\l0x8000b548      jalr v0\l0x8000b54c      addiu a0, a0, 0x5104                                   \l; esilref: '\t&s:&d\r\l; '\l0x8000b550      move s2, zero\l0x8000b554      lui a1, 0x8001\l"]
	"0x8000b558" [URL="sym.test_system/0x8000b558", fillcolor="#c19c00",color="#c19c00", fontname="Courier",label="; CODE XREF from sym.test_system @ 0x8000b68c\l0x8000b558      move a0, s0\l0x8000b55c      jalr s3\l0x8000b560      addiu a1, a1, 0x5174                                   ; esilref: 'Checking getdev()'\l0x8000b564      lui a0, 0x8001\l0x8000b568      lui s3, 0x8000\l0x8000b56c      addiu s3, s3, 0x39f0                                   ; 0x800039f0\l                                                                       ; sym.getdev ; sym.getdev\l0x8000b570      jalr s3\l0x8000b574      addiu a0, a0, 0x5188                                   ; 0x80015188 ; \"SERIAL0\" ; aav.0x80015188\l0x8000b578      beqz v0, 0x8000b694\l0x8000b57c      lui v0, 0x8001\l"]
	"0x8000b580" [URL="sym.test_system/0x8000b580", fillcolor="#c19c00",color="#c19c00", fontname="Courier",label="0x8000b580      lui a1, 0x8001\l0x8000b584      lui v0, 0x8001\l0x8000b588      addiu a1, a1, 0x5190                                   ; esilref: 'getdev failed'\l0x8000b58c      addiu v0, v0, -0x7204                                  ; 0x80008dfc\l                                                                       ; sym.testFail ; sym.testFail\l0x8000b590      jalr v0\l0x8000b594      move a0, s0\l0x8000b598      lui a1, 0x8001\l0x8000b59c      lui a0, 0x8001\l0x8000b5a0      lui v0, 0x8001\l0x8000b5a4      addiu a2, zero, 0x1e\l0x8000b5a8      addiu a1, a1, 0x50ec                                   ; esilref: '../test/test_system.c'\l0x8000b5ac      addiu v0, v0, 0x1c68                                   ; 0x80011c68\l                                                                       ; sym.printf ; sym.printf\l0x8000b5b0      jalr v0\l0x8000b5b4      addiu a0, a0, 0x5104                                   \l; esilref: '\t&s:&d\r\l; '\l0x8000b5b8      move s2, zero\l0x8000b5bc      lui a0, 0x8001\l"]
	"0x8000b5c0" [URL="sym.test_system/0x8000b5c0", fillcolor="#c19c00",color="#c19c00", fontname="Courier",label="; CODE XREF from sym.test_system @ 0x8000b6a4\l0x8000b5c0      jalr s3\l0x8000b5c4      addiu a0, a0, 0x51a0                                   ; esilref: 'BADDEV'\l0x8000b5c8      addiu v1, zero, -1\l0x8000b5cc      beq v0, v1, 0x8000b6ac\l0x8000b5d0      lui a1, 0x8001\l"]
	"0x8000b5d4" [URL="sym.test_system/0x8000b5d4", fillcolor="#c19c00",color="#c19c00", fontname="Courier",label="0x8000b5d4      lui v0, 0x8001\l0x8000b5d8      addiu a1, a1, 0x5190                                   ; esilref: 'getdev failed'\l0x8000b5dc      addiu v0, v0, -0x7204                                  ; 0x80008dfc\l                                                                       ; sym.testFail ; sym.testFail\l0x8000b5e0      jalr v0\l0x8000b5e4      move a0, s0\l0x8000b5e8      lui a1, 0x8001\l0x8000b5ec      lui a0, 0x8001\l0x8000b5f0      lui v0, 0x8001\l0x8000b5f4      addiu a2, zero, 0x1f\l0x8000b5f8      addiu a1, a1, 0x50ec                                   ; esilref: '../test/test_system.c'\l0x8000b5fc      addiu v0, v0, 0x1c68                                   ; 0x80011c68\l                                                                       ; sym.printf ; sym.printf\l0x8000b600      jalr v0\l0x8000b604      addiu a0, a0, 0x5104                                   \l; esilref: '\t&s:&d\r\l; '\l0x8000b608      lui v0, 0x8001\l"]
	"0x8000b60c" [URL="sym.test_system/0x8000b60c", fillcolor="#c19c00",color="#c19c00", fontname="Courier",label="; CODE XREF from sym.test_system @ 0x8000b6c0\l0x8000b60c      addiu a1, s1, 0x43fc                                   ; 0x800143fc\l                                                                       ; aav.0x800143fc ; aav.0x800143fc\l0x8000b610      addiu v0, v0, -0x7204                                  ; 0x80008dfc\l                                                                       ; sym.testFail ; sym.testFail\l0x8000b614      jalr v0\l0x8000b618      addiu a0, zero, 1\l0x8000b61c      b 0x8000b6d8\l0x8000b620      lw ra, (var_4h)\l"]
	"0x8000b624" [URL="sym.test_system/0x8000b624", fillcolor="#c19c00",color="#c19c00", fontname="Courier",label="; CODE XREF from sym.test_system @ 0x8000b3f8\l0x8000b624      lui v0, 0x8001\l0x8000b628      addiu a1, s1, 0x43fc                                   ; 0x800143fc\l                                                                       ; aav.0x800143fc ; arg2 ; aav.0x800143fc\l0x8000b62c      addiu v0, v0, -0x7228                                  ; 0x80008dd8\l                                                                       ; sym.testPass ; sym.testPass\l0x8000b630      jalr v0\l0x8000b634      move a0, s0\l0x8000b638      b 0x8000b438\l0x8000b63c      addiu s2, zero, 1\l"]
	"0x8000b640" [URL="sym.test_system/0x8000b640", fillcolor="#c19c00",color="#c19c00", fontname="Courier",label="; CODE XREF from sym.test_system @ 0x8000b47c\l0x8000b640      lui v0, 0x8001\l0x8000b644      addiu a1, s1, 0x43fc                                   ; 0x800143fc\l                                                                       ; aav.0x800143fc ; arg2 ; aav.0x800143fc\l0x8000b648      addiu v0, v0, -0x7228                                  ; 0x80008dd8\l                                                                       ; sym.testPass ; sym.testPass\l0x8000b64c      jalr v0\l0x8000b650      move a0, s0\l0x8000b654      b 0x8000b4bc\l0x8000b658      nop\l"]
	"0x8000b65c" [URL="sym.test_system/0x8000b65c", fillcolor="#c19c00",color="#c19c00", fontname="Courier",label="; CODE XREF from sym.test_system @ 0x8000b4c8\l0x8000b65c      lui v0, 0x8001\l0x8000b660      addiu a1, s1, 0x43fc                                   ; 0x800143fc\l                                                                       ; aav.0x800143fc ; arg2 ; aav.0x800143fc\l0x8000b664      addiu v0, v0, -0x7228                                  ; 0x80008dd8\l                                                                       ; sym.testPass ; sym.testPass\l0x8000b668      jalr v0\l0x8000b66c      move a0, s0\l0x8000b670      b 0x8000b508\l0x8000b674      nop\l"]
	"0x8000b678" [URL="sym.test_system/0x8000b678", fillcolor="#c19c00",color="#c19c00", fontname="Courier",label="; CODE XREF from sym.test_system @ 0x8000b514\l0x8000b678      lui v0, 0x8001\l0x8000b67c      addiu a1, s1, 0x43fc                                   ; 0x800143fc\l                                                                       ; aav.0x800143fc ; aav.0x800143fc\l0x8000b680      addiu v0, v0, -0x7228                                  ; 0x80008dd8\l                                                                       ; sym.testPass ; sym.testPass\l0x8000b684      jalr v0\l0x8000b688      move a0, s0\l0x8000b68c      b 0x8000b558\l0x8000b690      lui a1, 0x8001\l"]
	"0x8000b694" [URL="sym.test_system/0x8000b694", fillcolor="#c19c00",color="#c19c00", fontname="Courier",label="; CODE XREF from sym.test_system @ 0x8000b578\l0x8000b694      addiu a1, s1, 0x43fc                                   ; 0x800143fc\l                                                                       ; aav.0x800143fc ; aav.0x800143fc\l0x8000b698      addiu v0, v0, -0x7228\l0x8000b69c      jalr v0\l0x8000b6a0      move a0, s0\l0x8000b6a4      b 0x8000b5c0\l0x8000b6a8      lui a0, 0x8001\l"]
	"0x8000b6ac" [URL="sym.test_system/0x8000b6ac", fillcolor="#c19c00",color="#c19c00", fontname="Courier",label="; CODE XREF from sym.test_system @ 0x8000b5cc\l0x8000b6ac      move a0, s0\l0x8000b6b0      lui s0, 0x8001\l0x8000b6b4      addiu s0, s0, -0x7228                                  ; 0x80008dd8\l                                                                       ; sym.testPass ; sym.testPass\l0x8000b6b8      jalr s0\l0x8000b6bc      addiu a1, s1, 0x43fc                                   ; 0x800143fc\l                                                                       ; aav.0x800143fc ; aav.0x800143fc\l0x8000b6c0      beqz s2, 0x8000b60c\l0x8000b6c4      lui v0, 0x8001\l"]
	"0x8000b6c8" [URL="sym.test_system/0x8000b6c8", fillcolor="#c19c00",color="#c19c00", fontname="Courier",label="0x8000b6c8      addiu a1, s1, 0x43fc                                   ; 0x800143fc\l                                                                       ; aav.0x800143fc ; aav.0x800143fc\l0x8000b6cc      jalr s0\l0x8000b6d0      addiu a0, zero, 1\l0x8000b6d4      lw ra, (var_4h)\l"]
	"0x8000b6d8" [URL="sym.test_system/0x8000b6d8", fillcolor="#c19c00",color="#c19c00", fontname="Courier",label="; CODE XREF from sym.test_system @ 0x8000b61c\l0x8000b6d8      lw s5, (var_8h)\l0x8000b6dc      lw s4, (var_ch)\l0x8000b6e0      lw s3, (var_10h)\l0x8000b6e4      lw s2, (var_14h)\l0x8000b6e8      lw s1, (var_18h)\l0x8000b6ec      lw s0, (var_1ch)\l0x8000b6f0      addiu v0, zero, 1\l0x8000b6f4      jr ra\l0x8000b6f8      addiu sp, sp, 0x30\l"]
        "0x8000b3a8" -> "0x8000b624" [color="#13a10e"];
        "0x8000b3a8" -> "0x8000b400" [color="#c50f1f"];
        "0x8000b400" -> "0x8000b438" [color="#0037da"];
        "0x8000b438" -> "0x8000b640" [color="#13a10e"];
        "0x8000b438" -> "0x8000b484" [color="#c50f1f"];
        "0x8000b484" -> "0x8000b4bc" [color="#0037da"];
        "0x8000b4bc" -> "0x8000b65c" [color="#13a10e"];
        "0x8000b4bc" -> "0x8000b4d0" [color="#c50f1f"];
        "0x8000b4d0" -> "0x8000b508" [color="#0037da"];
        "0x8000b508" -> "0x8000b678" [color="#13a10e"];
        "0x8000b508" -> "0x8000b51c" [color="#c50f1f"];
        "0x8000b51c" -> "0x8000b558" [color="#0037da"];
        "0x8000b558" -> "0x8000b694" [color="#13a10e"];
        "0x8000b558" -> "0x8000b580" [color="#c50f1f"];
        "0x8000b580" -> "0x8000b5c0" [color="#0037da"];
        "0x8000b5c0" -> "0x8000b6ac" [color="#13a10e"];
        "0x8000b5c0" -> "0x8000b5d4" [color="#c50f1f"];
        "0x8000b5d4" -> "0x8000b60c" [color="#0037da"];
        "0x8000b60c" -> "0x8000b6d8" [color="#0037da"];
        "0x8000b624" -> "0x8000b438" [color="#0037da"];
        "0x8000b640" -> "0x8000b4bc" [color="#0037da"];
        "0x8000b65c" -> "0x8000b508" [color="#0037da"];
        "0x8000b678" -> "0x8000b558" [color="#0037da"];
        "0x8000b694" -> "0x8000b5c0" [color="#0037da"];
        "0x8000b6ac" -> "0x8000b60c" [color="#13a10e"];
        "0x8000b6ac" -> "0x8000b6c8" [color="#c50f1f"];
        "0x8000b6c8" -> "0x8000b6d8" [color="#0037da"];
}
