digraph code {
	graph [bgcolor=azure fontsize=8 fontname="Courier" splines="ortho"];
	node [fillcolor=gray style=filled shape=box];
	edge [arrowhead="normal"];
	"0x8000a974" [URL="sym.test_semaphore/0x8000a974", fillcolor="#c19c00",color="#c19c00", fontname="Courier",label="  ; UNKNOWN XREF from obj.testtab @ +0x24\l1004: sym.test_semaphore (int32_t arg1, int32_t arg2);\l; var int32_t var_70h @ sp+0x10\l; var int32_t var_6ch @ sp+0x14\l; var int32_t var_68h @ sp+0x18\l; var int32_t var_64h @ sp+0x1c\l; var int32_t var_60h @ sp+0x20\l; var int32_t var_2eh @ sp+0x52\l; var int32_t var_28h @ sp+0x58\l; var int32_t var_24h @ sp+0x5c\l; var int32_t var_20h @ sp+0x60\l; var int32_t var_1ch @ sp+0x64\l; var int32_t var_18h @ sp+0x68\l; var int32_t var_14h @ sp+0x6c\l; var int32_t var_10h @ sp+0x70\l; var int32_t var_ch @ sp+0x74\l; var int32_t var_8h @ sp+0x78\l; var int32_t var_4h @ sp+0x7c\l; arg int32_t arg1 @ a0\l; arg int32_t arg2 @ a1\l0x8000a974      addiu sp, sp, -0x80\l0x8000a978      lui a1, 0x8001\l0x8000a97c      sw s4, (var_18h)\l0x8000a980      lui s4, 0x8001\l0x8000a984      addiu a1, a1, 0x4b54                                   ; arg2 ; esilref: 'Semaphore creation: '\l0x8000a988      addiu s4, s4, -0x71bc                                  ; 0x80008e44\l                                                                       ; sym.testPrint ; sym.testPrint\l0x8000a98c      sw ra, (var_4h)\l0x8000a990      sw s3, (var_1ch)\l0x8000a994      sw s1, (var_24h)\l0x8000a998      sw s0, (var_28h)\l0x8000a99c      sw fp, (var_8h)\l0x8000a9a0      move s0, a0\l0x8000a9a4      sw s7, (var_ch)\l0x8000a9a8      sw s6, (var_10h)\l0x8000a9ac      sw s5, (var_14h)\l0x8000a9b0      sw s2, (var_20h)\l0x8000a9b4      jalr s4\l0x8000a9b8      sb zero, (var_2eh)\l0x8000a9bc      lui v0, 0x8000\l0x8000a9c0      addiu v0, v0, 0x2a04                                   ; 0x80002a04\l                                                                       ; sym.semcreate ; sym.semcreate\l0x8000a9c4      jalr v0\l0x8000a9c8      move a0, zero\l0x8000a9cc      move s1, v0\l0x8000a9d0      sltiu v0, v0, 0x64\l0x8000a9d4      beqz v0, 0x8000aa00\l0x8000a9d8      lui s3, 0x8001\l"]
	"0x8000a9dc" [URL="sym.test_semaphore/0x8000a9dc", fillcolor="#c19c00",color="#c19c00", fontname="Courier",label="0x8000a9dc      addiu v0, zero, 0xc\l0x8000a9e0      mul a0, s1, v0\l0x8000a9e4      lui v1, 0x8002\l0x8000a9e8      addiu v1, v1, -0x34b4                                  ; 0x8001cb4c\l                                                                       ; obj.montab ; obj.semtab\l0x8000a9ec      addu v0, a0, v1\l0x8000a9f0      lb v1, (v0)\l0x8000a9f4      addiu v0, zero, 1\l0x8000a9f8      bne v1, v0, 0x8000ac1c\l0x8000a9fc      lui v0, 0x8001\l"]
	"0x8000aa00" [URL="sym.test_semaphore/0x8000aa00", fillcolor="#c19c00",color="#c19c00", fontname="Courier",label="; CODE XREF from sym.test_semaphore @ 0x8000a9d4\l0x8000aa00      lui a1, 0x8001\l0x8000aa04      lui v0, 0x8001\l0x8000aa08      move a2, s1\l0x8000aa0c      addiu a1, a1, 0x5fc4                                   ; 0x80015fc4 ; \"%d\" ; arg2 ; aav.0x80015fc4\l0x8000aa10      addiu v0, v0, 0x1e2c                                   ; 0x80011e2c\l                                                                       ; sym.sprintf ; sym.sprintf\l0x8000aa14      jalr v0\l0x8000aa18      addiu a0, sp, 0x20                                     ; arg1\l0x8000aa1c      lui v0, 0x8001\l0x8000aa20      addiu a1, sp, 0x20                                     ; arg2\l0x8000aa24      addiu v0, v0, -0x7204                                  ; 0x80008dfc\l                                                                       ; sym.testFail ; sym.testFail\l0x8000aa28      jalr v0\l0x8000aa2c      move a0, s0\l0x8000aa30      move s2, zero\l"]
	"0x8000aa34" [URL="sym.test_semaphore/0x8000aa34", fillcolor="#c19c00",color="#c19c00", fontname="Courier",label="; CODE XREFS from sym.test_semaphore @ 0x8000ac30, 0x8000ac4c\l0x8000aa34      addiu v0, sp, 0x52\l0x8000aa38      sw v0, (var_64h)\l0x8000aa3c      addiu v0, zero, 1\l0x8000aa40      sw v0, (var_68h)\l0x8000aa44      addiu v0, zero, 3\l0x8000aa48      sw v0, (var_70h)\l0x8000aa4c      lui a3, 0x8001\l0x8000aa50      lui a0, 0x8001\l0x8000aa54      lui v0, 0x8000\l0x8000aa58      addiu a2, zero, 0x1f\l0x8000aa5c      addiu a3, a3, 0x4b6c                                   ; esilref: 'SEMAPHORE-A'\l0x8000aa60      lui a1, 1\l0x8000aa64      addiu a0, a0, -0x5894                                  ; 0x8000a76c\l                                                                       ; sym.test_semWaiter ; sym.test_semWaiter\l0x8000aa68      addiu v0, v0, 0x1c98                                   ; 0x80001c98\l                                                                       ; sym.create ; sym.create\l0x8000aa6c      jalr v0\l0x8000aa70      sw s1, (var_6ch)\l0x8000aa74      move a0, v0\l0x8000aa78      move s5, v0\l0x8000aa7c      lui v0, 0x8000\l0x8000aa80      addiu v0, v0, 0x2020                                   ; 0x80002020\l                                                                       ; sym.ready ; sym.ready\l0x8000aa84      jalr v0\l0x8000aa88      addiu a1, zero, 1\l0x8000aa8c      lui a1, 0x8001\l0x8000aa90      addiu a1, a1, 0x4b84                                   ; esilref: 'Wait on semaphore: '\l0x8000aa94      move a0, s0\l0x8000aa98      jalr s4\l0x8000aa9c      lui s6, 0x8001\l0x8000aaa0      addiu s6, s6, -0x5768                                  ; 0x8000a898\l                                                                       ; sym.test_checkProcState ; sym.test_checkProcState\l0x8000aaa4      move a2, s0\l0x8000aaa8      addiu a1, zero, 7\l0x8000aaac      jalr s6\l0x8000aab0      move a0, s5\l0x8000aab4      bnez v0, 0x8000ac54\l0x8000aab8      lui v0, 0x8001\l"]
	"0x8000aabc" [URL="sym.test_semaphore/0x8000aabc", fillcolor="#c19c00",color="#c19c00", fontname="Courier",label="; CODE XREFS from sym.test_semaphore @ 0x8000ac68, 0x8000ac84\l0x8000aabc      move s2, zero\l0x8000aac0      lui fp, 0x8000\l"]
	"0x8000aac4" [URL="sym.test_semaphore/0x8000aac4", fillcolor="#c19c00",color="#c19c00", fontname="Courier",label="; CODE XREF from sym.test_semaphore @ 0x8000ac9c\l0x8000aac4      addiu fp, fp, 0x2c14                                   ; 0x80002c14\l                                                                       ; sym.signal ; sym.signal\l0x8000aac8      jalr fp\l0x8000aacc      move a0, s1\l0x8000aad0      lui a1, 0x8001\l0x8000aad4      addiu a1, a1, 0x4fe4                                   ; esilref: 'Signal semaphore: '\l0x8000aad8      jalr s4\l0x8000aadc      move a0, s0\l0x8000aae0      move a2, s0\l0x8000aae4      addiu a1, zero, 2\l0x8000aae8      jalr s6\l0x8000aaec      move a0, s5\l0x8000aaf0      bnez v0, 0x8000aca4\l0x8000aaf4      lui v0, 0x8001\l"]
	"0x8000aaf8" [URL="sym.test_semaphore/0x8000aaf8", fillcolor="#c19c00",color="#c19c00", fontname="Courier",label="; CODE XREFS from sym.test_semaphore @ 0x8000acb8, 0x8000acd4\l0x8000aaf8      move s2, zero\l0x8000aafc      lui s7, 0x8000\l"]
	"0x8000ab00" [URL="sym.test_semaphore/0x8000ab00", fillcolor="#c19c00",color="#c19c00", fontname="Courier",label="; CODE XREF from sym.test_semaphore @ 0x8000acec\l0x8000ab00      addiu a1, zero, 5\l0x8000ab04      addiu s7, s7, 0x2cd4                                   ; 0x80002cd4\l                                                                       ; sym.signaln ; sym.signaln\l0x8000ab08      jalr s7\l0x8000ab0c      move a0, s1\l0x8000ab10      lui a1, 0x8001\l0x8000ab14      addiu a1, a1, 0x4ff8                                   ; esilref: 'Signaln semaphore (valid count): '\l0x8000ab18      jalr s4\l0x8000ab1c      move a0, s0\l0x8000ab20      move a2, s0\l0x8000ab24      addiu a1, zero, 2\l0x8000ab28      jalr s6\l0x8000ab2c      move a0, s5\l0x8000ab30      bnez v0, 0x8000acf4\l0x8000ab34      lui v0, 0x8001\l"]
	"0x8000ab38" [URL="sym.test_semaphore/0x8000ab38", fillcolor="#c19c00",color="#c19c00", fontname="Courier",label="; CODE XREFS from sym.test_semaphore @ 0x8000ad08, 0x8000ad24\l0x8000ab38      move s2, zero\l0x8000ab3c      lui v0, 0x8000\l"]
	"0x8000ab40" [URL="sym.test_semaphore/0x8000ab40", fillcolor="#c19c00",color="#c19c00", fontname="Courier",label="; CODE XREF from sym.test_semaphore @ 0x8000ad3c\l0x8000ab40      addiu v0, v0, 0x2ad0                                   ; 0x80002ad0\l                                                                       ; sym.semfree ; sym.semfree\l0x8000ab44      jalr v0\l0x8000ab48      move a0, s1\l0x8000ab4c      lui a1, 0x8001\l0x8000ab50      addiu a1, a1, 0x501c                                   ; esilref: 'Signal bad semaphore: '\l0x8000ab54      jalr s4\l0x8000ab58      move a0, s0\l0x8000ab5c      jalr fp\l0x8000ab60      move a0, s1\l0x8000ab64      addiu v1, zero, -1\l0x8000ab68      bne v0, v1, 0x8000ad44\l0x8000ab6c      lui v0, 0x8001\l"]
	"0x8000ab70" [URL="sym.test_semaphore/0x8000ab70", fillcolor="#c19c00",color="#c19c00", fontname="Courier",label="0x8000ab70      addiu a1, s3, 0x43fc                                   ; 0x800143fc\l                                                                       ; aav.0x800143fc ; aav.0x800143fc\l0x8000ab74      addiu v0, v0, -0x7228                                  ; 0x80008dd8\l                                                                       ; sym.testPass ; sym.testPass\l0x8000ab78      jalr v0\l0x8000ab7c      move a0, s0\l"]
	"0x8000ab80" [URL="sym.test_semaphore/0x8000ab80", fillcolor="#c19c00",color="#c19c00", fontname="Courier",label="; CODE XREF from sym.test_semaphore @ 0x8000ad44\l0x8000ab80      lui a1, 0x8001\l0x8000ab84      addiu a1, a1, 0x5034                                   ; arg2 ; esilref: 'Signaln bad semaphore: '\l0x8000ab88      jalr s4\l0x8000ab8c      move a0, s0\l0x8000ab90      addiu a1, zero, 4                                      ; arg2\l0x8000ab94      jalr s7\l0x8000ab98      move a0, s1\l0x8000ab9c      addiu v1, zero, -1\l0x8000aba0      bne v0, v1, 0x8000ad4c\l0x8000aba4      lui v0, 0x8001\l"]
	"0x8000aba8" [URL="sym.test_semaphore/0x8000aba8", fillcolor="#c19c00",color="#c19c00", fontname="Courier",label="0x8000aba8      addiu a1, s3, 0x43fc                                   ; 0x800143fc\l                                                                       ; aav.0x800143fc ; aav.0x800143fc\l0x8000abac      addiu v0, v0, -0x7228                                  ; 0x80008dd8\l                                                                       ; sym.testPass ; sym.testPass\l0x8000abb0      jalr v0\l0x8000abb4      move a0, s0\l"]
	"0x8000abb8" [URL="sym.test_semaphore/0x8000abb8", fillcolor="#c19c00",color="#c19c00", fontname="Courier",label="; CODE XREF from sym.test_semaphore @ 0x8000ad4c\l0x8000abb8      lui v0, 0x8000\l0x8000abbc      addiu v0, v0, 0x1e78                                   ; 0x80001e78\l                                                                       ; sym.kill ; sym.kill\l0x8000abc0      jalr v0\l0x8000abc4      move a0, s5\l0x8000abc8      addiu v0, zero, 1\l0x8000abcc      addiu a1, s3, 0x43fc                                   ; 0x800143fc\l                                                                       ; aav.0x800143fc ; aav.0x800143fc\l0x8000abd0      bne s2, v0, 0x8000ad54\l0x8000abd4      addiu a0, zero, 1\l"]
	"0x8000abd8" [URL="sym.test_semaphore/0x8000abd8", fillcolor="#c19c00",color="#c19c00", fontname="Courier",label="0x8000abd8      lui v0, 0x8001\l0x8000abdc      addiu v0, v0, -0x7228                                  ; 0x80008dd8\l                                                                       ; sym.testPass ; sym.testPass\l"]
	"0x8000abe0" [URL="sym.test_semaphore/0x8000abe0", fillcolor="#c19c00",color="#c19c00", fontname="Courier",label="; CODE XREF from sym.test_semaphore @ 0x8000ad58\l0x8000abe0      jalr v0\l0x8000abe4      nop\l0x8000abe8      lw ra, (var_4h)\l0x8000abec      lw fp, (var_8h)\l0x8000abf0      lw s7, (var_ch)\l0x8000abf4      lw s6, (var_10h)\l0x8000abf8      lw s5, (var_14h)\l0x8000abfc      lw s4, (var_18h)\l0x8000ac00      lw s3, (var_1ch)\l0x8000ac04      lw s2, (var_20h)\l0x8000ac08      lw s1, (var_24h)\l0x8000ac0c      lw s0, (var_28h)\l0x8000ac10      addiu v0, zero, 1\l0x8000ac14      jr ra\l0x8000ac18      addiu sp, sp, 0x80\l"]
	"0x8000ac1c" [URL="sym.test_semaphore/0x8000ac1c", fillcolor="#c19c00",color="#c19c00", fontname="Courier",label="; CODE XREF from sym.test_semaphore @ 0x8000a9f8\l0x8000ac1c      move a2, s0\l0x8000ac20      move a1, zero\l0x8000ac24      addiu v0, v0, -0x5834\l0x8000ac28      jalr v0\l0x8000ac2c      move a0, s1\l0x8000ac30      beqz v0, 0x8000aa34\l0x8000ac34      move s2, v0\l"]
	"0x8000ac38" [URL="sym.test_semaphore/0x8000ac38", fillcolor="#c19c00",color="#c19c00", fontname="Courier",label="0x8000ac38      lui v0, 0x8001\l0x8000ac3c      addiu a1, s3, 0x43fc\l0x8000ac40      addiu v0, v0, -0x7228                                  ; 0x80008dd8\l                                                                       ; sym.testPass ; sym.testPass\l0x8000ac44      jalr v0\l0x8000ac48      move a0, s0\l0x8000ac4c      b 0x8000aa34\l0x8000ac50      addiu s2, zero, 1\l"]
	"0x8000ac54" [URL="sym.test_semaphore/0x8000ac54", fillcolor="#c19c00",color="#c19c00", fontname="Courier",label="; CODE XREF from sym.test_semaphore @ 0x8000aab4\l0x8000ac54      move a2, s0\l0x8000ac58      addiu a1, zero, -1                                     ; arg2\l0x8000ac5c      addiu v0, v0, -0x5834\l0x8000ac60      jalr v0\l0x8000ac64      move a0, s1\l0x8000ac68      beqz v0, 0x8000aabc\l0x8000ac6c      lui v0, 0x8001\l"]
	"0x8000ac70" [URL="sym.test_semaphore/0x8000ac70", fillcolor="#c19c00",color="#c19c00", fontname="Courier",label="0x8000ac70      lbu a0, (var_2eh)\l0x8000ac74      move a2, s0\l0x8000ac78      addiu v0, v0, -0x56f0                                  ; 0x8000a910\l                                                                       ; sym.test_checkResult ; sym.test_checkResult\l0x8000ac7c      jalr v0\l0x8000ac80      move a1, zero\l0x8000ac84      beqz v0, 0x8000aabc\l0x8000ac88      lui v0, 0x8001\l"]
	"0x8000ac8c" [URL="sym.test_semaphore/0x8000ac8c", fillcolor="#c19c00",color="#c19c00", fontname="Courier",label="0x8000ac8c      addiu a1, s3, 0x43fc\l0x8000ac90      addiu v0, v0, -0x7228                                  ; 0x80008dd8\l                                                                       ; sym.testPass ; sym.testPass\l0x8000ac94      jalr v0\l0x8000ac98      move a0, s0\l0x8000ac9c      b 0x8000aac4\l0x8000aca0      lui fp, 0x8000\l"]
	"0x8000aca4" [URL="sym.test_semaphore/0x8000aca4", fillcolor="#c19c00",color="#c19c00", fontname="Courier",label="; CODE XREF from sym.test_semaphore @ 0x8000aaf0\l0x8000aca4      move a2, s0\l0x8000aca8      move a1, zero\l0x8000acac      addiu v0, v0, -0x5834\l0x8000acb0      jalr v0\l0x8000acb4      move a0, s1\l0x8000acb8      beqz v0, 0x8000aaf8\l0x8000acbc      lui v0, 0x8001\l"]
	"0x8000acc0" [URL="sym.test_semaphore/0x8000acc0", fillcolor="#c19c00",color="#c19c00", fontname="Courier",label="0x8000acc0      lbu a0, (var_2eh)\l0x8000acc4      move a2, s0\l0x8000acc8      addiu v0, v0, -0x56f0                                  ; 0x8000a910\l                                                                       ; sym.test_checkResult ; sym.test_checkResult\l0x8000accc      jalr v0\l0x8000acd0      addiu a1, zero, 1\l0x8000acd4      beqz v0, 0x8000aaf8\l0x8000acd8      lui v0, 0x8001\l"]
	"0x8000acdc" [URL="sym.test_semaphore/0x8000acdc", fillcolor="#c19c00",color="#c19c00", fontname="Courier",label="0x8000acdc      addiu a1, s3, 0x43fc\l0x8000ace0      addiu v0, v0, -0x7228                                  ; 0x80008dd8\l                                                                       ; sym.testPass ; sym.testPass\l0x8000ace4      jalr v0\l0x8000ace8      move a0, s0\l0x8000acec      b 0x8000ab00\l0x8000acf0      lui s7, 0x8000\l"]
	"0x8000acf4" [URL="sym.test_semaphore/0x8000acf4", fillcolor="#c19c00",color="#c19c00", fontname="Courier",label="; CODE XREF from sym.test_semaphore @ 0x8000ab30\l0x8000acf4      move a2, s0\l0x8000acf8      addiu a1, zero, 5                                      ; arg2\l0x8000acfc      addiu v0, v0, -0x5834\l0x8000ad00      jalr v0\l0x8000ad04      move a0, s1\l0x8000ad08      beqz v0, 0x8000ab38\l0x8000ad0c      lui v0, 0x8001\l"]
	"0x8000ad10" [URL="sym.test_semaphore/0x8000ad10", fillcolor="#c19c00",color="#c19c00", fontname="Courier",label="0x8000ad10      lbu a0, (var_2eh)\l0x8000ad14      move a2, s0\l0x8000ad18      addiu v0, v0, -0x56f0                                  ; 0x8000a910\l                                                                       ; sym.test_checkResult ; sym.test_checkResult\l0x8000ad1c      jalr v0\l0x8000ad20      addiu a1, zero, 1\l0x8000ad24      beqz v0, 0x8000ab38\l0x8000ad28      lui v0, 0x8001\l"]
	"0x8000ad2c" [URL="sym.test_semaphore/0x8000ad2c", fillcolor="#c19c00",color="#c19c00", fontname="Courier",label="0x8000ad2c      addiu a1, s3, 0x43fc\l0x8000ad30      addiu v0, v0, -0x7228                                  ; 0x80008dd8\l                                                                       ; sym.testPass ; sym.testPass\l0x8000ad34      jalr v0\l0x8000ad38      move a0, s0\l0x8000ad3c      b 0x8000ab40\l0x8000ad40      lui v0, 0x8000\l"]
	"0x8000ad44" [URL="sym.test_semaphore/0x8000ad44", fillcolor="#c19c00",color="#c19c00", fontname="Courier",label="; CODE XREF from sym.test_semaphore @ 0x8000ab68\l0x8000ad44      b 0x8000ab80\l0x8000ad48      move s2, zero\l"]
	"0x8000ad4c" [URL="sym.test_semaphore/0x8000ad4c", fillcolor="#c19c00",color="#c19c00", fontname="Courier",label="; CODE XREF from sym.test_semaphore @ 0x8000aba0\l0x8000ad4c      b 0x8000abb8\l0x8000ad50      move s2, zero\l"]
	"0x8000ad54" [URL="sym.test_semaphore/0x8000ad54", fillcolor="#c19c00",color="#c19c00", fontname="Courier",label="; CODE XREF from sym.test_semaphore @ 0x8000abd0\l0x8000ad54      lui v0, 0x8001\l0x8000ad58      b 0x8000abe0\l0x8000ad5c      addiu v0, v0, -0x7204                                  ; 0x80008dfc\l                                                                       ; sym.testFail ; sym.testFail\l"]
        "0x8000a974" -> "0x8000aa00" [color="#13a10e"];
        "0x8000a974" -> "0x8000a9dc" [color="#c50f1f"];
        "0x8000a9dc" -> "0x8000ac1c" [color="#13a10e"];
        "0x8000a9dc" -> "0x8000aa00" [color="#c50f1f"];
        "0x8000aa00" -> "0x8000aa34" [color="#0037da"];
        "0x8000aa34" -> "0x8000ac54" [color="#13a10e"];
        "0x8000aa34" -> "0x8000aabc" [color="#c50f1f"];
        "0x8000aabc" -> "0x8000aac4" [color="#0037da"];
        "0x8000aac4" -> "0x8000aca4" [color="#13a10e"];
        "0x8000aac4" -> "0x8000aaf8" [color="#c50f1f"];
        "0x8000aaf8" -> "0x8000ab00" [color="#0037da"];
        "0x8000ab00" -> "0x8000acf4" [color="#13a10e"];
        "0x8000ab00" -> "0x8000ab38" [color="#c50f1f"];
        "0x8000ab38" -> "0x8000ab40" [color="#0037da"];
        "0x8000ab40" -> "0x8000ad44" [color="#13a10e"];
        "0x8000ab40" -> "0x8000ab70" [color="#c50f1f"];
        "0x8000ab70" -> "0x8000ab80" [color="#0037da"];
        "0x8000ab80" -> "0x8000ad4c" [color="#13a10e"];
        "0x8000ab80" -> "0x8000aba8" [color="#c50f1f"];
        "0x8000aba8" -> "0x8000abb8" [color="#0037da"];
        "0x8000abb8" -> "0x8000ad54" [color="#13a10e"];
        "0x8000abb8" -> "0x8000abd8" [color="#c50f1f"];
        "0x8000abd8" -> "0x8000abe0" [color="#0037da"];
        "0x8000ac1c" -> "0x8000aa34" [color="#13a10e"];
        "0x8000ac1c" -> "0x8000ac38" [color="#c50f1f"];
        "0x8000ac38" -> "0x8000aa34" [color="#0037da"];
        "0x8000ac54" -> "0x8000aabc" [color="#13a10e"];
        "0x8000ac54" -> "0x8000ac70" [color="#c50f1f"];
        "0x8000ac70" -> "0x8000aabc" [color="#13a10e"];
        "0x8000ac70" -> "0x8000ac8c" [color="#c50f1f"];
        "0x8000ac8c" -> "0x8000aac4" [color="#0037da"];
        "0x8000aca4" -> "0x8000aaf8" [color="#13a10e"];
        "0x8000aca4" -> "0x8000acc0" [color="#c50f1f"];
        "0x8000acc0" -> "0x8000aaf8" [color="#13a10e"];
        "0x8000acc0" -> "0x8000acdc" [color="#c50f1f"];
        "0x8000acdc" -> "0x8000ab00" [color="#0037da"];
        "0x8000acf4" -> "0x8000ab38" [color="#13a10e"];
        "0x8000acf4" -> "0x8000ad10" [color="#c50f1f"];
        "0x8000ad10" -> "0x8000ab38" [color="#13a10e"];
        "0x8000ad10" -> "0x8000ad2c" [color="#c50f1f"];
        "0x8000ad2c" -> "0x8000ab40" [color="#0037da"];
        "0x8000ad44" -> "0x8000ab80" [color="#0037da"];
        "0x8000ad4c" -> "0x8000abb8" [color="#0037da"];
        "0x8000ad54" -> "0x8000abe0" [color="#0037da"];
}
