digraph code {
	graph [bgcolor=azure fontsize=8 fontname="Courier" splines="ortho"];
	node [fillcolor=gray style=filled shape=box];
	edge [arrowhead="normal"];
	"0x8000471c" [URL="sym.ttyRead/0x8000471c", fillcolor="#c19c00",color="#c19c00", fontname="Courier",label="  ; CALL XREFS from sym.ttyGetc @ 0x80004af4, 0x80004af8\l  ; UNKNOWN XREFS from obj.devtab @ +0xcc, +0x108\l852: sym.ttyRead (int32_t arg1, int32_t arg2, int32_t arg_24h);\l; arg int32_t arg_24h @ fp+0x24\l; var int32_t var_30h @ sp+0x10\l; var int32_t var_28h @ sp+0x18\l; var int32_t var_24h @ sp+0x1c\l; var int32_t var_20h @ sp+0x20\l; var int32_t var_1ch @ sp+0x24\l; var int32_t var_18h @ sp+0x28\l; var int32_t var_14h @ sp+0x2c\l; var int32_t var_10h @ sp+0x30\l; var int32_t var_ch @ sp+0x34\l; var int32_t var_8h @ sp+0x38\l; var int32_t var_4h @ sp+0x3c\l; arg int32_t arg1 @ a0\l; arg int32_t arg2 @ a1\l0x8000471c      addiu sp, sp, -0x40\l0x80004720      sw s6, (var_10h)\l0x80004724      sw s0, (var_28h)\l0x80004728      sw ra, (var_4h)\l0x8000472c      sw fp, (var_8h)\l0x80004730      sw s7, (var_ch)\l0x80004734      sw s5, (var_14h)\l0x80004738      sw s4, (var_18h)\l0x8000473c      sw s3, (var_1ch)\l0x80004740      sw s2, (var_20h)\l0x80004744      sw s1, (var_24h)\l0x80004748      lw s7, 4(a0)                                           ; arg1\l0x8000474c      addiu s0, zero, 0x414\l0x80004750      mul v0, s7, s0\l0x80004754      lui s6, 0x8002\l0x80004758      addiu s6, s6, 0x334                                    ; 0x80020334\l                                                                       ; obj.ttytab ; obj.ttytab\l0x8000475c      addu s0, v0, s6\l0x80004760      lw fp, (s0)\l0x80004764      bnez fp, 0x800047a4\l0x80004768      nop\l"]
	"0x8000476c" [URL="sym.ttyRead/0x8000476c", fillcolor="#c19c00",color="#c19c00", fontname="Courier",label="; CODE XREFS from sym.ttyRead @ 0x8000480c, 0x8000490c\l0x8000476c      addiu s1, zero, -1\l"]
	"0x80004770" [URL="sym.ttyRead/0x80004770", fillcolor="#c19c00",color="#c19c00", fontname="Courier",label="; CODE XREF from sym.ttyRead @ 0x800047b4\l0x80004770      lw ra, (var_4h)\l"]
	"0x80004774" [URL="sym.ttyRead/0x80004774", fillcolor="#c19c00",color="#c19c00", fontname="Courier",label="; CODE XREFS from sym.ttyRead @ 0x800048a0, 0x800048f4, 0x8000494c\l0x80004774      lw fp, (var_8h)\l"]
	"0x80004778" [URL="sym.ttyRead/0x80004778", fillcolor="#c19c00",color="#c19c00", fontname="Courier",label="; CODE XREF from sym.ttyRead @ 0x800048b8\l0x80004778      lw s7, (var_ch)\l0x8000477c      lw s6, (var_10h)\l0x80004780      lw s5, (var_14h)\l0x80004784      lw s4, (var_18h)\l0x80004788      lw s3, (var_1ch)\l0x8000478c      lw s2, (var_20h)\l0x80004790      lw s0, (var_28h)\l0x80004794      move v0, s1\l0x80004798      lw s1, (var_24h)\l0x8000479c      jr ra\l0x800047a0      addiu sp, sp, 0x40\l"]
	"0x800047a4" [URL="sym.ttyRead/0x800047a4", fillcolor="#c19c00",color="#c19c00", fontname="Courier",label="; CODE XREF from sym.ttyRead @ 0x80004764\l0x800047a4      lb v0, 5(s0)\l0x800047a8      beqz v0, 0x800047bc\l0x800047ac      move s4, a0\l"]
	"0x800047b0" [URL="sym.ttyRead/0x800047b0", fillcolor="#c19c00",color="#c19c00", fontname="Courier",label="0x800047b0      sb zero, 5(s0)\l"]
	"0x800047b4" [URL="sym.ttyRead/0x800047b4", fillcolor="#c19c00",color="#c19c00", fontname="Courier",label="; CODE XREF from sym.ttyRead @ 0x800048c0\l0x800047b4      b 0x80004770\l0x800047b8      addiu s1, zero, -2\l"]
	"0x800047bc" [URL="sym.ttyRead/0x800047bc", fillcolor="#c19c00",color="#c19c00", fontname="Courier",label="; CODE XREF from sym.ttyRead @ 0x800047a8\l0x800047bc      lbu v0, 4(s0)\l0x800047c0      andi v0, v0, 1\l0x800047c4      move s3, a1\l0x800047c8      bnez v0, 0x800048c8\l0x800047cc      move s2, a2\l"]
	"0x800047d0" [URL="sym.ttyRead/0x800047d0", fillcolor="#c19c00",color="#c19c00", fontname="Courier",label="0x800047d0      lui s1, 0x8000\l0x800047d4      lui s5, 0x8001\l0x800047d8      addiu s1, s1, 0x467c                                   ; 0x8000467c\l                                                                       ; sym.ttyEcho ; sym.ttyEcho\l0x800047dc      addiu s5, s5, 0x7634\l"]
	"0x800047e0" [URL="sym.ttyRead/0x800047e0", fillcolor="#c19c00",color="#c19c00", fontname="Courier",label="; CODE XREFS from sym.ttyRead @ 0x80004844, 0x80004874, 0x800049dc, 0x80004a00\l0x800047e0      lw v0, 0x40c(s0)\l0x800047e4      sltiu v0, v0, 0x400\l0x800047e8      beqz v0, 0x8000487c\l0x800047ec      addiu v0, zero, 0x414\l"]
	"0x800047f0" [URL="sym.ttyRead/0x800047f0", fillcolor="#c19c00",color="#c19c00", fontname="Courier",label="0x800047f0      lb v0, 6(s0)\l0x800047f4      bnez v0, 0x8000487c\l0x800047f8      addiu v0, zero, 0x414\l"]
	"0x800047fc" [URL="sym.ttyRead/0x800047fc", fillcolor="#c19c00",color="#c19c00", fontname="Courier",label="0x800047fc      lw v0, (arg_24h)\l0x80004800      jalr v0\l0x80004804      move a0, fp\l0x80004808      addiu v1, zero, -1\l0x8000480c      beq v0, v1, 0x8000476c\l0x80004810      nop\l"]
	"0x80004814" [URL="sym.ttyRead/0x80004814", fillcolor="#c19c00",color="#c19c00", fontname="Courier",label="0x80004814      addiu a0, zero, 0xa\l0x80004818      beq v0, a0, 0x80004998\l0x8000481c      slti v1, v0, 0xb\l"]
	"0x80004820" [URL="sym.ttyRead/0x80004820", fillcolor="#c19c00",color="#c19c00", fontname="Courier",label="0x80004820      beqz v1, 0x80004988\l0x80004824      addiu v1, zero, 0xd\l"]
	"0x80004828" [URL="sym.ttyRead/0x80004828", fillcolor="#c19c00",color="#c19c00", fontname="Courier",label="0x80004828      addiu v1, zero, 4\l0x8000482c      beq v0, v1, 0x800049ec\l0x80004830      addiu v1, zero, 1\l"]
	"0x80004834" [URL="sym.ttyRead/0x80004834", fillcolor="#c19c00",color="#c19c00", fontname="Courier",label="0x80004834      addiu v1, zero, 8\l"]
	"0x80004838" [URL="sym.ttyRead/0x80004838", fillcolor="#c19c00",color="#c19c00", fontname="Courier",label="; CODE XREF from sym.ttyRead @ 0x80004990\l0x80004838      bne v0, v1, 0x800049f4\l0x8000483c      andi v1, v0, 0xff\l"]
	"0x80004840" [URL="sym.ttyRead/0x80004840", fillcolor="#c19c00",color="#c19c00", fontname="Courier",label="0x80004840      lw v1, 0x40c(s0)\l0x80004844      beqz v1, 0x800047e0\l0x80004848      addiu v1, v1, -1\l"]
	"0x8000484c" [URL="sym.ttyRead/0x8000484c", fillcolor="#c19c00",color="#c19c00", fontname="Courier",label="0x8000484c      sw v1, 0x40c(s0)\l"]
	"0x80004850" [URL="sym.ttyRead/0x80004850", fillcolor="#c19c00",color="#c19c00", fontname="Courier",label="; CODE XREFS from sym.ttyRead @ 0x800049cc, 0x80004a24\l0x80004850      lbu v1, 4(s0)\l0x80004854      andi v1, v1, 0x10\l0x80004858      beqz v1, 0x8000486c\l0x8000485c      sll a1, v0, 0x18\l"]
	"0x80004860" [URL="sym.ttyRead/0x80004860", fillcolor="#c19c00",color="#c19c00", fontname="Courier",label="0x80004860      sra a1, a1, 0x18\l0x80004864      jalr s1\l0x80004868      move a0, s4\l"]
	"0x8000486c" [URL="sym.ttyRead/0x8000486c", fillcolor="#c19c00",color="#c19c00", fontname="Courier",label="; CODE XREF from sym.ttyRead @ 0x80004858\l0x8000486c      lbu v0, 4(s0)\l0x80004870      andi v0, v0, 1\l0x80004874      beqz v0, 0x800047e0\l0x80004878      addiu v0, zero, 0x414\l"]
	"0x8000487c" [URL="sym.ttyRead/0x8000487c", fillcolor="#c19c00",color="#c19c00", fontname="Courier",label="; CODE XREFS from sym.ttyRead @ 0x800047e8, 0x800047f4\l0x8000487c      mul a0, s7, v0\l0x80004880      move s1, s2\l0x80004884      move v1, zero\l0x80004888      addu v0, a0, s6                                        ; arg1\l"]
	"0x8000488c" [URL="sym.ttyRead/0x8000488c", fillcolor="#c19c00",color="#c19c00", fontname="Courier",label="; CODE XREF from sym.ttyRead @ 0x80004a5c\l0x8000488c      lw a0, 0x40c(v0)\l0x80004890      beqz a0, 0x80004a64\l0x80004894      nop\l"]
	"0x80004898" [URL="sym.ttyRead/0x80004898", fillcolor="#c19c00",color="#c19c00", fontname="Courier",label="0x80004898      bne v1, s2, 0x80004a2c\l0x8000489c      nop\l"]
	"0x800048a0" [URL="sym.ttyRead/0x800048a0", fillcolor="#c19c00",color="#c19c00", fontname="Courier",label="; CODE XREF from sym.ttyRead @ 0x80004a68\l0x800048a0      bnez s1, 0x80004774\l0x800048a4      lw ra, (var_4h)\l"]
	"0x800048a8" [URL="sym.ttyRead/0x800048a8", fillcolor="#c19c00",color="#c19c00", fontname="Courier",label="0x800048a8      addiu v0, zero, 0x414\l0x800048ac      mul v1, s7, v0\l0x800048b0      addu s6, v1, s6\l0x800048b4      lb v0, 5(s6)\l0x800048b8      beqz v0, 0x80004778\l0x800048bc      lw fp, (var_8h)\l"]
	"0x800048c0" [URL="sym.ttyRead/0x800048c0", fillcolor="#c19c00",color="#c19c00", fontname="Courier",label="0x800048c0      b 0x800047b4\l0x800048c4      sb zero, 5(s6)\l"]
	"0x800048c8" [URL="sym.ttyRead/0x800048c8", fillcolor="#c19c00",color="#c19c00", fontname="Courier",label="; CODE XREF from sym.ttyRead @ 0x800047c8\l0x800048c8      move s1, zero\l"]
	"0x800048cc" [URL="sym.ttyRead/0x800048cc", fillcolor="#c19c00",color="#c19c00", fontname="Courier",label="; CODE XREF from sym.ttyRead @ 0x80004980\l0x800048cc      sw s1, (var_30h)\l0x800048d0      lw v0, 0x40c(s0)\l0x800048d4      bnez v0, 0x8000494c\l0x800048d8      addu s5, s3, s1\l"]
	"0x800048dc" [URL="sym.ttyRead/0x800048dc", fillcolor="#c19c00",color="#c19c00", fontname="Courier",label="0x800048dc      addiu v0, zero, 0x414\l0x800048e0      mul v1, s7, v0\l0x800048e4      lui s0, 0x8000\l0x800048e8      addu s6, v1, s6\l0x800048ec      addiu s0, s0, 0x467c                                   ; 0x8000467c\l                                                                       ; sym.ttyEcho ; sym.ttyEcho\l"]
	"0x800048f0" [URL="sym.ttyRead/0x800048f0", fillcolor="#c19c00",color="#c19c00", fontname="Courier",label="; CODE XREF from sym.ttyRead @ 0x80004934\l0x800048f0      sltu v0, s1, s2\l"]
	"0x800048f4" [URL="sym.ttyRead/0x800048f4", fillcolor="#c19c00",color="#c19c00", fontname="Courier",label="; CODE XREF from sym.ttyRead @ 0x80004944\l0x800048f4      beqz v0, 0x80004774\l0x800048f8      lw ra, (var_4h)\l"]
	"0x800048fc" [URL="sym.ttyRead/0x800048fc", fillcolor="#c19c00",color="#c19c00", fontname="Courier",label="0x800048fc      lw v0, (arg_24h)\l0x80004900      jalr v0\l0x80004904      move a0, fp\l0x80004908      addiu v1, zero, -1\l0x8000490c      beq v0, v1, 0x8000476c\l0x80004910      nop\l"]
	"0x80004914" [URL="sym.ttyRead/0x80004914", fillcolor="#c19c00",color="#c19c00", fontname="Courier",label="0x80004914      sll a1, v0, 0x18                                       ; arg2\l0x80004918      lw v0, (var_30h)\l0x8000491c      sra a1, a1, 0x18                                       ; arg2\l0x80004920      subu v0, s1, v0\l0x80004924      addu v0, s5, v0\l0x80004928      sb a1, (v0)\l0x8000492c      lbu v0, 4(s6)\l0x80004930      andi v0, v0, 0x10\l0x80004934      beqz v0, 0x800048f0\l0x80004938      addiu s1, s1, 1\l"]
	"0x8000493c" [URL="sym.ttyRead/0x8000493c", fillcolor="#c19c00",color="#c19c00", fontname="Courier",label="0x8000493c      jalr s0\l0x80004940      move a0, s4\l0x80004944      b 0x800048f4\l0x80004948      sltu v0, s1, s2\l"]
	"0x8000494c" [URL="sym.ttyRead/0x8000494c", fillcolor="#c19c00",color="#c19c00", fontname="Courier",label="; CODE XREF from sym.ttyRead @ 0x800048d4\l0x8000494c      beq s1, s2, 0x80004774\l0x80004950      lw ra, (var_4h)\l"]
	"0x80004954" [URL="sym.ttyRead/0x80004954", fillcolor="#c19c00",color="#c19c00", fontname="Courier",label="0x80004954      lw v0, 0x408(s0)\l0x80004958      addiu s1, s1, 1\l0x8000495c      addu v0, s0, v0\l0x80004960      lb v0, 7(v0)\l0x80004964      sb v0, (s5)\l0x80004968      lw v0, 0x40c(s0)\l0x8000496c      addiu v0, v0, -1\l0x80004970      sw v0, 0x40c(s0)\l0x80004974      lw v0, 0x408(s0)\l0x80004978      addiu v0, v0, 1\l0x8000497c      andi v0, v0, 0x3ff\l0x80004980      b 0x800048cc\l0x80004984      sw v0, 0x408(s0)\l"]
	"0x80004988" [URL="sym.ttyRead/0x80004988", fillcolor="#c19c00",color="#c19c00", fontname="Courier",label="; CODE XREF from sym.ttyRead @ 0x80004820\l0x80004988      beq v0, v1, 0x800049d4\l0x8000498c      addiu v1, zero, 0x7f\l"]
	"0x80004990" [URL="sym.ttyRead/0x80004990", fillcolor="#c19c00",color="#c19c00", fontname="Courier",label="0x80004990      b 0x80004838\l0x80004994      nop\l"]
	"0x80004998" [URL="sym.ttyRead/0x80004998", fillcolor="#c19c00",color="#c19c00", fontname="Courier",label="; CODE XREF from sym.ttyRead @ 0x80004818\l0x80004998      lbu v1, 4(s0)\l0x8000499c      addiu a0, zero, 0xd\l0x800049a0      andi v1, v1, 2\l0x800049a4      movn v0, a0, v1\l"]
	"0x800049a8" [URL="sym.ttyRead/0x800049a8", fillcolor="#c19c00",color="#c19c00", fontname="Courier",label="; CODE XREF from sym.ttyRead @ 0x800049e4\l0x800049a8      lw a0, 0x40c(s0)\l0x800049ac      lw v1, 0x408(s0)\l0x800049b0      addu v1, a0, v1\l0x800049b4      andi v1, v1, 0x3ff\l0x800049b8      addu v1, s0, v1\l0x800049bc      addiu a0, a0, 1\l0x800049c0      sb v0, 7(v1)\l0x800049c4      sw a0, 0x40c(s0)\l0x800049c8      addiu v1, zero, 1\l"]
	"0x800049cc" [URL="sym.ttyRead/0x800049cc", fillcolor="#c19c00",color="#c19c00", fontname="Courier",label="; CODE XREF from sym.ttyRead @ 0x800049ec\l0x800049cc      b 0x80004850\l0x800049d0      sb v1, 6(s0)\l"]
	"0x800049d4" [URL="sym.ttyRead/0x800049d4", fillcolor="#c19c00",color="#c19c00", fontname="Courier",label="; CODE XREF from sym.ttyRead @ 0x80004988\l0x800049d4      lbu v1, 4(s0)\l0x800049d8      andi a1, v1, 4\l0x800049dc      bnez a1, 0x800047e0\l0x800049e0      andi v1, v1, 8\l"]
	"0x800049e4" [URL="sym.ttyRead/0x800049e4", fillcolor="#c19c00",color="#c19c00", fontname="Courier",label="0x800049e4      b 0x800049a8\l0x800049e8      movn v0, a0, v1\l"]
	"0x800049ec" [URL="sym.ttyRead/0x800049ec", fillcolor="#c19c00",color="#c19c00", fontname="Courier",label="; CODE XREF from sym.ttyRead @ 0x8000482c\l0x800049ec      b 0x800049cc\l0x800049f0      sb v1, 5(s0)\l"]
	"0x800049f4" [URL="sym.ttyRead/0x800049f4", fillcolor="#c19c00",color="#c19c00", fontname="Courier",label="; CODE XREF from sym.ttyRead @ 0x80004838\l0x800049f4      addu v1, v1, s5\l0x800049f8      lbu v1, (v1)\l0x800049fc      andi v1, v1, 0x1f\l0x80004a00      beqz v1, 0x800047e0\l0x80004a04      nop\l"]
	"0x80004a08" [URL="sym.ttyRead/0x80004a08", fillcolor="#c19c00",color="#c19c00", fontname="Courier",label="0x80004a08      lw a0, 0x40c(s0)\l0x80004a0c      lw v1, 0x408(s0)\l0x80004a10      addu v1, a0, v1\l0x80004a14      andi v1, v1, 0x3ff\l0x80004a18      addu v1, s0, v1\l0x80004a1c      addiu a0, a0, 1\l0x80004a20      sb v0, 7(v1)\l0x80004a24      b 0x80004850\l0x80004a28      sw a0, 0x40c(s0)\l"]
	"0x80004a2c" [URL="sym.ttyRead/0x80004a2c", fillcolor="#c19c00",color="#c19c00", fontname="Courier",label="; CODE XREF from sym.ttyRead @ 0x80004898\l0x80004a2c      lw a0, 0x408(v0)\l0x80004a30      addu a0, v0, a0                                        ; arg1\l0x80004a34      lb a1, 7(a0)                                           ; arg1\l0x80004a38      addu a0, s3, v1                                        ; arg1\l0x80004a3c      sb a1, (a0)                                            ; arg1\l0x80004a40      lw a0, 0x40c(v0)\l0x80004a44      addiu v1, v1, 1\l0x80004a48      addiu a0, a0, -1\l0x80004a4c      sw a0, 0x40c(v0)\l0x80004a50      lw a0, 0x408(v0)\l0x80004a54      addiu a0, a0, 1\l0x80004a58      andi a0, a0, 0x3ff\l0x80004a5c      b 0x8000488c\l0x80004a60      sw a0, 0x408(v0)\l"]
	"0x80004a64" [URL="sym.ttyRead/0x80004a64", fillcolor="#c19c00",color="#c19c00", fontname="Courier",label="; CODE XREF from sym.ttyRead @ 0x80004890\l0x80004a64      sb zero, 6(v0)\l0x80004a68      b 0x800048a0\l0x80004a6c      move s1, v1\l"]
        "0x8000471c" -> "0x800047a4" [color="#13a10e"];
        "0x8000471c" -> "0x8000476c" [color="#c50f1f"];
        "0x8000476c" -> "0x80004770" [color="#0037da"];
        "0x80004770" -> "0x80004774" [color="#0037da"];
        "0x80004774" -> "0x80004778" [color="#0037da"];
        "0x800047a4" -> "0x800047bc" [color="#13a10e"];
        "0x800047a4" -> "0x800047b0" [color="#c50f1f"];
        "0x800047b0" -> "0x800047b4" [color="#0037da"];
        "0x800047b4" -> "0x80004770" [color="#0037da"];
        "0x800047bc" -> "0x800048c8" [color="#13a10e"];
        "0x800047bc" -> "0x800047d0" [color="#c50f1f"];
        "0x800047d0" -> "0x800047e0" [color="#0037da"];
        "0x800047e0" -> "0x8000487c" [color="#13a10e"];
        "0x800047e0" -> "0x800047f0" [color="#c50f1f"];
        "0x800047f0" -> "0x8000487c" [color="#13a10e"];
        "0x800047f0" -> "0x800047fc" [color="#c50f1f"];
        "0x800047fc" -> "0x8000476c" [color="#13a10e"];
        "0x800047fc" -> "0x80004814" [color="#c50f1f"];
        "0x80004814" -> "0x80004998" [color="#13a10e"];
        "0x80004814" -> "0x80004820" [color="#c50f1f"];
        "0x80004820" -> "0x80004988" [color="#13a10e"];
        "0x80004820" -> "0x80004828" [color="#c50f1f"];
        "0x80004828" -> "0x800049ec" [color="#13a10e"];
        "0x80004828" -> "0x80004834" [color="#c50f1f"];
        "0x80004834" -> "0x80004838" [color="#0037da"];
        "0x80004838" -> "0x800049f4" [color="#13a10e"];
        "0x80004838" -> "0x80004840" [color="#c50f1f"];
        "0x80004840" -> "0x800047e0" [color="#13a10e"];
        "0x80004840" -> "0x8000484c" [color="#c50f1f"];
        "0x8000484c" -> "0x80004850" [color="#0037da"];
        "0x80004850" -> "0x8000486c" [color="#13a10e"];
        "0x80004850" -> "0x80004860" [color="#c50f1f"];
        "0x80004860" -> "0x8000486c" [color="#0037da"];
        "0x8000486c" -> "0x800047e0" [color="#13a10e"];
        "0x8000486c" -> "0x8000487c" [color="#c50f1f"];
        "0x8000487c" -> "0x8000488c" [color="#0037da"];
        "0x8000488c" -> "0x80004a64" [color="#13a10e"];
        "0x8000488c" -> "0x80004898" [color="#c50f1f"];
        "0x80004898" -> "0x80004a2c" [color="#13a10e"];
        "0x80004898" -> "0x800048a0" [color="#c50f1f"];
        "0x800048a0" -> "0x80004774" [color="#13a10e"];
        "0x800048a0" -> "0x800048a8" [color="#c50f1f"];
        "0x800048a8" -> "0x80004778" [color="#13a10e"];
        "0x800048a8" -> "0x800048c0" [color="#c50f1f"];
        "0x800048c0" -> "0x800047b4" [color="#0037da"];
        "0x800048c8" -> "0x800048cc" [color="#0037da"];
        "0x800048cc" -> "0x8000494c" [color="#13a10e"];
        "0x800048cc" -> "0x800048dc" [color="#c50f1f"];
        "0x800048dc" -> "0x800048f0" [color="#0037da"];
        "0x800048f0" -> "0x800048f4" [color="#0037da"];
        "0x800048f4" -> "0x80004774" [color="#13a10e"];
        "0x800048f4" -> "0x800048fc" [color="#c50f1f"];
        "0x800048fc" -> "0x8000476c" [color="#13a10e"];
        "0x800048fc" -> "0x80004914" [color="#c50f1f"];
        "0x80004914" -> "0x800048f0" [color="#13a10e"];
        "0x80004914" -> "0x8000493c" [color="#c50f1f"];
        "0x8000493c" -> "0x800048f4" [color="#0037da"];
        "0x8000494c" -> "0x80004774" [color="#13a10e"];
        "0x8000494c" -> "0x80004954" [color="#c50f1f"];
        "0x80004954" -> "0x800048cc" [color="#0037da"];
        "0x80004988" -> "0x800049d4" [color="#13a10e"];
        "0x80004988" -> "0x80004990" [color="#c50f1f"];
        "0x80004990" -> "0x80004838" [color="#0037da"];
        "0x80004998" -> "0x800049a8" [color="#0037da"];
        "0x800049a8" -> "0x800049cc" [color="#0037da"];
        "0x800049cc" -> "0x80004850" [color="#0037da"];
        "0x800049d4" -> "0x800047e0" [color="#13a10e"];
        "0x800049d4" -> "0x800049e4" [color="#c50f1f"];
        "0x800049e4" -> "0x800049a8" [color="#0037da"];
        "0x800049ec" -> "0x800049cc" [color="#0037da"];
        "0x800049f4" -> "0x800047e0" [color="#13a10e"];
        "0x800049f4" -> "0x80004a08" [color="#c50f1f"];
        "0x80004a08" -> "0x80004850" [color="#0037da"];
        "0x80004a2c" -> "0x8000488c" [color="#0037da"];
        "0x80004a64" -> "0x800048a0" [color="#0037da"];
}
