digraph code {
	graph [bgcolor=azure fontsize=8 fontname="Courier" splines="ortho"];
	node [fillcolor=gray style=filled shape=box];
	edge [arrowhead="normal"];
	"0x80008004" [URL="sym.xsh_uartstat/0x80008004", fillcolor="#c19c00",color="#c19c00", fontname="Courier",label="  ; UNKNOWN XREF from obj.commandtab @ +0xbc\l700: sym.xsh_uartstat (int32_t arg1, int32_t arg2);\l; var int32_t var_20h @ sp+0x10\l; var int32_t var_1ch @ sp+0x14\l; var int32_t var_18h @ sp+0x18\l; var int32_t var_14h @ sp+0x1c\l; var int32_t var_10h @ sp+0x20\l; var int32_t var_ch @ sp+0x24\l; var int32_t var_8h @ sp+0x28\l; var int32_t var_4h @ sp+0x2c\l; arg int32_t arg1 @ a0\l; arg int32_t arg2 @ a1\l0x80008004      addiu sp, sp, -0x30\l0x80008008      addiu v0, zero, 2\l0x8000800c      sw s0, (var_20h)\l0x80008010      sw ra, (var_4h)\l0x80008014      sw s6, (var_8h)\l0x80008018      sw s5, (var_ch)\l0x8000801c      sw s4, (var_10h)\l0x80008020      sw s3, (var_14h)\l0x80008024      sw s2, (var_18h)\l0x80008028      sw s1, (var_1ch)\l0x8000802c      bne a0, v0, 0x80008208\l0x80008030      move s0, a1\l"]
	"0x80008034" [URL="sym.xsh_uartstat/0x80008034", fillcolor="#c19c00",color="#c19c00", fontname="Courier",label="0x80008034      lui a1, 0x8001\l0x80008038      lui v0, 0x8001\l0x8000803c      lw a0, 4(s0)\l0x80008040      addiu v0, v0, 0x1f44                                   ; 0x80011f44\l                                                                       ; sym.strcmp ; sym.strcmp\l0x80008044      jalr v0\l0x80008048      addiu a1, a1, 0x37c0                                   ; arg2 ; esilref: '--help'\l0x8000804c      bnez v0, 0x8000827c\l0x80008050      lui v0, 0x8001\l"]
	"0x80008054" [URL="sym.xsh_uartstat/0x80008054", fillcolor="#c19c00",color="#c19c00", fontname="Courier",label="0x80008054      lw a1, (s0)\l0x80008058      lui a0, 0x8001\l0x8000805c      lui s0, 0x8001\l0x80008060      addiu s0, s0, 0x1c68                                   ; 0x80011c68\l                                                                       ; sym.printf ; sym.printf\l0x80008064      jalr s0\l0x80008068      addiu a0, a0, 0x41a4                                   \l; arg1 ; esilref: 'Usage: &s [-t] <UARTNUM>\l; \l; '\l0x8000806c      lui a0, 0x8001\l0x80008070      jalr s0\l0x80008074      addiu a0, a0, 0x3814                                   \l; arg1 ; esilref: 'Description:\l; '\l0x80008078      lui a0, 0x8001\l0x8000807c      jalr s0\l0x80008080      addiu a0, a0, 0x41c0                                   \l; arg1 ; esilref: '\tDisplays statistics for uart <UARTNUM>.  If no \l; '\l0x80008084      lui a0, 0x8001\l0x80008088      jalr s0\l0x8000808c      addiu a0, a0, 0x41f4                                   ; arg1 ; esilref: '\t<UARTNUM> is specified, statistics are displayed for '\l0x80008090      lui a0, 0x8001\l0x80008094      jalr s0\l0x80008098      addiu a0, a0, 0x422c                                   \l; arg1 ; esilref: 'all uarts.\l; '\l0x8000809c      lui a0, 0x8001\l0x800080a0      jalr s0\l0x800080a4      addiu a0, a0, 0x383c                                   \l; arg1 ; esilref: 'Options:\l; '\l0x800080a8      lui a0, 0x8001\l0x800080ac      jalr s0\l0x800080b0      addiu a0, a0, 0x4238                                   ; arg1 ; esilref: '\t-t\t\tdisplay throughput statistics for uart <UARTNUM> '\l0x800080b4      lui a0, 0x8001\l0x800080b8      jalr s0\l0x800080bc      addiu a0, a0, 0x4270                                   \l; esilref: 'every second\l; '\l0x800080c0      lui a0, 0x8001\l0x800080c4      jalr s0\l0x800080c8      addiu a0, a0, 0x4280                                   ; esilref: '\t<UARTNUM>\t'\l0x800080cc      lui a0, 0x8001\l0x800080d0      jalr s0\l0x800080d4      addiu a0, a0, 0x428c                                   \l; esilref: 'the number of the uart to display statistics for\l; '\l0x800080d8      lui a0, 0x8001\l0x800080dc      jalr s0\l0x800080e0      addiu a0, a0, 0x3ea4                                   \l; esilref: '\t--help\t\tdisplay this help and exit\l; '\l0x800080e4      addiu v0, zero, 1\l"]
	"0x800080e8" [URL="sym.xsh_uartstat/0x800080e8", fillcolor="#c19c00",color="#c19c00", fontname="Courier",label="; CODE XREFS from sym.xsh_uartstat @ 0x8000816c, 0x80008200, 0x80008274\l0x800080e8      lw ra, (var_4h)\l0x800080ec      lw s6, (var_8h)\l0x800080f0      lw s5, (var_ch)\l0x800080f4      lw s4, (var_10h)\l0x800080f8      lw s3, (var_14h)\l0x800080fc      lw s2, (var_18h)\l0x80008100      lw s1, (var_1ch)\l0x80008104      lw s0, (var_20h)\l0x80008108      jr ra\l0x8000810c      addiu sp, sp, 0x30\l"]
	"0x80008110" [URL="sym.xsh_uartstat/0x80008110", fillcolor="#c19c00",color="#c19c00", fontname="Courier",label="; CODE XREF from sym.xsh_uartstat @ 0x80008218\l0x80008110      lui a1, 0x8001\l0x80008114      lui v0, 0x8001\l0x80008118      lw a0, 4(s0)\l0x8000811c      addiu v0, v0, 0x1f44                                   ; 0x80011f44\l                                                                       ; sym.strcmp ; sym.strcmp\l0x80008120      jalr v0\l0x80008124      addiu a1, a1, 0x4088                                   ; esilref: '-t'\l0x80008128      beqz v0, 0x80008174\l0x8000812c      lui v0, 0x8002\l"]
	"0x80008130" [URL="sym.xsh_uartstat/0x80008130", fillcolor="#c19c00",color="#c19c00", fontname="Courier",label="0x80008130      lw v0, -0x3588(v0)                                     ; [0x8001ca78:4]=0\l                                                                       ; obj.thrcurrent\l0x80008134      addiu a0, zero, 0x54\l0x80008138      mul a1, v0, a0\l0x8000813c      lui v1, 0x8002\l0x80008140      addiu v1, v1, -0x3004                                  ; 0x8001cffc ; obj.thrtab\l0x80008144      addu v0, a1, v1\l0x80008148      lw a3, (s0)\l0x8000814c      lui a1, 0x8001\l0x80008150      lw a2, 4(s0)\l0x80008154      addiu a1, a1, 0x42c0                                   \l; esilref: 'Invalid argument '&s', try &s --help\l; '\l"]
	"0x80008158" [URL="sym.xsh_uartstat/0x80008158", fillcolor="#c19c00",color="#c19c00", fontname="Courier",label="; CODE XREF from sym.xsh_uartstat @ 0x800082b8\l0x80008158      lw a0, 0x48(v0)\l0x8000815c      lui v0, 0x8001\l0x80008160      addiu v0, v0, 0x1a00                                   ; 0x80011a00\l                                                                       ; t9 ; sym.fprintf\l0x80008164      jalr v0\l0x80008168      nop\l0x8000816c      b 0x800080e8\l0x80008170      addiu v0, zero, 1\l"]
	"0x80008174" [URL="sym.xsh_uartstat/0x80008174", fillcolor="#c19c00",color="#c19c00", fontname="Courier",label="; CODE XREF from sym.xsh_uartstat @ 0x80008128\l0x80008174      lui v0, 0x8001\l0x80008178      addiu v0, v0, 0x1318                                   ; 0x80011318\l                                                                       ; sym.atol ; sym.atol\l0x8000817c      jalr v0\l0x80008180      lw a0, 8(s0)\l0x80008184      andi a3, v0, 0xffff\l0x80008188      bnez a3, 0x80008298\l0x8000818c      lui v0, 0x8002\l"]
	"0x80008190" [URL="sym.xsh_uartstat/0x80008190", fillcolor="#c19c00",color="#c19c00", fontname="Courier",label="0x80008190      lui s0, 0x8002\l0x80008194      lui s4, 0x8000\l0x80008198      lui s3, 0x8001\l0x8000819c      lui s1, 0x8001\l0x800081a0      lui s2, 0x8001\l0x800081a4      addiu s0, s0, 0xb5c                                    ; 0x80020b5c\l                                                                       ; obj.uarttab ; obj.uarttab\l0x800081a8      addiu s4, s4, 0x279c                                   ; 0x8000279c\l                                                                       ; sym.sleep ; sym.sleep\l0x800081ac      addiu s3, s3, 0x4300                                   ; esilref: 'Tx: &4d bytes/sec, '\l0x800081b0      addiu s1, s1, 0x1c68                                   ; 0x80011c68\l                                                                       ; sym.printf ; sym.printf\l0x800081b4      addiu s2, s2, 0x4314                                   \l; esilref: 'Rx: &4d bytes/sec\l; '\l0x800081b8      addiu a0, zero, 0x3e8\l"]
	"0x800081bc" [URL="sym.xsh_uartstat/0x800081bc", fillcolor="#c19c00",color="#c19c00", fontname="Courier",label="; CODE XREF from sym.xsh_uartstat @ 0x800081e8\l0x800081bc      lw s6, 8(s0)\l0x800081c0      jalr s4\l0x800081c4      lw s5, 0xc(s0)\l0x800081c8      lw a1, 8(s0)\l0x800081cc      move a0, s3\l0x800081d0      jalr s1\l0x800081d4      subu a1, a1, s6\l0x800081d8      lw a1, 0xc(s0)\l0x800081dc      move a0, s2\l0x800081e0      jalr s1\l0x800081e4      subu a1, a1, s5\l0x800081e8      b 0x800081bc\l0x800081ec      addiu a0, zero, 0x3e8\l"]
	"0x800081f0" [URL="sym.xsh_uartstat/0x800081f0", fillcolor="#c19c00",color="#c19c00", fontname="Courier",label="; CODE XREF from sym.xsh_uartstat @ 0x8000828c\l0x800081f0      lui v0, 0x8000\l"]
	"0x800081f4" [URL="sym.xsh_uartstat/0x800081f4", fillcolor="#c19c00",color="#c19c00", fontname="Courier",label="; CODE XREF from sym.xsh_uartstat @ 0x8000820c\l0x800081f4      addiu v0, v0, 0x5668                                   ; 0x80005668 ; \"<\\b\\x03$\\x02(\\x83p\\x02\\x80\\x02<\\xe0\\xff\\xbd'\\\\vB$\\x18\" ; sym.uartStat\l0x800081f8      jalr v0\l0x800081fc      move a0, zero\l0x80008200      b 0x800080e8\l0x80008204      move v0, zero\l"]
	"0x80008208" [URL="sym.xsh_uartstat/0x80008208", fillcolor="#c19c00",color="#c19c00", fontname="Courier",label="; CODE XREF from sym.xsh_uartstat @ 0x8000802c\l0x80008208      slti v0, a0, 2\l0x8000820c      bnez v0, 0x800081f4\l0x80008210      lui v0, 0x8000\l"]
	"0x80008214" [URL="sym.xsh_uartstat/0x80008214", fillcolor="#c19c00",color="#c19c00", fontname="Courier",label="0x80008214      addiu v0, zero, 3\l0x80008218      beq a0, v0, 0x80008110\l0x8000821c      lui s4, 0x8002\l"]
	"0x80008220" [URL="sym.xsh_uartstat/0x80008220", fillcolor="#c19c00",color="#c19c00", fontname="Courier",label="0x80008220      lw v0, -0x3588(s4)                                     ; [0x8001ca78:4]=0\l                                                                       ; obj.thrcurrent\l0x80008224      addiu s3, zero, 0x54\l0x80008228      mul v1, v0, s3\l0x8000822c      lui s2, 0x8002\l0x80008230      addiu s2, s2, -0x3004                                  ; 0x8001cffc\l                                                                       ; v1 ; obj.thrtab\l0x80008234      addu v0, v1, s2\l0x80008238      lw a2, (s0)                                            ; [0x80020b5c:4]=0\l                                                                       ; obj.uarttab\l0x8000823c      lw a0, 0x48(v0)\l0x80008240      lui a1, 0x8001\l0x80008244      lui s1, 0x8001\l0x80008248      addiu s1, s1, 0x1a00                                   ; 0x80011a00\l                                                                       ; t9 ; sym.fprintf\l0x8000824c      jalr s1\l0x80008250      addiu a1, a1, 0x37c8                                   \l; esilref: '&s: too many arguments\l; '\l0x80008254      lw v0, -0x3588(s4)                                     ; [0x8001ca78:4]=0\l                                                                       ; obj.thrcurrent\l0x80008258      lw a2, (s0)                                            ; [0x80020b5c:4]=0\l                                                                       ; obj.uarttab\l0x8000825c      mul v1, v0, s3\l0x80008260      lui a1, 0x8001\l0x80008264      addu s2, v1, s2\l0x80008268      lw a0, 0x48(s2)\l0x8000826c      jalr s1\l0x80008270      addiu a1, a1, 0x387c                                   \l; esilref: 'Try '&s --help' for more information\l; '\l0x80008274      b 0x800080e8\l0x80008278      addiu v0, zero, 1\l"]
	"0x8000827c" [URL="sym.xsh_uartstat/0x8000827c", fillcolor="#c19c00",color="#c19c00", fontname="Courier",label="; CODE XREF from sym.xsh_uartstat @ 0x8000804c\l0x8000827c      addiu v0, v0, 0x1318\l0x80008280      jalr v0\l0x80008284      lw a0, 4(s0)\l0x80008288      andi a3, v0, 0xffff\l0x8000828c      beqz a3, 0x800081f0\l0x80008290      nop\l"]
	"0x80008294" [URL="sym.xsh_uartstat/0x80008294", fillcolor="#c19c00",color="#c19c00", fontname="Courier",label="0x80008294      lui v0, 0x8002\l"]
	"0x80008298" [URL="sym.xsh_uartstat/0x80008298", fillcolor="#c19c00",color="#c19c00", fontname="Courier",label="; CODE XREF from sym.xsh_uartstat @ 0x80008188\l0x80008298      lw v0, -0x3588(v0)                                     ; [0x8001ca78:4]=0\l                                                                       ; obj.thrcurrent\l0x8000829c      addiu a0, zero, 0x54\l0x800082a0      mul a1, v0, a0\l0x800082a4      lui v1, 0x8002\l0x800082a8      addiu v1, v1, -0x3004                                  ; 0x8001cffc ; obj.thrtab\l0x800082ac      addu v0, a1, v1\l0x800082b0      lui a1, 0x8001\l0x800082b4      lw a2, (s0)                                            ; [0x80020b5c:4]=0\l                                                                       ; obj.uarttab\l0x800082b8      b 0x80008158\l0x800082bc      addiu a1, a1, 0x42e8                                   \l; esilref: '&s: (&d) No such uart\l; '\l"]
        "0x80008004" -> "0x80008208" [color="#13a10e"];
        "0x80008004" -> "0x80008034" [color="#c50f1f"];
        "0x80008034" -> "0x8000827c" [color="#13a10e"];
        "0x80008034" -> "0x80008054" [color="#c50f1f"];
        "0x80008054" -> "0x800080e8" [color="#0037da"];
        "0x80008110" -> "0x80008174" [color="#13a10e"];
        "0x80008110" -> "0x80008130" [color="#c50f1f"];
        "0x80008130" -> "0x80008158" [color="#0037da"];
        "0x80008158" -> "0x800080e8" [color="#0037da"];
        "0x80008174" -> "0x80008298" [color="#13a10e"];
        "0x80008174" -> "0x80008190" [color="#c50f1f"];
        "0x80008190" -> "0x800081bc" [color="#0037da"];
        "0x800081bc" -> "0x800081bc" [color="#0037da"];
        "0x800081f0" -> "0x800081f4" [color="#0037da"];
        "0x800081f4" -> "0x800080e8" [color="#0037da"];
        "0x80008208" -> "0x800081f4" [color="#13a10e"];
        "0x80008208" -> "0x80008214" [color="#c50f1f"];
        "0x80008214" -> "0x80008110" [color="#13a10e"];
        "0x80008214" -> "0x80008220" [color="#c50f1f"];
        "0x80008220" -> "0x800080e8" [color="#0037da"];
        "0x8000827c" -> "0x800081f0" [color="#13a10e"];
        "0x8000827c" -> "0x80008294" [color="#c50f1f"];
        "0x80008294" -> "0x80008298" [color="#0037da"];
        "0x80008298" -> "0x80008158" [color="#0037da"];
}
