digraph code {
	graph [bgcolor=azure fontsize=8 fontname="Courier" splines="ortho"];
	node [fillcolor=gray style=filled shape=box];
	edge [arrowhead="normal"];
	"0x80008bf8" [URL="sym.xsh_testsuite/0x80008bf8", fillcolor="#c19c00",color="#c19c00", fontname="Courier",label="  ; UNKNOWN XREF from obj.commandtab @ +0xb0\l480: sym.xsh_testsuite (int32_t arg1, int32_t arg2, int32_t arg_37c0h, int32_t arg_0h);\l; arg int32_t arg_37c0h @ fp+0x37c0\l; var int32_t var_28h @ sp+0x10\l; var int32_t var_24h @ sp+0x14\l; var int32_t var_20h @ sp+0x18\l; var int32_t var_1ch @ sp+0x1c\l; var int32_t var_18h @ sp+0x20\l; var int32_t var_14h @ sp+0x24\l; var int32_t var_10h @ sp+0x28\l; var int32_t var_ch @ sp+0x2c\l; var int32_t var_8h @ sp+0x30\l; var int32_t var_4h @ sp+0x34\l; arg int32_t arg_0h @ sp+0x38\l; arg int32_t arg1 @ a0\l; arg int32_t arg2 @ a1\l0x80008bf8      addiu sp, sp, -0x38\l0x80008bfc      sw s6, (var_10h)\l0x80008c00      sw s2, (var_20h)\l0x80008c04      lui s6, 0x8001\l0x80008c08      lui s2, 0x8001\l0x80008c0c      sw fp, (var_8h)\l0x80008c10      sw s7, (var_ch)\l0x80008c14      sw s5, (var_14h)\l0x80008c18      sw s4, (var_18h)\l0x80008c1c      sw s3, (var_1ch)\l0x80008c20      sw s0, (var_28h)\l0x80008c24      sw ra, (var_4h)\l0x80008c28      sw s1, (var_24h)\l0x80008c2c      sw a0, (arg_0h)\l0x80008c30      move s0, a1\l0x80008c34      addiu s4, a1, 4                                        ; arg2\l0x80008c38      addiu s7, zero, 1\l0x80008c3c      move s3, zero\l0x80008c40      addiu s5, zero, 1\l0x80008c44      lui fp, 0x8001\l0x80008c48      addiu s2, s2, 0x1f44                                   ; 0x80011f44\l                                                                       ; sym.strcmp ; sym.strcmp\l0x80008c4c      addiu s6, s6, 0x1308                                   ; 0x80011308\l                                                                       ; sym.atoi ; sym.atoi\l"]
	"0x80008c50" [URL="sym.xsh_testsuite/0x80008c50", fillcolor="#c19c00",color="#c19c00", fontname="Courier",label="; CODE XREF from sym.xsh_testsuite @ 0x80008d90\l0x80008c50      lw v0, (arg_0h)\l0x80008c54      slt v0, s5, v0\l0x80008c58      bnez v0, 0x80008c70\l0x80008c5c      nop\l"]
	"0x80008c60" [URL="sym.xsh_testsuite/0x80008c60", fillcolor="#c19c00",color="#c19c00", fontname="Courier",label="0x80008c60      bnez s7, 0x80008dc4\l0x80008c64      move v0, zero\l"]
	"0x80008c68" [URL="sym.xsh_testsuite/0x80008c68", fillcolor="#c19c00",color="#c19c00", fontname="Courier",label="0x80008c68      b 0x80008d10\l0x80008c6c      lw ra, (var_4h)\l"]
	"0x80008c70" [URL="sym.xsh_testsuite/0x80008c70", fillcolor="#c19c00",color="#c19c00", fontname="Courier",label="; CODE XREF from sym.xsh_testsuite @ 0x80008c58\l0x80008c70      lw a0, (s4)\l0x80008c74      jalr s2\l0x80008c78      addiu a1, fp, 0x37c0                                   ; arg2 ; esilref: '--help'\l0x80008c7c      bnez v0, 0x80008d54\l0x80008c80      move s1, v0\l"]
	"0x80008c84" [URL="sym.xsh_testsuite/0x80008c84", fillcolor="#c19c00",color="#c19c00", fontname="Courier",label="0x80008c84      lw a1, (s0)\l0x80008c88      lui a0, 0x8001\l0x80008c8c      lui s0, 0x8001\l0x80008c90      addiu s0, s0, 0x1c68                                   ; 0x80011c68\l                                                                       ; sym.printf ; sym.printf\l0x80008c94      jalr s0\l0x80008c98      addiu a0, a0, 0x45f0                                   \l; arg1 ; esilref: 'Usage: &s <TESTNUM>\l; \l; '\l0x80008c9c      lui a0, 0x8001\l0x80008ca0      jalr s0\l0x80008ca4      addiu a0, a0, 0x3814                                   \l; arg1 ; esilref: 'Description:\l; '\l0x80008ca8      lui a0, 0x8001\l0x80008cac      jalr s0\l0x80008cb0      addiu a0, a0, 0x4608                                   \l; arg1 ; esilref: '\tSuite of standard Xinu component tests.\l; '\l0x80008cb4      lui a0, 0x8001\l0x80008cb8      jalr s0\l0x80008cbc      addiu a0, a0, 0x383c                                   \l; arg1 ; esilref: 'Options:\l; '\l0x80008cc0      lui a0, 0x8001\l0x80008cc4      jalr s0\l0x80008cc8      addiu a0, a0, 0x3ea4                                   \l; esilref: '\t--help\t\tdisplay this help and exit\l; '\l0x80008ccc      lui a0, 0x8001\l0x80008cd0      jalr s0\l0x80008cd4      addiu a0, a0, 0x4634                                   \l; esilref: '\t<TESTNUM>\tif specified, specific test number to run\l; '\l0x80008cd8      lui a0, 0x8001\l0x80008cdc      addiu a0, a0, 0x466c                                   \l; esilref: '\t-v\t\tverbose information\l; '\l0x80008ce0      lui s2, 0x8001\l0x80008ce4      jalr s0\l0x80008ce8      lui s3, 0x8001\l0x80008cec      addiu s2, s2, 0x7924                                   ; 0x80017924\l                                                                       ; obj.testtab ; obj.testtab\l0x80008cf0      lui s4, 0x8001\l0x80008cf4      addiu s3, s3, 0x4688                                   \l; esilref: '&2d. &s\l; '\l"]
	"0x80008cf8" [URL="sym.xsh_testsuite/0x80008cf8", fillcolor="#c19c00",color="#c19c00", fontname="Courier",label="; CODE XREF from sym.xsh_testsuite @ 0x80008d4c\l0x80008cf8      lw v0, 0x7920(s4)                                      ; [0x80017920:4]=33 ; \"!\"\l0x80008cfc      slt v0, s1, v0\l0x80008d00      bnez v0, 0x80008d3c\l0x80008d04      addiu s1, s1, 1\l"]
	"0x80008d08" [URL="sym.xsh_testsuite/0x80008d08", fillcolor="#c19c00",color="#c19c00", fontname="Courier",label="0x80008d08      addiu v0, zero, 1\l"]
	"0x80008d0c" [URL="sym.xsh_testsuite/0x80008d0c", fillcolor="#c19c00",color="#c19c00", fontname="Courier",label="; CODE XREF from sym.xsh_testsuite @ 0x80008dbc\l0x80008d0c      lw ra, (var_4h)\l"]
	"0x80008d10" [URL="sym.xsh_testsuite/0x80008d10", fillcolor="#c19c00",color="#c19c00", fontname="Courier",label="; CODE XREF from sym.xsh_testsuite @ 0x80008c68\l0x80008d10      lw fp, (var_8h)\l0x80008d14      lw s7, (var_ch)\l0x80008d18      lw s6, (var_10h)\l0x80008d1c      lw s5, (var_14h)\l0x80008d20      lw s4, (var_18h)\l0x80008d24      lw s3, (var_1ch)\l0x80008d28      lw s2, (var_20h)\l0x80008d2c      lw s1, (var_24h)\l0x80008d30      lw s0, (var_28h)\l0x80008d34      jr ra\l0x80008d38      addiu sp, sp, 0x38\l"]
	"0x80008d3c" [URL="sym.xsh_testsuite/0x80008d3c", fillcolor="#c19c00",color="#c19c00", fontname="Courier",label="; CODE XREF from sym.xsh_testsuite @ 0x80008d00\l0x80008d3c      lw a2, (s2)\l0x80008d40      move a1, s1\l0x80008d44      jalr s0\l0x80008d48      move a0, s3\l0x80008d4c      b 0x80008cf8\l0x80008d50      addiu s2, s2, 8\l"]
	"0x80008d54" [URL="sym.xsh_testsuite/0x80008d54", fillcolor="#c19c00",color="#c19c00", fontname="Courier",label="; CODE XREF from sym.xsh_testsuite @ 0x80008c7c\l0x80008d54      lui a1, 0x8001\l0x80008d58      lw a0, (s4)\l0x80008d5c      jalr s2\l0x80008d60      addiu a1, a1, 0x4694                                   ; arg2 ; esilref: '-v'\l0x80008d64      beqz v0, 0x80008d98\l0x80008d68      nop\l"]
	"0x80008d6c" [URL="sym.xsh_testsuite/0x80008d6c", fillcolor="#c19c00",color="#c19c00", fontname="Courier",label="0x80008d6c      lw a0, (s4)\l0x80008d70      jalr s6\l0x80008d74      move s7, zero\l0x80008d78      addiu a0, v0, -1                                       ; arg1\l0x80008d7c      lui v0, 0x8001\l0x80008d80      addiu v0, v0, -0x75a4                                  ; 0x80008a5c\l                                                                       ; sym.testItem ; sym.testItem\l0x80008d84      jalr v0\l0x80008d88      move a1, s3\l"]
	"0x80008d8c" [URL="sym.xsh_testsuite/0x80008d8c", fillcolor="#c19c00",color="#c19c00", fontname="Courier",label="; CODE XREF from sym.xsh_testsuite @ 0x80008d98\l0x80008d8c      addiu s5, s5, 1\l0x80008d90      b 0x80008c50\l0x80008d94      addiu s4, s4, 4\l"]
	"0x80008d98" [URL="sym.xsh_testsuite/0x80008d98", fillcolor="#c19c00",color="#c19c00", fontname="Courier",label="; CODE XREF from sym.xsh_testsuite @ 0x80008d64\l0x80008d98      b 0x80008d8c\l0x80008d9c      addiu s3, zero, 1\l"]
	"0x80008da0" [URL="sym.xsh_testsuite/0x80008da0", fillcolor="#c19c00",color="#c19c00", fontname="Courier",label="; CODE XREF from sym.xsh_testsuite @ 0x80008db4\l0x80008da0      jalr s1\l0x80008da4      move a1, s3\l0x80008da8      addiu s0, s0, 1\l"]
	"0x80008dac" [URL="sym.xsh_testsuite/0x80008dac", fillcolor="#c19c00",color="#c19c00", fontname="Courier",label="; CODE XREF from sym.xsh_testsuite @ 0x80008dd0\l0x80008dac      lw v0, 0x7920(s2)\l0x80008db0      slt v0, s0, v0\l0x80008db4      bnez v0, 0x80008da0\l0x80008db8      move a0, s0\l"]
	"0x80008dbc" [URL="sym.xsh_testsuite/0x80008dbc", fillcolor="#c19c00",color="#c19c00", fontname="Courier",label="0x80008dbc      b 0x80008d0c\l0x80008dc0      move v0, zero\l"]
	"0x80008dc4" [URL="sym.xsh_testsuite/0x80008dc4", fillcolor="#c19c00",color="#c19c00", fontname="Courier",label="; CODE XREF from sym.xsh_testsuite @ 0x80008c60\l0x80008dc4      lui s1, 0x8001\l0x80008dc8      move s0, zero\l0x80008dcc      lui s2, 0x8001\l0x80008dd0      b 0x80008dac\l0x80008dd4      addiu s1, s1, -0x75a4                                  ; 0x80008a5c\l                                                                       ; sym.testItem ; sym.testItem\l"]
        "0x80008bf8" -> "0x80008c50" [color="#0037da"];
        "0x80008c50" -> "0x80008c70" [color="#13a10e"];
        "0x80008c50" -> "0x80008c60" [color="#c50f1f"];
        "0x80008c60" -> "0x80008dc4" [color="#13a10e"];
        "0x80008c60" -> "0x80008c68" [color="#c50f1f"];
        "0x80008c68" -> "0x80008d10" [color="#0037da"];
        "0x80008c70" -> "0x80008d54" [color="#13a10e"];
        "0x80008c70" -> "0x80008c84" [color="#c50f1f"];
        "0x80008c84" -> "0x80008cf8" [color="#0037da"];
        "0x80008cf8" -> "0x80008d3c" [color="#13a10e"];
        "0x80008cf8" -> "0x80008d08" [color="#c50f1f"];
        "0x80008d08" -> "0x80008d0c" [color="#0037da"];
        "0x80008d0c" -> "0x80008d10" [color="#0037da"];
        "0x80008d3c" -> "0x80008cf8" [color="#0037da"];
        "0x80008d54" -> "0x80008d98" [color="#13a10e"];
        "0x80008d54" -> "0x80008d6c" [color="#c50f1f"];
        "0x80008d6c" -> "0x80008d8c" [color="#0037da"];
        "0x80008d8c" -> "0x80008c50" [color="#0037da"];
        "0x80008d98" -> "0x80008d8c" [color="#0037da"];
        "0x80008da0" -> "0x80008dac" [color="#0037da"];
        "0x80008dac" -> "0x80008da0" [color="#13a10e"];
        "0x80008dac" -> "0x80008dbc" [color="#c50f1f"];
        "0x80008dbc" -> "0x80008d0c" [color="#0037da"];
        "0x80008dc4" -> "0x80008dac" [color="#0037da"];
}
