digraph code {
	graph [bgcolor=azure fontsize=8 fontname="Courier" splines="ortho"];
	node [fillcolor=gray style=filled shape=box];
	edge [arrowhead="normal"];
	"0x80007c78" [URL="sym.xsh_memstat/0x80007c78", fillcolor="#c19c00",color="#c19c00", fontname="Courier",label="  ; UNKNOWN XREF from obj.commandtab @ +0x5c\l908: sym.xsh_memstat (int32_t arg1, int32_t arg2, int32_t arg_4088h);\l; arg int32_t arg_4088h @ fp+0x4088\l; var int32_t var_30h @ sp+0x10\l; var int32_t var_2ch @ sp+0x14\l; var int32_t var_28h @ sp+0x18\l; var int32_t var_24h @ sp+0x1c\l; var int32_t var_20h @ sp+0x20\l; var int32_t var_1ch @ sp+0x24\l; var int32_t var_18h @ sp+0x28\l; var int32_t var_14h @ sp+0x2c\l; var int32_t var_10h @ sp+0x30\l; var int32_t var_ch @ sp+0x34\l; var int32_t var_8h @ sp+0x38\l; var int32_t var_4h @ sp+0x3c\l; arg int32_t arg1 @ a0\l; arg int32_t arg2 @ a1\l0x80007c78      addiu sp, sp, -0x40\l0x80007c7c      addiu v0, zero, 2\l0x80007c80      sw s5, (var_14h)\l0x80007c84      sw s4, (var_18h)\l0x80007c88      sw ra, (var_4h)\l0x80007c8c      sw fp, (var_8h)\l0x80007c90      sw s7, (var_ch)\l0x80007c94      sw s6, (var_10h)\l0x80007c98      sw s3, (var_1ch)\l0x80007c9c      sw s2, (var_20h)\l0x80007ca0      sw s1, (var_24h)\l0x80007ca4      sw s0, (var_28h)\l0x80007ca8      move s5, a0\l0x80007cac      beq a0, v0, 0x80007ec4\l0x80007cb0      move s4, a1\l"]
	"0x80007cb4" [URL="sym.xsh_memstat/0x80007cb4", fillcolor="#c19c00",color="#c19c00", fontname="Courier",label="; CODE XREF from sym.xsh_memstat @ 0x80007edc\l0x80007cb4      lui s3, 0x8001\l0x80007cb8      lui s7, 0x8001\l0x80007cbc      addiu s2, s4, 4\l0x80007cc0      addiu s0, zero, 1\l0x80007cc4      addiu s1, zero, -1\l0x80007cc8      addiu s6, zero, 1\l0x80007ccc      lui fp, 0x8001\l0x80007cd0      addiu s3, s3, 0x1f44                                   ; 0x80011f44\l                                                                       ; sym.strcmp ; sym.strcmp\l0x80007cd4      addiu s7, s7, 0x1308                                   ; 0x80011308\l                                                                       ; sym.atoi ; sym.atoi\l"]
	"0x80007cd8" [URL="sym.xsh_memstat/0x80007cd8", fillcolor="#c19c00",color="#c19c00", fontname="Courier",label="; CODE XREF from sym.xsh_memstat @ 0x80007f58\l0x80007cd8      slt v0, s6, s5\l0x80007cdc      bnez v0, 0x80007f28\l0x80007ce0      nop\l"]
	"0x80007ce4" [URL="sym.xsh_memstat/0x80007ce4", fillcolor="#c19c00",color="#c19c00", fontname="Courier",label="0x80007ce4      andi s3, s0, 0xff\l0x80007ce8      andi s0, s0, 1\l0x80007cec      beqz s0, 0x80007df4\l0x80007cf0      andi v0, s3, 4\l"]
	"0x80007cf4" [URL="sym.xsh_memstat/0x80007cf4", fillcolor="#c19c00",color="#c19c00", fontname="Courier",label="0x80007cf4      lui v0, 0x8002\l0x80007cf8      lw s2, -0x35a4(v0)\l0x80007cfc      lui v1, 0x8000\l0x80007d00      lui v0, 0x8002\l0x80007d04      addiu v1, v1, 0x1000                                   ; 0x80001000\l                                                                       ; loc._start ; entry0\l0x80007d08      lui a1, 0x8000\l0x80007d0c      addiu v0, v0, 0x154c\l0x80007d10      addu s7, s2, a1\l0x80007d14      subu s5, v0, v1\l0x80007d18      addu a1, v1, a1\l0x80007d1c      lui v1, 0x8002\l0x80007d20      addiu v1, v1, -0x3004                                  ; 0x8001cffc ; obj.thrtab\l0x80007d24      addiu a0, v1, 0x20d0\l0x80007d28      move s4, zero\l0x80007d2c      addiu a2, zero, 2\l"]
	"0x80007d30" [URL="sym.xsh_memstat/0x80007d30", fillcolor="#c19c00",color="#c19c00", fontname="Courier",label="; CODE XREF from sym.xsh_memstat @ 0x80007d48\l0x80007d30      lbu a3, (v1)                                           ; [0x8001cffc:4]=0\l0x80007d34      beq a3, a2, 0x80007d44\l0x80007d38      nop\l"]
	"0x80007d3c" [URL="sym.xsh_memstat/0x80007d3c", fillcolor="#c19c00",color="#c19c00", fontname="Courier",label="0x80007d3c      lw a3, 0x10(v1)\l0x80007d40      addu s4, s4, a3\l"]
	"0x80007d44" [URL="sym.xsh_memstat/0x80007d44", fillcolor="#c19c00",color="#c19c00", fontname="Courier",label="; CODE XREF from sym.xsh_memstat @ 0x80007d34\l0x80007d44      addiu v1, v1, 0x54\l0x80007d48      bne a0, v1, 0x80007d30\l0x80007d4c      nop\l"]
	"0x80007d50" [URL="sym.xsh_memstat/0x80007d50", fillcolor="#c19c00",color="#c19c00", fontname="Courier",label="0x80007d50      lui v1, 0x8002\l0x80007d54      lw v1, -0x34c0(v1)                                     ; [0x8001cb40:4]=0\l                                                                       ; obj.memlist\l0x80007d58      move a2, zero\l"]
	"0x80007d5c" [URL="sym.xsh_memstat/0x80007d5c", fillcolor="#c19c00",color="#c19c00", fontname="Courier",label="; CODE XREF from sym.xsh_memstat @ 0x80007fdc\l0x80007d5c      bnez v1, 0x80007fd4\l0x80007d60      lui s0, 0x8001\l"]
	"0x80007d64" [URL="sym.xsh_memstat/0x80007d64", fillcolor="#c19c00",color="#c19c00", fontname="Courier",label="0x80007d64      subu s2, s2, v0\l0x80007d68      subu s2, s2, s4\l0x80007d6c      lui a0, 0x8001\l0x80007d70      subu a2, s2, a2\l0x80007d74      addiu s0, s0, 0x1c68                                   ; 0x80011c68\l                                                                       ; sym.printf ; sym.printf\l0x80007d78      addiu a0, a0, 0x4098                                   \l; esilref: 'Current System Memory Usage:\l; '\l0x80007d7c      lui s6, 0x8001\l0x80007d80      sw a2, (var_30h)\l0x80007d84      jalr s0\l0x80007d88      sw a1, (var_2ch)\l0x80007d8c      jalr s0\l0x80007d90      addiu a0, s6, 0x40b8                                   \l; esilref: '----------------------------\l; '\l0x80007d94      lw a1, (var_2ch)\l0x80007d98      lui a0, 0x8001\l0x80007d9c      jalr s0\l0x80007da0      addiu a0, a0, 0x40d8                                   \l; esilref: '&10d bytes system area\l; '\l0x80007da4      lui a0, 0x8001\l0x80007da8      move a1, s5\l0x80007dac      jalr s0\l0x80007db0      addiu a0, a0, 0x40f0                                   \l; esilref: '&10d bytes Xinu code\l; '\l0x80007db4      lui a0, 0x8001\l0x80007db8      move a1, s4\l0x80007dbc      jalr s0\l0x80007dc0      addiu a0, a0, 0x4108                                   \l; esilref: '&10d bytes stack space\l; '\l0x80007dc4      lw a2, (var_30h)\l0x80007dc8      lui a0, 0x8001\l0x80007dcc      move a1, s2\l0x80007dd0      jalr s0\l0x80007dd4      addiu a0, a0, 0x4120                                   \l; esilref: '&10d bytes kernel heap space (&d used)\l; '\l0x80007dd8      jalr s0\l0x80007ddc      addiu a0, s6, 0x40b8                                   \l; esilref: '----------------------------\l; '\l0x80007de0      lui a0, 0x8001\l0x80007de4      move a1, s7\l0x80007de8      jalr s0\l0x80007dec      addiu a0, a0, 0x4148                                   \l; esilref: '&10d bytes physical memory\l; \l; '\l0x80007df0      andi v0, s3, 4\l"]
	"0x80007df4" [URL="sym.xsh_memstat/0x80007df4", fillcolor="#c19c00",color="#c19c00", fontname="Courier",label="; CODE XREF from sym.xsh_memstat @ 0x80007cec\l0x80007df4      beqz v0, 0x80007e34\l0x80007df8      andi v0, s3, 2\l"]
	"0x80007dfc" [URL="sym.xsh_memstat/0x80007dfc", fillcolor="#c19c00",color="#c19c00", fontname="Courier",label="0x80007dfc      lui v0, 0x8002\l0x80007e00      lw v0, -0x3588(v0)                                     ; [0x8001ca78:4]=0\l                                                                       ; obj.thrcurrent\l0x80007e04      addiu a0, zero, 0x54\l0x80007e08      mul a1, v0, a0\l0x80007e0c      lui v1, 0x8002\l0x80007e10      addiu v1, v1, -0x3004                                  ; 0x8001cffc ; obj.thrtab\l0x80007e14      addu v0, a1, v1\l0x80007e18      lw a0, 0x48(v0)\l0x80007e1c      lui a1, 0x8001\l0x80007e20      lui v0, 0x8001\l0x80007e24      addiu v0, v0, 0x1a00                                   ; 0x80011a00\l                                                                       ; t9 ; sym.fprintf\l0x80007e28      jalr v0\l0x80007e2c      addiu a1, a1, 0x4168                                   \l; esilref: 'No user heap available.\l; \l; '\l0x80007e30      andi v0, s3, 2\l"]
	"0x80007e34" [URL="sym.xsh_memstat/0x80007e34", fillcolor="#c19c00",color="#c19c00", fontname="Courier",label="; CODE XREF from sym.xsh_memstat @ 0x80007df4\l0x80007e34      beqz v0, 0x80007e54\l0x80007e38      lui a1, 0x8001\l"]
	"0x80007e3c" [URL="sym.xsh_memstat/0x80007e3c", fillcolor="#c19c00",color="#c19c00", fontname="Courier",label="0x80007e3c      lui a0, 0x8002\l0x80007e40      lui v0, 0x8000\l0x80007e44      addiu a1, a1, 0x4184                                   ; esilref: 'kernel'\l0x80007e48      addiu v0, v0, 0x7be8                                   ; 0x80007be8\l                                                                       ; sym.printFreeList.isra.0 ; sym.printFreeList.isra.0\l0x80007e4c      jalr v0\l0x80007e50      addiu a0, a0, -0x34c0                                  ; 0x8001cb40\l                                                                       ; obj.memlist ; obj.memlist\l"]
	"0x80007e54" [URL="sym.xsh_memstat/0x80007e54", fillcolor="#c19c00",color="#c19c00", fontname="Courier",label="; CODE XREF from sym.xsh_memstat @ 0x80007e34\l0x80007e54      andi s3, s3, 8\l0x80007e58      beqz s3, 0x80007ef4\l0x80007e5c      move s0, zero\l"]
	"0x80007e60" [URL="sym.xsh_memstat/0x80007e60", fillcolor="#c19c00",color="#c19c00", fontname="Courier",label="0x80007e60      lui a0, 0x8002\l0x80007e64      sltiu v0, s1, 0x64\l0x80007e68      beqz v0, 0x80007e8c\l0x80007e6c      addiu a0, a0, -0x3004                                  ; 0x8001cffc\l                                                                       ; v1 ; arg1 ; obj.thrtab\l"]
	"0x80007e70" [URL="sym.xsh_memstat/0x80007e70", fillcolor="#c19c00",color="#c19c00", fontname="Courier",label="0x80007e70      addiu v1, zero, 0x54\l0x80007e74      mul v1, s1, v1\l0x80007e78      addu v0, a0, v1\l0x80007e7c      lbu a1, (v0)\l0x80007e80      addiu v0, zero, 2\l0x80007e84      bne a1, v0, 0x80007fe4\l0x80007e88      lui v0, 0x8000\l"]
	"0x80007e8c" [URL="sym.xsh_memstat/0x80007e8c", fillcolor="#c19c00",color="#c19c00", fontname="Courier",label="; CODE XREF from sym.xsh_memstat @ 0x80007e68\l0x80007e8c      lui v0, 0x8002\l0x80007e90      lw v0, -0x3588(v0)                                     ; [0x8001ca78:4]=0\l                                                                       ; obj.thrcurrent\l0x80007e94      addiu v1, zero, 0x54\l0x80007e98      mul a1, v0, v1\l0x80007e9c      lui v0, 0x8001\l0x80007ea0      addu a0, a1, a0                                        ; arg2\l0x80007ea4      lw a0, 0x48(a0)\l0x80007ea8      lui a1, 0x8001\l0x80007eac      move a2, s1\l0x80007eb0      addiu v0, v0, 0x1a00                                   ; 0x80011a00\l                                                                       ; t9 ; sym.fprintf\l0x80007eb4      jalr v0\l0x80007eb8      addiu a1, a1, 0x418c                                   \l; esilref: 'Invalid thread id: &d\l; '\l0x80007ebc      b 0x80007ef4\l0x80007ec0      move s0, zero\l"]
	"0x80007ec4" [URL="sym.xsh_memstat/0x80007ec4", fillcolor="#c19c00",color="#c19c00", fontname="Courier",label="; CODE XREF from sym.xsh_memstat @ 0x80007cac\l0x80007ec4      lw a0, 4(s4)\l0x80007ec8      lui a1, 0x8001\l0x80007ecc      lui v0, 0x8001\l0x80007ed0      addiu v0, v0, 0x1f44                                   ; 0x80011f44\l                                                                       ; sym.strcmp ; sym.strcmp\l0x80007ed4      jalr v0\l0x80007ed8      addiu a1, a1, 0x37c0                                   ; arg2 ; esilref: '--help'\l0x80007edc      bnez v0, 0x80007cb4\l0x80007ee0      move s0, v0\l"]
	"0x80007ee4" [URL="sym.xsh_memstat/0x80007ee4", fillcolor="#c19c00",color="#c19c00", fontname="Courier",label="0x80007ee4      lui v0, 0x8000\l0x80007ee8      addiu v0, v0, 0x7b48                                   ; 0x80007b48\l                                                                       ; sym.usage ; sym.usage\l0x80007eec      jalr v0\l0x80007ef0      lw a0, (s4)\l"]
	"0x80007ef4" [URL="sym.xsh_memstat/0x80007ef4", fillcolor="#c19c00",color="#c19c00", fontname="Courier",label="; CODE XREFS from sym.xsh_memstat @ 0x80007e58, 0x80007ebc, 0x80007f6c\l0x80007ef4      lw ra, (var_4h)\l"]
	"0x80007ef8" [URL="sym.xsh_memstat/0x80007ef8", fillcolor="#c19c00",color="#c19c00", fontname="Courier",label="; CODE XREF from sym.xsh_memstat @ 0x80007ffc\l0x80007ef8      lw fp, (var_8h)\l0x80007efc      lw s7, (var_ch)\l0x80007f00      lw s6, (var_10h)\l0x80007f04      lw s5, (var_14h)\l0x80007f08      lw s4, (var_18h)\l0x80007f0c      lw s3, (var_1ch)\l0x80007f10      lw s2, (var_20h)\l0x80007f14      lw s1, (var_24h)\l0x80007f18      move v0, s0\l0x80007f1c      lw s0, (var_28h)\l0x80007f20      jr ra\l0x80007f24      addiu sp, sp, 0x40\l"]
	"0x80007f28" [URL="sym.xsh_memstat/0x80007f28", fillcolor="#c19c00",color="#c19c00", fontname="Courier",label="; CODE XREF from sym.xsh_memstat @ 0x80007cdc\l0x80007f28      lw a0, (s2)\l0x80007f2c      jalr s3\l0x80007f30      addiu a1, fp, 0x4088                                   ; arg2\l0x80007f34      bnez v0, 0x80007f74\l0x80007f38      addiu s6, s6, 1\l"]
	"0x80007f3c" [URL="sym.xsh_memstat/0x80007f3c", fillcolor="#c19c00",color="#c19c00", fontname="Courier",label="0x80007f3c      slt v0, s6, s5\l0x80007f40      beqz v0, 0x80007f60\l0x80007f44      lui v0, 0x8000\l"]
	"0x80007f48" [URL="sym.xsh_memstat/0x80007f48", fillcolor="#c19c00",color="#c19c00", fontname="Courier",label="0x80007f48      lw a0, 4(s2)\l0x80007f4c      jalr s7\l0x80007f50      ori s0, s0, 8\l0x80007f54      move s1, v0\l"]
	"0x80007f58" [URL="sym.xsh_memstat/0x80007f58", fillcolor="#c19c00",color="#c19c00", fontname="Courier",label="; CODE XREFS from sym.xsh_memstat @ 0x80007f8c, 0x80007fac, 0x80007fc4, 0x80007fcc\l0x80007f58      b 0x80007cd8\l0x80007f5c      addiu s2, s2, 4\l"]
	"0x80007f60" [URL="sym.xsh_memstat/0x80007f60", fillcolor="#c19c00",color="#c19c00", fontname="Courier",label="; CODE XREF from sym.xsh_memstat @ 0x80007f40\l0x80007f60      addiu v0, v0, 0x7b48                                   ; 0x80007b48\l                                                                       ; sym.usage ; sym.usage\l0x80007f64      jalr v0\l0x80007f68      lw a0, (s4)\l0x80007f6c      b 0x80007ef4\l0x80007f70      addiu s0, zero, 1\l"]
	"0x80007f74" [URL="sym.xsh_memstat/0x80007f74", fillcolor="#c19c00",color="#c19c00", fontname="Courier",label="; CODE XREF from sym.xsh_memstat @ 0x80007f34\l0x80007f74      lui a1, 0x8001\l0x80007f78      lw a0, (s2)\l0x80007f7c      jalr s3\l0x80007f80      addiu a1, a1, 0x408c                                   ; arg2 ; esilref: '-r'\l0x80007f84      bnez v0, 0x80007f94\l0x80007f88      nop\l"]
	"0x80007f8c" [URL="sym.xsh_memstat/0x80007f8c", fillcolor="#c19c00",color="#c19c00", fontname="Courier",label="0x80007f8c      b 0x80007f58\l0x80007f90      ori s0, s0, 4\l"]
	"0x80007f94" [URL="sym.xsh_memstat/0x80007f94", fillcolor="#c19c00",color="#c19c00", fontname="Courier",label="; CODE XREF from sym.xsh_memstat @ 0x80007f84\l0x80007f94      lui a1, 0x8001\l0x80007f98      lw a0, (s2)\l0x80007f9c      jalr s3\l0x80007fa0      addiu a1, a1, 0x4090                                   ; arg2 ; esilref: '-k'\l0x80007fa4      bnez v0, 0x80007fb4\l0x80007fa8      nop\l"]
	"0x80007fac" [URL="sym.xsh_memstat/0x80007fac", fillcolor="#c19c00",color="#c19c00", fontname="Courier",label="0x80007fac      b 0x80007f58\l0x80007fb0      ori s0, s0, 2\l"]
	"0x80007fb4" [URL="sym.xsh_memstat/0x80007fb4", fillcolor="#c19c00",color="#c19c00", fontname="Courier",label="; CODE XREF from sym.xsh_memstat @ 0x80007fa4\l0x80007fb4      lui a1, 0x8001\l0x80007fb8      lw a0, (s2)\l0x80007fbc      jalr s3\l0x80007fc0      addiu a1, a1, 0x4094                                   ; arg2 ; esilref: '-q'\l0x80007fc4      bnez v0, 0x80007f58\l0x80007fc8      addiu v0, zero, -2\l"]
	"0x80007fcc" [URL="sym.xsh_memstat/0x80007fcc", fillcolor="#c19c00",color="#c19c00", fontname="Courier",label="0x80007fcc      b 0x80007f58\l0x80007fd0      and s0, s0, v0\l"]
	"0x80007fd4" [URL="sym.xsh_memstat/0x80007fd4", fillcolor="#c19c00",color="#c19c00", fontname="Courier",label="; CODE XREF from sym.xsh_memstat @ 0x80007d5c\l0x80007fd4      lw a0, 4(v1)\l0x80007fd8      lw v1, (v1)\l0x80007fdc      b 0x80007d5c\l0x80007fe0      addu a2, a2, a0\l"]
	"0x80007fe4" [URL="sym.xsh_memstat/0x80007fe4", fillcolor="#c19c00",color="#c19c00", fontname="Courier",label="; CODE XREF from sym.xsh_memstat @ 0x80007e84\l0x80007fe4      addiu a1, v1, 0x14\l0x80007fe8      addiu v1, v1, 0x38\l0x80007fec      addu a1, a0, a1\l0x80007ff0      addiu v0, v0, 0x7be8\l0x80007ff4      jalr v0\l0x80007ff8      addu a0, a0, v1\l0x80007ffc      b 0x80007ef8\l0x80008000      lw ra, (var_4h)\l"]
        "0x80007c78" -> "0x80007ec4" [color="#13a10e"];
        "0x80007c78" -> "0x80007cb4" [color="#c50f1f"];
        "0x80007cb4" -> "0x80007cd8" [color="#0037da"];
        "0x80007cd8" -> "0x80007f28" [color="#13a10e"];
        "0x80007cd8" -> "0x80007ce4" [color="#c50f1f"];
        "0x80007ce4" -> "0x80007df4" [color="#13a10e"];
        "0x80007ce4" -> "0x80007cf4" [color="#c50f1f"];
        "0x80007cf4" -> "0x80007d30" [color="#0037da"];
        "0x80007d30" -> "0x80007d44" [color="#13a10e"];
        "0x80007d30" -> "0x80007d3c" [color="#c50f1f"];
        "0x80007d3c" -> "0x80007d44" [color="#0037da"];
        "0x80007d44" -> "0x80007d30" [color="#13a10e"];
        "0x80007d44" -> "0x80007d50" [color="#c50f1f"];
        "0x80007d50" -> "0x80007d5c" [color="#0037da"];
        "0x80007d5c" -> "0x80007fd4" [color="#13a10e"];
        "0x80007d5c" -> "0x80007d64" [color="#c50f1f"];
        "0x80007d64" -> "0x80007df4" [color="#0037da"];
        "0x80007df4" -> "0x80007e34" [color="#13a10e"];
        "0x80007df4" -> "0x80007dfc" [color="#c50f1f"];
        "0x80007dfc" -> "0x80007e34" [color="#0037da"];
        "0x80007e34" -> "0x80007e54" [color="#13a10e"];
        "0x80007e34" -> "0x80007e3c" [color="#c50f1f"];
        "0x80007e3c" -> "0x80007e54" [color="#0037da"];
        "0x80007e54" -> "0x80007ef4" [color="#13a10e"];
        "0x80007e54" -> "0x80007e60" [color="#c50f1f"];
        "0x80007e60" -> "0x80007e8c" [color="#13a10e"];
        "0x80007e60" -> "0x80007e70" [color="#c50f1f"];
        "0x80007e70" -> "0x80007fe4" [color="#13a10e"];
        "0x80007e70" -> "0x80007e8c" [color="#c50f1f"];
        "0x80007e8c" -> "0x80007ef4" [color="#0037da"];
        "0x80007ec4" -> "0x80007cb4" [color="#13a10e"];
        "0x80007ec4" -> "0x80007ee4" [color="#c50f1f"];
        "0x80007ee4" -> "0x80007ef4" [color="#0037da"];
        "0x80007ef4" -> "0x80007ef8" [color="#0037da"];
        "0x80007f28" -> "0x80007f74" [color="#13a10e"];
        "0x80007f28" -> "0x80007f3c" [color="#c50f1f"];
        "0x80007f3c" -> "0x80007f60" [color="#13a10e"];
        "0x80007f3c" -> "0x80007f48" [color="#c50f1f"];
        "0x80007f48" -> "0x80007f58" [color="#0037da"];
        "0x80007f58" -> "0x80007cd8" [color="#0037da"];
        "0x80007f60" -> "0x80007ef4" [color="#0037da"];
        "0x80007f74" -> "0x80007f94" [color="#13a10e"];
        "0x80007f74" -> "0x80007f8c" [color="#c50f1f"];
        "0x80007f8c" -> "0x80007f58" [color="#0037da"];
        "0x80007f94" -> "0x80007fb4" [color="#13a10e"];
        "0x80007f94" -> "0x80007fac" [color="#c50f1f"];
        "0x80007fac" -> "0x80007f58" [color="#0037da"];
        "0x80007fb4" -> "0x80007f58" [color="#13a10e"];
        "0x80007fb4" -> "0x80007fcc" [color="#c50f1f"];
        "0x80007fcc" -> "0x80007f58" [color="#0037da"];
        "0x80007fd4" -> "0x80007d5c" [color="#0037da"];
        "0x80007fe4" -> "0x80007ef8" [color="#0037da"];
}
