digraph code {
	graph [bgcolor=azure fontsize=8 fontname="Courier" splines="ortho"];
	node [fillcolor=gray style=filled shape=box];
	edge [arrowhead="normal"];
	"0x08000034" [URL="sym.create/0x08000034", fillcolor="#c19c00",color="#c19c00", fontname="Courier",label="  ;-- section..text:\l  ;-- .text:\l  ;-- pc:\l564: sym.create (int32_t arg2, int32_t arg_38h, int32_t arg_3ch);\l; var int32_t var_10h @ sp+0x10\l; var int32_t var_14h @ sp+0x14\l; var int32_t var_18h @ sp+0x18\l; var int32_t var_1ch @ sp+0x1c\l; var int32_t var_20h @ sp+0x20\l; var int32_t var_24h @ sp+0x24\l; arg int32_t arg_38h @ sp+0x38\l; arg int32_t arg_3ch @ sp+0x3c\l; arg int32_t arg2 @ a1\l0x08000034      addiu sp, sp, -0x28                                    ; [01] -r-x section size 596 named .text\l0x08000038      sw ra, (var_24h)\l0x0800003c      sw s4, (var_20h)\l0x08000040      sw s3, (var_1ch)\l0x08000044      sw s2, (var_18h)\l0x08000048      sw s1, (var_14h)\l; UNKNOWN XREF from sym.create @ 0x8000150\l;-- aav.0x0800004c:\l0x0800004c      sw s0, (var_10h)\l0x08000050      lw s0, (arg_38h)\l0x08000054      addiu a1, a1, 3                                        ; arg2\l0x08000058      addiu v0, zero, -4\l0x0800005c      and s3, a1, v0                                         ; arg2\l0x08000060      slti v0, s3, 0x28\l0x08000064      bnez v0, 0x8000244\l0x08000068      move s2, a0\l"]
	"0x0800006c" [URL="sym.create/0x0800006c", fillcolor="#c19c00",color="#c19c00", fontname="Courier",label="0x0800006c      move s4, a2\l0x08000070      move s1, a3\l0x08000074      jal 0\l0x08000078      move a0, s3\l0x0800007c      addiu v1, zero, -1\l0x08000080      beq v0, v1, 0x800024c\l0x08000084      addiu a1, zero, 0xa\l"]
	"0x08000088" [URL="sym.create/0x08000088", fillcolor="#c19c00",color="#c19c00", fontname="Courier",label="0x08000088      lw v1, (gp)\l0x0800008c      lui t1, 0\l0x08000090      addiu t1, t1, 0\l0x08000094      addiu t0, zero, 2\l0x08000098      bgtz v1, 0x80000a4\l0x0800009c      addiu a3, v1, -1\l"]
	"0x080000a0" [URL="sym.create/0x080000a0", fillcolor="#c19c00",color="#c19c00", fontname="Courier",label="0x080000a0      addiu a3, zero, 9\l"]
	"0x080000a4" [URL="sym.create/0x080000a4", fillcolor="#c19c00",color="#c19c00", fontname="Courier",label="; CODE XREF from sym.create @ 0x8000098\l0x080000a4      sll a0, v1, 2\l0x080000a8      sll a2, v1, 4\l0x080000ac      subu a0, a2, a0\l0x080000b0      addu a0, a0, v1\l0x080000b4      sll a0, a0, 2\l0x080000b8      addu a0, a0, t1\l0x080000bc      lb a0, (a0)\l0x080000c0      nop\l0x080000c4      beq a0, t0, 0x80000e8\l0x080000c8      addiu a1, a1, -1\l"]
	"0x080000cc" [URL="sym.create/0x080000cc", fillcolor="#c19c00",color="#c19c00", fontname="Courier",label="0x080000cc      bnez a1, 0x80000e0\l0x080000d0      nop\l"]
	"0x080000d4" [URL="sym.create/0x080000d4", fillcolor="#c19c00",color="#c19c00", fontname="Courier",label="0x080000d4      sw a3, (gp)\l0x080000d8      j 0x234\l0x080000dc      addiu v0, zero, -1\l"]
	"0x080000e0" [URL="sym.create/0x080000e0", fillcolor="#c19c00",color="#c19c00", fontname="Courier",label="; CODE XREF from sym.create @ 0x80000cc\l0x080000e0      j 0x64\l0x080000e4      move v1, a3\l"]
	"0x080000e8" [URL="sym.create/0x080000e8", fillcolor="#c19c00",color="#c19c00", fontname="Courier",label="; CODE XREF from sym.create @ 0x80000c4\l0x080000e8      addiu a1, zero, -1\l0x080000ec      beq v1, a1, 0x8000254\l0x080000f0      sw a3, (gp)\l"]
	"0x080000f4" [URL="sym.create/0x080000f4", fillcolor="#c19c00",color="#c19c00", fontname="Courier",label="0x080000f4      andi a1, s2, 1\l0x080000f8      bnez a1, 0x800025c\l0x080000fc      nop\l"]
	"0x08000100" [URL="sym.create/0x08000100", fillcolor="#c19c00",color="#c19c00", fontname="Courier",label="0x08000100      blez s4, 0x8000264\l0x08000104      sll t0, v1, 4\l"]
	"0x08000108" [URL="sym.create/0x08000108", fillcolor="#c19c00",color="#c19c00", fontname="Courier",label="0x08000108      lw a1, (gp)\l0x0800010c      nop\l0x08000110      addiu a1, a1, 1\l0x08000114      sw a1, (gp)\l0x08000118      sll a1, v1, 2\l0x0800011c      subu t0, t0, a1\l0x08000120      addu a0, t0, v1\l0x08000124      sll a0, a0, 2\l0x08000128      lui t0, 0\l0x0800012c      addiu t0, t0, 0\l0x08000130      addu t0, t0, a0\l0x08000134      addiu a0, zero, 6\l0x08000138      sb a0, (t0)\l0x0800013c      lb a0, (s1)\l0x08000140      nop\l0x08000144      beqz a0, 0x8000178\l0x08000148      sb a0, 0x22(t0)\l"]
	"0x0800014c" [URL="sym.create/0x0800014c", fillcolor="#c19c00",color="#c19c00", fontname="Courier",label="0x0800014c      addiu a1, zero, 1\l0x08000150      .dword 0x0800004c ; aav.0x0800004c\l0x08000154      addiu a3, zero, 8\l"]
	"0x08000178" [URL="sym.create/0x08000178", fillcolor="#c19c00",color="#c19c00", fontname="Courier",label="; CODE XREF from sym.create @ 0x8000144\l; CODE XREF from aav.0x0800004c @ +0x110\l0x08000178      sh s4, 2(t0)\l0x0800017c      sh v0, 0x1c(t0)\l0x08000180      sh s3, 0x1e(t0)\l0x08000184      sh zero, 0x16(t0)\l0x08000188      sb zero, 0x1a(t0)\l0x0800018c      subu s3, v0, s3\l0x08000190      addiu s3, s3, 4\l0x08000194      sh s3, 0x20(t0)\l0x08000198      addiu t1, v0, -4\l0x0800019c      ori a0, zero, 0xaaaa\l0x080001a0      sw a0, (v0)\l0x080001a4      sh s0, 0x2a(t0)\l0x080001a8      move a1, zero\l0x080001ac      addiu a0, zero, 0x12\l"]
	"0x080001b0" [URL="sym.create/0x080001b0", fillcolor="#c19c00",color="#c19c00", fontname="Courier",label="; CODE XREF from sym.create @ 0x80001b8\l0x080001b0      addu a2, t0, a1\l0x080001b4      addiu a1, a1, 2\l0x080001b8      bne a1, a0, 0x80001b0\l0x080001bc      sh zero, 4(a2)\l"]
	"0x080001c0" [URL="sym.create/0x080001c0", fillcolor="#c19c00",color="#c19c00", fontname="Courier",label="0x080001c0      sll s2, s2, 0x10\l0x080001c4      sra s2, s2, 0x10\l0x080001c8      sh s2, 0x2c(t0)\l0x080001cc      sh s2, 0x12(t0)\l0x080001d0      sh zero, 0x14(t0)\l0x080001d4      addiu a0, zero, -1\l0x080001d8      sh a0, 0x2e(t0)\l0x080001dc      sh a0, 0x32(t0)\l0x080001e0      sh a0, 0x30(t0)\l0x080001e4      move t2, s0\l0x080001e8      lui a3, 0x3fff\l0x080001ec      ori a3, a3, 0xffff\l0x080001f0      addu a3, s0, a3\l0x080001f4      sll a3, a3, 2\l0x080001f8      addiu a0, sp, 0x3c\l0x080001fc      blez s0, 0x800022c\l0x08000200      addu a3, a0, a3\l"]
	"0x08000204" [URL="sym.create/0x08000204", fillcolor="#c19c00",color="#c19c00", fontname="Courier",label="0x08000204      move a0, a3\l"]
	"0x08000208" [URL="sym.create/0x08000208", fillcolor="#c19c00",color="#c19c00", fontname="Courier",label="; CODE XREF from sym.create @ 0x800021c\l0x08000208      addiu a0, a0, -4\l0x0800020c      subu a1, a0, a3\l0x08000210      addu a1, a1, v0\l0x08000214      lw a2, 4(a0)\l0x08000218      addiu s0, s0, -1\l0x0800021c      bnez s0, 0x8000208\l0x08000220      sw a2, (a1)\l"]
	"0x08000224" [URL="sym.create/0x08000224", fillcolor="#c19c00",color="#c19c00", fontname="Courier",label="0x08000224      sll t2, t2, 2\l0x08000228      subu t1, t1, t2\l"]
	"0x0800022c" [URL="sym.create/0x0800022c", fillcolor="#c19c00",color="#c19c00", fontname="Courier",label="; CODE XREF from sym.create @ 0x80001fc\l0x0800022c      lui v0, 0\l0x08000230      addiu v0, v0, 0\l0x08000234      sw v0, (t1)\l0x08000238      sh t1, 0x10(t0)\l0x0800023c      j 0x234\l0x08000240      move v0, v1\l"]
	"0x08000244" [URL="sym.create/0x08000244", fillcolor="#c19c00",color="#c19c00", fontname="Courier",label="; CODE XREF from sym.create @ 0x8000064\l0x08000244      j 0x234\l0x08000248      addiu v0, zero, -1\l"]
	"0x0800024c" [URL="sym.create/0x0800024c", fillcolor="#c19c00",color="#c19c00", fontname="Courier",label="; CODE XREF from sym.create @ 0x8000080\l0x0800024c      j 0x234\l0x08000250      addiu v0, zero, -1\l"]
	"0x08000254" [URL="sym.create/0x08000254", fillcolor="#c19c00",color="#c19c00", fontname="Courier",label="; CODE XREF from sym.create @ 0x80000ec\l0x08000254      j 0x234\l0x08000258      addiu v0, zero, -1\l"]
	"0x0800025c" [URL="sym.create/0x0800025c", fillcolor="#c19c00",color="#c19c00", fontname="Courier",label="; CODE XREF from sym.create @ 0x80000f8\l0x0800025c      j 0x234\l0x08000260      addiu v0, zero, -1\l"]
	"0x08000264" [URL="sym.create/0x08000264", fillcolor="#c19c00",color="#c19c00", fontname="Courier",label="; CODE XREF from sym.create @ 0x8000100\l0x08000264      addiu v0, zero, -1\l0x08000268      lw ra, (var_24h)\l0x0800026c      lw s4, (var_20h)\l0x08000270      lw s3, (var_1ch)\l0x08000274      lw s2, (var_18h)\l0x08000278      lw s1, (var_14h)\l0x0800027c      lw s0, (var_10h)\l0x08000280      jr ra\l0x08000284      addiu sp, sp, 0x28\l"]
        "0x08000034" -> "0x08000244" [color="#13a10e"];
        "0x08000034" -> "0x0800006c" [color="#c50f1f"];
        "0x0800006c" -> "0x0800024c" [color="#13a10e"];
        "0x0800006c" -> "0x08000088" [color="#c50f1f"];
        "0x08000088" -> "0x080000a4" [color="#13a10e"];
        "0x08000088" -> "0x080000a0" [color="#c50f1f"];
        "0x080000a0" -> "0x080000a4" [color="#3a96dd"];
        "0x080000a4" -> "0x080000e8" [color="#13a10e"];
        "0x080000a4" -> "0x080000cc" [color="#c50f1f"];
        "0x080000cc" -> "0x080000e0" [color="#13a10e"];
        "0x080000cc" -> "0x080000d4" [color="#c50f1f"];
        "0x080000e8" -> "0x08000254" [color="#13a10e"];
        "0x080000e8" -> "0x080000f4" [color="#c50f1f"];
        "0x080000f4" -> "0x0800025c" [color="#13a10e"];
        "0x080000f4" -> "0x08000100" [color="#c50f1f"];
        "0x08000100" -> "0x08000264" [color="#13a10e"];
        "0x08000100" -> "0x08000108" [color="#c50f1f"];
        "0x08000108" -> "0x08000178" [color="#13a10e"];
        "0x08000108" -> "0x0800014c" [color="#c50f1f"];
        "0x08000178" -> "0x080001b0" [color="#3a96dd"];
        "0x080001b0" -> "0x080001b0" [color="#13a10e"];
        "0x080001b0" -> "0x080001c0" [color="#c50f1f"];
        "0x080001c0" -> "0x0800022c" [color="#13a10e"];
        "0x080001c0" -> "0x08000204" [color="#c50f1f"];
        "0x08000204" -> "0x08000208" [color="#3a96dd"];
        "0x08000208" -> "0x08000208" [color="#13a10e"];
        "0x08000208" -> "0x08000224" [color="#c50f1f"];
        "0x08000224" -> "0x0800022c" [color="#3a96dd"];
}
