digraph code {
	graph [bgcolor=azure fontsize=8 fontname="Courier" splines="ortho"];
	node [fillcolor=gray style=filled shape=box];
	edge [arrowhead="normal"];
	"0x08000034" [URL="sym.dskqopt/0x08000034", fillcolor="#c19c00",color="#c19c00", fontname="Courier",label="  ;-- section..text:\l  ;-- .text:\l  ;-- pc:\l496: sym.dskqopt (int32_t arg1, int32_t arg2, int32_t arg3);\l; var int32_t var_14h @ sp+0x14\l; var int32_t var_18h @ sp+0x18\l; var int32_t var_1ch @ sp+0x1c\l; var int32_t var_20h @ sp+0x20\l; var int32_t var_24h @ sp+0x24\l; var int32_t var_28h @ sp+0x28\l; var int32_t var_2ch @ sp+0x2c\l; arg int32_t arg1 @ a0\l; arg int32_t arg2 @ a1\l; arg int32_t arg3 @ a2\l0x08000034      addiu sp, sp, -0x30                                    ; [01] -r-x section size 496 named .text\l0x08000038      sw ra, (var_2ch)\l0x0800003c      sw s5, (var_28h)\l0x08000040      sw s4, (var_24h)\l0x08000044      sw s3, (var_20h)\l0x08000048      sw s2, (var_1ch)\l0x0800004c      sw s1, (var_18h)\l0x08000050      sw s0, (var_14h)\l0x08000054      lb v0, 0xc(a2)                                         ; arg3\l0x08000058      nop\l0x0800005c      beqz v0, 0x80001f0\l0x08000060      move s3, a2\l"]
	"0x08000064" [URL="sym.dskqopt/0x08000064", fillcolor="#c19c00",color="#c19c00", fontname="Courier",label="0x08000064      move s0, a0\l0x08000068      addiu v1, zero, 8\l0x0800006c      bne v0, v1, 0x800008c\l0x08000070      move s2, a1\l"]
	"0x08000074" [URL="sym.dskqopt/0x08000074", fillcolor="#c19c00",color="#c19c00", fontname="Courier",label="0x08000074      lb a0, 0xc(a0)                                         ; arg1\l0x08000078      nop\l0x0800007c      bne a0, v1, 0x80000a8\l0x08000080      nop\l"]
	"0x08000084" [URL="sym.dskqopt/0x08000084", fillcolor="#c19c00",color="#c19c00", fontname="Courier",label="0x08000084      j 0x1cc\l0x08000088      addiu v0, zero, -1\l"]
	"0x0800008c" [URL="sym.dskqopt/0x0800008c", fillcolor="#c19c00",color="#c19c00", fontname="Courier",label="; CODE XREF from sym.dskqopt @ 0x800006c\l0x0800008c      addiu v1, zero, 0xb\l0x08000090      bne v0, v1, 0x80000a8\l0x08000094      nop\l"]
	"0x08000098" [URL="sym.dskqopt/0x08000098", fillcolor="#c19c00",color="#c19c00", fontname="Courier",label="0x08000098      jal 0\l0x0800009c      move a0, a2\l0x080000a0      j 0x1cc\l0x080000a4      addiu v0, zero, 1\l"]
	"0x080000a8" [URL="sym.dskqopt/0x080000a8", fillcolor="#c19c00",color="#c19c00", fontname="Courier",label="; CODE XREFS from sym.dskqopt @ 0x800007c, 0x8000090\l0x080000a8      lb v1, 0xc(s0)\l0x080000ac      addiu a0, zero, 0xb                                    ; arg1\l0x080000b0      bne v1, a0, 0x80000d8\l0x080000b4      addiu a0, zero, 0xa                                    ; arg1\l"]
	"0x080000b8" [URL="sym.dskqopt/0x080000b8", fillcolor="#c19c00",color="#c19c00", fontname="Courier",label="0x080000b8      lw v0, 0x14(s0)\l0x080000bc      nop\l0x080000c0      sw v0, 0x14(s3)\l0x080000c4      sw s3, 0x14(s2)\l0x080000c8      jal 0\l0x080000cc      move a0, s0\l0x080000d0      j 0x1cc\l0x080000d4      addiu v0, zero, 1\l"]
	"0x080000d8" [URL="sym.dskqopt/0x080000d8", fillcolor="#c19c00",color="#c19c00", fontname="Courier",label="; CODE XREF from sym.dskqopt @ 0x80000b0\l0x080000d8      bne v1, a0, 0x8000140\l0x080000dc      nop\l"]
	"0x080000e0" [URL="sym.dskqopt/0x080000e0", fillcolor="#c19c00",color="#c19c00", fontname="Courier",label="0x080000e0      addiu v1, zero, 0xa\l0x080000e4      bne v0, v1, 0x80001f8\l0x080000e8      addiu v1, zero, 8\l"]
	"0x080000ec" [URL="sym.dskqopt/0x080000ec", fillcolor="#c19c00",color="#c19c00", fontname="Courier",label="0x080000ec      lw v0, 0x14(s0)\l0x080000f0      nop\l0x080000f4      sw v0, 0x14(s3)\l0x080000f8      sw s3, 0x14(s2)\l0x080000fc      lw a0, 8(s0)\l0x08000100      jal 0\l0x08000104      nop\l0x08000108      jal 0\l0x0800010c      move a0, s0\l0x08000110      j 0x1cc\l0x08000114      addiu v0, zero, 1\l"]
	"0x08000118" [URL="sym.dskqopt/0x08000118", fillcolor="#c19c00",color="#c19c00", fontname="Courier",label="; CODE XREF from sym.dskqopt @ 0x80001f8\l0x08000118      lw v0, 8(s3)\l0x0800011c      lw v1, 8(s0)\l0x08000120      addiu a1, v0, 0x200                                    ; arg2\l"]
	"0x08000124" [URL="sym.dskqopt/0x08000124", fillcolor="#c19c00",color="#c19c00", fontname="Courier",label="; CODE XREF from sym.dskqopt @ 0x8000130\l0x08000124      addiu v0, v0, 1\l0x08000128      addiu v1, v1, 1\l0x0800012c      lb a0, -1(v1)\l0x08000130      bne v0, a1, 0x8000124\l0x08000134      sb a0, -1(v0)\l"]
	"0x08000138" [URL="sym.dskqopt/0x08000138", fillcolor="#c19c00",color="#c19c00", fontname="Courier",label="0x08000138      j 0x1cc\l0x0800013c      addiu v0, zero, 1\l"]
	"0x08000140" [URL="sym.dskqopt/0x08000140", fillcolor="#c19c00",color="#c19c00", fontname="Courier",label="; CODE XREF from sym.dskqopt @ 0x80000d8\l0x08000140      addiu a0, zero, 0xa                                    ; arg1\l0x08000144      bne v0, a0, 0x8000200\l0x08000148      addiu v0, zero, -1\l"]
	"0x0800014c" [URL="sym.dskqopt/0x0800014c", fillcolor="#c19c00",color="#c19c00", fontname="Courier",label="0x0800014c      addiu v0, zero, 8\l0x08000150      bne v1, v0, 0x8000200\l0x08000154      addiu v0, zero, -1\l"]
	"0x08000158" [URL="sym.dskqopt/0x08000158", fillcolor="#c19c00",color="#c19c00", fontname="Courier",label="0x08000158      lw v0, (s3)\l0x0800015c      lw s1, 8(s3)\l0x08000160      beqz s0, 0x80001dc\l0x08000164      nop\l"]
	"0x08000168" [URL="sym.dskqopt/0x08000168", fillcolor="#c19c00",color="#c19c00", fontname="Courier",label="0x08000168      lw s5, (s0)\l0x0800016c      nop\l0x08000170      bne s5, v0, 0x80001dc\l0x08000174      addiu s4, zero, 1\l"]
	"0x08000178" [URL="sym.dskqopt/0x08000178", fillcolor="#c19c00",color="#c19c00", fontname="Courier",label="; CODE XREF from sym.dskqopt @ 0x80001d4\l0x08000178      lw v0, 0x14(s0)\l0x0800017c      nop\l0x08000180      sw v0, 0x14(s2)\l0x08000184      lw v0, 8(s0)\l0x08000188      nop\l0x0800018c      addiu a0, v0, 0x200                                    ; arg1\l0x08000190      move v1, s1\l"]
	"0x08000194" [URL="sym.dskqopt/0x08000194", fillcolor="#c19c00",color="#c19c00", fontname="Courier",label="; CODE XREF from sym.dskqopt @ 0x80001a0\l0x08000194      addiu v0, v0, 1\l0x08000198      addiu v1, v1, 1\l0x0800019c      lb a3, -1(v1)\l0x080001a0      bne v0, a0, 0x8000194\l0x080001a4      sb a3, -1(v0)\l"]
	"0x080001a8" [URL="sym.dskqopt/0x080001a8", fillcolor="#c19c00",color="#c19c00", fontname="Courier",label="0x080001a8      addiu s1, s1, 0x200\l0x080001ac      sw s4, 0x10(s0)\l0x080001b0      lw a0, 4(s0)\l0x080001b4      jal 0\l0x080001b8      move a1, zero\l0x080001bc      lw s0, 0x14(s0)\l0x080001c0      nop\l0x080001c4      beqz s0, 0x80001dc\l0x080001c8      nop\l"]
	"0x080001cc" [URL="sym.dskqopt/0x080001cc", fillcolor="#c19c00",color="#c19c00", fontname="Courier",label="0x080001cc      lw v0, (s0)\l0x080001d0      nop\l0x080001d4      beq v0, s5, 0x8000178\l0x080001d8      nop\l"]
	"0x080001dc" [URL="sym.dskqopt/0x080001dc", fillcolor="#c19c00",color="#c19c00", fontname="Courier",label="; CODE XREFS from sym.dskqopt @ 0x8000160, 0x8000170, 0x80001c4\l0x080001dc      sw s0, 0x14(s3)\l0x080001e0      jal 0\l0x080001e4      sw s3, 0x14(s2)\l0x080001e8      j 0x1cc\l0x080001ec      addiu v0, zero, 1\l"]
	"0x080001f0" [URL="sym.dskqopt/0x080001f0", fillcolor="#c19c00",color="#c19c00", fontname="Courier",label="; CODE XREF from sym.dskqopt @ 0x800005c\l0x080001f0      j 0x1cc\l0x080001f4      addiu v0, zero, -1\l"]
	"0x080001f8" [URL="sym.dskqopt/0x080001f8", fillcolor="#c19c00",color="#c19c00", fontname="Courier",label="; CODE XREF from sym.dskqopt @ 0x80000e4\l0x080001f8      beq v0, v1, 0x8000118\l0x080001fc      addiu v0, zero, -1\l"]
	"0x08000200" [URL="sym.dskqopt/0x08000200", fillcolor="#c19c00",color="#c19c00", fontname="Courier",label="; CODE XREFS from sym.dskqopt @ 0x8000144, 0x8000150\l0x08000200      lw ra, (var_2ch)\l0x08000204      lw s5, (var_28h)\l0x08000208      lw s4, (var_24h)\l0x0800020c      lw s3, (var_20h)\l0x08000210      lw s2, (var_1ch)\l0x08000214      lw s1, (var_18h)\l0x08000218      lw s0, (var_14h)\l0x0800021c      jr ra\l0x08000220      addiu sp, sp, 0x30\l"]
        "0x08000034" -> "0x080001f0" [color="#13a10e"];
        "0x08000034" -> "0x08000064" [color="#c50f1f"];
        "0x08000064" -> "0x0800008c" [color="#13a10e"];
        "0x08000064" -> "0x08000074" [color="#c50f1f"];
        "0x08000074" -> "0x080000a8" [color="#13a10e"];
        "0x08000074" -> "0x08000084" [color="#c50f1f"];
        "0x0800008c" -> "0x080000a8" [color="#13a10e"];
        "0x0800008c" -> "0x08000098" [color="#c50f1f"];
        "0x080000a8" -> "0x080000d8" [color="#13a10e"];
        "0x080000a8" -> "0x080000b8" [color="#c50f1f"];
        "0x080000d8" -> "0x08000140" [color="#13a10e"];
        "0x080000d8" -> "0x080000e0" [color="#c50f1f"];
        "0x080000e0" -> "0x080001f8" [color="#13a10e"];
        "0x080000e0" -> "0x080000ec" [color="#c50f1f"];
        "0x08000118" -> "0x08000124" [color="#3a96dd"];
        "0x08000124" -> "0x08000124" [color="#13a10e"];
        "0x08000124" -> "0x08000138" [color="#c50f1f"];
        "0x08000140" -> "0x08000200" [color="#13a10e"];
        "0x08000140" -> "0x0800014c" [color="#c50f1f"];
        "0x0800014c" -> "0x08000200" [color="#13a10e"];
        "0x0800014c" -> "0x08000158" [color="#c50f1f"];
        "0x08000158" -> "0x080001dc" [color="#13a10e"];
        "0x08000158" -> "0x08000168" [color="#c50f1f"];
        "0x08000168" -> "0x080001dc" [color="#13a10e"];
        "0x08000168" -> "0x08000178" [color="#c50f1f"];
        "0x08000178" -> "0x08000194" [color="#3a96dd"];
        "0x08000194" -> "0x08000194" [color="#13a10e"];
        "0x08000194" -> "0x080001a8" [color="#c50f1f"];
        "0x080001a8" -> "0x080001dc" [color="#13a10e"];
        "0x080001a8" -> "0x080001cc" [color="#c50f1f"];
        "0x080001cc" -> "0x08000178" [color="#13a10e"];
        "0x080001cc" -> "0x080001dc" [color="#c50f1f"];
        "0x080001f8" -> "0x08000118" [color="#13a10e"];
        "0x080001f8" -> "0x08000200" [color="#c50f1f"];
}
