digraph code {
	graph [bgcolor=azure fontsize=8 fontname="Courier" splines="ortho"];
	node [fillcolor=gray style=filled shape=box];
	edge [arrowhead="normal"];
	"0x08000034" [URL="sym.ttyread/0x08000034", fillcolor="#c19c00",color="#c19c00", fontname="Courier",label="  ;-- section..text:\l  ;-- .text:\l  ;-- pc:\l756: sym.ttyread (int32_t arg1);\l; var int32_t var_10h @ sp+0x10\l; var int32_t var_14h @ sp+0x14\l; var int32_t var_18h @ sp+0x18\l; var int32_t var_1ch @ sp+0x1c\l; var int32_t var_20h @ sp+0x20\l; var int32_t var_24h @ sp+0x24\l; var int32_t var_28h @ sp+0x28\l; var int32_t var_2ch @ sp+0x2c\l; arg int32_t arg1 @ a0\l0x08000034      addiu sp, sp, -0x30                                    ; [01] -r-x section size 756 named .text\l0x08000038      sw ra, (var_2ch)\l0x0800003c      sw s6, (var_28h)\l0x08000040      sw s5, (var_24h)\l0x08000044      sw s4, (var_20h)\l0x08000048      sw s3, (var_1ch)\l0x0800004c      sw s2, (var_18h)\l0x08000050      sw s1, (var_14h)\l0x08000054      sw s0, (var_10h)\l0x08000058      bltz a2, 0x80002f4\l0x0800005c      move s4, a2\l"]
	"0x08000060" [URL="sym.ttyread/0x08000060", fillcolor="#c19c00",color="#c19c00", fontname="Courier",label="; UNKNOWN XREF from sym.ttyread @ 0x80001a8\l;-- aav.0x08000060:\l0x08000060      lw v0, 0x44(a0)                                        ; arg1\l0x08000064      nop\l0x08000068      sll s0, v0, 3\l0x0800006c      sll v1, v0, 6\l0x08000070      addu s0, s0, v1\l0x08000074      subu v0, s0, v0\l0x08000078      sll v0, v0, 2\l0x0800007c      lui s0, 0\l0x08000080      addiu s0, s0, 0\l0x08000084      addu s0, s0, v0\l0x08000088      lw a0, 0x88(s0)\l0x0800008c      jal 0\l0x08000090      move s5, a1\l0x08000094      bgez v0, 0x80000a0\l0x08000098      nop\l"]
	"0x0800009c" [URL="sym.ttyread/0x0800009c", fillcolor="#c19c00",color="#c19c00", fontname="Courier",label="0x0800009c      move v0, zero\l"]
	"0x080000a0" [URL="sym.ttyread/0x080000a0", fillcolor="#c19c00",color="#c19c00", fontname="Courier",label="; CODE XREF from sym.ttyread @ 0x8000094\l0x080000a0      bnez s4, 0x80000b8\l0x080000a4      slt v1, s4, v0\l"]
	"0x080000a8" [URL="sym.ttyread/0x080000a8", fillcolor="#c19c00",color="#c19c00", fontname="Courier",label="0x080000a8      beqz v0, 0x80002fc\l0x080000ac      move s4, v0\l"]
	"0x080000b0" [URL="sym.ttyread/0x080000b0", fillcolor="#c19c00",color="#c19c00", fontname="Courier",label="0x080000b0      j 0x98\l0x080000b4      subu s3, s4, v0\l"]
	"0x080000b8" [URL="sym.ttyread/0x080000b8", fillcolor="#c19c00",color="#c19c00", fontname="Courier",label="; CODE XREF from sym.ttyread @ 0x80000a0\l0x080000b8      bnez v1, 0x80000c8\l0x080000bc      subu s3, s4, v0\l"]
	"0x080000c0" [URL="sym.ttyread/0x080000c0", fillcolor="#c19c00",color="#c19c00", fontname="Courier",label="0x080000c0      j 0x98\l0x080000c4      move s4, v0\l"]
	"0x080000c8" [URL="sym.ttyread/0x080000c8", fillcolor="#c19c00",color="#c19c00", fontname="Courier",label="; CODE XREF from sym.ttyread @ 0x80000b8\l0x080000c8      move s3, zero\l0x080000cc      blez s4, 0x8000208\l0x080000d0      move s1, zero\l"]
	"0x080000d4" [URL="sym.ttyread/0x080000d4", fillcolor="#c19c00",color="#c19c00", fontname="Courier",label="0x080000d4      lw a0, 4(s0)\l0x080000d8      nop\l0x080000dc      addiu v1, a0, 1\l0x080000e0      sw v1, 4(s0)\l0x080000e4      addu a0, s0, a0\l0x080000e8      lb a0, 8(a0)\l0x080000ec      slti v1, v1, 0x80\l0x080000f0      bnez v1, 0x80000fc\l0x080000f4      nop\l"]
	"0x080000f8" [URL="sym.ttyread/0x080000f8", fillcolor="#c19c00",color="#c19c00", fontname="Courier",label="0x080000f8      sw zero, 4(s0)\l"]
	"0x080000fc" [URL="sym.ttyread/0x080000fc", fillcolor="#c19c00",color="#c19c00", fontname="Courier",label="; CODE XREF from sym.ttyread @ 0x80000f0\l0x080000fc      lb a3, 0x109(s0)\l0x08000100      nop\l0x08000104      bne a3, a0, 0x8000130\l0x08000108      addiu s2, s5, 1\l"]
	"0x0800010c" [URL="sym.ttyread/0x0800010c", fillcolor="#c19c00",color="#c19c00", fontname="Courier",label="0x0800010c      lb v1, 0x108(s0)\l0x08000110      nop\l0x08000114      beqz v1, 0x8000134\l0x08000118      slti v1, s4, 2\l"]
	"0x0800011c" [URL="sym.ttyread/0x0800011c", fillcolor="#c19c00",color="#c19c00", fontname="Courier",label="0x0800011c      lw a0, 0x88(s0)\l0x08000120      jal 0\l0x08000124      addiu a1, v0, -1\l0x08000128      j 0x2cc\l0x0800012c      addiu v0, zero, -2\l"]
	"0x08000130" [URL="sym.ttyread/0x08000130", fillcolor="#c19c00",color="#c19c00", fontname="Courier",label="; CODE XREF from sym.ttyread @ 0x8000104\l0x08000130      slti v1, s4, 2\l"]
	"0x08000134" [URL="sym.ttyread/0x08000134", fillcolor="#c19c00",color="#c19c00", fontname="Courier",label="; CODE XREF from sym.ttyread @ 0x8000114\l0x08000134      bnez v1, 0x80001f4\l0x08000138      sb a0, (s5)\l"]
	"0x0800013c" [URL="sym.ttyread/0x0800013c", fillcolor="#c19c00",color="#c19c00", fontname="Courier",label="0x0800013c      addiu s1, zero, 1\l0x08000140      addiu t0, zero, 0xa\l0x08000144      addiu t1, zero, 0xd\l"]
	"0x08000148" [URL="sym.ttyread/0x08000148", fillcolor="#c19c00",color="#c19c00", fontname="Courier",label="; CODE XREF from sym.ttyread @ 0x80001e4\l0x08000148      lw v1, 4(s0)\l0x0800014c      nop\l0x08000150      addu v1, s0, v1\l0x08000154      lb v1, 8(v1)\l0x08000158      nop\l0x0800015c      bne v1, a3, 0x8000188\l0x08000160      nop\l"]
	"0x08000164" [URL="sym.ttyread/0x08000164", fillcolor="#c19c00",color="#c19c00", fontname="Courier",label="0x08000164      lb a0, 0x108(s0)\l0x08000168      nop\l0x0800016c      beqz a0, 0x800018c\l0x08000170      addiu s2, s2, 1\l"]
	"0x08000174" [URL="sym.ttyread/0x08000174", fillcolor="#c19c00",color="#c19c00", fontname="Courier",label="0x08000174      lw a0, 0x88(s0)\l0x08000178      jal 0\l0x0800017c      subu a1, v0, s1\l0x08000180      j 0x2cc\l0x08000184      move v0, s1\l"]
	"0x08000188" [URL="sym.ttyread/0x08000188", fillcolor="#c19c00",color="#c19c00", fontname="Courier",label="; CODE XREF from sym.ttyread @ 0x800015c\l0x08000188      addiu s2, s2, 1\l"]
	"0x0800018c" [URL="sym.ttyread/0x0800018c", fillcolor="#c19c00",color="#c19c00", fontname="Courier",label="; CODE XREF from sym.ttyread @ 0x800016c\l0x0800018c      sb v1, -1(s2)\l0x08000190      lw a0, 4(s0)\l0x08000194      nop\l0x08000198      addiu a0, a0, 1\l0x0800019c      slti a2, a0, 0x80\l0x080001a0      beqz a2, 0x80001b0\l0x080001a4      nop\l"]
	"0x080001a8" [URL="sym.ttyread/0x080001a8", fillcolor="#c19c00",color="#c19c00", fontname="Courier",label="0x080001a8      .dword 0x08000060 ; aav.0x08000060\l0x080001ac      sw a0, 4(s0)\l"]
	"0x080001b0" [URL="sym.ttyread/0x080001b0", fillcolor="#c19c00",color="#c19c00", fontname="Courier",label="; CODE XREF from sym.ttyread @ 0x80001a0\l0x080001b0      sw zero, 4(s0)\l0x080001b4      beq v1, t0, 0x80001cc\l0x080001b8      addiu s1, s1, 1\l"]
	"0x080001bc" [URL="sym.ttyread/0x080001bc", fillcolor="#c19c00",color="#c19c00", fontname="Courier",label="0x080001bc      bne v1, t1, 0x80001e4\l0x080001c0      move a1, s1\l"]
	"0x080001c4" [URL="sym.ttyread/0x080001c4", fillcolor="#c19c00",color="#c19c00", fontname="Courier",label="0x080001c4      j 0x19c\l0x080001c8      nop\l"]
	"0x080001cc" [URL="sym.ttyread/0x080001cc", fillcolor="#c19c00",color="#c19c00", fontname="Courier",label="; CODE XREF from sym.ttyread @ 0x80001b4\l0x080001cc      move a1, s1\l0x080001d0      lw a0, 0x88(s0)\l0x080001d4      jal 0\l0x080001d8      subu a1, v0, a1\l0x080001dc      j 0x2cc\l0x080001e0      move v0, s1\l"]
	"0x080001e4" [URL="sym.ttyread/0x080001e4", fillcolor="#c19c00",color="#c19c00", fontname="Courier",label="; CODE XREF from sym.ttyread @ 0x80001bc\l0x080001e4      bne s1, s4, 0x8000148\l0x080001e8      nop\l"]
	"0x080001ec" [URL="sym.ttyread/0x080001ec", fillcolor="#c19c00",color="#c19c00", fontname="Courier",label="0x080001ec      j 0x1c4\l0x080001f0      nop\l"]
	"0x080001f4" [URL="sym.ttyread/0x080001f4", fillcolor="#c19c00",color="#c19c00", fontname="Courier",label="; CODE XREF from sym.ttyread @ 0x8000134\l0x080001f4      addiu s1, zero, 1\l0x080001f8      lw a0, 0x88(s0)\l0x080001fc      jal 0\l0x08000200      subu a1, v0, s1\l0x08000204      move s5, s2\l"]
	"0x08000208" [URL="sym.ttyread/0x08000208", fillcolor="#c19c00",color="#c19c00", fontname="Courier",label="; CODE XREF from sym.ttyread @ 0x80000cc\l0x08000208      blez s3, 0x80002ec\l0x0800020c      move s2, zero\l"]
	"0x08000210" [URL="sym.ttyread/0x08000210", fillcolor="#c19c00",color="#c19c00", fontname="Courier",label="0x08000210      addiu s4, zero, 0xa\l0x08000214      addiu s6, zero, 0xd\l"]
	"0x08000218" [URL="sym.ttyread/0x08000218", fillcolor="#c19c00",color="#c19c00", fontname="Courier",label="; CODE XREF from sym.ttyread @ 0x80002dc\l0x08000218      lw a0, 0x88(s0)\l0x0800021c      jal 0\l0x08000220      nop\l0x08000224      lw v0, 4(s0)\l0x08000228      nop\l0x0800022c      addu v1, s0, v0\l0x08000230      lb v1, 8(v1)\l0x08000234      lb a0, 0x109(s0)\l0x08000238      nop\l0x0800023c      bne a0, v1, 0x80002a0\l0x08000240      nop\l"]
	"0x08000244" [URL="sym.ttyread/0x08000244", fillcolor="#c19c00",color="#c19c00", fontname="Courier",label="0x08000244      lb a0, 0x108(s0)\l0x08000248      nop\l0x0800024c      beqz a0, 0x80002a0\l0x08000250      nop\l"]
	"0x08000254" [URL="sym.ttyread/0x08000254", fillcolor="#c19c00",color="#c19c00", fontname="Courier",label="0x08000254      bnez s2, 0x800028c\l0x08000258      nop\l"]
	"0x0800025c" [URL="sym.ttyread/0x0800025c", fillcolor="#c19c00",color="#c19c00", fontname="Courier",label="0x0800025c      bnez s1, 0x800028c\l0x08000260      nop\l"]
	"0x08000264" [URL="sym.ttyread/0x08000264", fillcolor="#c19c00",color="#c19c00", fontname="Courier",label="0x08000264      addiu v0, v0, 1\l0x08000268      slti v1, v0, 0x80\l0x0800026c      beqz v1, 0x8000280\l0x08000270      nop\l"]
	"0x08000274" [URL="sym.ttyread/0x08000274", fillcolor="#c19c00",color="#c19c00", fontname="Courier",label="0x08000274      sw v0, 4(s0)\l0x08000278      j 0x2cc\l0x0800027c      addiu v0, zero, -2\l"]
	"0x08000280" [URL="sym.ttyread/0x08000280", fillcolor="#c19c00",color="#c19c00", fontname="Courier",label="; CODE XREF from sym.ttyread @ 0x800026c\l0x08000280      sw zero, 4(s0)\l0x08000284      j 0x2cc\l0x08000288      addiu v0, zero, -2\l"]
	"0x0800028c" [URL="sym.ttyread/0x0800028c", fillcolor="#c19c00",color="#c19c00", fontname="Courier",label="; CODE XREFS from sym.ttyread @ 0x8000254, 0x800025c\l0x0800028c      lw a0, 0x88(s0)\l0x08000290      jal 0\l0x08000294      nop\l0x08000298      j 0x2cc\l0x0800029c      addu v0, s1, s2\l"]
	"0x080002a0" [URL="sym.ttyread/0x080002a0", fillcolor="#c19c00",color="#c19c00", fontname="Courier",label="; CODE XREFS from sym.ttyread @ 0x800023c, 0x800024c\l0x080002a0      addu v0, s5, s2\l0x080002a4      sb v1, (v0)\l0x080002a8      lw v0, 4(s0)\l0x080002ac      nop\l0x080002b0      addiu v0, v0, 1\l0x080002b4      slti a0, v0, 0x80\l0x080002b8      beqz a0, 0x80002c8\l0x080002bc      addiu s2, s2, 1\l"]
	"0x080002c0" [URL="sym.ttyread/0x080002c0", fillcolor="#c19c00",color="#c19c00", fontname="Courier",label="0x080002c0      j 0x298\l0x080002c4      sw v0, 4(s0)\l"]
	"0x080002c8" [URL="sym.ttyread/0x080002c8", fillcolor="#c19c00",color="#c19c00", fontname="Courier",label="; CODE XREF from sym.ttyread @ 0x80002b8\l0x080002c8      sw zero, 4(s0)\l0x080002cc      beq v1, s4, 0x8000300\l0x080002d0      addu v0, s1, s2\l"]
	"0x080002d4" [URL="sym.ttyread/0x080002d4", fillcolor="#c19c00",color="#c19c00", fontname="Courier",label="0x080002d4      beq v1, s6, 0x8000300\l0x080002d8      nop\l"]
	"0x080002dc" [URL="sym.ttyread/0x080002dc", fillcolor="#c19c00",color="#c19c00", fontname="Courier",label="0x080002dc      bne s2, s3, 0x8000218\l0x080002e0      nop\l"]
	"0x080002e4" [URL="sym.ttyread/0x080002e4", fillcolor="#c19c00",color="#c19c00", fontname="Courier",label="0x080002e4      j 0x2cc\l0x080002e8      nop\l"]
	"0x080002ec" [URL="sym.ttyread/0x080002ec", fillcolor="#c19c00",color="#c19c00", fontname="Courier",label="; CODE XREF from sym.ttyread @ 0x8000208\l0x080002ec      j 0x2cc\l0x080002f0      addu v0, s1, s2\l"]
	"0x080002f4" [URL="sym.ttyread/0x080002f4", fillcolor="#c19c00",color="#c19c00", fontname="Courier",label="; CODE XREF from sym.ttyread @ 0x8000058\l0x080002f4      j 0x2cc\l0x080002f8      addiu v0, zero, -1\l"]
	"0x080002fc" [URL="sym.ttyread/0x080002fc", fillcolor="#c19c00",color="#c19c00", fontname="Courier",label="; CODE XREF from sym.ttyread @ 0x80000a8\l0x080002fc      move v0, zero\l"]
	"0x08000300" [URL="sym.ttyread/0x08000300", fillcolor="#c19c00",color="#c19c00", fontname="Courier",label="; CODE XREFS from sym.ttyread @ 0x80002cc, 0x80002d4\l0x08000300      lw ra, (var_2ch)\l0x08000304      lw s6, (var_28h)\l0x08000308      lw s5, (var_24h)\l0x0800030c      lw s4, (var_20h)\l0x08000310      lw s3, (var_1ch)\l0x08000314      lw s2, (var_18h)\l0x08000318      lw s1, (var_14h)\l0x0800031c      lw s0, (var_10h)\l0x08000320      jr ra\l0x08000324      addiu sp, sp, 0x30\l"]
        "0x08000034" -> "0x080002f4" [color="#13a10e"];
        "0x08000034" -> "0x08000060" [color="#c50f1f"];
        "0x08000060" -> "0x080000a0" [color="#13a10e"];
        "0x08000060" -> "0x0800009c" [color="#c50f1f"];
        "0x0800009c" -> "0x080000a0" [color="#3a96dd"];
        "0x080000a0" -> "0x080000b8" [color="#13a10e"];
        "0x080000a0" -> "0x080000a8" [color="#c50f1f"];
        "0x080000a8" -> "0x080002fc" [color="#13a10e"];
        "0x080000a8" -> "0x080000b0" [color="#c50f1f"];
        "0x080000b8" -> "0x080000c8" [color="#13a10e"];
        "0x080000b8" -> "0x080000c0" [color="#c50f1f"];
        "0x080000c8" -> "0x08000208" [color="#13a10e"];
        "0x080000c8" -> "0x080000d4" [color="#c50f1f"];
        "0x080000d4" -> "0x080000fc" [color="#13a10e"];
        "0x080000d4" -> "0x080000f8" [color="#c50f1f"];
        "0x080000f8" -> "0x080000fc" [color="#3a96dd"];
        "0x080000fc" -> "0x08000130" [color="#13a10e"];
        "0x080000fc" -> "0x0800010c" [color="#c50f1f"];
        "0x0800010c" -> "0x08000134" [color="#13a10e"];
        "0x0800010c" -> "0x0800011c" [color="#c50f1f"];
        "0x08000130" -> "0x08000134" [color="#3a96dd"];
        "0x08000134" -> "0x080001f4" [color="#13a10e"];
        "0x08000134" -> "0x0800013c" [color="#c50f1f"];
        "0x0800013c" -> "0x08000148" [color="#3a96dd"];
        "0x08000148" -> "0x08000188" [color="#13a10e"];
        "0x08000148" -> "0x08000164" [color="#c50f1f"];
        "0x08000164" -> "0x0800018c" [color="#13a10e"];
        "0x08000164" -> "0x08000174" [color="#c50f1f"];
        "0x08000188" -> "0x0800018c" [color="#3a96dd"];
        "0x0800018c" -> "0x080001b0" [color="#13a10e"];
        "0x0800018c" -> "0x080001a8" [color="#c50f1f"];
        "0x080001b0" -> "0x080001cc" [color="#13a10e"];
        "0x080001b0" -> "0x080001bc" [color="#c50f1f"];
        "0x080001bc" -> "0x080001e4" [color="#13a10e"];
        "0x080001bc" -> "0x080001c4" [color="#c50f1f"];
        "0x080001e4" -> "0x08000148" [color="#13a10e"];
        "0x080001e4" -> "0x080001ec" [color="#c50f1f"];
        "0x080001f4" -> "0x08000208" [color="#3a96dd"];
        "0x08000208" -> "0x080002ec" [color="#13a10e"];
        "0x08000208" -> "0x08000210" [color="#c50f1f"];
        "0x08000210" -> "0x08000218" [color="#3a96dd"];
        "0x08000218" -> "0x080002a0" [color="#13a10e"];
        "0x08000218" -> "0x08000244" [color="#c50f1f"];
        "0x08000244" -> "0x080002a0" [color="#13a10e"];
        "0x08000244" -> "0x08000254" [color="#c50f1f"];
        "0x08000254" -> "0x0800028c" [color="#13a10e"];
        "0x08000254" -> "0x0800025c" [color="#c50f1f"];
        "0x0800025c" -> "0x0800028c" [color="#13a10e"];
        "0x0800025c" -> "0x08000264" [color="#c50f1f"];
        "0x08000264" -> "0x08000280" [color="#13a10e"];
        "0x08000264" -> "0x08000274" [color="#c50f1f"];
        "0x080002a0" -> "0x080002c8" [color="#13a10e"];
        "0x080002a0" -> "0x080002c0" [color="#c50f1f"];
        "0x080002c8" -> "0x08000300" [color="#13a10e"];
        "0x080002c8" -> "0x080002d4" [color="#c50f1f"];
        "0x080002d4" -> "0x08000300" [color="#13a10e"];
        "0x080002d4" -> "0x080002dc" [color="#c50f1f"];
        "0x080002dc" -> "0x08000218" [color="#13a10e"];
        "0x080002dc" -> "0x080002e4" [color="#c50f1f"];
        "0x080002fc" -> "0x08000300" [color="#3a96dd"];
}
