digraph code {
	graph [bgcolor=azure fontsize=8 fontname="Courier" splines="ortho"];
	node [fillcolor=gray style=filled shape=box];
	edge [arrowhead="normal"];
	"0x08000034" [URL="sym.x_mount/0x08000034", fillcolor="#c19c00",color="#c19c00", fontname="Courier",label="  ;-- section..text:\l  ;-- .text:\l  ;-- pc:\l612: sym.x_mount (int32_t arg1, int32_t arg2, int32_t arg3, int32_t arg_0h, int32_t arg_a0h);\l; arg int32_t arg_0h @ fp+0x0\l; var int32_t var_10h @ sp+0x10\l; var int32_t var_28h @ sp+0x28\l; var int32_t var_60h @ sp+0x60\l; var int32_t var_68h @ sp+0x68\l; var int32_t var_6ch @ sp+0x6c\l; var int32_t var_70h @ sp+0x70\l; var int32_t var_74h @ sp+0x74\l; var int32_t var_78h @ sp+0x78\l; var int32_t var_7ch @ sp+0x7c\l; var int32_t var_80h @ sp+0x80\l; var int32_t var_84h @ sp+0x84\l; var int32_t var_88h @ sp+0x88\l; var int32_t var_8ch @ sp+0x8c\l; arg int32_t arg_a0h @ sp+0xa0\l; arg int32_t arg1 @ a0\l; arg int32_t arg2 @ a1\l; arg int32_t arg3 @ a2\l0x08000034      addiu sp, sp, -0x90                                    ; [01] -r-x section size 612 named .text\l0x08000038      sw ra, (var_8ch)\l0x0800003c      sw fp, (var_88h)\l0x08000040      sw s7, (var_84h)\l; UNKNOWN XREF from sym.x_mount @ 0x8000134\l;-- aav.0x08000044:\l0x08000044      sw s6, (var_80h)\l0x08000048      sw s5, (var_7ch)\l0x0800004c      sw s4, (var_78h)\l0x08000050      sw s3, (var_74h)\l0x08000054      sw s2, (var_70h)\l0x08000058      sw s1, (var_6ch)\l0x0800005c      sw s0, (var_68h)\l0x08000060      lw s4, (arg_a0h)\l0x08000064      addiu v0, zero, 1\l0x08000068      bne a3, v0, 0x8000188\l0x0800006c      addiu v0, zero, 4\l"]
	"0x08000070" [URL="sym.x_mount/0x08000070", fillcolor="#c19c00",color="#c19c00", fontname="Courier",label="; UNKNOWN XREF from sym.x_mount @ 0x80001e4\l;-- aav.0x08000070:\l0x08000070      lui v0, 0\l0x08000074      lw v0, (v0)\l0x08000078      nop\l0x0800007c      blez v0, 0x8000180\l0x08000080      move s3, a1\l"]
	"0x08000084" [URL="sym.x_mount/0x08000084", fillcolor="#c19c00",color="#c19c00", fontname="Courier",label="0x08000084      lui s1, 0\l0x08000088      addiu s1, s1, 4\l; UNKNOWN XREFS from sym.x_mount @ 0x8000180, 0x80001a8\l;-- aav.0x0800008c:\l0x0800008c      move s2, zero\l0x08000090      lui s7, 0\l0x08000094      addiu s7, s7, 0\l0x08000098      addiu s0, sp, 0x28\l0x0800009c      lui fp, 0\l0x080000a0      lui v0, 0\l0x080000a4      addiu v0, v0, 0\l0x080000a8      sw v0, (var_60h)\l0x080000ac      lui s6, 0\l0x080000b0      addiu s6, s6, 0\l0x080000b4      lui s5, 0\l"]
	"0x080000b8" [URL="sym.x_mount/0x080000b8", fillcolor="#c19c00",color="#c19c00", fontname="Courier",label="; CODE XREF from sym.x_mount @ 0x8000178\l0x080000b8      move s4, s1\l0x080000bc      addiu a0, sp, 0x10                                     ; arg1\l0x080000c0      move a1, s7\l0x080000c4      jal 0\l0x080000c8      move a2, s1\l0x080000cc      jal 0\l0x080000d0      addiu a0, sp, 0x10\l0x080000d4      slti v1, v0, 0x18\l0x080000d8      beqz v1, 0x80000f8\l0x080000dc      addiu v1, sp, 0x10\l"]
	"0x080000e0" [URL="sym.x_mount/0x080000e0", fillcolor="#c19c00",color="#c19c00", fontname="Courier",label="0x080000e0      addu v0, v1, v0\l0x080000e4      addiu v1, zero, 0x20\l"]
	"0x080000e8" [URL="sym.x_mount/0x080000e8", fillcolor="#c19c00",color="#c19c00", fontname="Courier",label="; CODE XREF from sym.x_mount @ 0x80000f0\l0x080000e8      sb v1, (v0)\l0x080000ec      addiu v0, v0, 1\l0x080000f0      bne v0, s0, 0x80000e8\l0x080000f4      nop\l"]
	"0x080000f8" [URL="sym.x_mount/0x080000f8", fillcolor="#c19c00",color="#c19c00", fontname="Courier",label="; CODE XREF from sym.x_mount @ 0x80000d8\l0x080000f8      move a0, s3\l0x080000fc      addiu a1, sp, 0x10\l0x08000100      jal 0\l0x08000104      addiu a2, zero, 0x18\l0x08000108      lw v0, 0x40(s4)\l0x0800010c      nop\l0x08000110      sltiu v1, v0, 0x15\l0x08000114      beqz v1, 0x800013c\l0x08000118      sll v1, v0, 3\l"]
	"0x0800011c" [URL="sym.x_mount/0x0800011c", fillcolor="#c19c00",color="#c19c00", fontname="Courier",label="0x0800011c      sll v0, v0, 6\l0x08000120      addu v0, v1, v0\l0x08000124      lw v1, (var_60h)\l0x08000128      nop\l0x0800012c      addu v0, v1, v0\l0x08000130      lw a2, 4(v0)\l0x08000134      .dword 0x08000044 ; aav.0x08000044\l0x08000138      addiu a0, sp, 0x10\l"]
	"0x0800013c" [URL="sym.x_mount/0x0800013c", fillcolor="#c19c00",color="#c19c00", fontname="Courier",label="; CODE XREF from sym.x_mount @ 0x8000114\l0x0800013c      addiu a2, fp, 0\l0x08000140      addiu a0, sp, 0x10\l0x08000144      move a1, s6\l0x08000148      jal 0\l0x0800014c      addiu a3, s1, 0x20\l0x08000150      jal 0\l0x08000154      addiu a0, sp, 0x10\l0x08000158      move a0, s3\l0x0800015c      addiu a1, sp, 0x10\l0x08000160      jal 0\l0x08000164      move a2, v0\l0x08000168      addiu s2, s2, 1\l0x0800016c      lw v0, (s5)\l0x08000170      nop\l0x08000174      slt v0, s2, v0\l0x08000178      bnez v0, 0x80000b8\l0x0800017c      addiu s1, s1, 0x44\l"]
	"0x08000180" [URL="sym.x_mount/0x08000180", fillcolor="#c19c00",color="#c19c00", fontname="Courier",label="; CODE XREF from sym.x_mount @ 0x800007c\l0x08000180      .dword 0x0800008c ; aav.0x0800008c\l0x08000184      addiu s0, zero, 1\l"]
	"0x08000188" [URL="sym.x_mount/0x08000188", fillcolor="#c19c00",color="#c19c00", fontname="Courier",label="; CODE XREF from sym.x_mount @ 0x8000068\l0x08000188      beq a3, v0, 0x80001b0\l0x0800018c      move s5, a2\l"]
	"0x08000190" [URL="sym.x_mount/0x08000190", fillcolor="#c19c00",color="#c19c00", fontname="Courier",label="0x08000190      lui a0, 0\l0x08000194      addiu a0, a0, 0                                        ; arg1\l0x08000198      addiu a1, zero, 1                                      ; arg2\l0x0800019c      addiu a2, zero, 0x26                                   ; arg3\l0x080001a0      jal 0\l0x080001a4      move a3, s5\l0x080001a8      .dword 0x0800008c ; aav.0x0800008c\l0x080001ac      addiu s0, zero, -1\l"]
	"0x080001b0" [URL="sym.x_mount/0x080001b0", fillcolor="#c19c00",color="#c19c00", fontname="Courier",label="; CODE XREF from sym.x_mount @ 0x8000188\l0x080001b0      lw s2, 8(s4)\l0x080001b4      lui s1, 0\l0x080001b8      addiu s1, s1, 0\l0x080001bc      move s0, zero\l0x080001c0      addiu s3, zero, 0x15\l"]
	"0x080001c4" [URL="sym.x_mount/0x080001c4", fillcolor="#c19c00",color="#c19c00", fontname="Courier",label="; CODE XREF from sym.x_mount @ 0x80001dc\l0x080001c4      lw a1, 4(s1)\l0x080001c8      jal 0\l0x080001cc      move a0, s2\l0x080001d0      beqz v0, 0x80001ec\l0x080001d4      slti v0, s0, 0x15\l"]
	"0x080001d8" [URL="sym.x_mount/0x080001d8", fillcolor="#c19c00",color="#c19c00", fontname="Courier",label="0x080001d8      addiu s0, s0, 1\l0x080001dc      bne s0, s3, 0x80001c4\l0x080001e0      addiu s1, s1, 0x48\l"]
	"0x080001e4" [URL="sym.x_mount/0x080001e4", fillcolor="#c19c00",color="#c19c00", fontname="Courier",label="0x080001e4      .dword 0x08000070 ; aav.0x08000070\l0x080001e8      move a0, s2\l"]
	"0x080001ec" [URL="sym.x_mount/0x080001ec", fillcolor="#c19c00",color="#c19c00", fontname="Courier",label="; CODE XREF from sym.x_mount @ 0x80001d0\l0x080001ec      bnez v0, 0x8000224\l0x080001f0      move a0, s2\l"]
	"0x080001f4" [URL="sym.x_mount/0x080001f4", fillcolor="#c19c00",color="#c19c00", fontname="Courier",label="0x080001f4      lui a1, 0\l0x080001f8      jal 0\l0x080001fc      addiu a1, a1, 0\l0x08000200      beqz v0, 0x8000224\l0x08000204      addiu s0, zero, -1\l"]
	"0x08000208" [URL="sym.x_mount/0x08000208", fillcolor="#c19c00",color="#c19c00", fontname="Courier",label="0x08000208      move a0, s5\l0x0800020c      lui a1, 0\l0x08000210      addiu a1, a1, 0\l0x08000214      jal 0\l0x08000218      move a2, s2\l0x0800021c      j 0x234\l0x08000220      move v0, s0\l"]
	"0x08000224" [URL="sym.x_mount/0x08000224", fillcolor="#c19c00",color="#c19c00", fontname="Courier",label="; CODE XREFS from sym.x_mount @ 0x80001ec, 0x8000200\l0x08000224      lw a0, 4(s4)\l0x08000228      lw a2, 0xc(s4)\l0x0800022c      jal 0\l0x08000230      move a1, s0\l0x08000234      move s0, v0\l0x08000238      addiu v0, zero, -1\l0x0800023c      bne s0, v0, 0x8000260\l0x08000240      lui a0, 0\l"]
	"0x08000244" [URL="sym.x_mount/0x08000244", fillcolor="#c19c00",color="#c19c00", fontname="Courier",label="0x08000244      addiu a0, a0, 0\l0x08000248      addiu a1, zero, 1\l0x0800024c      addiu a2, zero, 0xd\l0x08000250      jal 0\l0x08000254      move a3, s5\l0x08000258      j 0x234\l0x0800025c      move v0, s0\l"]
	"0x08000260" [URL="sym.x_mount/0x08000260", fillcolor="#c19c00",color="#c19c00", fontname="Courier",label="; CODE XREF from sym.x_mount @ 0x800023c\l0x08000260      addiu s0, zero, 1\l0x08000264      move v0, s0\l0x08000268      lw ra, (var_8ch)\l0x0800026c      lw fp, (var_88h)\l0x08000270      lw s7, (var_84h)\l0x08000274      lw s6, (var_80h)\l0x08000278      lw s5, (var_7ch)\l0x0800027c      lw s4, (var_78h)\l0x08000280      lw s3, (var_74h)\l0x08000284      lw s2, (var_70h)\l0x08000288      lw s1, (var_6ch)\l0x0800028c      lw s0, (var_68h)\l0x08000290      jr ra\l0x08000294      addiu sp, sp, 0x90\l"]
        "0x08000034" -> "0x08000188" [color="#13a10e"];
        "0x08000034" -> "0x08000070" [color="#c50f1f"];
        "0x08000070" -> "0x08000180" [color="#13a10e"];
        "0x08000070" -> "0x08000084" [color="#c50f1f"];
        "0x08000084" -> "0x080000b8" [color="#3a96dd"];
        "0x080000b8" -> "0x080000f8" [color="#13a10e"];
        "0x080000b8" -> "0x080000e0" [color="#c50f1f"];
        "0x080000e0" -> "0x080000e8" [color="#3a96dd"];
        "0x080000e8" -> "0x080000e8" [color="#13a10e"];
        "0x080000e8" -> "0x080000f8" [color="#c50f1f"];
        "0x080000f8" -> "0x0800013c" [color="#13a10e"];
        "0x080000f8" -> "0x0800011c" [color="#c50f1f"];
        "0x0800013c" -> "0x080000b8" [color="#13a10e"];
        "0x0800013c" -> "0x08000180" [color="#c50f1f"];
        "0x08000188" -> "0x080001b0" [color="#13a10e"];
        "0x08000188" -> "0x08000190" [color="#c50f1f"];
        "0x080001b0" -> "0x080001c4" [color="#3a96dd"];
        "0x080001c4" -> "0x080001ec" [color="#13a10e"];
        "0x080001c4" -> "0x080001d8" [color="#c50f1f"];
        "0x080001d8" -> "0x080001c4" [color="#13a10e"];
        "0x080001d8" -> "0x080001e4" [color="#c50f1f"];
        "0x080001ec" -> "0x08000224" [color="#13a10e"];
        "0x080001ec" -> "0x080001f4" [color="#c50f1f"];
        "0x080001f4" -> "0x08000224" [color="#13a10e"];
        "0x080001f4" -> "0x08000208" [color="#c50f1f"];
        "0x08000224" -> "0x08000260" [color="#13a10e"];
        "0x08000224" -> "0x08000244" [color="#c50f1f"];
}
